Microchip MPLAB XC8 Compiler V1.45 ()

Linker command line:

-W-3 --edf=C:\Program Files (x86)\Microchip\xc8\v1.45\dat\en_msgs.txt -cs \
  -h+dist/default/production\uart2can.X.production.sym \
  --cmf=dist/default/production\uart2can.X.production.cmf -z -Q16F1825 \
  -oC:\Users\shiny\AppData\Local\Temp\sj10.2 \
  -Mdist/default/production/uart2can.X.production.map -E1 -ver=XC8 \
  -ASTACK=0208Eh-023efh -pstack=STACK -ACODE=00h-07FFhx4 \
  -ASTRCODE=00h-01FFFh -ASTRING=00h-0FFhx32 -ACONST=00h-0FFhx32 \
  -AENTRY=00h-0FFhx32 -ACOMMON=070h-07Fh -ABANK0=020h-06Fh \
  -ABANK1=0A0h-0EFh -ABANK2=0120h-016Fh -ABANK3=01A0h-01EFh \
  -ABANK4=0220h-026Fh -ABANK5=02A0h-02EFh -ABANK6=0320h-036Fh \
  -ABANK7=03A0h-03EFh -ABANK8=0420h-046Fh -ABANK9=04A0h-04EFh \
  -ABANK10=0520h-056Fh -ABANK11=05A0h-05EFh -ABANK12=0620h-064Fh \
  -ABIGRAM=02000h-023EFh \
  -ARAM=020h-06Fh,0A0h-0EFh,0120h-016Fh,01A0h-01EFh,0220h-026Fh,02A0h-02EFh,0320h-036Fh,03A0h-03EFh,0420h-046Fh,04A0h-04EFh,0520h-056Fh,05A0h-05EFh,0620h-064Fh \
  -AABS1=020h-07Fh,0A0h-0EFh,0120h-016Fh,01A0h-01EFh,0220h-026Fh,02A0h-02EFh,0320h-036Fh,03A0h-03EFh,0420h-046Fh,04A0h-04EFh,0520h-056Fh,05A0h-05EFh,0620h-064Fh \
  -ASFR0=00h-01Fh -ASFR1=080h-09Fh -ASFR2=0100h-011Fh -ASFR3=0180h-019Fh \
  -ASFR4=0200h-021Fh -ASFR5=0280h-029Fh -ASFR6=0300h-031Fh \
  -ASFR7=0380h-039Fh -ASFR8=0400h-041Fh -ASFR9=0480h-049Fh \
  -ASFR10=0500h-051Fh -ASFR11=0580h-059Fh -ASFR12=0600h-061Fh \
  -ASFR13=0680h-06EFh -ASFR14=0700h-076Fh -ASFR15=0780h-07EFh \
  -ASFR16=0800h-086Fh -ASFR17=0880h-08EFh -ASFR18=0900h-096Fh \
  -ASFR19=0980h-09EFh -ASFR20=0A00h-0A6Fh -ASFR21=0A80h-0AEFh \
  -ASFR22=0B00h-0B6Fh -ASFR23=0B80h-0BEFh -ASFR24=0C00h-0C6Fh \
  -ASFR25=0C80h-0CEFh -ASFR26=0D00h-0D6Fh -ASFR27=0D80h-0DEFh \
  -ASFR28=0E00h-0E6Fh -ASFR29=0E80h-0EEFh -ASFR30=0F00h-0F6Fh \
  -ASFR31=0F80h-0FEFh -preset_vec=00h,intentry,init,end_init -ppowerup=CODE \
  -pcinit=CODE -pfunctab=ENTRY -ACONFIG=08007h-08008h -pconfig=CONFIG \
  -DCONFIG=2 -AIDLOC=08000h-08003h -pidloc=IDLOC -DIDLOC=2 \
  -AEEDATA=00h-0FFh/0F000h -peeprom_data=EEDATA -DEEDATA=2 -DCODE=2 \
  -DSTRCODE=2 -DSTRING=2 -DCONST=2 -DENTRY=2 -k \
  C:\Users\shiny\AppData\Local\Temp\sj10.obj \
  dist/default/production\uart2can.X.production.obj 

Object code version is 3.11

Machine type is 16F1825



                Name                               Link     Load   Length Selector   Space Scale
C:\Users\shiny\AppData\Local\Temp\sj10.obj
                end_init                              2        2        2        0       0
                reset_vec                             0        0        2        0       0
                config                             8007     8007        2    1000E       0
dist/default/production\uart2can.X.production.obj
                cinit                               7F0      7F0       10      FE0       0
                text34                              B23      B23        A     1646       0
                text33                              B2D      B2D        B     165A       0
                text32                              B04      B04        7     1608       0
                text31                              B75      B75       17     16EA       0
                text30                              B0B      B0B        7     1616       0
                text29                              AF5      AF5        4     15EA       0
                text28                              B51      B51        F     16A2       0
                text27                              BA5      BA5       1B     174A       0
                text26                              B43      B43        E     1686       0
                text25                               13       13       67       26       0
                text24                              B1A      B1A        9     1634       0
                text23                              CCB      CCB       4E     1996       0
                text22                              B60      B60       15     16C0       0
                text21                              BE4      BE4       26     17C8       0
                text20                              C97      C97       34     192E       0
                text19                              C0A      C0A       2C     1814       0
                text18                              B12      B12        8     1624       0
                text17                              AF9      AF9        5     15F2       0
                text16                              5A5      5A5      24B      B4A       0
                text15                              DC4      DC4       57     1B88       0
                text14                                4        4        F        0       0
                text13                              C64      C64       33     18C8       0
                text12                               7A       7A       CC       F4       0
                text11                              B8C      B8C       19     1718       0
                text10                              146      146      110      28C       0
                text9                               BC0      BC0       24     1780       0
                text8                               E1B      E1B       8B     1C36       0
                text7                               B38      B38        B     1670       0
                text6                               256      256      14D      4AC       0
                text5                               EA6      EA6       A5     1D4C       0
                text4                               D19      D19       55     1A32       0
                text3                               F4B      F4B       B5     1E96       0
                text2                               C36      C36       2E     186C       0
                text1                               D6E      D6E       56     1ADC       0
                maintext                            3A3      3A3      202      746       0
                cstackBANK0                          20       20       4B       20       1
                cstackCOMMON                         70       70        E       70       1
                cstackBANK1                          C4       C4       1A       A0       1
                clrtext                             AFE      AFE        6     15FC       0
                bssBANK1                             A0       A0       24       A0       1
                bssBANK0                             6B       6B        5       20       1
                stringtext57                       14B1     14B1        3     2000       0
                stringtext56                       14A6     14A6        5     2000       0
                stringtext55                       14A0     14A0        6     2000       0
                stringtext54                       149A     149A        6     2000       0
                stringtext53                       148D     148D        7     2000       0
                stringtext52                       1486     1486        7     2000       0
                stringtext51                       1468     1468        C     2000       0
                stringtext50                       145C     145C        C     2000       0
                stringtext49                       1450     1450        C     2000       0
                stringtext48                       1443     1443        D     2000       0
                stringtext47                       1436     1436        D     2000       0
                stringtext46                       1428     1428        E     2000       0
                stringtext45                       141A     141A        E     2000       0
                stringtext44                       140C     140C        E     2000       0
                stringtext43                       13FD     13FD        F     2000       0
                stringtext42                       13EE     13EE        F     2000       0
                stringtext41                       13DF     13DF        F     2000       0
                stringtext40                       13CF     13CF       10     2000       0
                stringtext39                       13BF     13BF       10     2000       0
                stringtext38                       13AF     13AF       10     2000       0
                stringtext37                       139F     139F       10     2000       0
                stringtext36                       138F     138F       10     2000       0
                stringtext35                       137F     137F       10     2000       0
                stringtext34                       136E     136E       11     2000       0
                stringtext33                       135D     135D       11     2000       0
                stringtext32                       134C     134C       11     2000       0
                stringtext31                       133B     133B       11     2000       0
                stringtext30                       132A     132A       11     2000       0
                stringtext29                       1319     1319       11     2000       0
                stringtext28                       1307     1307       12     2000       0
                stringtext27                       12F3     12F3       14     2000       0
                stringtext26                       12DE     12DE       15     2000       0
                stringtext25                       12C9     12C9       15     2000       0
                stringtext24                       12B4     12B4       15     2000       0
                stringtext23                       129E     129E       16     2000       0
                stringtext22                       1287     1287       17     2000       0
                stringtext21                       126E     126E       19     2000       0
                stringtext20                       1254     1254       1A     2000       0
                stringtext19                       1237     1237       1D     2000       0
                stringtext18                       1213     1213       24     2000       0
                stringtext17                       11ED     11ED       26     2000       0
                stringtext16                       11C7     11C7       26     2000       0
                stringtext15                       119D     119D       2A     2000       0
                stringtext14                       1171     1171       2C     2000       0
                stringtext13                       1145     1145       2C     2000       0
                stringtext12                       1119     1119       2C     2000       0
                stringtext11                       10E6     10E6       33     2000       0
                stringtext10                       10B0     10B0       36     2000       0
                stringtext9                        1077     1077       39     2000       0
                stringtext8                        103D     103D       3A     2000       0
                stringtext7                        1000     1000       3D     2000       0
                stringtext6                        14B4     14B4        2     2000       0
                stringtext5                        14AE     14AE        3     2000       0
                stringtext4                        14AB     14AB        3     2000       0
                stringtext3                        1494     1494        6     2000       0
                stringtext2                        147E     147E        8     2000       0
                stringtext1                        1474     1474        A     2000       0

TOTAL           Name                               Link     Load   Length     Space
        CLASS   STACK          

        CLASS   CODE           
                end_init                              2        2        2         0
                cinit                               7F0      7F0       10         0
                reset_vec                             0        0        2         0
                text34                              B23      B23        A         0
                text33                              B2D      B2D        B         0
                text32                              B04      B04        7         0
                text31                              B75      B75       17         0
                text30                              B0B      B0B        7         0
                text29                              AF5      AF5        4         0
                text28                              B51      B51        F         0
                text27                              BA5      BA5       1B         0
                text26                              B43      B43        E         0
                text25                               13       13       67         0
                text24                              B1A      B1A        9         0
                text23                              CCB      CCB       4E         0
                text22                              B60      B60       15         0
                text21                              BE4      BE4       26         0
                text20                              C97      C97       34         0
                text19                              C0A      C0A       2C         0
                text18                              B12      B12        8         0
                text17                              AF9      AF9        5         0
                text16                              5A5      5A5      24B         0
                text15                              DC4      DC4       57         0
                text14                                4        4        F         0
                text13                              C64      C64       33         0
                text12                               7A       7A       CC         0
                text11                              B8C      B8C       19         0
                text10                              146      146      110         0
                text9                               BC0      BC0       24         0
                text8                               E1B      E1B       8B         0
                text7                               B38      B38        B         0
                text6                               256      256      14D         0
                text5                               EA6      EA6       A5         0
                text4                               D19      D19       55         0
                text3                               F4B      F4B       B5         0
                text2                               C36      C36       2E         0
                text1                               D6E      D6E       56         0
                maintext                            3A3      3A3      202         0
                clrtext                             AFE      AFE        6         0

        CLASS   STRCODE        
                stringtext57                       14B1     14B1        3         0
                stringtext56                       14A6     14A6        5         0
                stringtext55                       14A0     14A0        6         0
                stringtext54                       149A     149A        6         0
                stringtext53                       148D     148D        7         0
                stringtext52                       1486     1486        7         0
                stringtext51                       1468     1468        C         0
                stringtext50                       145C     145C        C         0
                stringtext49                       1450     1450        C         0
                stringtext48                       1443     1443        D         0
                stringtext47                       1436     1436        D         0
                stringtext46                       1428     1428        E         0
                stringtext45                       141A     141A        E         0
                stringtext44                       140C     140C        E         0
                stringtext43                       13FD     13FD        F         0
                stringtext42                       13EE     13EE        F         0
                stringtext41                       13DF     13DF        F         0
                stringtext40                       13CF     13CF       10         0
                stringtext39                       13BF     13BF       10         0
                stringtext38                       13AF     13AF       10         0
                stringtext37                       139F     139F       10         0
                stringtext36                       138F     138F       10         0
                stringtext35                       137F     137F       10         0
                stringtext34                       136E     136E       11         0
                stringtext33                       135D     135D       11         0
                stringtext32                       134C     134C       11         0
                stringtext31                       133B     133B       11         0
                stringtext30                       132A     132A       11         0
                stringtext29                       1319     1319       11         0
                stringtext28                       1307     1307       12         0
                stringtext27                       12F3     12F3       14         0
                stringtext26                       12DE     12DE       15         0
                stringtext25                       12C9     12C9       15         0
                stringtext24                       12B4     12B4       15         0
                stringtext23                       129E     129E       16         0
                stringtext22                       1287     1287       17         0
                stringtext21                       126E     126E       19         0
                stringtext20                       1254     1254       1A         0
                stringtext19                       1237     1237       1D         0
                stringtext18                       1213     1213       24         0
                stringtext17                       11ED     11ED       26         0
                stringtext16                       11C7     11C7       26         0
                stringtext15                       119D     119D       2A         0
                stringtext14                       1171     1171       2C         0
                stringtext13                       1145     1145       2C         0
                stringtext12                       1119     1119       2C         0
                stringtext11                       10E6     10E6       33         0
                stringtext10                       10B0     10B0       36         0
                stringtext9                        1077     1077       39         0
                stringtext8                        103D     103D       3A         0
                stringtext7                        1000     1000       3D         0
                stringtext6                        14B4     14B4        2         0
                stringtext5                        14AE     14AE        3         0
                stringtext4                        14AB     14AB        3         0
                stringtext3                        1494     1494        6         0
                stringtext2                        147E     147E        8         0
                stringtext1                        1474     1474        A         0

        CLASS   STRING         

        CLASS   CONST          

        CLASS   ENTRY          

        CLASS   COMMON         
                cstackCOMMON                         70       70        E         1

        CLASS   BANK0          
                cstackBANK0                          20       20       4B         1
                bssBANK0                             6B       6B        5         1

        CLASS   BANK1          
                cstackBANK1                          C4       C4       1A         1
                bssBANK1                             A0       A0       24         1

        CLASS   BANK2          

        CLASS   BANK3          

        CLASS   BANK4          

        CLASS   BANK5          

        CLASS   BANK6          

        CLASS   BANK7          

        CLASS   BANK8          

        CLASS   BANK9          

        CLASS   BANK10         

        CLASS   BANK11         

        CLASS   BANK12         

        CLASS   BIGRAM         

        CLASS   RAM            

        CLASS   ABS1           
                abs_s1                               7E       7E        2         1

        CLASS   SFR0           

        CLASS   SFR1           

        CLASS   SFR2           

        CLASS   SFR3           

        CLASS   SFR4           

        CLASS   SFR5           

        CLASS   SFR6           

        CLASS   SFR7           

        CLASS   SFR8           

        CLASS   SFR9           

        CLASS   SFR10          

        CLASS   SFR11          

        CLASS   SFR12          

        CLASS   SFR13          

        CLASS   SFR14          

        CLASS   SFR15          

        CLASS   SFR16          

        CLASS   SFR17          

        CLASS   SFR18          

        CLASS   SFR19          

        CLASS   SFR20          

        CLASS   SFR21          

        CLASS   SFR22          

        CLASS   SFR23          

        CLASS   SFR24          

        CLASS   SFR25          

        CLASS   SFR26          

        CLASS   SFR27          

        CLASS   SFR28          

        CLASS   SFR29          

        CLASS   SFR30          

        CLASS   SFR31          

        CLASS   CONFIG         
                config                             8007     8007        2         0

        CLASS   IDLOC          

        CLASS   EEDATA         

        CLASS   BANK31         

        CLASS   BANK30         

        CLASS   BANK29         

        CLASS   BANK28         

        CLASS   BANK27         

        CLASS   BANK26         

        CLASS   BANK25         

        CLASS   BANK24         

        CLASS   BANK23         

        CLASS   BANK22         

        CLASS   BANK21         

        CLASS   BANK20         

        CLASS   BANK19         

        CLASS   BANK18         

        CLASS   BANK17         

        CLASS   BANK16         

        CLASS   BANK15         

        CLASS   BANK14         

        CLASS   BANK13         



SEGMENTS        Name                           Load    Length   Top    Selector   Space  Class     Delta

                reset_vec                      000000  000013  000013         0       0  CODE        2
                cstackBANK0                    000020  000050  000070        20       1  BANK0       1
                text25                         000013  000067  00007A        26       0  CODE        2
                cstackCOMMON                   000070  00000E  00007E        70       1  COMMON      1
                bssBANK1                       0000A0  00003E  0000DE        A0       1  BANK1       1
                text12                         00007A  0000CC  000146        F4       0  CODE        2
                text10                         000146  000110  000256       28C       0  CODE        2
                text6                          000256  00014D  0003A3       4AC       0  CODE        2
                maintext                       0003A3  000202  0005A5       746       0  CODE        2
                text16                         0005A5  00024B  0007F0       B4A       0  CODE        2
                cinit                          0007F0  000010  000800       FE0       0  CODE        2
                text29                         000AF5  000004  000AF9      15EA       0  CODE        2
                text17                         000AF9  000005  000AFE      15F2       0  CODE        2
                clrtext                        000AFE  000006  000B04      15FC       0  CODE        2
                text32                         000B04  000007  000B0B      1608       0  CODE        2
                text30                         000B0B  000007  000B12      1616       0  CODE        2
                text18                         000B12  000008  000B1A      1624       0  CODE        2
                text24                         000B1A  000009  000B23      1634       0  CODE        2
                text34                         000B23  00000A  000B2D      1646       0  CODE        2
                text33                         000B2D  00000B  000B38      165A       0  CODE        2
                text7                          000B38  00000B  000B43      1670       0  CODE        2
                text26                         000B43  00000E  000B51      1686       0  CODE        2
                text28                         000B51  00000F  000B60      16A2       0  CODE        2
                text22                         000B60  000015  000B75      16C0       0  CODE        2
                text31                         000B75  000017  000B8C      16EA       0  CODE        2
                text11                         000B8C  000019  000BA5      1718       0  CODE        2
                text27                         000BA5  00001B  000BC0      174A       0  CODE        2
                text9                          000BC0  000024  000BE4      1780       0  CODE        2
                text21                         000BE4  000026  000C0A      17C8       0  CODE        2
                text19                         000C0A  00002C  000C36      1814       0  CODE        2
                text2                          000C36  00002E  000C64      186C       0  CODE        2
                text13                         000C64  000033  000C97      18C8       0  CODE        2
                text20                         000C97  000034  000CCB      192E       0  CODE        2
                text23                         000CCB  00004E  000D19      1996       0  CODE        2
                text4                          000D19  000055  000D6E      1A32       0  CODE        2
                text1                          000D6E  000056  000DC4      1ADC       0  CODE        2
                text15                         000DC4  000057  000E1B      1B88       0  CODE        2
                text8                          000E1B  00008B  000EA6      1C36       0  CODE        2
                text5                          000EA6  0000A5  000F4B      1D4C       0  CODE        2
                text3                          000F4B  0000B5  001000      1E96       0  CODE        2
                stringtext7                    001000  0004B6  0014B6      2000       0  STRCODE     2
                config                         008007  000002  008009     1000E       0  CONFIG      2


UNUSED ADDRESS RANGES

        Name                Unused          Largest block    Delta
        BANK1            000DE-000EF              12           1
        BANK10           00520-0056F              50           1
        BANK11           005A0-005EF              50           1
        BANK12           00620-0064F              30           1
        BANK2            00120-0016F              50           1
        BANK3            001A0-001EF              50           1
        BANK4            00220-0026F              50           1
        BANK5            002A0-002EF              50           1
        BANK6            00320-0036F              50           1
        BANK7            003A0-003EF              50           1
        BANK8            00420-0046F              50           1
        BANK9            004A0-004EF              50           1
        BIGRAM           02000-023EF             3F0           1
        CODE             00800-00AF4             2F5           2
                         014B6-01FFF             34A
        CONST            00800-00AF4             100           2
                         014B6-01FFF             100
        EEDATA           0F000-0F0FF             100           2
        ENTRY            00800-00AF4             100           2
                         014B6-01FFF             100
        IDLOC            08000-08003               4           2
        RAM              000DE-000EF              12           1
                         00120-0016F              50
                         001A0-001EF              50
                         00220-0026F              50
                         002A0-002EF              50
                         00320-0036F              50
                         003A0-003EF              50
                         00420-0046F              50
                         004A0-004EF              50
                         00520-0056F              50
                         005A0-005EF              50
                         00620-0064F              30
        SFR0             00000-0001F              20           1
        SFR1             00080-0009F              20           1
        SFR10            00500-0051F              20           1
        SFR11            00580-0059F              20           1
        SFR12            00600-0061F              20           1
        SFR13            00680-006EF              70           1
        SFR14            00700-0076F              70           1
        SFR15            00780-007EF              70           1
        SFR16            00800-0086F              70           1
        SFR17            00880-008EF              70           1
        SFR18            00900-0096F              70           1
        SFR19            00980-009EF              70           1
        SFR2             00100-0011F              20           1
        SFR20            00A00-00A6F              70           1
        SFR21            00A80-00AEF              70           1
        SFR22            00B00-00B6F              70           1
        SFR23            00B80-00BEF              70           1
        SFR24            00C00-00C6F              70           1
        SFR25            00C80-00CEF              70           1
        SFR26            00D00-00D6F              70           1
        SFR27            00D80-00DEF              70           1
        SFR28            00E00-00E6F              70           1
        SFR29            00E80-00EEF              70           1
        SFR3             00180-0019F              20           1
        SFR30            00F00-00F6F              70           1
        SFR31            00F80-00FEF              70           1
        SFR4             00200-0021F              20           1
        SFR5             00280-0029F              20           1
        SFR6             00300-0031F              20           1
        SFR7             00380-0039F              20           1
        SFR8             00400-0041F              20           1
        SFR9             00480-0049F              20           1
        STACK            0208E-023EF             362           1
        STRCODE          00800-00AF4             2F5           2
                         014B6-01FFF             B4A
        STRING           00800-00AF4             100           2
                         014B6-01FFF             100

                                  Symbol Table

?___lwdiv                                 cstackCOMMON 00070
?___lwmod                                 cstackCOMMON 00078
?___wmul                                  cstackCOMMON 00070
?_atoi                                    cstackCOMMON 00076
?_printf                                  cstackBANK0  00022
EUSART_Write@txData                       cstackCOMMON 00070
SPI_Exchange8bit@data                     cstackCOMMON 00070
SPI_Exchange8bitBuffer@bufLen             cstackCOMMON 00071
SPI_Exchange8bitBuffer@bytesWritten       cstackCOMMON 00077
SPI_Exchange8bitBuffer@dataIn             cstackCOMMON 00076
SPI_Exchange8bitBuffer@dataOut            cstackCOMMON 00072
SPI_exchange@buf                          cstackCOMMON 0007D
SPI_exchange@bytes_written                cstackCOMMON 0007C
SPI_exchange@len                          cstackCOMMON 00078
_ANSELA                                   (abs)        0018C
_ANSELC                                   (abs)        0018E
_APFCON0                                  (abs)        0011D
_APFCON1                                  (abs)        0011E
_BAUDCON                                  (abs)        0019F
_BORCON                                   (abs)        00116
_EUSART_Initialize                        text33       00B2D
_EUSART_Read                              text34       00B23
_EUSART_Write                             text18       00B12
_LATA                                     (abs)        0010C
_LATAbits                                 (abs)        0010C
_LATC                                     (abs)        0010E
_LATCbits                                 (abs)        0010E
_OPTION_REGbits                           (abs)        00095
_OSCCON                                   (abs)        00099
_OSCILLATOR_Initialize                    text32       00B04
_OSCTUNE                                  (abs)        00098
_PIN_MANAGER_Initialize                   text31       00B75
_PIR1bits                                 (abs)        00011
_RCREG                                    (abs)        00199
_RCSTA                                    (abs)        0019D
_RCSTAbits                                (abs)        0019D
_SPBRGH                                   (abs)        0019C
_SPBRGL                                   (abs)        0019B
_SPI_Exchange8bit                         text24       00B1A
_SPI_Exchange8bitBuffer                   text23       00CCB
_SPI_Initialize                           text30       00B0B
_SPI_exchange                             text22       00B60
_SSP1ADD                                  (abs)        00212
_SSP1BUF                                  (abs)        00211
_SSP1CON1                                 (abs)        00215
_SSP1CON1bits                             (abs)        00215
_SSP1STAT                                 (abs)        00214
_SSP1STATbits                             (abs)        00214
_SYSTEM_Initialize                        text28       00B51
_TRISA                                    (abs)        0008C
_TRISC                                    (abs)        0008E
_TXREG                                    (abs)        0019A
_TXSTA                                    (abs)        0019E
_WDTCON                                   (abs)        00097
_WDT_Initialize                           text29       00AF5
_WPUA                                     (abs)        0020C
_WPUC                                     (abs)        0020E
__CFG_BOREN$ON                            (abs)        00000
__CFG_BORV$LO                             (abs)        00000
__CFG_CLKOUTEN$OFF                        (abs)        00000
__CFG_CP$OFF                              (abs)        00000
__CFG_CPD$OFF                             (abs)        00000
__CFG_FCMEN$ON                            (abs)        00000
__CFG_FOSC$INTOSC                         (abs)        00000
__CFG_IESO$ON                             (abs)        00000
__CFG_LVP$ON                              (abs)        00000
__CFG_MCLRE$ON                            (abs)        00000
__CFG_PLLEN$OFF                           (abs)        00000
__CFG_PWRTE$OFF                           (abs)        00000
__CFG_STVREN$ON                           (abs)        00000
__CFG_WDTE$OFF                            (abs)        00000
__CFG_WRT$OFF                             (abs)        00000
__Habs1                                   abs1         00000
__Hbank0                                  bank0        00000
__Hbank1                                  bank1        00000
__Hbank10                                 bank10       00000
__Hbank11                                 bank11       00000
__Hbank12                                 bank12       00000
__Hbank13                                 bank13       00000
__Hbank14                                 bank14       00000
__Hbank15                                 bank15       00000
__Hbank16                                 bank16       00000
__Hbank17                                 bank17       00000
__Hbank18                                 bank18       00000
__Hbank19                                 bank19       00000
__Hbank2                                  bank2        00000
__Hbank20                                 bank20       00000
__Hbank21                                 bank21       00000
__Hbank22                                 bank22       00000
__Hbank23                                 bank23       00000
__Hbank24                                 bank24       00000
__Hbank25                                 bank25       00000
__Hbank26                                 bank26       00000
__Hbank27                                 bank27       00000
__Hbank28                                 bank28       00000
__Hbank29                                 bank29       00000
__Hbank3                                  bank3        00000
__Hbank30                                 bank30       00000
__Hbank31                                 bank31       00000
__Hbank4                                  bank4        00000
__Hbank5                                  bank5        00000
__Hbank6                                  bank6        00000
__Hbank7                                  bank7        00000
__Hbank8                                  bank8        00000
__Hbank9                                  bank9        00000
__Hbigram                                 bigram       00000
__HbssBANK0                               bssBANK0     00000
__HbssBANK1                               bssBANK1     00000
__Hcinit                                  cinit        00800
__Hclrtext                                clrtext      00000
__Hcode                                   code         00000
__Hcommon                                 common       00000
__Hconfig                                 config       08009
__HcstackBANK0                            cstackBANK0  00000
__HcstackBANK1                            cstackBANK1  00000
__HcstackCOMMON                           cstackCOMMON 00000
__Heeprom_data                            eeprom_data  00000
__Hend_init                               end_init     00004
__Hfunctab                                functab      00000
__Hidloc                                  idloc        00000
__Hinit                                   init         00002
__Hintentry                               intentry     00002
__Hmaintext                               maintext     00000
__Hpowerup                                powerup      00000
__Hram                                    ram          00000
__Hreset_vec                              reset_vec    00002
__Hsfr0                                   sfr0         00000
__Hsfr1                                   sfr1         00000
__Hsfr10                                  sfr10        00000
__Hsfr11                                  sfr11        00000
__Hsfr12                                  sfr12        00000
__Hsfr13                                  sfr13        00000
__Hsfr14                                  sfr14        00000
__Hsfr15                                  sfr15        00000
__Hsfr16                                  sfr16        00000
__Hsfr17                                  sfr17        00000
__Hsfr18                                  sfr18        00000
__Hsfr19                                  sfr19        00000
__Hsfr2                                   sfr2         00000
__Hsfr20                                  sfr20        00000
__Hsfr21                                  sfr21        00000
__Hsfr22                                  sfr22        00000
__Hsfr23                                  sfr23        00000
__Hsfr24                                  sfr24        00000
__Hsfr25                                  sfr25        00000
__Hsfr26                                  sfr26        00000
__Hsfr27                                  sfr27        00000
__Hsfr28                                  sfr28        00000
__Hsfr29                                  sfr29        00000
__Hsfr3                                   sfr3         00000
__Hsfr30                                  sfr30        00000
__Hsfr31                                  sfr31        00000
__Hsfr4                                   sfr4         00000
__Hsfr5                                   sfr5         00000
__Hsfr6                                   sfr6         00000
__Hsfr7                                   sfr7         00000
__Hsfr8                                   sfr8         00000
__Hsfr9                                   sfr9         00000
__Hspace_0                                (abs)        08009
__Hspace_1                                (abs)        000DE
__Hspace_2                                (abs)        00000
__Hspace_3                                (abs)        00000
__Hstack                                  stack        00000
__Hstrings                                strings      00000
__Hstringtext1                            stringtext1  00000
__Hstringtext10                           stringtext10 00000
__Hstringtext11                           stringtext11 00000
__Hstringtext12                           stringtext12 00000
__Hstringtext13                           stringtext13 00000
__Hstringtext14                           stringtext14 00000
__Hstringtext15                           stringtext15 00000
__Hstringtext16                           stringtext16 00000
__Hstringtext17                           stringtext17 00000
__Hstringtext18                           stringtext18 00000
__Hstringtext19                           stringtext19 00000
__Hstringtext2                            stringtext2  00000
__Hstringtext20                           stringtext20 00000
__Hstringtext21                           stringtext21 00000
__Hstringtext22                           stringtext22 00000
__Hstringtext23                           stringtext23 00000
__Hstringtext24                           stringtext24 00000
__Hstringtext25                           stringtext25 00000
__Hstringtext26                           stringtext26 00000
__Hstringtext27                           stringtext27 00000
__Hstringtext28                           stringtext28 00000
__Hstringtext29                           stringtext29 00000
__Hstringtext3                            stringtext3  00000
__Hstringtext30                           stringtext30 00000
__Hstringtext31                           stringtext31 00000
__Hstringtext32                           stringtext32 00000
__Hstringtext33                           stringtext33 00000
__Hstringtext34                           stringtext34 00000
__Hstringtext35                           stringtext35 00000
__Hstringtext36                           stringtext36 00000
__Hstringtext37                           stringtext37 00000
__Hstringtext38                           stringtext38 00000
__Hstringtext39                           stringtext39 00000
__Hstringtext4                            stringtext4  00000
__Hstringtext40                           stringtext40 00000
__Hstringtext41                           stringtext41 00000
__Hstringtext42                           stringtext42 00000
__Hstringtext43                           stringtext43 00000
__Hstringtext44                           stringtext44 00000
__Hstringtext45                           stringtext45 00000
__Hstringtext46                           stringtext46 00000
__Hstringtext47                           stringtext47 00000
__Hstringtext48                           stringtext48 00000
__Hstringtext49                           stringtext49 00000
__Hstringtext5                            stringtext5  00000
__Hstringtext50                           stringtext50 00000
__Hstringtext51                           stringtext51 00000
__Hstringtext52                           stringtext52 00000
__Hstringtext53                           stringtext53 00000
__Hstringtext54                           stringtext54 00000
__Hstringtext55                           stringtext55 00000
__Hstringtext56                           stringtext56 00000
__Hstringtext57                           stringtext57 00000
__Hstringtext58                           stringtext58 00000
__Hstringtext6                            stringtext6  00000
__Hstringtext7                            stringtext7  00000
__Hstringtext8                            stringtext8  00000
__Hstringtext9                            stringtext9  00000
__Htext                                   text         00000
__Labs1                                   abs1         00000
__Lbank0                                  bank0        00000
__Lbank1                                  bank1        00000
__Lbank10                                 bank10       00000
__Lbank11                                 bank11       00000
__Lbank12                                 bank12       00000
__Lbank13                                 bank13       00000
__Lbank14                                 bank14       00000
__Lbank15                                 bank15       00000
__Lbank16                                 bank16       00000
__Lbank17                                 bank17       00000
__Lbank18                                 bank18       00000
__Lbank19                                 bank19       00000
__Lbank2                                  bank2        00000
__Lbank20                                 bank20       00000
__Lbank21                                 bank21       00000
__Lbank22                                 bank22       00000
__Lbank23                                 bank23       00000
__Lbank24                                 bank24       00000
__Lbank25                                 bank25       00000
__Lbank26                                 bank26       00000
__Lbank27                                 bank27       00000
__Lbank28                                 bank28       00000
__Lbank29                                 bank29       00000
__Lbank3                                  bank3        00000
__Lbank30                                 bank30       00000
__Lbank31                                 bank31       00000
__Lbank4                                  bank4        00000
__Lbank5                                  bank5        00000
__Lbank6                                  bank6        00000
__Lbank7                                  bank7        00000
__Lbank8                                  bank8        00000
__Lbank9                                  bank9        00000
__Lbigram                                 bigram       00000
__LbssBANK0                               bssBANK0     00000
__LbssBANK1                               bssBANK1     00000
__Lcinit                                  cinit        007F0
__Lclrtext                                clrtext      00000
__Lcode                                   code         00000
__Lcommon                                 common       00000
__Lconfig                                 config       08007
__LcstackBANK0                            cstackBANK0  00000
__LcstackBANK1                            cstackBANK1  00000
__LcstackCOMMON                           cstackCOMMON 00000
__Leeprom_data                            eeprom_data  00000
__Lend_init                               end_init     00002
__Lfunctab                                functab      00000
__Lidloc                                  idloc        00000
__Linit                                   init         00002
__Lintentry                               intentry     00002
__Lmaintext                               maintext     00000
__Lpowerup                                powerup      00000
__Lram                                    ram          00000
__Lreset_vec                              reset_vec    00000
__Lsfr0                                   sfr0         00000
__Lsfr1                                   sfr1         00000
__Lsfr10                                  sfr10        00000
__Lsfr11                                  sfr11        00000
__Lsfr12                                  sfr12        00000
__Lsfr13                                  sfr13        00000
__Lsfr14                                  sfr14        00000
__Lsfr15                                  sfr15        00000
__Lsfr16                                  sfr16        00000
__Lsfr17                                  sfr17        00000
__Lsfr18                                  sfr18        00000
__Lsfr19                                  sfr19        00000
__Lsfr2                                   sfr2         00000
__Lsfr20                                  sfr20        00000
__Lsfr21                                  sfr21        00000
__Lsfr22                                  sfr22        00000
__Lsfr23                                  sfr23        00000
__Lsfr24                                  sfr24        00000
__Lsfr25                                  sfr25        00000
__Lsfr26                                  sfr26        00000
__Lsfr27                                  sfr27        00000
__Lsfr28                                  sfr28        00000
__Lsfr29                                  sfr29        00000
__Lsfr3                                   sfr3         00000
__Lsfr30                                  sfr30        00000
__Lsfr31                                  sfr31        00000
__Lsfr4                                   sfr4         00000
__Lsfr5                                   sfr5         00000
__Lsfr6                                   sfr6         00000
__Lsfr7                                   sfr7         00000
__Lsfr8                                   sfr8         00000
__Lsfr9                                   sfr9         00000
__Lspace_0                                (abs)        00000
__Lspace_1                                (abs)        00000
__Lspace_2                                (abs)        00000
__Lspace_3                                (abs)        00000
__Lstack                                  stack        00000
__Lstrings                                strings      00000
__Lstringtext1                            stringtext1  00000
__Lstringtext10                           stringtext10 00000
__Lstringtext11                           stringtext11 00000
__Lstringtext12                           stringtext12 00000
__Lstringtext13                           stringtext13 00000
__Lstringtext14                           stringtext14 00000
__Lstringtext15                           stringtext15 00000
__Lstringtext16                           stringtext16 00000
__Lstringtext17                           stringtext17 00000
__Lstringtext18                           stringtext18 00000
__Lstringtext19                           stringtext19 00000
__Lstringtext2                            stringtext2  00000
__Lstringtext20                           stringtext20 00000
__Lstringtext21                           stringtext21 00000
__Lstringtext22                           stringtext22 00000
__Lstringtext23                           stringtext23 00000
__Lstringtext24                           stringtext24 00000
__Lstringtext25                           stringtext25 00000
__Lstringtext26                           stringtext26 00000
__Lstringtext27                           stringtext27 00000
__Lstringtext28                           stringtext28 00000
__Lstringtext29                           stringtext29 00000
__Lstringtext3                            stringtext3  00000
__Lstringtext30                           stringtext30 00000
__Lstringtext31                           stringtext31 00000
__Lstringtext32                           stringtext32 00000
__Lstringtext33                           stringtext33 00000
__Lstringtext34                           stringtext34 00000
__Lstringtext35                           stringtext35 00000
__Lstringtext36                           stringtext36 00000
__Lstringtext37                           stringtext37 00000
__Lstringtext38                           stringtext38 00000
__Lstringtext39                           stringtext39 00000
__Lstringtext4                            stringtext4  00000
__Lstringtext40                           stringtext40 00000
__Lstringtext41                           stringtext41 00000
__Lstringtext42                           stringtext42 00000
__Lstringtext43                           stringtext43 00000
__Lstringtext44                           stringtext44 00000
__Lstringtext45                           stringtext45 00000
__Lstringtext46                           stringtext46 00000
__Lstringtext47                           stringtext47 00000
__Lstringtext48                           stringtext48 00000
__Lstringtext49                           stringtext49 00000
__Lstringtext5                            stringtext5  00000
__Lstringtext50                           stringtext50 00000
__Lstringtext51                           stringtext51 00000
__Lstringtext52                           stringtext52 00000
__Lstringtext53                           stringtext53 00000
__Lstringtext54                           stringtext54 00000
__Lstringtext55                           stringtext55 00000
__Lstringtext56                           stringtext56 00000
__Lstringtext57                           stringtext57 00000
__Lstringtext58                           stringtext58 00000
__Lstringtext6                            stringtext6  00000
__Lstringtext7                            stringtext7  00000
__Lstringtext8                            stringtext8  00000
__Lstringtext9                            stringtext9  00000
__Ltext                                   text         00000
__S0                                      (abs)        08009
__S1                                      (abs)        000DE
__S2                                      (abs)        00000
__S3                                      (abs)        00000
___int_sp                                 stack        00000
___latbits                                (abs)        00002
___lwdiv                                  text20       00C97
___lwdiv@counter                          cstackCOMMON 00077
___lwdiv@dividend                         cstackCOMMON 00072
___lwdiv@divisor                          cstackCOMMON 00070
___lwdiv@quotient                         cstackCOMMON 00075
___lwmod                                  text19       00C0A
___lwmod@counter                          cstackCOMMON 0007D
___lwmod@dividend                         cstackCOMMON 0007A
___lwmod@divisor                          cstackCOMMON 00078
___sp                                     stack        00000
___wmul                                   text27       00BA5
___wmul@multiplicand                      cstackCOMMON 00072
___wmul@multiplier                        cstackCOMMON 00070
___wmul@product                           cstackCOMMON 00074
__end_of_EUSART_Initialize                text33       00B38
__end_of_EUSART_Read                      text34       00B2D
__end_of_EUSART_Write                     text18       00B1A
__end_of_OSCILLATOR_Initialize            text32       00B0B
__end_of_PIN_MANAGER_Initialize           text31       00B8C
__end_of_SPI_Exchange8bit                 text24       00B23
__end_of_SPI_Exchange8bitBuffer           text23       00D19
__end_of_SPI_Initialize                   text30       00B12
__end_of_SPI_exchange                     text22       00B75
__end_of_SYSTEM_Initialize                text28       00B60
__end_of_WDT_Initialize                   text29       00AF9
__end_of___lwdiv                          text20       00CCB
__end_of___lwmod                          text19       00C36
__end_of___wmul                           text27       00BC0
__end_of__initialization                  cinit        007FD
__end_of_abc                              stringtext5  014B1
__end_of_abort_pending_transmissions      text21       00C0A
__end_of_atoi                             text25       0007A
__end_of_can_abort                        text14       00013
__end_of_can_baudrate                     text13       00C97
__end_of_can_dump_masks_and_filters       text12       00146
__end_of_can_dump_registers               text10       00256
__end_of_can_init                         text8        00EA6
__end_of_can_logging_mode                 text7        00B43
__end_of_can_ope_mode                     text15       00E1B
__end_of_can_send                         text6        003A3
__end_of_can_set_mask                     text5        00F4B
__end_of_can_set_sid                      text9        00BE4
__end_of_can_status_check                 text1        00DC4
__end_of_dpowers                          stringtext1  0147E
__end_of_hexpowers                        stringtext2  01486
__end_of_isdigit                          text26       00B51
__end_of_main                             maintext     005A5
__end_of_nm                               stringtext6  014B6
__end_of_printf                           text16       007F0
__end_of_putch                            text17       00AFE
__end_of_read_register                    text11       00BA5
__end_of_receive                          text3        01000
__end_of_receive_handler                  text4        00D6E
__end_of_rxfnsidh                         stringtext3  0149A
__end_of_rxmnsidh                         stringtext7  01002
__end_of_txbnsidh                         stringtext4  014AE
__end_of_txf_clear                        text2        00C64
__initialization                          cinit        007F0
__pbssBANK0                               bssBANK0     0006B
__pbssBANK1                               bssBANK1     000A0
__pcstackBANK0                            cstackBANK0  00020
__pcstackBANK1                            cstackBANK1  000C4
__pcstackCOMMON                           cstackCOMMON 00070
__pmaintext                               maintext     003A3
__pstringtext1                            stringtext1  01474
__pstringtext10                           stringtext10 010B0
__pstringtext11                           stringtext11 010E6
__pstringtext12                           stringtext12 01119
__pstringtext13                           stringtext13 01145
__pstringtext14                           stringtext14 01171
__pstringtext15                           stringtext15 0119D
__pstringtext16                           stringtext16 011C7
__pstringtext17                           stringtext17 011ED
__pstringtext18                           stringtext18 01213
__pstringtext19                           stringtext19 01237
__pstringtext2                            stringtext2  0147E
__pstringtext20                           stringtext20 01254
__pstringtext21                           stringtext21 0126E
__pstringtext22                           stringtext22 01287
__pstringtext23                           stringtext23 0129E
__pstringtext24                           stringtext24 012B4
__pstringtext25                           stringtext25 012C9
__pstringtext26                           stringtext26 012DE
__pstringtext27                           stringtext27 012F3
__pstringtext28                           stringtext28 01307
__pstringtext29                           stringtext29 01319
__pstringtext3                            stringtext3  01494
__pstringtext30                           stringtext30 0132A
__pstringtext31                           stringtext31 0133B
__pstringtext32                           stringtext32 0134C
__pstringtext33                           stringtext33 0135D
__pstringtext34                           stringtext34 0136E
__pstringtext35                           stringtext35 0137F
__pstringtext36                           stringtext36 0138F
__pstringtext37                           stringtext37 0139F
__pstringtext38                           stringtext38 013AF
__pstringtext39                           stringtext39 013BF
__pstringtext4                            stringtext4  014AB
__pstringtext40                           stringtext40 013CF
__pstringtext41                           stringtext41 013DF
__pstringtext42                           stringtext42 013EE
__pstringtext43                           stringtext43 013FD
__pstringtext44                           stringtext44 0140C
__pstringtext45                           stringtext45 0141A
__pstringtext46                           stringtext46 01428
__pstringtext47                           stringtext47 01436
__pstringtext48                           stringtext48 01443
__pstringtext49                           stringtext49 01450
__pstringtext5                            stringtext5  014AE
__pstringtext50                           stringtext50 0145C
__pstringtext51                           stringtext51 01468
__pstringtext52                           stringtext52 01486
__pstringtext53                           stringtext53 0148D
__pstringtext54                           stringtext54 0149A
__pstringtext55                           stringtext55 014A0
__pstringtext56                           stringtext56 014A6
__pstringtext57                           stringtext57 014B1
__pstringtext58                           stringtext58 00000
__pstringtext6                            stringtext6  014B4
__pstringtext7                            stringtext7  01000
__pstringtext8                            stringtext8  0103D
__pstringtext9                            stringtext9  01077
__ptext1                                  text1        00D6E
__ptext10                                 text10       00146
__ptext11                                 text11       00B8C
__ptext12                                 text12       0007A
__ptext13                                 text13       00C64
__ptext14                                 text14       00004
__ptext15                                 text15       00DC4
__ptext16                                 text16       005A5
__ptext17                                 text17       00AF9
__ptext18                                 text18       00B12
__ptext19                                 text19       00C0A
__ptext2                                  text2        00C36
__ptext20                                 text20       00C97
__ptext21                                 text21       00BE4
__ptext22                                 text22       00B60
__ptext23                                 text23       00CCB
__ptext24                                 text24       00B1A
__ptext25                                 text25       00013
__ptext26                                 text26       00B43
__ptext27                                 text27       00BA5
__ptext28                                 text28       00B51
__ptext29                                 text29       00AF5
__ptext3                                  text3        00F4B
__ptext30                                 text30       00B0B
__ptext31                                 text31       00B75
__ptext32                                 text32       00B04
__ptext33                                 text33       00B2D
__ptext34                                 text34       00B23
__ptext4                                  text4        00D19
__ptext5                                  text5        00EA6
__ptext6                                  text6        00256
__ptext7                                  text7        00B38
__ptext8                                  text8        00E1B
__ptext9                                  text9        00BC0
__size_of_EUSART_Initialize               (abs)        00000
__size_of_EUSART_Read                     (abs)        00000
__size_of_EUSART_Write                    (abs)        00000
__size_of_OSCILLATOR_Initialize           (abs)        00000
__size_of_PIN_MANAGER_Initialize          (abs)        00000
__size_of_SPI_Exchange8bit                (abs)        00000
__size_of_SPI_Exchange8bitBuffer          (abs)        00000
__size_of_SPI_Initialize                  (abs)        00000
__size_of_SPI_exchange                    (abs)        00000
__size_of_SYSTEM_Initialize               (abs)        00000
__size_of_WDT_Initialize                  (abs)        00000
__size_of___lwdiv                         (abs)        00000
__size_of___lwmod                         (abs)        00000
__size_of___wmul                          (abs)        00000
__size_of_abort_pending_transmissions     (abs)        00000
__size_of_atoi                            (abs)        00000
__size_of_can_abort                       (abs)        00000
__size_of_can_baudrate                    (abs)        00000
__size_of_can_dump_masks_and_filters      (abs)        00000
__size_of_can_dump_registers              (abs)        00000
__size_of_can_init                        (abs)        00000
__size_of_can_logging_mode                (abs)        00000
__size_of_can_ope_mode                    (abs)        00000
__size_of_can_send                        (abs)        00000
__size_of_can_set_mask                    (abs)        00000
__size_of_can_set_sid                     (abs)        00000
__size_of_can_status_check                (abs)        00000
__size_of_isdigit                         (abs)        00000
__size_of_main                            (abs)        00000
__size_of_printf                          (abs)        00000
__size_of_putch                           (abs)        00000
__size_of_read_register                   (abs)        00000
__size_of_receive                         (abs)        00000
__size_of_receive_handler                 (abs)        00000
__size_of_txf_clear                       (abs)        00000
_abc                                      stringtext5  014AE
_abort_pending_transmissions              text21       00BE4
_atoi                                     text25       00013
_buf                                      bssBANK1     000B4
_can_abort                                text14       00004
_can_baudrate                             text13       00C64
_can_dump_masks_and_filters               text12       0007A
_can_dump_registers                       text10       00146
_can_init                                 text8        00E1B
_can_logging_mode                         text7        00B38
_can_ope_mode                             text15       00DC4
_can_send                                 text6        00256
_can_set_mask                             text5        00EA6
_can_set_mask$509                         cstackBANK0  00050
_can_set_sid                              text9        00BC0
_can_status_check                         text1        00D6E
_dpowers                                  stringtext1  01474
_handler                                  bssBANK1     000B0
_hexpowers                                stringtext2  0147E
_isdigit                                  text26       00B43
_isdigit$826                              cstackCOMMON 00070
_main                                     maintext     003A3
_mode                                     bssBANK0     0006B
_nm                                       stringtext6  014B4
_operation_mode                           bssBANK0     0006F
_output_format                            bssBANK0     0006D
_printf                                   text16       005A5
_printf$635                               cstackBANK0  00034
_putch                                    text17       00AF9
_read_register                            text11       00B8C
_receive                                  text3        00F4B
_receive_handler                          text4        00D19
_rxfnsidh                                 stringtext3  01494
_rxmnsidh                                 stringtext7  01000
_save_rxfn                                bssBANK1     000A0
_save_rxmn                                bssBANK1     000AC
_sid                                      bssBANK1     000B2
_txbnsidh                                 stringtext4  014AB
_txf_clear                                text2        00C36
abort_pending_transmissions@bytes_written cstackBANK0  00022
atoi@a                                    cstackCOMMON 0007B
atoi@s                                    cstackCOMMON 0007D
atoi@sign                                 cstackCOMMON 0007A
btemp                                     (abs)        0007E
can_abort@bytes_written                   cstackBANK0  00048
can_baudrate@bpr                          cstackBANK0  00049
can_baudrate@bytes_written                cstackBANK0  0004B
can_baudrate@mask                         cstackBANK0  0004A
can_dump_masks_and_filters@h              cstackBANK0  0004D
can_dump_masks_and_filters@i              cstackBANK0  00051
can_dump_masks_and_filters@l              cstackBANK0  0004E
can_dump_masks_and_filters@m              cstackBANK0  0004F
can_init@receive_handler                  cstackBANK0  00047
can_logging_mode@debug                    cstackCOMMON 00072
can_logging_mode@verbose                  cstackCOMMON 00070
can_ope_mode@bytes_written                cstackBANK0  00045
can_ope_mode@ope_mode                     cstackBANK0  00046
can_send@bytes_written                    cstackBANK0  00049
can_send@data_buf                         cstackBANK0  0004B
can_send@dlc                              cstackBANK0  00043
can_send@i                                cstackBANK0  0004C
can_send@len                              cstackBANK0  00048
can_send@n                                cstackBANK0  0004D
can_send@status                           cstackBANK0  0004A
can_set_mask@cmd                          cstackBANK0  00052
can_set_mask@mask                         cstackBANK0  00048
can_set_mask@mask_sidh                    cstackBANK0  00053
can_set_mask@mask_sidl                    cstackBANK0  00054
can_set_mask@n                            cstackBANK0  00047
can_set_sid@can_node                      cstackCOMMON 00070
can_set_sid@sidh                          cstackCOMMON 00075
can_set_sid@sidl                          cstackCOMMON 00076
can_status_check@bytes_written            cstackBANK0  00067
can_status_check@status                   cstackBANK0  00068
clear_ram0                                clrtext      00AFE
end_of_initialization                     cinit        007FD
intlevel0                                 functab      00000
intlevel1                                 functab      00000
intlevel2                                 functab      00000
intlevel3                                 functab      00000
intlevel4                                 functab      00000
intlevel5                                 functab      00000
isdigit@c                                 cstackCOMMON 00071
main@bpr                                  cstackBANK1  000D5
main@buf                                  cstackBANK1  000C4
main@c                                    cstackBANK1  000DB
main@cmd                                  cstackBANK1  000DC
main@echo_back                            cstackBANK1  000D9
main@idx                                  cstackBANK1  000DD
main@mask                                 cstackBANK1  000D7
main@n                                    cstackBANK1  000DA
main@sid                                  cstackBANK1  000D4
main@status                               cstackBANK1  000D6
printf@ap                                 cstackBANK0  0003C
printf@c                                  cstackBANK0  00042
printf@cp                                 cstackBANK0  00038
printf@f                                  cstackBANK0  00022
printf@flag                               cstackBANK0  0003F
printf@idx                                cstackBANK0  00036
printf@len                                cstackBANK0  0003A
printf@prec                               cstackBANK0  00037
printf@val                                cstackBANK0  0003D
printf@width                              cstackBANK0  00040
putch@txData                              cstackCOMMON 00071
read_register@addr                        cstackBANK0  00021
receive@bytes_read                        cstackBANK0  00050
receive@dlc                               cstackBANK0  00063
receive@id                                cstackBANK0  00061
receive@n                                 cstackBANK0  00064
receive@pbuf                              cstackBANK0  00060
receive@rx_buf                            cstackBANK0  00051
receive_handler@buf                       cstackBANK0  00045
receive_handler@dlc                       cstackBANK0  00046
receive_handler@i                         cstackBANK0  0004A
receive_handler@sid                       cstackBANK0  00043
reset_vec                                 reset_vec    00000
stackhi                                   (abs)        023EF
stacklo                                   (abs)        0208E
start                                     init         00002
start_initialization                      cinit        007F0
txf_clear@bytes_written                   cstackBANK0  00023
txf_clear@mask                            cstackBANK0  00022
txf_clear@n                               cstackBANK0  00024
wtemp0                                    (abs)        0007E


FUNCTION INFORMATION:

 *************** function _main *****************
 Defined at:
		line 48 in file "main.c"
 Parameters:    Size  Location     Type
		None
 Auto vars:     Size  Location     Type
  status          1   18[BANK1 ] unsigned char 
  buf            16    0[BANK1 ] unsigned char [16]
  mask            2   19[BANK1 ] unsigned int 
  idx             1   25[BANK1 ] unsigned char 
  cmd             1   24[BANK1 ] unsigned char 
  c               1   23[BANK1 ] unsigned char 
  n               1   22[BANK1 ] unsigned char 
  echo_back       1   21[BANK1 ] unsigned char 
  bpr             1   17[BANK1 ] unsigned char 
  sid             1   16[BANK1 ] unsigned char 
 Return value:  Size  Location     Type
                  1    wreg      void 
 Registers used:
		wreg, fsr0l, fsr0h, fsr1l, fsr1h, status,2, status,0, pclath, cstack
 Tracked objects:
		On entry : 
		On exit  : 
		Unchanged: 
 Data sizes:     COMMON   BANK0   BANK1   BANK2   BANK3   BANK4   BANK5   BANK6   BANK7   BANK8   BANK9  BANK10  BANK11  BANK12
      Params:         0       0       0       0       0       0       0       0       0       0       0       0       0       0
      Locals:         0       0      26       0       0       0       0       0       0       0       0       0       0       0
      Temps:          0       2       0       0       0       0       0       0       0       0       0       0       0       0
      Totals:         0       2      26       0       0       0       0       0       0       0       0       0       0       0
Total ram usage:       28 bytes
 Hardware stack levels required when called:    6
 This function calls:
		_EUSART_Read
		_SYSTEM_Initialize
		_atoi
		_can_abort
		_can_baudrate
		_can_dump_masks_and_filters
		_can_dump_registers
		_can_init
		_can_logging_mode
		_can_ope_mode
		_can_send
		_can_set_mask
		_can_set_sid
		_can_status_check
		_printf
 This function is called by:
		Startup code after reset
 This function uses a non-reentrant model


 *************** function _can_status_check *****************
 Defined at:
		line 269 in file "mcp2515.c"
 Parameters:    Size  Location     Type
		None
 Auto vars:     Size  Location     Type
  status          1   72[BANK0 ] unsigned char 
  bytes_writte    1   71[BANK0 ] unsigned char 
 Return value:  Size  Location     Type
                  1    wreg      unsigned char 
 Registers used:
		wreg, fsr0l, fsr0h, fsr1l, fsr1h, status,2, status,0, pclath, cstack
 Tracked objects:
		On entry : 
		On exit  : 
		Unchanged: 
 Data sizes:     COMMON   BANK0   BANK1   BANK2   BANK3   BANK4   BANK5   BANK6   BANK7   BANK8   BANK9  BANK10  BANK11  BANK12
      Params:         0       0       0       0       0       0       0       0       0       0       0       0       0       0
      Locals:         0       2       0       0       0       0       0       0       0       0       0       0       0       0
      Temps:          0       2       0       0       0       0       0       0       0       0       0       0       0       0
      Totals:         0       4       0       0       0       0       0       0       0       0       0       0       0       0
Total ram usage:        4 bytes
 Hardware stack levels used:    1
 Hardware stack levels required when called:    5
 This function calls:
		_SPI_exchange
		_printf
		_receive
		_txf_clear
 This function is called by:
		_main
 This function uses a non-reentrant model


 *************** function _txf_clear *****************
 Defined at:
		line 149 in file "mcp2515.c"
 Parameters:    Size  Location     Type
  n               1    wreg     unsigned char 
 Auto vars:     Size  Location     Type
  n               1    4[BANK0 ] unsigned char 
  bytes_writte    1    3[BANK0 ] unsigned char 
  mask            1    2[BANK0 ] unsigned char 
 Return value:  Size  Location     Type
                  1    wreg      unsigned char 
 Registers used:
		wreg, fsr1l, fsr1h, status,2, status,0, pclath, cstack
 Tracked objects:
		On entry : 
		On exit  : 
		Unchanged: 
 Data sizes:     COMMON   BANK0   BANK1   BANK2   BANK3   BANK4   BANK5   BANK6   BANK7   BANK8   BANK9  BANK10  BANK11  BANK12
      Params:         0       0       0       0       0       0       0       0       0       0       0       0       0       0
      Locals:         0       3       0       0       0       0       0       0       0       0       0       0       0       0
      Temps:          0       2       0       0       0       0       0       0       0       0       0       0       0       0
      Totals:         0       5       0       0       0       0       0       0       0       0       0       0       0       0
Total ram usage:        5 bytes
 Hardware stack levels used:    1
 Hardware stack levels required when called:    3
 This function calls:
		_SPI_exchange
 This function is called by:
		_can_status_check
 This function uses a non-reentrant model


 *************** function _receive *****************
 Defined at:
		line 166 in file "mcp2515.c"
 Parameters:    Size  Location     Type
  n               1    wreg     unsigned char 
 Auto vars:     Size  Location     Type
  n               1   68[BANK0 ] unsigned char 
  rx_buf         15   49[BANK0 ] unsigned char [15]
  id              2   65[BANK0 ] unsigned int 
  dlc             1   67[BANK0 ] unsigned char 
  pbuf            1   64[BANK0 ] PTR unsigned char 
		 -> receive@rx_buf(15), 
  bytes_read      1   48[BANK0 ] unsigned char 
 Return value:  Size  Location     Type
                  1    wreg      void 
 Registers used:
[...]
Total ram usage:        6 bytes
 Hardware stack levels used:    1
 Hardware stack levels required when called:    2
 This function calls:
		_SPI_Exchange8bitBuffer
 This function is called by:
		_can_init
		_can_ope_mode
		_abort_pending_transmissions
		_can_set_mask
		_txf_clear
		_receive
		_can_send
		_can_status_check
		_can_baudrate
		_read_register
 This function uses a non-reentrant model


 *************** function _SPI_Exchange8bitBuffer *****************
 Defined at:
		line 91 in file "mcc_generated_files/spi.c"
 Parameters:    Size  Location     Type
  dataIn          1    wreg     PTR unsigned char 
		 -> receive@rx_buf(15), buf(16), 
  bufLen          1    1[COMMON] unsigned char 
  dataOut         1    2[COMMON] PTR unsigned char 
		 -> receive@rx_buf(15), buf(16), 
 Auto vars:     Size  Location     Type
  dataIn          1    6[COMMON] PTR unsigned char 
		 -> receive@rx_buf(15), buf(16), 
  bytesWritten    1    7[COMMON] unsigned char 
 Return value:  Size  Location     Type
                  1    wreg      unsigned char 
 Registers used:
		wreg, fsr1l, fsr1h, status,2, status,0, pclath, cstack
 Tracked objects:
		On entry : 
		On exit  : 
		Unchanged: 
 Data sizes:     COMMON   BANK0   BANK1   BANK2   BANK3   BANK4   BANK5   BANK6   BANK7   BANK8   BANK9  BANK10  BANK11  BANK12
      Params:         2       0       0       0       0       0       0       0       0       0       0       0       0       0
      Locals:         2       0       0       0       0       0       0       0       0       0       0       0       0       0
      Temps:          3       0       0       0       0       0       0       0       0       0       0       0       0       0
      Totals:         7       0       0       0       0       0       0       0       0       0       0       0       0       0
Total ram usage:        7 bytes
 Hardware stack levels used:    1
 Hardware stack levels required when called:    1
 This function calls:
		_SPI_Exchange8bit
 This function is called by:
		_SPI_exchange
 This function uses a non-reentrant model


 *************** function _SPI_Exchange8bit *****************
 Defined at:
		line 77 in file "mcc_generated_files/spi.c"
 Parameters:    Size  Location     Type
  data            1    wreg     unsigned char 
 Auto vars:     Size  Location     Type
  data            1    0[COMMON] unsigned char 
 Return value:  Size  Location     Type
                  1    wreg      unsigned char 
 Registers used:
		wreg
 Tracked objects:
		On entry : 
		On exit  : 
		Unchanged: 
 Data sizes:     COMMON   BANK0   BANK1   BANK2   BANK3   BANK4   BANK5   BANK6   BANK7   BANK8   BANK9  BANK10  BANK11  BANK12
      Params:         0       0       0       0       0       0       0       0       0       0       0       0       0       0
      Locals:         1       0       0       0       0       0       0       0       0       0       0       0       0       0
      Temps:          0       0       0       0       0       0       0       0       0       0       0       0       0       0
      Totals:         1       0       0       0       0       0       0       0       0       0       0       0       0       0
Total ram usage:        1 bytes
 Hardware stack levels used:    1
 This function calls:
		Nothing
 This function is called by:
		_SPI_Exchange8bitBuffer
 This function uses a non-reentrant model


 *************** function _atoi *****************
 Defined at:
		line 5 in file "C:\Program Files (x86)\Microchip\xc8\v1.45\sources\common\atoi.c"
 Parameters:    Size  Location     Type
  s               1    wreg     PTR const unsigned char 
		 -> main@buf(16), 
 Auto vars:     Size  Location     Type
  s               1   13[COMMON] PTR const unsigned char 
		 -> main@buf(16), 
  a               2   11[COMMON] int 
  sign            1   10[COMMON] unsigned char 
 Return value:  Size  Location     Type
                  2    6[COMMON] int 
 Registers used:
		wreg, fsr1l, fsr1h, status,2, status,0, pclath, cstack
 Tracked objects:
		On entry : 
		On exit  : 
		Unchanged: 
 Data sizes:     COMMON   BANK0   BANK1   BANK2   BANK3   BANK4   BANK5   BANK6   BANK7   BANK8   BANK9  BANK10  BANK11  BANK12
      Params:         2       0       0       0       0       0       0       0       0       0       0       0       0       0
      Locals:         4       0       0       0       0       0       0       0       0       0       0       0       0       0
      Temps:          2       0       0       0       0       0       0       0       0       0       0       0       0       0
      Totals:         8       0       0       0       0       0       0       0       0       0       0       0       0       0
Total ram usage:        8 bytes
 Hardware stack levels used:    1
 Hardware stack levels required when called:    1
 This function calls:
		___wmul
		_isdigit
 This function is called by:
		_main
 This function uses a non-reentrant model


 *************** function _isdigit *****************
 Defined at:
		line 8 in file "C:\Program Files (x86)\Microchip\xc8\v1.45\sources\common\isdigit.c"
 Parameters:    Size  Location     Type
  c               1    wreg     unsigned char 
 Auto vars:     Size  Location     Type
  c               1    1[COMMON] unsigned char 
 Return value:  Size  Location     Type
		None               void
 Registers used:
		wreg, status,2, status,0
 Tracked objects:
		On entry : 
		On exit  : 
		Unchanged: 
 Data sizes:     COMMON   BANK0   BANK1   BANK2   BANK3   BANK4   BANK5   BANK6   BANK7   BANK8   BANK9  BANK10  BANK11  BANK12
      Params:         0       0       0       0       0       0       0       0       0       0       0       0       0       0
      Locals:         2       0       0       0       0       0       0       0       0       0       0       0       0       0
      Temps:          0       0       0       0       0       0       0       0       0       0       0       0       0       0
      Totals:         2       0       0       0       0       0       0       0       0       0       0       0       0       0
Total ram usage:        2 bytes
 Hardware stack levels used:    1
 This function calls:
		Nothing
 This function is called by:
		_printf
		_atoi
 This function uses a non-reentrant model


 *************** function ___wmul *****************
 Defined at:
		line 15 in file "C:\Program Files (x86)\Microchip\xc8\v1.45\sources\common\Umul16.c"
 Parameters:    Size  Location     Type
  multiplier      2    0[COMMON] unsigned int 
  multiplicand    2    2[COMMON] unsigned int 
 Auto vars:     Size  Location     Type
  product         2    4[COMMON] unsigned int 
 Return value:  Size  Location     Type
                  2    0[COMMON] unsigned int 
 Registers used:
		wreg, status,2, status,0
 Tracked objects:
		On entry : 
		On exit  : 
		Unchanged: 
 Data sizes:     COMMON   BANK0   BANK1   BANK2   BANK3   BANK4   BANK5   BANK6   BANK7   BANK8   BANK9  BANK10  BANK11  BANK12
      Params:         4       0       0       0       0       0       0       0       0       0       0       0       0       0
      Locals:         2       0       0       0       0       0       0       0       0       0       0       0       0       0
      Temps:          0       0       0       0       0       0       0       0       0       0       0       0       0       0
      Totals:         6       0       0       0       0       0       0       0       0       0       0       0       0       0
Total ram usage:        6 bytes
 Hardware stack levels used:    1
 This function calls:
		Nothing
 This function is called by:
		_printf
		_atoi
 This function uses a non-reentrant model


 *************** function _SYSTEM_Initialize *****************
 Defined at:
		line 70 in file "mcc_generated_files/mcc.c"
 Parameters:    Size  Location     Type
		None
 Auto vars:     Size  Location     Type
		None
 Return value:  Size  Location     Type
                  1    wreg      void 
 Registers used:
		wreg, status,2, status,0, pclath, cstack
 Tracked objects:
		On entry : 
		On exit  : 
		Unchanged: 
 Data sizes:     COMMON   BANK0   BANK1   BANK2   BANK3   BANK4   BANK5   BANK6   BANK7   BANK8   BANK9  BANK10  BANK11  BANK12
      Params:         0       0       0       0       0       0       0       0       0       0       0       0       0       0
      Locals:         0       0       0       0       0       0       0       0       0       0       0       0       0       0
      Temps:          0       0       0       0       0       0       0       0       0       0       0       0       0       0
      Totals:         0       0       0       0       0       0       0       0       0       0       0       0       0       0
Total ram usage:        0 bytes
 Hardware stack levels used:    1
 Hardware stack levels required when called:    1
 This function calls:
		_EUSART_Initialize
		_OSCILLATOR_Initialize
		_PIN_MANAGER_Initialize
		_SPI_Initialize
		_WDT_Initialize
 This function is called by:
		_main
 This function uses a non-reentrant model


 *************** function _WDT_Initialize *****************
 Defined at:
		line 90 in file "mcc_generated_files/mcc.c"
 Parameters:    Size  Location     Type
		None
 Auto vars:     Size  Location     Type
		None
 Return value:  Size  Location     Type
                  1    wreg      void 
 Registers used:
		wreg
 Tracked objects:
		On entry : 
		On exit  : 
		Unchanged: 
 Data sizes:     COMMON   BANK0   BANK1   BANK2   BANK3   BANK4   BANK5   BANK6   BANK7   BANK8   BANK9  BANK10  BANK11  BANK12
      Params:         0       0       0       0       0       0       0       0       0       0       0       0       0       0
      Locals:         0       0       0       0       0       0       0       0       0       0       0       0       0       0
      Temps:          0       0       0       0       0       0       0       0       0       0       0       0       0       0
      Totals:         0       0       0       0       0       0       0       0       0       0       0       0       0       0
Total ram usage:        0 bytes
 Hardware stack levels used:    1
 This function calls:
		Nothing
 This function is called by:
		_SYSTEM_Initialize
 This function uses a non-reentrant model


 *************** function _SPI_Initialize *****************
 Defined at:
		line 63 in file "mcc_generated_files/spi.c"
 Parameters:    Size  Location     Type
		None
 Auto vars:     Size  Location     Type
		None
 Return value:  Size  Location     Type
                  1    wreg      void 
 Registers used:
		wreg, status,2
 Tracked objects:
		On entry : 
		On exit  : 
		Unchanged: 
 Data sizes:     COMMON   BANK0   BANK1   BANK2   BANK3   BANK4   BANK5   BANK6   BANK7   BANK8   BANK9  BANK10  BANK11  BANK12
      Params:         0       0       0       0       0       0       0       0       0       0       0       0       0       0
      Locals:         0       0       0       0       0       0       0       0       0       0       0       0       0       0
      Temps:          0       0       0       0       0       0       0       0       0       0       0       0       0       0
      Totals:         0       0       0       0       0       0       0       0       0       0       0       0       0       0
Total ram usage:        0 bytes
 Hardware stack levels used:    1
 This function calls:
		Nothing
 This function is called by:
		_SYSTEM_Initialize
 This function uses a non-reentrant model


 *************** function _PIN_MANAGER_Initialize *****************
 Defined at:
		line 52 in file "mcc_generated_files/pin_manager.c"
 Parameters:    Size  Location     Type
		None
 Auto vars:     Size  Location     Type
		None
 Return value:  Size  Location     Type
                  1    wreg      void 
 Registers used:
		wreg, status,2
 Tracked objects:
		On entry : 
		On exit  : 
		Unchanged: 
 Data sizes:     COMMON   BANK0   BANK1   BANK2   BANK3   BANK4   BANK5   BANK6   BANK7   BANK8   BANK9  BANK10  BANK11  BANK12
      Params:         0       0       0       0       0       0       0       0       0       0       0       0       0       0
      Locals:         0       0       0       0       0       0       0       0       0       0       0       0       0       0
      Temps:          0       0       0       0       0       0       0       0       0       0       0       0       0       0
      Totals:         0       0       0       0       0       0       0       0       0       0       0       0       0       0
Total ram usage:        0 bytes
 Hardware stack levels used:    1
 This function calls:
		Nothing
 This function is called by:
		_SYSTEM_Initialize
 This function uses a non-reentrant model


 *************** function _OSCILLATOR_Initialize *****************
 Defined at:
		line 80 in file "mcc_generated_files/mcc.c"
 Parameters:    Size  Location     Type
		None
 Auto vars:     Size  Location     Type
		None
 Return value:  Size  Location     Type
                  1    wreg      void 
 Registers used:
		wreg, status,2
 Tracked objects:
		On entry : 
		On exit  : 
		Unchanged: 
 Data sizes:     COMMON   BANK0   BANK1   BANK2   BANK3   BANK4   BANK5   BANK6   BANK7   BANK8   BANK9  BANK10  BANK11  BANK12
      Params:         0       0       0       0       0       0       0       0       0       0       0       0       0       0
      Locals:         0       0       0       0       0       0       0       0       0       0       0       0       0       0
      Temps:          0       0       0       0       0       0       0       0       0       0       0       0       0       0
      Totals:         0       0       0       0       0       0       0       0       0       0       0       0       0       0
Total ram usage:        0 bytes
 Hardware stack levels used:    1
 This function calls:
		Nothing
 This function is called by:
		_SYSTEM_Initialize
 This function uses a non-reentrant model


 *************** function _EUSART_Initialize *****************
 Defined at:
		line 53 in file "mcc_generated_files/eusart.c"
 Parameters:    Size  Location     Type
		None
 Auto vars:     Size  Location     Type
		None
 Return value:  Size  Location     Type
                  1    wreg      void 
 Registers used:
		wreg, status,2
 Tracked objects:
		On entry : 
		On exit  : 
		Unchanged: 
 Data sizes:     COMMON   BANK0   BANK1   BANK2   BANK3   BANK4   BANK5   BANK6   BANK7   BANK8   BANK9  BANK10  BANK11  BANK12
      Params:         0       0       0       0       0       0       0       0       0       0       0       0       0       0
      Locals:         0       0       0       0       0       0       0       0       0       0       0       0       0       0
      Temps:          0       0       0       0       0       0       0       0       0       0       0       0       0       0
      Totals:         0       0       0       0       0       0       0       0       0       0       0       0       0       0
Total ram usage:        0 bytes
 Hardware stack levels used:    1
 This function calls:
		Nothing
 This function is called by:
		_SYSTEM_Initialize
 This function uses a non-reentrant model


 *************** function _EUSART_Read *****************
 Defined at:
		line 75 in file "mcc_generated_files/eusart.c"
 Parameters:    Size  Location     Type
		None
 Auto vars:     Size  Location     Type
		None
 Return value:  Size  Location     Type
                  1    wreg      unsigned char 
 Registers used:
		wreg
 Tracked objects:
		On entry : 
		On exit  : 
		Unchanged: 
 Data sizes:     COMMON   BANK0   BANK1   BANK2   BANK3   BANK4   BANK5   BANK6   BANK7   BANK8   BANK9  BANK10  BANK11  BANK12
      Params:         0       0       0       0       0       0       0       0       0       0       0       0       0       0
      Locals:         0       0       0       0       0       0       0       0       0       0       0       0       0       0
      Temps:          0       0       0       0       0       0       0       0       0       0       0       0       0       0
      Totals:         0       0       0       0       0       0       0       0       0       0       0       0       0       0
Total ram usage:        0 bytes
 Hardware stack levels used:    1
 This function calls:
		Nothing
 This function is called by:
		_main
		_getch
 This function uses a non-reentrant model



MODULE INFORMATION

Module		Function		Class		Link	Load	Size
C:\Program Files (x86)\Microchip\xc8\v1.45\sources\common\doprnt.c
		_printf        		CODE           	05A5	0000	588

C:\Program Files (x86)\Microchip\xc8\v1.45\sources\common\doprnt.c estimated size: 588

C:\Program Files (x86)\Microchip\xc8\v1.45\sources\common\Umul16.c
		___wmul        		CODE           	0BA5	0000	28

C:\Program Files (x86)\Microchip\xc8\v1.45\sources\common\Umul16.c estimated size: 28

mcp2515.c
		_txf_clear     		CODE           	0C36	0000	47
		_abort_pending_transmissions		CODE           	0BE4	0000	39
		_can_init      		CODE           	0E1B	0000	140
		_can_ope_mode  		CODE           	0DC4	0000	88
		_can_send      		CODE           	0256	0000	334
		_can_dump_registers		CODE           	0146	0000	273
		_read_register 		CODE           	0B8C	0000	26
		_can_set_sid   		CODE           	0BC0	0000	37
		_can_set_mask  		CODE           	0EA6	0000	166
		_receive       		CODE           	0F4B	0000	182
		_can_status_check		CODE           	0D6E	0000	87
		_can_logging_mode		CODE           	0B38	0000	12
		_can_dump_masks_and_filters		CODE           	007A	0000	205
		_can_abort     		CODE           	0004	0000	16
		_can_baudrate  		CODE           	0C64	0000	52

mcp2515.c estimated size: 1704

mcc_generated_files/pin_manager.c
		_PIN_MANAGER_Initialize		CODE           	0B75	0000	24

mcc_generated_files/pin_manager.c estimated size: 24

C:\Program Files (x86)\Microchip\xc8\v1.45\sources\common\isdigit.c
		_isdigit       		CODE           	0B43	0000	15

C:\Program Files (x86)\Microchip\xc8\v1.45\sources\common\isdigit.c estimated size: 15

C:\Program Files (x86)\Microchip\xc8\v1.45\sources\common\lwmod.c
		___lwmod       		CODE           	0C0A	0000	45

C:\Program Files (x86)\Microchip\xc8\v1.45\sources\common\lwmod.c estimated size: 45

mcc_generated_files/spi.c
		_SPI_Exchange8bitBuffer		CODE           	0CCB	0000	79
		_SPI_Exchange8bit		CODE           	0B1A	0000	10
		_SPI_Initialize		CODE           	0B0B	0000	8

mcc_generated_files/spi.c estimated size: 97

C:\Program Files (x86)\Microchip\xc8\v1.45\sources\common\atoi.c
		_atoi          		CODE           	0013	0000	104

C:\Program Files (x86)\Microchip\xc8\v1.45\sources\common\atoi.c estimated size: 104

spi.c
		_SPI_exchange  		CODE           	0B60	0000	22

spi.c estimated size: 22

shared
		_dpowers       		STRCODE        	1474	0000	11
		_txbnsidh      		STRCODE        	14AB	0000	4
		_rxfnsidh      		STRCODE        	1494	0000	7
		_abc           		STRCODE        	14AE	0000	4
		__initialization		CODE           	07F0	0000	14
		_nm            		STRCODE        	14B4	0000	3
		_hexpowers     		STRCODE        	147E	0000	9
		_rxmnsidh      		STRCODE        	1000	0000	3

shared estimated size: 55

mcc_generated_files/mcc.c
		_WDT_Initialize		CODE           	0AF5	0000	5
		_OSCILLATOR_Initialize		CODE           	0B04	0000	8
		_SYSTEM_Initialize		CODE           	0B51	0000	16

mcc_generated_files/mcc.c estimated size: 29

C:\Program Files (x86)\Microchip\xc8\v1.45\sources\common\lwdiv.c
		___lwdiv       		CODE           	0C97	0000	53

C:\Program Files (x86)\Microchip\xc8\v1.45\sources\common\lwdiv.c estimated size: 53

mcc_generated_files/eusart.c
		_putch         		CODE           	0AF9	0000	6
		_EUSART_Read   		CODE           	0B23	0000	11
		_EUSART_Write  		CODE           	0B12	0000	9
		_EUSART_Initialize		CODE           	0B2D	0000	12

mcc_generated_files/eusart.c estimated size: 38

main.c
		_receive_handler		CODE           	0D19	0000	86
		_main          		CODE           	03A3	0000	515

main.c estimated size: 601

