Microchip MPLAB XC8 Compiler V1.45 ()

Linker command line:

-W-3 --edf=C:\Program Files (x86)\Microchip\xc8\v1.45\dat\en_msgs.txt -cs \
  -h+dist/default/production\uart2can.X.production.sym \
  --cmf=dist/default/production\uart2can.X.production.cmf -z -Q16F1825 \
  -oC:\Users\shiny\AppData\Local\Temp\sei8.2 \
  -Mdist/default/production/uart2can.X.production.map -E1 -ver=XC8 \
  -ASTACK=02076h-023efh -pstack=STACK -ACODE=00h-07FFhx4 \
  -ASTRCODE=00h-01FFFh -ASTRING=00h-0FFhx32 -ACONST=00h-0FFhx32 \
  -AENTRY=00h-0FFhx32 -ACOMMON=070h-07Fh -ABANK0=020h-06Fh \
  -ABANK1=0A0h-0EFh -ABANK2=0120h-016Fh -ABANK3=01A0h-01EFh \
  -ABANK4=0220h-026Fh -ABANK5=02A0h-02EFh -ABANK6=0320h-036Fh \
  -ABANK7=03A0h-03EFh -ABANK8=0420h-046Fh -ABANK9=04A0h-04EFh \
  -ABANK10=0520h-056Fh -ABANK11=05A0h-05EFh -ABANK12=0620h-064Fh \
  -ABIGRAM=02000h-023EFh \
  -ARAM=020h-06Fh,0A0h-0EFh,0120h-016Fh,01A0h-01EFh,0220h-026Fh,02A0h-02EFh,0320h-036Fh,03A0h-03EFh,0420h-046Fh,04A0h-04EFh,0520h-056Fh,05A0h-05EFh,0620h-064Fh \
  -AABS1=020h-07Fh,0A0h-0EFh,0120h-016Fh,01A0h-01EFh,0220h-026Fh,02A0h-02EFh,0320h-036Fh,03A0h-03EFh,0420h-046Fh,04A0h-04EFh,0520h-056Fh,05A0h-05EFh,0620h-064Fh \
  -ASFR0=00h-01Fh -ASFR1=080h-09Fh -ASFR2=0100h-011Fh -ASFR3=0180h-019Fh \
  -ASFR4=0200h-021Fh -ASFR5=0280h-029Fh -ASFR6=0300h-031Fh \
  -ASFR7=0380h-039Fh -ASFR8=0400h-041Fh -ASFR9=0480h-049Fh \
  -ASFR10=0500h-051Fh -ASFR11=0580h-059Fh -ASFR12=0600h-061Fh \
  -ASFR13=0680h-06EFh -ASFR14=0700h-076Fh -ASFR15=0780h-07EFh \
  -ASFR16=0800h-086Fh -ASFR17=0880h-08EFh -ASFR18=0900h-096Fh \
  -ASFR19=0980h-09EFh -ASFR20=0A00h-0A6Fh -ASFR21=0A80h-0AEFh \
  -ASFR22=0B00h-0B6Fh -ASFR23=0B80h-0BEFh -ASFR24=0C00h-0C6Fh \
  -ASFR25=0C80h-0CEFh -ASFR26=0D00h-0D6Fh -ASFR27=0D80h-0DEFh \
  -ASFR28=0E00h-0E6Fh -ASFR29=0E80h-0EEFh -ASFR30=0F00h-0F6Fh \
  -ASFR31=0F80h-0FEFh -preset_vec=00h,intentry,init,end_init -ppowerup=CODE \
  -pcinit=CODE -pfunctab=ENTRY -ACONFIG=08007h-08008h -pconfig=CONFIG \
  -DCONFIG=2 -AIDLOC=08000h-08003h -pidloc=IDLOC -DIDLOC=2 \
  -AEEDATA=00h-0FFh/0F000h -peeprom_data=EEDATA -DEEDATA=2 -DCODE=2 \
  -DSTRCODE=2 -DSTRING=2 -DCONST=2 -DENTRY=2 -k \
  C:\Users\shiny\AppData\Local\Temp\sei8.obj \
  dist/default/production\uart2can.X.production.obj 

Object code version is 3.11

Machine type is 16F1825



                Name                               Link     Load   Length Selector   Space Scale
C:\Users\shiny\AppData\Local\Temp\sei8.obj
                end_init                              2        2        2        0       0
                reset_vec                             0        0        2        0       0
                config                             8007     8007        2    1000E       0
dist/default/production\uart2can.X.production.obj
                cinit                               7DE      7DE       22      FBC       0
                text24                              ECB      ECB        A     1D96       0
                text23                              ED5      ED5        B     1DAA       0
                text22                              EAC      EAC        7     1D58       0
                text21                              EEE      EEE       17     1DDC       0
                text20                              EB3      EB3        7     1D66       0
                text19                              E99      E99        4     1D32       0
                text18                                5        5        F        A       0
                text17                              F1E      F1E       1B     1E3C       0
                text16                              EE0      EE0        E     1DC0       0
                text15                               FB       FB       67      1F6       0
                text14                              EC2      EC2        9     1D84       0
                text13                               5F       5F       4E       BE       0
                text12                              F05      F05       19     1E0A       0
                text11                              F91      F91       34     1F22       0
                text10                              F39      F39       2C     1E72       0
                text9                               EBA      EBA        8     1D74       0
                text8                               EA1      EA1        5     1D42       0
                text7                               354      354      23B      6A8       0
                text6                                14       14       4B       28       0
                text5                               210      210      144      420       0
                text4                               162      162       AE      2C4       0
                text3                               F65      F65       2C     1ECA       0
                text2                                AD       AD       4E      15A       0
                text1                               FC5      FC5       3B     1F8A       0
                maintext                            58F      58F      24F      B1E       0
                cstackBANK0                          20       20       41       20       1
                cstackCOMMON                         70       70        E       70       1
                clrtext                             EA6      EA6        6     1D4C       0
                bssBANK1                             A0       A0       26       A0       1
                dataBANK0                            68       68        4       20       1
                bssBANK0                             61       61        7       20       1
                stringtext42                       12E9     12E9        3     2000       0
                stringtext41                       12D6     12D6        7     2000       0
                stringtext40                       12B7     12B7        D     2000       0
                stringtext39                       12AA     12AA        D     2000       0
                stringtext38                       129C     129C        E     2000       0
                stringtext37                       128E     128E        E     2000       0
                stringtext36                       1280     1280        E     2000       0
                stringtext35                       1272     1272        E     2000       0
                stringtext34                       1263     1263        F     2000       0
                stringtext33                       1254     1254        F     2000       0
                stringtext32                       1244     1244       10     2000       0
                stringtext31                       1233     1233       11     2000       0
                stringtext30                       1222     1222       11     2000       0
                stringtext29                       1211     1211       11     2000       0
                stringtext28                       1200     1200       11     2000       0
                stringtext27                       11EF     11EF       11     2000       0
                stringtext26                       11DE     11DE       11     2000       0
                stringtext25                       11CD     11CD       11     2000       0
                stringtext24                       11BC     11BC       11     2000       0
                stringtext23                       11AB     11AB       11     2000       0
                stringtext22                       1198     1198       13     2000       0
                stringtext21                       1184     1184       14     2000       0
                stringtext20                       1170     1170       14     2000       0
                stringtext19                       115B     115B       15     2000       0
                stringtext18                       1145     1145       16     2000       0
                stringtext17                       112F     112F       16     2000       0
                stringtext16                       1118     1118       17     2000       0
                stringtext15                       10FF     10FF       19     2000       0
                stringtext14                       10E5     10E5       1A     2000       0
                stringtext13                       10BF     10BF       26     2000       0
                stringtext12                       1095     1095       2A     2000       0
                stringtext11                       1069     1069       2C     2000       0
                stringtext10                       1036     1036       33     2000       0
                stringtext9                        1000     1000       36     2000       0
                stringtext8                         800      800       3C     1000       0
                stringtext7                        12EE     12EE        2     2000       0
                stringtext6                        12EC     12EC        2     2000       0
                stringtext5                        12E6     12E6        3     2000       0
                stringtext4                        12E3     12E3        3     2000       0
                stringtext3                        12DD     12DD        6     2000       0
                stringtext2                        12CE     12CE        8     2000       0
                stringtext1                        12C4     12C4        A     2000       0
                idataBANK0                          E9D      E9D        4     1D3A       0

TOTAL           Name                               Link     Load   Length     Space
        CLASS   STACK          

        CLASS   CODE           
                end_init                              2        2        2         0
                cinit                               7DE      7DE       22         0
                reset_vec                             0        0        2         0
                text24                              ECB      ECB        A         0
                text23                              ED5      ED5        B         0
                text22                              EAC      EAC        7         0
                text21                              EEE      EEE       17         0
                text20                              EB3      EB3        7         0
                text19                              E99      E99        4         0
                text18                                5        5        F         0
                text17                              F1E      F1E       1B         0
                text16                              EE0      EE0        E         0
                text15                               FB       FB       67         0
                text14                              EC2      EC2        9         0
                text13                               5F       5F       4E         0
                text12                              F05      F05       19         0
                text11                              F91      F91       34         0
                text10                              F39      F39       2C         0
                text9                               EBA      EBA        8         0
                text8                               EA1      EA1        5         0
                text7                               354      354      23B         0
                text6                                14       14       4B         0
                text5                               210      210      144         0
                text4                               162      162       AE         0
                text3                               F65      F65       2C         0
                text2                                AD       AD       4E         0
                text1                               FC5      FC5       3B         0
                maintext                            58F      58F      24F         0
                clrtext                             EA6      EA6        6         0
                idataBANK0                          E9D      E9D        4         0

        CLASS   STRCODE        
                stringtext42                       12E9     12E9        3         0
                stringtext41                       12D6     12D6        7         0
                stringtext40                       12B7     12B7        D         0
                stringtext39                       12AA     12AA        D         0
                stringtext38                       129C     129C        E         0
                stringtext37                       128E     128E        E         0
                stringtext36                       1280     1280        E         0
                stringtext35                       1272     1272        E         0
                stringtext34                       1263     1263        F         0
                stringtext33                       1254     1254        F         0
                stringtext32                       1244     1244       10         0
                stringtext31                       1233     1233       11         0
                stringtext30                       1222     1222       11         0
                stringtext29                       1211     1211       11         0
                stringtext28                       1200     1200       11         0
                stringtext27                       11EF     11EF       11         0
                stringtext26                       11DE     11DE       11         0
                stringtext25                       11CD     11CD       11         0
                stringtext24                       11BC     11BC       11         0
                stringtext23                       11AB     11AB       11         0
                stringtext22                       1198     1198       13         0
                stringtext21                       1184     1184       14         0
                stringtext20                       1170     1170       14         0
                stringtext19                       115B     115B       15         0
                stringtext18                       1145     1145       16         0
                stringtext17                       112F     112F       16         0
                stringtext16                       1118     1118       17         0
                stringtext15                       10FF     10FF       19         0
                stringtext14                       10E5     10E5       1A         0
                stringtext13                       10BF     10BF       26         0
                stringtext12                       1095     1095       2A         0
                stringtext11                       1069     1069       2C         0
                stringtext10                       1036     1036       33         0
                stringtext9                        1000     1000       36         0
                stringtext8                         800      800       3C         0
                stringtext7                        12EE     12EE        2         0
                stringtext6                        12EC     12EC        2         0
                stringtext5                        12E6     12E6        3         0
                stringtext4                        12E3     12E3        3         0
                stringtext3                        12DD     12DD        6         0
                stringtext2                        12CE     12CE        8         0
                stringtext1                        12C4     12C4        A         0

        CLASS   STRING         

        CLASS   CONST          

        CLASS   ENTRY          

        CLASS   COMMON         
                cstackCOMMON                         70       70        E         1

        CLASS   BANK0          
                cstackBANK0                          20       20       41         1
                dataBANK0                            68       68        4         1
                bssBANK0                             61       61        7         1

        CLASS   BANK1          
                bssBANK1                             A0       A0       26         1

        CLASS   BANK2          

        CLASS   BANK3          

        CLASS   BANK4          

        CLASS   BANK5          

        CLASS   BANK6          

        CLASS   BANK7          

        CLASS   BANK8          

        CLASS   BANK9          

        CLASS   BANK10         

        CLASS   BANK11         

        CLASS   BANK12         

        CLASS   BIGRAM         

        CLASS   RAM            

        CLASS   ABS1           
                abs_s1                               7E       7E        2         1

        CLASS   SFR0           

        CLASS   SFR1           

        CLASS   SFR2           

        CLASS   SFR3           

        CLASS   SFR4           

        CLASS   SFR5           

        CLASS   SFR6           

        CLASS   SFR7           

        CLASS   SFR8           

        CLASS   SFR9           

        CLASS   SFR10          

        CLASS   SFR11          

        CLASS   SFR12          

        CLASS   SFR13          

        CLASS   SFR14          

        CLASS   SFR15          

        CLASS   SFR16          

        CLASS   SFR17          

        CLASS   SFR18          

        CLASS   SFR19          

        CLASS   SFR20          

        CLASS   SFR21          

        CLASS   SFR22          

        CLASS   SFR23          

        CLASS   SFR24          

        CLASS   SFR25          

        CLASS   SFR26          

        CLASS   SFR27          

        CLASS   SFR28          

        CLASS   SFR29          

        CLASS   SFR30          

        CLASS   SFR31          

        CLASS   CONFIG         
                config                             8007     8007        2         0

        CLASS   IDLOC          

        CLASS   EEDATA         

        CLASS   BANK31         

        CLASS   BANK30         

        CLASS   BANK29         

        CLASS   BANK28         

        CLASS   BANK27         

        CLASS   BANK26         

        CLASS   BANK25         

        CLASS   BANK24         

        CLASS   BANK23         

        CLASS   BANK22         

        CLASS   BANK21         

        CLASS   BANK20         

        CLASS   BANK19         

        CLASS   BANK18         

        CLASS   BANK17         

        CLASS   BANK16         

        CLASS   BANK15         

        CLASS   BANK14         

        CLASS   BANK13         



SEGMENTS        Name                           Load    Length   Top    Selector   Space  Class     Delta

                reset_vec                      000000  000004  000004         0       0  CODE        2
                text18                         000005  00000F  000014         A       0  CODE        2
                cstackBANK0                    000020  00004C  00006C        20       1  BANK0       1
                text6                          000014  00004B  00005F        28       0  CODE        2
                cstackCOMMON                   000070  00000E  00007E        70       1  COMMON      1
                bssBANK1                       0000A0  000026  0000C6        A0       1  BANK1       1
                text13                         00005F  00004E  0000AD        BE       0  CODE        2
                text2                          0000AD  00004E  0000FB       15A       0  CODE        2
                text15                         0000FB  000067  000162       1F6       0  CODE        2
                text4                          000162  0000AE  000210       2C4       0  CODE        2
                text5                          000210  000144  000354       420       0  CODE        2
                text7                          000354  00023B  00058F       6A8       0  CODE        2
                maintext                       00058F  00024F  0007DE       B1E       0  CODE        2
                cinit                          0007DE  000022  000800       FBC       0  CODE        2
                stringtext8                    000800  00003C  00083C      1000       0  STRCODE     2
                text19                         000E99  000004  000E9D      1D32       0  CODE        2
                idataBANK0                     000E9D  000004  000EA1      1D3A       0  CODE        2
                text8                          000EA1  000005  000EA6      1D42       0  CODE        2
                clrtext                        000EA6  000006  000EAC      1D4C       0  CODE        2
                text22                         000EAC  000007  000EB3      1D58       0  CODE        2
                text20                         000EB3  000007  000EBA      1D66       0  CODE        2
                text9                          000EBA  000008  000EC2      1D74       0  CODE        2
                text14                         000EC2  000009  000ECB      1D84       0  CODE        2
                text24                         000ECB  00000A  000ED5      1D96       0  CODE        2
                text23                         000ED5  00000B  000EE0      1DAA       0  CODE        2
                text16                         000EE0  00000E  000EEE      1DC0       0  CODE        2
                text21                         000EEE  000017  000F05      1DDC       0  CODE        2
                text12                         000F05  000019  000F1E      1E0A       0  CODE        2
                text17                         000F1E  00001B  000F39      1E3C       0  CODE        2
                text10                         000F39  00002C  000F65      1E72       0  CODE        2
                text3                          000F65  00002C  000F91      1ECA       0  CODE        2
                text11                         000F91  000034  000FC5      1F22       0  CODE        2
                text1                          000FC5  00003B  001000      1F8A       0  CODE        2
                stringtext9                    001000  0002F0  0012F0      2000       0  STRCODE     2
                config                         008007  000002  008009     1000E       0  CONFIG      2


UNUSED ADDRESS RANGES

        Name                Unused          Largest block    Delta
        BANK0            0006C-0006F               4           1
        BANK1            000C6-000EF              2A           1
        BANK10           00520-0056F              50           1
        BANK11           005A0-005EF              50           1
        BANK12           00620-0064F              30           1
        BANK2            00120-0016F              50           1
        BANK3            001A0-001EF              50           1
        BANK4            00220-0026F              50           1
        BANK5            002A0-002EF              50           1
        BANK6            00320-0036F              50           1
        BANK7            003A0-003EF              50           1
        BANK8            00420-0046F              50           1
        BANK9            004A0-004EF              50           1
        BIGRAM           02000-023EF             3F0           1
        CODE             00004-00004               1           2
                         0083C-00E98             65D
                         012F0-01FFF             510
        CONST            00004-00004               1           2
                         0083C-00E98             100
                         012F0-01FFF             100
        EEDATA           0F000-0F0FF             100           2
        ENTRY            00004-00004               1           2
                         0083C-00E98             100
                         012F0-01FFF             100
        IDLOC            08000-08003               4           2
        RAM              0006C-0006F               4           1
                         000C6-000EF              2A
                         00120-0016F              50
                         001A0-001EF              50
                         00220-0026F              50
                         002A0-002EF              50
                         00320-0036F              50
                         003A0-003EF              50
                         00420-0046F              50
                         004A0-004EF              50
                         00520-0056F              50
                         005A0-005EF              50
                         00620-0064F              30
        SFR0             00000-0001F              20           1
        SFR1             00080-0009F              20           1
        SFR10            00500-0051F              20           1
        SFR11            00580-0059F              20           1
        SFR12            00600-0061F              20           1
        SFR13            00680-006EF              70           1
        SFR14            00700-0076F              70           1
        SFR15            00780-007EF              70           1
        SFR16            00800-0086F              70           1
        SFR17            00880-008EF              70           1
        SFR18            00900-0096F              70           1
        SFR19            00980-009EF              70           1
        SFR2             00100-0011F              20           1
        SFR20            00A00-00A6F              70           1
        SFR21            00A80-00AEF              70           1
        SFR22            00B00-00B6F              70           1
        SFR23            00B80-00BEF              70           1
        SFR24            00C00-00C6F              70           1
        SFR25            00C80-00CEF              70           1
        SFR26            00D00-00D6F              70           1
        SFR27            00D80-00DEF              70           1
        SFR28            00E00-00E6F              70           1
        SFR29            00E80-00EEF              70           1
        SFR3             00180-0019F              20           1
        SFR30            00F00-00F6F              70           1
        SFR31            00F80-00FEF              70           1
        SFR4             00200-0021F              20           1
        SFR5             00280-0029F              20           1
        SFR6             00300-0031F              20           1
        SFR7             00380-0039F              20           1
        SFR8             00400-0041F              20           1
        SFR9             00480-0049F              20           1
        STACK            02076-023EF             37A           1
        STRCODE          00004-00004               1           2
                         0083C-00E98             65D
                         012F0-01FFF             D10
        STRING           00004-00004               1           2
                         0083C-00E98             100
                         012F0-01FFF             100

                                  Symbol Table

?___lwdiv                           cstackCOMMON 00070
?___lwmod                           cstackCOMMON 00078
?___wmul                            cstackCOMMON 00070
?_atoi                              cstackCOMMON 00076
?_printf                            cstackBANK0  00020
EUSART_Write@txData                 cstackCOMMON 00070
SPI_Exchange8bit@data               cstackCOMMON 00070
SPI_Exchange8bitBuffer@bufLen       cstackCOMMON 00071
SPI_Exchange8bitBuffer@bytesWritten cstackCOMMON 00077
SPI_Exchange8bitBuffer@dataIn       cstackCOMMON 00076
SPI_Exchange8bitBuffer@dataOut      cstackCOMMON 00072
SPI_send@bytes_written              cstackBANK0  00020
SPI_send@len                        cstackCOMMON 00078
SPI_send@rbuf                       cstackCOMMON 00079
SPI_send@sbuf                       cstackBANK0  00021
_ANSELA                             (abs)        0018C
_ANSELC                             (abs)        0018E
_APFCON0                            (abs)        0011D
_APFCON1                            (abs)        0011E
_BAUDCON                            (abs)        0019F
_BORCON                             (abs)        00116
_EUSART_Initialize                  text23       00ED5
_EUSART_Read                        text24       00ECB
_EUSART_Write                       text9        00EBA
_LATA                               (abs)        0010C
_LATAbits                           (abs)        0010C
_LATC                               (abs)        0010E
_OPTION_REGbits                     (abs)        00095
_OSCCON                             (abs)        00099
_OSCILLATOR_Initialize              text22       00EAC
_OSCTUNE                            (abs)        00098
_PIN_MANAGER_Initialize             text21       00EEE
_PIR1bits                           (abs)        00011
_RCREG                              (abs)        00199
_RCSTA                              (abs)        0019D
_RCSTAbits                          (abs)        0019D
_SPBRGH                             (abs)        0019C
_SPBRGL                             (abs)        0019B
_SPI_Exchange8bit                   text14       00EC2
_SPI_Exchange8bitBuffer             text13       0005F
_SPI_Initialize                     text20       00EB3
_SPI_send                           text12       00F05
_SSP1ADD                            (abs)        00212
_SSP1BUF                            (abs)        00211
_SSP1CON1                           (abs)        00215
_SSP1CON1bits                       (abs)        00215
_SSP1STAT                           (abs)        00214
_SSP1STATbits                       (abs)        00214
_SYSTEM_Initialize                  text18       00005
_TRISA                              (abs)        0008C
_TRISC                              (abs)        0008E
_TXREG                              (abs)        0019A
_TXSTA                              (abs)        0019E
_WDTCON                             (abs)        00097
_WDT_Initialize                     text19       00E99
_WPUA                               (abs)        0020C
_WPUC                               (abs)        0020E
__CFG_BOREN$ON                      (abs)        00000
__CFG_BORV$LO                       (abs)        00000
__CFG_CLKOUTEN$OFF                  (abs)        00000
__CFG_CP$OFF                        (abs)        00000
__CFG_CPD$OFF                       (abs)        00000
__CFG_FCMEN$ON                      (abs)        00000
__CFG_FOSC$INTOSC                   (abs)        00000
__CFG_IESO$ON                       (abs)        00000
__CFG_LVP$ON                        (abs)        00000
__CFG_MCLRE$ON                      (abs)        00000
__CFG_PLLEN$OFF                     (abs)        00000
__CFG_PWRTE$OFF                     (abs)        00000
__CFG_STVREN$ON                     (abs)        00000
__CFG_WDTE$OFF                      (abs)        00000
__CFG_WRT$OFF                       (abs)        00000
__Habs1                             abs1         00000
__Hbank0                            bank0        00000
__Hbank1                            bank1        00000
__Hbank10                           bank10       00000
__Hbank11                           bank11       00000
__Hbank12                           bank12       00000
__Hbank13                           bank13       00000
__Hbank14                           bank14       00000
__Hbank15                           bank15       00000
__Hbank16                           bank16       00000
__Hbank17                           bank17       00000
__Hbank18                           bank18       00000
__Hbank19                           bank19       00000
__Hbank2                            bank2        00000
__Hbank20                           bank20       00000
__Hbank21                           bank21       00000
__Hbank22                           bank22       00000
__Hbank23                           bank23       00000
__Hbank24                           bank24       00000
__Hbank25                           bank25       00000
__Hbank26                           bank26       00000
__Hbank27                           bank27       00000
__Hbank28                           bank28       00000
__Hbank29                           bank29       00000
__Hbank3                            bank3        00000
__Hbank30                           bank30       00000
__Hbank31                           bank31       00000
__Hbank4                            bank4        00000
__Hbank5                            bank5        00000
__Hbank6                            bank6        00000
__Hbank7                            bank7        00000
__Hbank8                            bank8        00000
__Hbank9                            bank9        00000
__Hbigram                           bigram       00000
__HbssBANK0                         bssBANK0     00000
__HbssBANK1                         bssBANK1     00000
__Hcinit                            cinit        00800
__Hclrtext                          clrtext      00000
__Hcode                             code         00000
__Hcommon                           common       00000
__Hconfig                           config       08009
__HcstackBANK0                      cstackBANK0  00000
__HcstackCOMMON                     cstackCOMMON 00000
__HdataBANK0                        dataBANK0    00000
__Heeprom_data                      eeprom_data  00000
__Hend_init                         end_init     00004
__Hfunctab                          functab      00000
__HidataBANK0                       idataBANK0   00000
__Hidloc                            idloc        00000
__Hinit                             init         00002
__Hintentry                         intentry     00002
__Hmaintext                         maintext     00000
__Hpowerup                          powerup      00000
__Hram                              ram          00000
__Hreset_vec                        reset_vec    00002
__Hsfr0                             sfr0         00000
__Hsfr1                             sfr1         00000
__Hsfr10                            sfr10        00000
__Hsfr11                            sfr11        00000
__Hsfr12                            sfr12        00000
__Hsfr13                            sfr13        00000
__Hsfr14                            sfr14        00000
__Hsfr15                            sfr15        00000
__Hsfr16                            sfr16        00000
__Hsfr17                            sfr17        00000
__Hsfr18                            sfr18        00000
__Hsfr19                            sfr19        00000
__Hsfr2                             sfr2         00000
__Hsfr20                            sfr20        00000
__Hsfr21                            sfr21        00000
__Hsfr22                            sfr22        00000
__Hsfr23                            sfr23        00000
__Hsfr24                            sfr24        00000
__Hsfr25                            sfr25        00000
__Hsfr26                            sfr26        00000
__Hsfr27                            sfr27        00000
__Hsfr28                            sfr28        00000
__Hsfr29                            sfr29        00000
__Hsfr3                             sfr3         00000
__Hsfr30                            sfr30        00000
__Hsfr31                            sfr31        00000
__Hsfr4                             sfr4         00000
__Hsfr5                             sfr5         00000
__Hsfr6                             sfr6         00000
__Hsfr7                             sfr7         00000
__Hsfr8                             sfr8         00000
__Hsfr9                             sfr9         00000
__Hspace_0                          (abs)        08009
__Hspace_1                          (abs)        000C6
__Hspace_2                          (abs)        00000
__Hspace_3                          (abs)        00000
__Hstack                            stack        00000
__Hstrings                          strings      00000
__Hstringtext1                      stringtext1  00000
__Hstringtext10                     stringtext10 00000
__Hstringtext11                     stringtext11 00000
__Hstringtext12                     stringtext12 00000
__Hstringtext13                     stringtext13 00000
__Hstringtext14                     stringtext14 00000
__Hstringtext15                     stringtext15 00000
__Hstringtext16                     stringtext16 00000
__Hstringtext17                     stringtext17 00000
__Hstringtext18                     stringtext18 00000
__Hstringtext19                     stringtext19 00000
__Hstringtext2                      stringtext2  00000
__Hstringtext20                     stringtext20 00000
__Hstringtext21                     stringtext21 00000
__Hstringtext22                     stringtext22 00000
__Hstringtext23                     stringtext23 00000
__Hstringtext24                     stringtext24 00000
__Hstringtext25                     stringtext25 00000
__Hstringtext26                     stringtext26 00000
__Hstringtext27                     stringtext27 00000
__Hstringtext28                     stringtext28 00000
__Hstringtext29                     stringtext29 00000
__Hstringtext3                      stringtext3  00000
__Hstringtext30                     stringtext30 00000
__Hstringtext31                     stringtext31 00000
__Hstringtext32                     stringtext32 00000
__Hstringtext33                     stringtext33 00000
__Hstringtext34                     stringtext34 00000
__Hstringtext35                     stringtext35 00000
__Hstringtext36                     stringtext36 00000
__Hstringtext37                     stringtext37 00000
__Hstringtext38                     stringtext38 00000
__Hstringtext39                     stringtext39 00000
__Hstringtext4                      stringtext4  00000
__Hstringtext40                     stringtext40 00000
__Hstringtext41                     stringtext41 00000
__Hstringtext42                     stringtext42 00000
__Hstringtext43                     stringtext43 00000
__Hstringtext5                      stringtext5  00000
__Hstringtext6                      stringtext6  00000
__Hstringtext7                      stringtext7  00000
__Hstringtext8                      stringtext8  00000
__Hstringtext9                      stringtext9  00000
__Htext                             text         00000
__Labs1                             abs1         00000
__Lbank0                            bank0        00000
__Lbank1                            bank1        00000
__Lbank10                           bank10       00000
__Lbank11                           bank11       00000
__Lbank12                           bank12       00000
__Lbank13                           bank13       00000
__Lbank14                           bank14       00000
__Lbank15                           bank15       00000
__Lbank16                           bank16       00000
__Lbank17                           bank17       00000
__Lbank18                           bank18       00000
__Lbank19                           bank19       00000
__Lbank2                            bank2        00000
__Lbank20                           bank20       00000
__Lbank21                           bank21       00000
__Lbank22                           bank22       00000
__Lbank23                           bank23       00000
__Lbank24                           bank24       00000
__Lbank25                           bank25       00000
__Lbank26                           bank26       00000
__Lbank27                           bank27       00000
__Lbank28                           bank28       00000
__Lbank29                           bank29       00000
__Lbank3                            bank3        00000
__Lbank30                           bank30       00000
__Lbank31                           bank31       00000
__Lbank4                            bank4        00000
__Lbank5                            bank5        00000
__Lbank6                            bank6        00000
__Lbank7                            bank7        00000
__Lbank8                            bank8        00000
__Lbank9                            bank9        00000
__Lbigram                           bigram       00000
__LbssBANK0                         bssBANK0     00000
__LbssBANK1                         bssBANK1     00000
__Lcinit                            cinit        007DE
__Lclrtext                          clrtext      00000
__Lcode                             code         00000
__Lcommon                           common       00000
__Lconfig                           config       08007
__LcstackBANK0                      cstackBANK0  00000
__LcstackCOMMON                     cstackCOMMON 00000
__LdataBANK0                        dataBANK0    00000
__Leeprom_data                      eeprom_data  00000
__Lend_init                         end_init     00002
__Lfunctab                          functab      00000
__LidataBANK0                       idataBANK0   00000
__Lidloc                            idloc        00000
__Linit                             init         00002
__Lintentry                         intentry     00002
__Lmaintext                         maintext     00000
__Lpowerup                          powerup      00000
__Lram                              ram          00000
__Lreset_vec                        reset_vec    00000
__Lsfr0                             sfr0         00000
__Lsfr1                             sfr1         00000
__Lsfr10                            sfr10        00000
__Lsfr11                            sfr11        00000
__Lsfr12                            sfr12        00000
__Lsfr13                            sfr13        00000
__Lsfr14                            sfr14        00000
__Lsfr15                            sfr15        00000
__Lsfr16                            sfr16        00000
__Lsfr17                            sfr17        00000
__Lsfr18                            sfr18        00000
__Lsfr19                            sfr19        00000
__Lsfr2                             sfr2         00000
__Lsfr20                            sfr20        00000
__Lsfr21                            sfr21        00000
__Lsfr22                            sfr22        00000
__Lsfr23                            sfr23        00000
__Lsfr24                            sfr24        00000
__Lsfr25                            sfr25        00000
__Lsfr26                            sfr26        00000
__Lsfr27                            sfr27        00000
__Lsfr28                            sfr28        00000
__Lsfr29                            sfr29        00000
__Lsfr3                             sfr3         00000
__Lsfr30                            sfr30        00000
__Lsfr31                            sfr31        00000
__Lsfr4                             sfr4         00000
__Lsfr5                             sfr5         00000
__Lsfr6                             sfr6         00000
__Lsfr7                             sfr7         00000
__Lsfr8                             sfr8         00000
__Lsfr9                             sfr9         00000
__Lspace_0                          (abs)        00000
__Lspace_1                          (abs)        00000
__Lspace_2                          (abs)        00000
__Lspace_3                          (abs)        00000
__Lstack                            stack        00000
__Lstrings                          strings      00000
__Lstringtext1                      stringtext1  00000
__Lstringtext10                     stringtext10 00000
__Lstringtext11                     stringtext11 00000
__Lstringtext12                     stringtext12 00000
__Lstringtext13                     stringtext13 00000
__Lstringtext14                     stringtext14 00000
__Lstringtext15                     stringtext15 00000
__Lstringtext16                     stringtext16 00000
__Lstringtext17                     stringtext17 00000
__Lstringtext18                     stringtext18 00000
__Lstringtext19                     stringtext19 00000
__Lstringtext2                      stringtext2  00000
__Lstringtext20                     stringtext20 00000
__Lstringtext21                     stringtext21 00000
__Lstringtext22                     stringtext22 00000
__Lstringtext23                     stringtext23 00000
__Lstringtext24                     stringtext24 00000
__Lstringtext25                     stringtext25 00000
__Lstringtext26                     stringtext26 00000
__Lstringtext27                     stringtext27 00000
__Lstringtext28                     stringtext28 00000
__Lstringtext29                     stringtext29 00000
__Lstringtext3                      stringtext3  00000
__Lstringtext30                     stringtext30 00000
__Lstringtext31                     stringtext31 00000
__Lstringtext32                     stringtext32 00000
__Lstringtext33                     stringtext33 00000
__Lstringtext34                     stringtext34 00000
__Lstringtext35                     stringtext35 00000
__Lstringtext36                     stringtext36 00000
__Lstringtext37                     stringtext37 00000
__Lstringtext38                     stringtext38 00000
__Lstringtext39                     stringtext39 00000
__Lstringtext4                      stringtext4  00000
__Lstringtext40                     stringtext40 00000
__Lstringtext41                     stringtext41 00000
__Lstringtext42                     stringtext42 00000
__Lstringtext43                     stringtext43 00000
__Lstringtext5                      stringtext5  00000
__Lstringtext6                      stringtext6  00000
__Lstringtext7                      stringtext7  00000
__Lstringtext8                      stringtext8  00000
__Lstringtext9                      stringtext9  00000
__Ltext                             text         00000
__S0                                (abs)        08009
__S1                                (abs)        000C6
__S2                                (abs)        00000
__S3                                (abs)        00000
___int_sp                           stack        00000
___latbits                          (abs)        00002
___lwdiv                            text11       00F91
___lwdiv@counter                    cstackCOMMON 00077
___lwdiv@dividend                   cstackCOMMON 00072
___lwdiv@divisor                    cstackCOMMON 00070
___lwdiv@quotient                   cstackCOMMON 00075
___lwmod                            text10       00F39
___lwmod@counter                    cstackCOMMON 0007D
___lwmod@dividend                   cstackCOMMON 0007A
___lwmod@divisor                    cstackCOMMON 00078
___sp                               stack        00000
___wmul                             text17       00F1E
___wmul@multiplicand                cstackCOMMON 00072
___wmul@multiplier                  cstackCOMMON 00070
___wmul@product                     cstackCOMMON 00074
__end_of_EUSART_Initialize          text23       00EE0
__end_of_EUSART_Read                text24       00ED5
__end_of_EUSART_Write               text9        00EC2
__end_of_OSCILLATOR_Initialize      text22       00EB3
__end_of_PIN_MANAGER_Initialize     text21       00F05
__end_of_SPI_Exchange8bit           text14       00ECB
__end_of_SPI_Exchange8bitBuffer     text13       000AD
__end_of_SPI_Initialize             text20       00EBA
__end_of_SPI_send                   text12       00F1E
__end_of_SYSTEM_Initialize          text18       00014
__end_of_WDT_Initialize             text19       00E9D
__end_of___lwdiv                    text11       00FC5
__end_of___lwmod                    text10       00F65
__end_of___wmul                     text17       00F39
__end_of__initialization            cinit        007FD
__end_of_abc                        stringtext5  012E9
__end_of_atoi                       text15       00162
__end_of_can_ope_mode               text6        0005F
__end_of_can_receive                text4        00210
__end_of_can_send                   text5        00354
__end_of_can_status_check           text2        000FB
__end_of_can_txf_clear              text3        00F91
__end_of_dpowers                    stringtext1  012CE
__end_of_hexpowers                  stringtext2  012D6
__end_of_isdigit                    text16       00EEE
__end_of_main                       maintext     007DE
__end_of_max_idx                    stringtext8  00801
__end_of_nm                         stringtext6  012EE
__end_of_printf                     text7        0058F
__end_of_putch                      text8        00EA6
__end_of_rxfnsidh                   stringtext3  012E3
__end_of_rxmnsidh                   stringtext7  012F0
__end_of_set_sid                    text1        01000
__end_of_txbnsidh                   stringtext4  012E6
__initialization                    cinit        007DE
__pbssBANK0                         bssBANK0     00061
__pbssBANK1                         bssBANK1     000A0
__pcstackBANK0                      cstackBANK0  00020
__pcstackCOMMON                     cstackCOMMON 00070
__pdataBANK0                        dataBANK0    00068
__pidataBANK0                       idataBANK0   00E9D
__pmaintext                         maintext     0058F
__pstringtext1                      stringtext1  012C4
__pstringtext10                     stringtext10 01036
__pstringtext11                     stringtext11 01069
__pstringtext12                     stringtext12 01095
__pstringtext13                     stringtext13 010BF
__pstringtext14                     stringtext14 010E5
__pstringtext15                     stringtext15 010FF
__pstringtext16                     stringtext16 01118
__pstringtext17                     stringtext17 0112F
__pstringtext18                     stringtext18 01145
__pstringtext19                     stringtext19 0115B
__pstringtext2                      stringtext2  012CE
__pstringtext20                     stringtext20 01170
__pstringtext21                     stringtext21 01184
__pstringtext22                     stringtext22 01198
__pstringtext23                     stringtext23 011AB
__pstringtext24                     stringtext24 011BC
__pstringtext25                     stringtext25 011CD
__pstringtext26                     stringtext26 011DE
__pstringtext27                     stringtext27 011EF
__pstringtext28                     stringtext28 01200
__pstringtext29                     stringtext29 01211
__pstringtext3                      stringtext3  012DD
__pstringtext30                     stringtext30 01222
__pstringtext31                     stringtext31 01233
__pstringtext32                     stringtext32 01244
__pstringtext33                     stringtext33 01254
__pstringtext34                     stringtext34 01263
__pstringtext35                     stringtext35 01272
__pstringtext36                     stringtext36 01280
__pstringtext37                     stringtext37 0128E
__pstringtext38                     stringtext38 0129C
__pstringtext39                     stringtext39 012AA
__pstringtext4                      stringtext4  012E3
__pstringtext40                     stringtext40 012B7
__pstringtext41                     stringtext41 012D6
__pstringtext42                     stringtext42 012E9
__pstringtext43                     stringtext43 00000
__pstringtext5                      stringtext5  012E6
__pstringtext6                      stringtext6  012EC
__pstringtext7                      stringtext7  012EE
__pstringtext8                      stringtext8  00800
__pstringtext9                      stringtext9  01000
__ptext1                            text1        00FC5
__ptext10                           text10       00F39
__ptext11                           text11       00F91
__ptext12                           text12       00F05
__ptext13                           text13       0005F
__ptext14                           text14       00EC2
__ptext15                           text15       000FB
__ptext16                           text16       00EE0
__ptext17                           text17       00F1E
__ptext18                           text18       00005
__ptext19                           text19       00E99
__ptext2                            text2        000AD
__ptext20                           text20       00EB3
__ptext21                           text21       00EEE
__ptext22                           text22       00EAC
__ptext23                           text23       00ED5
__ptext24                           text24       00ECB
__ptext3                            text3        00F65
__ptext4                            text4        00162
__ptext5                            text5        00210
__ptext6                            text6        00014
__ptext7                            text7        00354
__ptext8                            text8        00EA1
__ptext9                            text9        00EBA
__size_of_EUSART_Initialize         (abs)        00000
__size_of_EUSART_Read               (abs)        00000
__size_of_EUSART_Write              (abs)        00000
__size_of_OSCILLATOR_Initialize     (abs)        00000
__size_of_PIN_MANAGER_Initialize    (abs)        00000
__size_of_SPI_Exchange8bit          (abs)        00000
__size_of_SPI_Exchange8bitBuffer    (abs)        00000
__size_of_SPI_Initialize            (abs)        00000
__size_of_SPI_send                  (abs)        00000
__size_of_SYSTEM_Initialize         (abs)        00000
__size_of_WDT_Initialize            (abs)        00000
__size_of___lwdiv                   (abs)        00000
__size_of___lwmod                   (abs)        00000
__size_of___wmul                    (abs)        00000
__size_of_atoi                      (abs)        00000
__size_of_can_ope_mode              (abs)        00000
__size_of_can_receive               (abs)        00000
__size_of_can_send                  (abs)        00000
__size_of_can_status_check          (abs)        00000
__size_of_can_txf_clear             (abs)        00000
__size_of_isdigit                   (abs)        00000
__size_of_main                      (abs)        00000
__size_of_printf                    (abs)        00000
__size_of_putch                     (abs)        00000
__size_of_set_sid                   (abs)        00000
_abc                                stringtext5  012E6
_atoi                               text15       000FB
_buf                                bssBANK1     000BD
_c                                  bssBANK0     00067
_can_ope_mode                       text6        00014
_can_receive                        text4        00162
_can_send                           text5        00210
_can_status_check                   text2        000AD
_can_txf_clear                      text3        00F65
_debug                              bssBANK0     00065
_dpowers                            stringtext1  012C4
_hexpowers                          stringtext2  012CE
_idx                                bssBANK0     00066
_isdigit                            text16       00EE0
_isdigit$649                        cstackCOMMON 00070
_main                               maintext     0058F
_main$399                           cstackBANK0  00050
_main$400                           cstackBANK0  00052
_max_idx                            stringtext8  00800
_nm                                 stringtext6  012EC
_ope_mode                           bssBANK0     00063
_printf                             text7        00354
_putch                              text8        00EA1
_rx_buf                             bssBANK1     000A0
_rxfnsidh                           stringtext3  012DD
_rxmnsidh                           stringtext7  012EE
_set_sid                            text1        00FC5
_sid                                bssBANK0     00061
_tx_buf                             bssBANK1     000AF
_txbnsidh                           stringtext4  012E3
_verbose                            bssBANK0     00064
atoi@a                              cstackCOMMON 0007B
atoi@s                              cstackCOMMON 0007D
atoi@sign                           cstackCOMMON 0007A
btemp                               (abs)        0007E
can_ope_mode@bytes_written          cstackBANK0  0003D
can_ope_mode@can_ctrl_buf           cstackBANK0  0003E
can_ope_mode@ope_mode               cstackBANK0  0003C
can_receive@bytes_read              cstackBANK0  0003D
can_receive@dlc                     cstackBANK0  0003E
can_receive@n                       cstackBANK0  00040
can_receive@rx_buf_ptr              cstackBANK0  0003F
can_send@F2953                      dataBANK0    0006A
can_send@buf                        cstackBANK0  0003E
can_send@bytes_written              cstackBANK0  00042
can_send@can_status_buf             cstackBANK0  0003F
can_send@debug_buf                  cstackBANK0  00045
can_send@dlc                        cstackBANK0  00039
can_send@i                          cstackBANK0  00048
can_send@len                        cstackBANK0  00041
can_send@n                          cstackBANK0  00049
can_send@status                     cstackBANK0  00043
can_send@txb_ctrl_buf               cstackBANK0  00044
can_status_check@F2962              dataBANK0    00068
can_status_check@bytes_written      cstackBANK0  00044
can_status_check@can_status_buf     cstackBANK0  00045
can_status_check@status             cstackBANK0  00047
can_txf_clear@bytes_written         cstackBANK0  00027
can_txf_clear@can_int_flag          cstackBANK0  00028
can_txf_clear@mask                  cstackBANK0  00026
can_txf_clear@n                     cstackBANK0  00025
clear_ram0                          clrtext      00EA6
end_of_initialization               cinit        007FD
intlevel0                           functab      00000
intlevel1                           functab      00000
intlevel2                           functab      00000
intlevel3                           functab      00000
intlevel4                           functab      00000
intlevel5                           functab      00000
isdigit@c                           cstackCOMMON 00071
main@cmd                            cstackBANK0  0005F
main@mask                           cstackBANK0  00057
main@mask_buf                       cstackBANK0  0005B
main@mask_sidh                      cstackBANK0  00059
main@mask_sidl                      cstackBANK0  0005A
main@n                              cstackBANK0  00060
main@rc                             cstackBANK0  00055
main@rc_418                         cstackBANK0  00056
main@sid                            cstackBANK0  00054
printf@ap                           cstackBANK0  00032
printf@c                            cstackBANK0  00038
printf@cp                           cstackBANK0  0002E
printf@f                            cstackBANK0  00020
printf@flag                         cstackBANK0  00035
printf@idx                          cstackBANK0  0002C
printf@len                          cstackBANK0  00030
printf@prec                         cstackBANK0  0002D
printf@val                          cstackBANK0  00033
printf@width                        cstackBANK0  00036
putch@txData                        cstackCOMMON 00071
reset_vec                           reset_vec    00000
set_sid@can_node                    cstackBANK0  00039
set_sid@sidh                        cstackBANK0  0003F
set_sid@sidl                        cstackBANK0  00040
stackhi                             (abs)        023EF
stacklo                             (abs)        02076
start                               init         00002
start_initialization                cinit        007DE
wtemp0                              (abs)        0007E


FUNCTION INFORMATION:

 *************** function _main *****************
 Defined at:
		line 233 in file "main.c"
 Parameters:    Size  Location     Type
		None
 Auto vars:     Size  Location     Type
  rc              1   53[BANK0 ] unsigned char 
  mask_buf        4   59[BANK0 ] unsigned char [4]
  mask            2   55[BANK0 ] unsigned int 
  n               1   64[BANK0 ] unsigned char 
  cmd             1   63[BANK0 ] unsigned char 
  mask_sidl       1   58[BANK0 ] unsigned char 
  mask_sidh       1   57[BANK0 ] unsigned char 
  sid             1   52[BANK0 ] unsigned char 
  rc              1   54[BANK0 ] unsigned char 
 Return value:  Size  Location     Type
                  1    wreg      void 
 Registers used:
		wreg, fsr0l, fsr0h, fsr1l, fsr1h, status,2, status,0, pclath, cstack
 Tracked objects:
		On entry : 
		On exit  : 
		Unchanged: 
 Data sizes:     COMMON   BANK0   BANK1   BANK2   BANK3   BANK4   BANK5   BANK6   BANK7   BANK8   BANK9  BANK10  BANK11  BANK12
      Params:         0       0       0       0       0       0       0       0       0       0       0       0       0       0
      Locals:         0      17       0       0       0       0       0       0       0       0       0       0       0       0
      Temps:          0       6       0       0       0       0       0       0       0       0       0       0       0       0
      Totals:         0      23       0       0       0       0       0       0       0       0       0       0       0       0
Total ram usage:       23 bytes
 Hardware stack levels required when called:    5
 This function calls:
		_EUSART_Read
		_SPI_send
		_SYSTEM_Initialize
		_atoi
		_can_ope_mode
		_can_send
		_can_status_check
		_printf
		_set_sid
 This function is called by:
		Startup code after reset
 This function uses a non-reentrant model


 *************** function _set_sid *****************
 Defined at:
		line 45 in file "main.c"
 Parameters:    Size  Location     Type
  can_node        2   25[BANK0 ] unsigned int 
 Auto vars:     Size  Location     Type
  sidl            1   32[BANK0 ] unsigned char 
  sidh            1   31[BANK0 ] unsigned char 
 Return value:  Size  Location     Type
                  1    wreg      void 
 Registers used:
		wreg, fsr0l, fsr0h, fsr1l, fsr1h, status,2, status,0, pclath, cstack
 Tracked objects:
		On entry : 
		On exit  : 
		Unchanged: 
 Data sizes:     COMMON   BANK0   BANK1   BANK2   BANK3   BANK4   BANK5   BANK6   BANK7   BANK8   BANK9  BANK10  BANK11  BANK12
      Params:         0       2       0       0       0       0       0       0       0       0       0       0       0       0
      Locals:         0       2       0       0       0       0       0       0       0       0       0       0       0       0
      Temps:          0       4       0       0       0       0       0       0       0       0       0       0       0       0
      Totals:         0       8       0       0       0       0       0       0       0       0       0       0       0       0
Total ram usage:        8 bytes
 Hardware stack levels used:    1
 Hardware stack levels required when called:    3
 This function calls:
		_printf
 This function is called by:
		_main
 This function uses a non-reentrant model


 *************** function _can_status_check *****************
 Defined at:
		line 210 in file "main.c"
 Parameters:    Size  Location     Type
		None
 Auto vars:     Size  Location     Type
  can_status_b    2   37[BANK0 ] unsigned char [2]
  status          1   39[BANK0 ] unsigned char 
  bytes_writte    1   36[BANK0 ] unsigned char 
 Return value:  Size  Location     Type
                  1    wreg      void 
 Registers used:
		wreg, fsr0l, fsr0h, fsr1l, fsr1h, status,2, status,0, pclath, cstack
 Tracked objects:
		On entry : 
		On exit  : 
		Unchanged: 
 Data sizes:     COMMON   BANK0   BANK1   BANK2   BANK3   BANK4   BANK5   BANK6   BANK7   BANK8   BANK9  BANK10  BANK11  BANK12
      Params:         0       0       0       0       0       0       0       0       0       0       0       0       0       0
      Locals:         0       4       0       0       0       0       0       0       0       0       0       0       0       0
      Temps:          0       3       0       0       0       0       0       0       0       0       0       0       0       0
      Totals:         0       7       0       0       0       0       0       0       0       0       0       0       0       0
Total ram usage:        7 bytes
 Hardware stack levels used:    1
 Hardware stack levels required when called:    4
 This function calls:
		_SPI_send
		_can_receive
		_can_txf_clear
		_printf
 This function is called by:
		_main
 This function uses a non-reentrant model


 *************** function _can_txf_clear *****************
 Defined at:
		line 83 in file "main.c"
 Parameters:    Size  Location     Type
  n               1    wreg     unsigned char 
 Auto vars:     Size  Location     Type
  n               1    5[BANK0 ] unsigned char 
  can_int_flag    4    8[BANK0 ] unsigned char [4]
  bytes_writte    1    7[BANK0 ] unsigned char 
  mask            1    6[BANK0 ] unsigned char 
 Return value:  Size  Location     Type
                  1    wreg      unsigned char 
 Registers used:
		wreg, fsr1l, fsr1h, status,2, status,0, pclath, cstack
 Tracked objects:
		On entry : 
		On exit  : 
		Unchanged: 
 Data sizes:     COMMON   BANK0   BANK1   BANK2   BANK3   BANK4   BANK5   BANK6   BANK7   BANK8   BANK9  BANK10  BANK11  BANK12
      Params:         0       0       0       0       0       0       0       0       0       0       0       0       0       0
      Locals:         0       7       0       0       0       0       0       0       0       0       0       0       0       0
      Temps:          0       3       0       0       0       0       0       0       0       0       0       0       0       0
      Totals:         0      10       0       0       0       0       0       0       0       0       0       0       0       0
Total ram usage:       10 bytes
 Hardware stack levels used:    1
 Hardware stack levels required when called:    3
 This function calls:
		_SPI_send
 This function is called by:
		_can_status_check
 This function uses a non-reentrant model


 *************** function _can_receive *****************
 Defined at:
		line 101 in file "main.c"
 Parameters:    Size  Location     Type
  n               1    wreg     unsigned char 
 Auto vars:     Size  Location     Type
  n               1   32[BANK0 ] unsigned char 
  rx_buf_ptr      1   31[BANK0 ] PTR unsigned char 
		 -> rx_buf(15), 
  dlc             1   30[BANK0 ] unsigned char 
  bytes_read      1   29[BANK0 ] unsigned char 
 Return value:  Size  Location     Type
                  1    wreg      void 
 Registers used:
		wreg, fsr0l, fsr0h, fsr1l, fsr1h, status,2, status,0, pclath, cstack
 Tracked objects:
		On entry : 
		On exit  : 
		Unchanged: 
 Data sizes:     COMMON   BANK0   BANK1   BANK2   BANK3   BANK4   BANK5   BANK6   BANK7   BANK8   BANK9  BANK10  BANK11  BANK12
      Params:         0       0       0       0       0       0       0       0       0       0       0       0       0       0
      Locals:         0       4       0       0       0       0       0       0       0       0       0       0       0       0
      Temps:          0       4       0       0       0       0       0       0       0       0       0       0       0       0
      Totals:         0       8       0       0       0       0       0       0       0       0       0       0       0       0
Total ram usage:        8 bytes
 Hardware stack levels used:    1
 Hardware stack levels required when called:    3
 This function calls:
		_SPI_send
		_printf
 This function is called by:
		_can_status_check
 This function uses a non-reentrant model


 *************** function _can_send *****************
 Defined at:
		line 139 in file "main.c"
 Parameters:    Size  Location     Type
  buf             1    wreg     PTR unsigned char 
		 -> buf(9), 
  dlc             1   25[BANK0 ] unsigned char 
 Auto vars:     Size  Location     Type
  buf             1   30[BANK0 ] PTR unsigned char 
		 -> buf(9), 
  txb_ctrl_buf    1   36[BANK0 ] unsigned char [1]
  debug_buf       3   37[BANK0 ] unsigned char [3]
  can_status_b    2   31[BANK0 ] unsigned char [2]
  n               1   41[BANK0 ] unsigned char 
  i               1   40[BANK0 ] unsigned char 
  status          1   35[BANK0 ] unsigned char 
  bytes_writte    1   34[BANK0 ] unsigned char 
  len             1   33[BANK0 ] unsigned char 
 Return value:  Size  Location     Type
                  1    wreg      unsigned char 
 Registers used:
		wreg, fsr0l, fsr0h, fsr1l, fsr1h, status,2, status,0, pclath, cstack
 Tracked objects:
		On entry : 
		On exit  : 
		Unchanged: 
 Data sizes:     COMMON   BANK0   BANK1   BANK2   BANK3   BANK4   BANK5   BANK6   BANK7   BANK8   BANK9  BANK10  BANK11  BANK12
      Params:         0       1       0       0       0       0       0       0       0       0       0       0       0       0
      Locals:         0      12       0       0       0       0       0       0       0       0       0       0       0       0
      Temps:          0       4       0       0       0       0       0       0       0       0       0       0       0       0
      Totals:         0      17       0       0       0       0       0       0       0       0       0       0       0       0
Total ram usage:       17 bytes
 Hardware stack levels used:    1
 Hardware stack levels required when called:    3
 This function calls:
		_SPI_send
		_printf
 This function is called by:
		_main
 This function uses a non-reentrant model


 *************** function _can_ope_mode *****************
 Defined at:
		line 63 in file "main.c"
 Parameters:    Size  Location     Type
  ope_mode        1    wreg     unsigned char 
 Auto vars:     Size  Location     Type
  ope_mode        1   28[BANK0 ] unsigned char 
  can_ctrl_buf    3   30[BANK0 ] unsigned char [3]
  bytes_writte    1   29[BANK0 ] unsigned char 
 Return value:  Size  Location     Type
                  1    wreg      unsigned char 
 Registers used:
		wreg, fsr0l, fsr0h, fsr1l, fsr1h, status,2, status,0, pclath, cstack
 Tracked objects:
		On entry : 
		On exit  : 
		Unchanged: 
 Data sizes:     COMMON   BANK0   BANK1   BANK2   BANK3   BANK4   BANK5   BANK6   BANK7   BANK8   BANK9  BANK10  BANK11  BANK12
      Params:         0       0       0       0       0       0       0       0       0       0       0       0       0       0
      Locals:         0       5       0       0       0       0       0       0       0       0       0       0       0       0
      Temps:          0       3       0       0       0       0       0       0       0       0       0       0       0       0
      Totals:         0       8       0       0       0       0       0       0       0       0       0       0       0       0
Total ram usage:        8 bytes
 Hardware stack levels used:    1
 Hardware stack levels required when called:    3
 This function calls:
		_SPI_send
		_printf
 This function is called by:
		_main
 This function uses a non-reentrant model


 *************** function _printf *****************
 Defined at:
		line 464 in file "C:\Program Files (x86)\Microchip\xc8\v1.45\sources\common\doprnt.c"
 Parameters:    Size  Location     Type
  f               2    0[BANK0 ] PTR const unsigned char 
		 -> STR_36(25), STR_35(19), STR_34(24), STR_33(18), 
		 -> STR_32(22), STR_31(44), STR_30(26), STR_29(42), 
		 -> STR_28(38), STR_27(54), STR_26(59), STR_25(51), 
		 -> STR_24(14), STR_23(17), STR_22(17), STR_21(17), 
		 -> STR_20(17), STR_19(23), STR_18(21), STR_17(3), 
		 -> STR_16(13), STR_15(13), STR_14(17), STR_13(17), 
		 -> STR_12(20), STR_11(14), STR_10(14), STR_9(14), 
		 -> STR_8(4), STR_7(22), STR_6(15), STR_5(16), 
		 -> STR_4(17), STR_3(17), STR_2(15), STR_1(20), 
 Auto vars:     Size  Location     Type
  idx             1   12[BANK0 ] unsigned char 
  tmpval          4    0        struct .
  width           2   22[BANK0 ] int 
  val             2   19[BANK0 ] unsigned int 
  len             2   16[BANK0 ] unsigned int 
  cp              2   14[BANK0 ] PTR const unsigned char 
		 -> STR_37(7), printf@c(1), buf(9), rx_buf(15), 
  c               1   24[BANK0 ] char 
  flag            1   21[BANK0 ] unsigned char 
  ap              1   18[BANK0 ] PTR void [1]
		 -> ?_printf(2), 
  prec            1   13[BANK0 ] char 
 Return value:  Size  Location     Type
                  2    0[BANK0 ] int 
 Registers used:
		wreg, fsr0l, fsr0h, fsr1l, fsr1h, status,2, status,0, pclath, cstack
 Tracked objects:
		On entry : 
		On exit  : 
		Unchanged: 
 Data sizes:     COMMON   BANK0   BANK1   BANK2   BANK3   BANK4   BANK5   BANK6   BANK7   BANK8   BANK9  BANK10  BANK11  BANK12
      Params:         0       8       0       0       0       0       0       0       0       0       0       0       0       0
      Locals:         0      13       0       0       0       0       0       0       0       0       0       0       0       0
      Temps:          0       4       0       0       0       0       0       0       0       0       0       0       0       0
      Totals:         0      25       0       0       0       0       0       0       0       0       0       0       0       0
Total ram usage:       25 bytes
 Hardware stack levels used:    1
 Hardware stack levels required when called:    2
 This function calls:
		___lwdiv
		___lwmod
		___wmul
		_isdigit
		_putch
 This function is called by:
		_set_sid
		_can_ope_mode
		_can_receive
		_can_send
		_can_status_check
		_main
 This function uses a non-reentrant model


 *************** function _putch *****************
 Defined at:
		line 107 in file "mcc_generated_files/eusart.c"
 Parameters:    Size  Location     Type
  txData          1    wreg     unsigned char 
 Auto vars:     Size  Location     Type
  txData          1    1[COMMON] unsigned char 
 Return value:  Size  Location     Type
                  1    wreg      void 
 Registers used:
		wreg, status,2, status,0, pclath, cstack
 Tracked objects:
		On entry : 
		On exit  : 
		Unchanged: 
 Data sizes:     COMMON   BANK0   BANK1   BANK2   BANK3   BANK4   BANK5   BANK6   BANK7   BANK8   BANK9  BANK10  BANK11  BANK12
      Params:         0       0       0       0       0       0       0       0       0       0       0       0       0       0
      Locals:         1       0       0       0       0       0       0       0       0       0       0       0       0       0
      Temps:          0       0       0       0       0       0       0       0       0       0       0       0       0       0
      Totals:         1       0       0       0       0       0       0       0       0       0       0       0       0       0
Total ram usage:        1 bytes
 Hardware stack levels used:    1
 Hardware stack levels required when called:    1
 This function calls:
		_EUSART_Write
 This function is called by:
		_printf
 This function uses a non-reentrant model


 *************** function _EUSART_Write *****************
 Defined at:
		line 93 in file "mcc_generated_files/eusart.c"
 Parameters:    Size  Location     Type
  txData          1    wreg     unsigned char 
 Auto vars:     Size  Location     Type
  txData          1    0[COMMON] unsigned char 
 Return value:  Size  Location     Type
                  1    wreg      void 
 Registers used:
		wreg
 Tracked objects:
		On entry : 
		On exit  : 
		Unchanged: 
 Data sizes:     COMMON   BANK0   BANK1   BANK2   BANK3   BANK4   BANK5   BANK6   BANK7   BANK8   BANK9  BANK10  BANK11  BANK12
      Params:         0       0       0       0       0       0       0       0       0       0       0       0       0       0
      Locals:         1       0       0       0       0       0       0       0       0       0       0       0       0       0
      Temps:          0       0       0       0       0       0       0       0       0       0       0       0       0       0
      Totals:         1       0       0       0       0       0       0       0       0       0       0       0       0       0
Total ram usage:        1 bytes
 Hardware stack levels used:    1
 This function calls:
		Nothing
 This function is called by:
		_putch
 This function uses a non-reentrant model


 *************** function ___lwmod *****************
 Defined at:
		line 6 in file "C:\Program Files (x86)\Microchip\xc8\v1.45\sources\common\lwmod.c"
 Parameters:    Size  Location     Type
  divisor         2    8[COMMON] unsigned int 
  dividend        2   10[COMMON] unsigned int 
 Auto vars:     Size  Location     Type
  counter         1   13[COMMON] unsigned char 
 Return value:  Size  Location     Type
                  2    8[COMMON] unsigned int 
 Registers used:
		wreg, status,2, status,0
 Tracked objects:
		On entry : 
		On exit  : 
		Unchanged: 
 Data sizes:     COMMON   BANK0   BANK1   BANK2   BANK3   BANK4   BANK5   BANK6   BANK7   BANK8   BANK9  BANK10  BANK11  BANK12
      Params:         4       0       0       0       0       0       0       0       0       0       0       0       0       0
      Locals:         1       0       0       0       0       0       0       0       0       0       0       0       0       0
      Temps:          1       0       0       0       0       0       0       0       0       0       0       0       0       0
      Totals:         6       0       0       0       0       0       0       0       0       0       0       0       0       0
Total ram usage:        6 bytes
 Hardware stack levels used:    1
 This function calls:
		Nothing
 This function is called by:
		_printf
 This function uses a non-reentrant model


 *************** function ___lwdiv *****************
 Defined at:
		line 6 in file "C:\Program Files (x86)\Microchip\xc8\v1.45\sources\common\lwdiv.c"
 Parameters:    Size  Location     Type
  divisor         2    0[COMMON] unsigned int 
  dividend        2    2[COMMON] unsigned int 
 Auto vars:     Size  Location     Type
  quotient        2    5[COMMON] unsigned int 
  counter         1    7[COMMON] unsigned char 
 Return value:  Size  Location     Type
                  2    0[COMMON] unsigned int 
 Registers used:
		wreg, status,2, status,0
 Tracked objects:
		On entry : 
		On exit  : 
		Unchanged: 
 Data sizes:     COMMON   BANK0   BANK1   BANK2   BANK3   BANK4   BANK5   BANK6   BANK7   BANK8   BANK9  BANK10  BANK11  BANK12
      Params:         4       0       0       0       0       0       0       0       0       0       0       0       0       0
      Locals:         3       0       0       0       0       0       0       0       0       0       0       0       0       0
      Temps:          1       0       0       0       0       0       0       0       0       0       0       0       0       0
      Totals:         8       0       0       0       0       0       0       0       0       0       0       0       0       0
Total ram usage:        8 bytes
 Hardware stack levels used:    1
 This function calls:
		Nothing
 This function is called by:
		_printf
 This function uses a non-reentrant model


 *************** function _SPI_send *****************
 Defined at:
		line 53 in file "main.c"
 Parameters:    Size  Location     Type
  sbuf            1    wreg     PTR unsigned char 
		 -> main@mask_buf(4), can_status_check@can_status_buf(2), can_send@txb_ctrl_buf(1), can_send@debug_buf(3), 
		 -> tx_buf(14), can_send@can_status_buf(2), rx_buf(15), can_txf_clear@can_int_flag(4), 
		 -> can_ope_mode@can_ctrl_buf(3), 
[...]
Total ram usage:        7 bytes
 Hardware stack levels used:    1
 Hardware stack levels required when called:    2
 This function calls:
		_SPI_Exchange8bitBuffer
 This function is called by:
		_can_ope_mode
		_can_txf_clear
		_can_receive
		_can_send
		_can_status_check
		_main
 This function uses a non-reentrant model


 *************** function _SPI_Exchange8bitBuffer *****************
 Defined at:
		line 91 in file "mcc_generated_files/spi.c"
 Parameters:    Size  Location     Type
  dataIn          1    wreg     PTR unsigned char 
		 -> main@mask_buf(4), can_status_check@can_status_buf(2), can_send@txb_ctrl_buf(1), can_send@debug_buf(3), 
		 -> tx_buf(14), can_send@can_status_buf(2), rx_buf(15), can_txf_clear@can_int_flag(4), 
		 -> can_ope_mode@can_ctrl_buf(3), 
  bufLen          1    1[COMMON] unsigned char 
  dataOut         1    2[COMMON] PTR unsigned char 
		 -> main@mask_buf(4), can_status_check@can_status_buf(2), can_send@txb_ctrl_buf(1), can_send@debug_buf(3), 
		 -> tx_buf(14), can_send@can_status_buf(2), rx_buf(15), can_txf_clear@can_int_flag(4), 
		 -> can_ope_mode@can_ctrl_buf(3), 
 Auto vars:     Size  Location     Type
  dataIn          1    6[COMMON] PTR unsigned char 
		 -> main@mask_buf(4), can_status_check@can_status_buf(2), can_send@txb_ctrl_buf(1), can_send@debug_buf(3), 
		 -> tx_buf(14), can_send@can_status_buf(2), rx_buf(15), can_txf_clear@can_int_flag(4), 
		 -> can_ope_mode@can_ctrl_buf(3), 
  bytesWritten    1    7[COMMON] unsigned char 
 Return value:  Size  Location     Type
                  1    wreg      unsigned char 
 Registers used:
		wreg, fsr1l, fsr1h, status,2, status,0, pclath, cstack
 Tracked objects:
		On entry : 
		On exit  : 
		Unchanged: 
 Data sizes:     COMMON   BANK0   BANK1   BANK2   BANK3   BANK4   BANK5   BANK6   BANK7   BANK8   BANK9  BANK10  BANK11  BANK12
      Params:         2       0       0       0       0       0       0       0       0       0       0       0       0       0
      Locals:         2       0       0       0       0       0       0       0       0       0       0       0       0       0
      Temps:          3       0       0       0       0       0       0       0       0       0       0       0       0       0
      Totals:         7       0       0       0       0       0       0       0       0       0       0       0       0       0
Total ram usage:        7 bytes
 Hardware stack levels used:    1
 Hardware stack levels required when called:    1
 This function calls:
		_SPI_Exchange8bit
 This function is called by:
		_SPI_send
 This function uses a non-reentrant model


 *************** function _SPI_Exchange8bit *****************
 Defined at:
		line 77 in file "mcc_generated_files/spi.c"
 Parameters:    Size  Location     Type
  data            1    wreg     unsigned char 
 Auto vars:     Size  Location     Type
  data            1    0[COMMON] unsigned char 
 Return value:  Size  Location     Type
                  1    wreg      unsigned char 
 Registers used:
		wreg
 Tracked objects:
		On entry : 
		On exit  : 
		Unchanged: 
 Data sizes:     COMMON   BANK0   BANK1   BANK2   BANK3   BANK4   BANK5   BANK6   BANK7   BANK8   BANK9  BANK10  BANK11  BANK12
      Params:         0       0       0       0       0       0       0       0       0       0       0       0       0       0
      Locals:         1       0       0       0       0       0       0       0       0       0       0       0       0       0
      Temps:          0       0       0       0       0       0       0       0       0       0       0       0       0       0
      Totals:         1       0       0       0       0       0       0       0       0       0       0       0       0       0
Total ram usage:        1 bytes
 Hardware stack levels used:    1
 This function calls:
		Nothing
 This function is called by:
		_SPI_Exchange8bitBuffer
 This function uses a non-reentrant model


 *************** function _atoi *****************
 Defined at:
		line 5 in file "C:\Program Files (x86)\Microchip\xc8\v1.45\sources\common\atoi.c"
 Parameters:    Size  Location     Type
  s               1    wreg     PTR const unsigned char 
		 -> buf(9), 
 Auto vars:     Size  Location     Type
  s               1   13[COMMON] PTR const unsigned char 
		 -> buf(9), 
  a               2   11[COMMON] int 
  sign            1   10[COMMON] unsigned char 
 Return value:  Size  Location     Type
                  2    6[COMMON] int 
 Registers used:
		wreg, fsr1l, fsr1h, status,2, status,0, pclath, cstack
 Tracked objects:
		On entry : 
		On exit  : 
		Unchanged: 
 Data sizes:     COMMON   BANK0   BANK1   BANK2   BANK3   BANK4   BANK5   BANK6   BANK7   BANK8   BANK9  BANK10  BANK11  BANK12
      Params:         2       0       0       0       0       0       0       0       0       0       0       0       0       0
      Locals:         4       0       0       0       0       0       0       0       0       0       0       0       0       0
      Temps:          2       0       0       0       0       0       0       0       0       0       0       0       0       0
      Totals:         8       0       0       0       0       0       0       0       0       0       0       0       0       0
Total ram usage:        8 bytes
 Hardware stack levels used:    1
 Hardware stack levels required when called:    1
 This function calls:
		___wmul
		_isdigit
 This function is called by:
		_main
 This function uses a non-reentrant model


 *************** function _isdigit *****************
 Defined at:
		line 8 in file "C:\Program Files (x86)\Microchip\xc8\v1.45\sources\common\isdigit.c"
 Parameters:    Size  Location     Type
  c               1    wreg     unsigned char 
 Auto vars:     Size  Location     Type
  c               1    1[COMMON] unsigned char 
 Return value:  Size  Location     Type
		None               void
 Registers used:
		wreg, status,2, status,0
 Tracked objects:
		On entry : 
		On exit  : 
		Unchanged: 
 Data sizes:     COMMON   BANK0   BANK1   BANK2   BANK3   BANK4   BANK5   BANK6   BANK7   BANK8   BANK9  BANK10  BANK11  BANK12
      Params:         0       0       0       0       0       0       0       0       0       0       0       0       0       0
      Locals:         2       0       0       0       0       0       0       0       0       0       0       0       0       0
      Temps:          0       0       0       0       0       0       0       0       0       0       0       0       0       0
      Totals:         2       0       0       0       0       0       0       0       0       0       0       0       0       0
Total ram usage:        2 bytes
 Hardware stack levels used:    1
 This function calls:
		Nothing
 This function is called by:
		_printf
		_atoi
 This function uses a non-reentrant model


 *************** function ___wmul *****************
 Defined at:
		line 15 in file "C:\Program Files (x86)\Microchip\xc8\v1.45\sources\common\Umul16.c"
 Parameters:    Size  Location     Type
  multiplier      2    0[COMMON] unsigned int 
  multiplicand    2    2[COMMON] unsigned int 
 Auto vars:     Size  Location     Type
  product         2    4[COMMON] unsigned int 
 Return value:  Size  Location     Type
                  2    0[COMMON] unsigned int 
 Registers used:
		wreg, status,2, status,0
 Tracked objects:
		On entry : 
		On exit  : 
		Unchanged: 
 Data sizes:     COMMON   BANK0   BANK1   BANK2   BANK3   BANK4   BANK5   BANK6   BANK7   BANK8   BANK9  BANK10  BANK11  BANK12
      Params:         4       0       0       0       0       0       0       0       0       0       0       0       0       0
      Locals:         2       0       0       0       0       0       0       0       0       0       0       0       0       0
      Temps:          0       0       0       0       0       0       0       0       0       0       0       0       0       0
      Totals:         6       0       0       0       0       0       0       0       0       0       0       0       0       0
Total ram usage:        6 bytes
 Hardware stack levels used:    1
 This function calls:
		Nothing
 This function is called by:
		_printf
		_atoi
 This function uses a non-reentrant model


 *************** function _SYSTEM_Initialize *****************
 Defined at:
		line 70 in file "mcc_generated_files/mcc.c"
 Parameters:    Size  Location     Type
		None
 Auto vars:     Size  Location     Type
		None
 Return value:  Size  Location     Type
                  1    wreg      void 
 Registers used:
		wreg, status,2, status,0, pclath, cstack
 Tracked objects:
		On entry : 
		On exit  : 
		Unchanged: 
 Data sizes:     COMMON   BANK0   BANK1   BANK2   BANK3   BANK4   BANK5   BANK6   BANK7   BANK8   BANK9  BANK10  BANK11  BANK12
      Params:         0       0       0       0       0       0       0       0       0       0       0       0       0       0
      Locals:         0       0       0       0       0       0       0       0       0       0       0       0       0       0
      Temps:          0       0       0       0       0       0       0       0       0       0       0       0       0       0
      Totals:         0       0       0       0       0       0       0       0       0       0       0       0       0       0
Total ram usage:        0 bytes
 Hardware stack levels used:    1
 Hardware stack levels required when called:    1
 This function calls:
		_EUSART_Initialize
		_OSCILLATOR_Initialize
		_PIN_MANAGER_Initialize
		_SPI_Initialize
		_WDT_Initialize
 This function is called by:
		_main
 This function uses a non-reentrant model


 *************** function _WDT_Initialize *****************
 Defined at:
		line 90 in file "mcc_generated_files/mcc.c"
 Parameters:    Size  Location     Type
		None
 Auto vars:     Size  Location     Type
		None
 Return value:  Size  Location     Type
                  1    wreg      void 
 Registers used:
		wreg
 Tracked objects:
		On entry : 
		On exit  : 
		Unchanged: 
 Data sizes:     COMMON   BANK0   BANK1   BANK2   BANK3   BANK4   BANK5   BANK6   BANK7   BANK8   BANK9  BANK10  BANK11  BANK12
      Params:         0       0       0       0       0       0       0       0       0       0       0       0       0       0
      Locals:         0       0       0       0       0       0       0       0       0       0       0       0       0       0
      Temps:          0       0       0       0       0       0       0       0       0       0       0       0       0       0
      Totals:         0       0       0       0       0       0       0       0       0       0       0       0       0       0
Total ram usage:        0 bytes
 Hardware stack levels used:    1
 This function calls:
		Nothing
 This function is called by:
		_SYSTEM_Initialize
 This function uses a non-reentrant model


 *************** function _SPI_Initialize *****************
 Defined at:
		line 63 in file "mcc_generated_files/spi.c"
 Parameters:    Size  Location     Type
		None
 Auto vars:     Size  Location     Type
		None
 Return value:  Size  Location     Type
                  1    wreg      void 
 Registers used:
		wreg, status,2
 Tracked objects:
		On entry : 
		On exit  : 
		Unchanged: 
 Data sizes:     COMMON   BANK0   BANK1   BANK2   BANK3   BANK4   BANK5   BANK6   BANK7   BANK8   BANK9  BANK10  BANK11  BANK12
      Params:         0       0       0       0       0       0       0       0       0       0       0       0       0       0
      Locals:         0       0       0       0       0       0       0       0       0       0       0       0       0       0
      Temps:          0       0       0       0       0       0       0       0       0       0       0       0       0       0
      Totals:         0       0       0       0       0       0       0       0       0       0       0       0       0       0
Total ram usage:        0 bytes
 Hardware stack levels used:    1
 This function calls:
		Nothing
 This function is called by:
		_SYSTEM_Initialize
 This function uses a non-reentrant model


 *************** function _PIN_MANAGER_Initialize *****************
 Defined at:
		line 52 in file "mcc_generated_files/pin_manager.c"
 Parameters:    Size  Location     Type
		None
 Auto vars:     Size  Location     Type
		None
 Return value:  Size  Location     Type
                  1    wreg      void 
 Registers used:
		wreg, status,2
 Tracked objects:
		On entry : 
		On exit  : 
		Unchanged: 
 Data sizes:     COMMON   BANK0   BANK1   BANK2   BANK3   BANK4   BANK5   BANK6   BANK7   BANK8   BANK9  BANK10  BANK11  BANK12
      Params:         0       0       0       0       0       0       0       0       0       0       0       0       0       0
      Locals:         0       0       0       0       0       0       0       0       0       0       0       0       0       0
      Temps:          0       0       0       0       0       0       0       0       0       0       0       0       0       0
      Totals:         0       0       0       0       0       0       0       0       0       0       0       0       0       0
Total ram usage:        0 bytes
 Hardware stack levels used:    1
 This function calls:
		Nothing
 This function is called by:
		_SYSTEM_Initialize
 This function uses a non-reentrant model


 *************** function _OSCILLATOR_Initialize *****************
 Defined at:
		line 80 in file "mcc_generated_files/mcc.c"
 Parameters:    Size  Location     Type
		None
 Auto vars:     Size  Location     Type
		None
 Return value:  Size  Location     Type
                  1    wreg      void 
 Registers used:
		wreg, status,2
 Tracked objects:
		On entry : 
		On exit  : 
		Unchanged: 
 Data sizes:     COMMON   BANK0   BANK1   BANK2   BANK3   BANK4   BANK5   BANK6   BANK7   BANK8   BANK9  BANK10  BANK11  BANK12
      Params:         0       0       0       0       0       0       0       0       0       0       0       0       0       0
      Locals:         0       0       0       0       0       0       0       0       0       0       0       0       0       0
      Temps:          0       0       0       0       0       0       0       0       0       0       0       0       0       0
      Totals:         0       0       0       0       0       0       0       0       0       0       0       0       0       0
Total ram usage:        0 bytes
 Hardware stack levels used:    1
 This function calls:
		Nothing
 This function is called by:
		_SYSTEM_Initialize
 This function uses a non-reentrant model


 *************** function _EUSART_Initialize *****************
 Defined at:
		line 53 in file "mcc_generated_files/eusart.c"
 Parameters:    Size  Location     Type
		None
 Auto vars:     Size  Location     Type
		None
 Return value:  Size  Location     Type
                  1    wreg      void 
 Registers used:
		wreg, status,2
 Tracked objects:
		On entry : 
		On exit  : 
		Unchanged: 
 Data sizes:     COMMON   BANK0   BANK1   BANK2   BANK3   BANK4   BANK5   BANK6   BANK7   BANK8   BANK9  BANK10  BANK11  BANK12
      Params:         0       0       0       0       0       0       0       0       0       0       0       0       0       0
      Locals:         0       0       0       0       0       0       0       0       0       0       0       0       0       0
      Temps:          0       0       0       0       0       0       0       0       0       0       0       0       0       0
      Totals:         0       0       0       0       0       0       0       0       0       0       0       0       0       0
Total ram usage:        0 bytes
 Hardware stack levels used:    1
 This function calls:
		Nothing
 This function is called by:
		_SYSTEM_Initialize
 This function uses a non-reentrant model


 *************** function _EUSART_Read *****************
 Defined at:
		line 75 in file "mcc_generated_files/eusart.c"
 Parameters:    Size  Location     Type
		None
 Auto vars:     Size  Location     Type
		None
 Return value:  Size  Location     Type
                  1    wreg      unsigned char 
 Registers used:
		wreg
 Tracked objects:
		On entry : 
		On exit  : 
		Unchanged: 
 Data sizes:     COMMON   BANK0   BANK1   BANK2   BANK3   BANK4   BANK5   BANK6   BANK7   BANK8   BANK9  BANK10  BANK11  BANK12
      Params:         0       0       0       0       0       0       0       0       0       0       0       0       0       0
      Locals:         0       0       0       0       0       0       0       0       0       0       0       0       0       0
      Temps:          0       0       0       0       0       0       0       0       0       0       0       0       0       0
      Totals:         0       0       0       0       0       0       0       0       0       0       0       0       0       0
Total ram usage:        0 bytes
 Hardware stack levels used:    1
 This function calls:
		Nothing
 This function is called by:
		_main
		_getch
 This function uses a non-reentrant model



MODULE INFORMATION

Module		Function		Class		Link	Load	Size
C:\Program Files (x86)\Microchip\xc8\v1.45\sources\common\doprnt.c
		_printf        		CODE           	0354	0000	572

C:\Program Files (x86)\Microchip\xc8\v1.45\sources\common\doprnt.c estimated size: 572

C:\Program Files (x86)\Microchip\xc8\v1.45\sources\common\Umul16.c
		___wmul        		CODE           	0F1E	0000	28

C:\Program Files (x86)\Microchip\xc8\v1.45\sources\common\Umul16.c estimated size: 28

mcc_generated_files/pin_manager.c
		_PIN_MANAGER_Initialize		CODE           	0EEE	0000	24

mcc_generated_files/pin_manager.c estimated size: 24

C:\Program Files (x86)\Microchip\xc8\v1.45\sources\common\isdigit.c
		_isdigit       		CODE           	0EE0	0000	15

C:\Program Files (x86)\Microchip\xc8\v1.45\sources\common\isdigit.c estimated size: 15

C:\Program Files (x86)\Microchip\xc8\v1.45\sources\common\lwmod.c
		___lwmod       		CODE           	0F39	0000	45

C:\Program Files (x86)\Microchip\xc8\v1.45\sources\common\lwmod.c estimated size: 45

mcc_generated_files/spi.c
		_SPI_Exchange8bitBuffer		CODE           	005F	0000	79
		_SPI_Exchange8bit		CODE           	0EC2	0000	10
		_SPI_Initialize		CODE           	0EB3	0000	8

mcc_generated_files/spi.c estimated size: 97

C:\Program Files (x86)\Microchip\xc8\v1.45\sources\common\atoi.c
		_atoi          		CODE           	00FB	0000	104

C:\Program Files (x86)\Microchip\xc8\v1.45\sources\common\atoi.c estimated size: 104

shared
		_dpowers       		STRCODE        	12C4	0000	11
		_txbnsidh      		STRCODE        	12E3	0000	4
		_rxfnsidh      		STRCODE        	12DD	0000	7
		_abc           		STRCODE        	12E6	0000	4
		__initialization		CODE           	07DE	0000	32
		_nm            		STRCODE        	12EC	0000	3
		_hexpowers     		STRCODE        	12CE	0000	9
		_max_idx       		STRCODE        	0800	0000	2
		_rxmnsidh      		STRCODE        	12EE	0000	3

shared estimated size: 75

mcc_generated_files/mcc.c
		_WDT_Initialize		CODE           	0E99	0000	5
		_OSCILLATOR_Initialize		CODE           	0EAC	0000	8
		_SYSTEM_Initialize		CODE           	0005	0000	16

mcc_generated_files/mcc.c estimated size: 29

C:\Program Files (x86)\Microchip\xc8\v1.45\sources\common\lwdiv.c
		___lwdiv       		CODE           	0F91	0000	53

C:\Program Files (x86)\Microchip\xc8\v1.45\sources\common\lwdiv.c estimated size: 53

mcc_generated_files/eusart.c
		_putch         		CODE           	0EA1	0000	6
		_EUSART_Read   		CODE           	0ECB	0000	11
		_EUSART_Write  		CODE           	0EBA	0000	9
		_EUSART_Initialize		CODE           	0ED5	0000	12

mcc_generated_files/eusart.c estimated size: 38

main.c
		_SPI_send      		CODE           	0F05	0000	26
		_can_ope_mode  		CODE           	0014	0000	76
		_main          		CODE           	058F	0000	592
		_can_send      		CODE           	0210	0000	325
		_set_sid       		CODE           	0FC5	0000	60
		_can_receive   		CODE           	0162	0000	175
		_can_status_check		CODE           	00AD	0000	79
		_can_txf_clear 		CODE           	0F65	0000	45

main.c estimated size: 1378

