Microchip MPLAB XC8 Compiler V1.45 ()

Linker command line:

-W-3 --edf=C:\Program Files (x86)\Microchip\xc8\v1.45\dat\en_msgs.txt -cs \
  -h+dist/default/production\uart2can.X.production.sym \
  --cmf=dist/default/production\uart2can.X.production.cmf -z -Q16F1825 \
  -oC:\Users\shiny\AppData\Local\Temp\secs.2 \
  -Mdist/default/production/uart2can.X.production.map -E1 -ver=XC8 \
  -ASTACK=02095h-023efh -pstack=STACK -ACODE=00h-07FFhx4 \
  -ASTRCODE=00h-01FFFh -ASTRING=00h-0FFhx32 -ACONST=00h-0FFhx32 \
  -AENTRY=00h-0FFhx32 -ACOMMON=070h-07Fh -ABANK0=020h-06Fh \
  -ABANK1=0A0h-0EFh -ABANK2=0120h-016Fh -ABANK3=01A0h-01EFh \
  -ABANK4=0220h-026Fh -ABANK5=02A0h-02EFh -ABANK6=0320h-036Fh \
  -ABANK7=03A0h-03EFh -ABANK8=0420h-046Fh -ABANK9=04A0h-04EFh \
  -ABANK10=0520h-056Fh -ABANK11=05A0h-05EFh -ABANK12=0620h-064Fh \
  -ABIGRAM=02000h-023EFh \
  -ARAM=020h-06Fh,0A0h-0EFh,0120h-016Fh,01A0h-01EFh,0220h-026Fh,02A0h-02EFh,0320h-036Fh,03A0h-03EFh,0420h-046Fh,04A0h-04EFh,0520h-056Fh,05A0h-05EFh,0620h-064Fh \
  -AABS1=020h-07Fh,0A0h-0EFh,0120h-016Fh,01A0h-01EFh,0220h-026Fh,02A0h-02EFh,0320h-036Fh,03A0h-03EFh,0420h-046Fh,04A0h-04EFh,0520h-056Fh,05A0h-05EFh,0620h-064Fh \
  -ASFR0=00h-01Fh -ASFR1=080h-09Fh -ASFR2=0100h-011Fh -ASFR3=0180h-019Fh \
  -ASFR4=0200h-021Fh -ASFR5=0280h-029Fh -ASFR6=0300h-031Fh \
  -ASFR7=0380h-039Fh -ASFR8=0400h-041Fh -ASFR9=0480h-049Fh \
  -ASFR10=0500h-051Fh -ASFR11=0580h-059Fh -ASFR12=0600h-061Fh \
  -ASFR13=0680h-06EFh -ASFR14=0700h-076Fh -ASFR15=0780h-07EFh \
  -ASFR16=0800h-086Fh -ASFR17=0880h-08EFh -ASFR18=0900h-096Fh \
  -ASFR19=0980h-09EFh -ASFR20=0A00h-0A6Fh -ASFR21=0A80h-0AEFh \
  -ASFR22=0B00h-0B6Fh -ASFR23=0B80h-0BEFh -ASFR24=0C00h-0C6Fh \
  -ASFR25=0C80h-0CEFh -ASFR26=0D00h-0D6Fh -ASFR27=0D80h-0DEFh \
  -ASFR28=0E00h-0E6Fh -ASFR29=0E80h-0EEFh -ASFR30=0F00h-0F6Fh \
  -ASFR31=0F80h-0FEFh -preset_vec=00h,intentry,init,end_init -ppowerup=CODE \
  -pcinit=CODE -pfunctab=ENTRY -ACONFIG=08007h-08008h -pconfig=CONFIG \
  -DCONFIG=2 -AIDLOC=08000h-08003h -pidloc=IDLOC -DIDLOC=2 \
  -AEEDATA=00h-0FFh/0F000h -peeprom_data=EEDATA -DEEDATA=2 -DCODE=2 \
  -DSTRCODE=2 -DSTRING=2 -DCONST=2 -DENTRY=2 -k \
  C:\Users\shiny\AppData\Local\Temp\secs.obj \
  dist/default/production\uart2can.X.production.obj 

Object code version is 3.11

Machine type is 16F1825



                Name                               Link     Load   Length Selector   Space Scale
C:\Users\shiny\AppData\Local\Temp\secs.obj
                end_init                              2        2        2        0       0
                reset_vec                             0        0        2        0       0
                config                             8007     8007        2    1000E       0
dist/default/production\uart2can.X.production.obj
                cinit                               7F0      7F0       10      FE0       0
                text39                              9C9      9C9        C     1392       0
                text38                              A61      A61       1D     14C2       0
                text37                              9A9      9A9        A     1352       0
                text36                              9B3      9B3        B     1366       0
                text35                              992      992        7     1324       0
                text34                              A16      A16       17     142C       0
                text33                              999      999        7     1332       0
                text32                              983      983        4     1306       0
                text31                              9E3      9E3        F     13C6       0
                text30                              A46      A46       1B     148C       0
                text29                              9D5      9D5        E     13AA       0
                text28                              D21      D21       67     1A42       0
                text27                              9A0      9A0        9     1340       0
                text26                              BC8      BC8       4E     1790       0
                text25                              A01      A01       15     1402       0
                text24                              AA2      AA2       26     1544       0
                text23                                C        C       34       18       0
                text22                              AEE      AEE       2C     15DC       0
                text21                                4        4        8        0       0
                text20                              987      987        5     130E       0
                text19                              5A5      5A5      24B      B4A       0
                text18                              C6C      C6C       57     18D8       0
                text17                              9F2      9F2        F     13E4       0
                text16                              B48      B48       33     1690       0
                text15                               40       40       CC       80       0
                text14                              A2D      A2D       19     145A       0
                text13                              10C      10C      110      218       0
                text12                              A7E      A7E       24     14FC       0
                text11                              D88      D88       8B     1B10       0
                text10                              9BE      9BE        B     137C       0
                text9                               EA6      EA6       A5     1D4C       0
                text8                               E13      E13       93     1C26       0
                text7                               F4B      F4B       B5     1E96       0
                text6                               B1A      B1A       2E     1634       0
                text5                               C16      C16       56     182C       0
                text4                               AC8      AC8       26     1590       0
                text3                               B7B      B7B       4D     16F6       0
                text2                               21C      21C      14D      438       0
                text1                               CC3      CC3       5E     1986       0
                maintext                            369      369      23C      6D2       0
                cstackBANK0                          20       20       4B       20       1
                cstackCOMMON                         70       70        E       70       1
                cstackBANK1                          C4       C4       20       A0       1
                clrtext                             98C      98C        6     1318       0
                bssBANK1                             A0       A0       24       A0       1
                bssBANK0                             6B       6B        5       20       1
                stringtext61                       14E9     14E9        3     2000       0
                stringtext60                       14DE     14DE        5     2000       0
                stringtext59                       14D9     14D9        5     2000       0
                stringtext58                       14D3     14D3        6     2000       0
                stringtext57                       14CD     14CD        6     2000       0
                stringtext56                       14C0     14C0        7     2000       0
                stringtext55                       14B9     14B9        7     2000       0
                stringtext54                       14B1     14B1        8     2000       0
                stringtext53                       1493     1493        C     2000       0
                stringtext52                       1487     1487        C     2000       0
                stringtext51                       147B     147B        C     2000       0
                stringtext50                       146E     146E        D     2000       0
                stringtext49                       1461     1461        D     2000       0
                stringtext48                       1453     1453        E     2000       0
                stringtext47                       1445     1445        E     2000       0
                stringtext46                       1437     1437        E     2000       0
                stringtext45                       1428     1428        F     2000       0
                stringtext44                       1419     1419        F     2000       0
                stringtext43                       140A     140A        F     2000       0
                stringtext42                       13FA     13FA       10     2000       0
                stringtext41                       13EA     13EA       10     2000       0
                stringtext40                       13DA     13DA       10     2000       0
                stringtext39                       13CA     13CA       10     2000       0
                stringtext38                       13BA     13BA       10     2000       0
                stringtext37                       13AA     13AA       10     2000       0
                stringtext36                       1399     1399       11     2000       0
                stringtext35                       1388     1388       11     2000       0
                stringtext34                       1377     1377       11     2000       0
                stringtext33                       1366     1366       11     2000       0
                stringtext32                       1355     1355       11     2000       0
                stringtext31                       1344     1344       11     2000       0
                stringtext30                       1332     1332       12     2000       0
                stringtext29                       131E     131E       14     2000       0
                stringtext28                       1309     1309       15     2000       0
                stringtext27                       12F4     12F4       15     2000       0
                stringtext26                       12DF     12DF       15     2000       0
                stringtext25                       12C9     12C9       16     2000       0
                stringtext24                       12B2     12B2       17     2000       0
                stringtext23                       1299     1299       19     2000       0
                stringtext22                       127F     127F       1A     2000       0
                stringtext21                       1262     1262       1D     2000       0
                stringtext20                       123E     123E       24     2000       0
                stringtext19                       1218     1218       26     2000       0
                stringtext18                       11F2     11F2       26     2000       0
                stringtext17                       11C8     11C8       2A     2000       0
                stringtext16                       119C     119C       2C     2000       0
                stringtext15                       1170     1170       2C     2000       0
                stringtext14                       1144     1144       2C     2000       0
                stringtext13                       1117     1117       2D     2000       0
                stringtext12                       10E4     10E4       33     2000       0
                stringtext11                       10AE     10AE       36     2000       0
                stringtext10                       1075     1075       39     2000       0
                stringtext9                        103B     103B       3A     2000       0
                stringtext8                        1000     1000       3B     2000       0
                nvBANK1                              E4       E4        1       A0       1
                stringtext7                        14EE     14EE        2     2000       0
                stringtext6                        14EC     14EC        2     2000       0
                stringtext5                        14E6     14E6        3     2000       0
                stringtext4                        14E3     14E3        3     2000       0
                stringtext3                        14C7     14C7        6     2000       0
                stringtext2                        14A9     14A9        8     2000       0
                stringtext1                        149F     149F        A     2000       0

TOTAL           Name                               Link     Load   Length     Space
        CLASS   STACK          

        CLASS   CODE           
                end_init                              2        2        2         0
                cinit                               7F0      7F0       10         0
                reset_vec                             0        0        2         0
                text39                              9C9      9C9        C         0
                text38                              A61      A61       1D         0
                text37                              9A9      9A9        A         0
                text36                              9B3      9B3        B         0
                text35                              992      992        7         0
                text34                              A16      A16       17         0
                text33                              999      999        7         0
                text32                              983      983        4         0
                text31                              9E3      9E3        F         0
                text30                              A46      A46       1B         0
                text29                              9D5      9D5        E         0
                text28                              D21      D21       67         0
                text27                              9A0      9A0        9         0
                text26                              BC8      BC8       4E         0
                text25                              A01      A01       15         0
                text24                              AA2      AA2       26         0
                text23                                C        C       34         0
                text22                              AEE      AEE       2C         0
                text21                                4        4        8         0
                text20                              987      987        5         0
                text19                              5A5      5A5      24B         0
                text18                              C6C      C6C       57         0
                text17                              9F2      9F2        F         0
                text16                              B48      B48       33         0
                text15                               40       40       CC         0
                text14                              A2D      A2D       19         0
                text13                              10C      10C      110         0
                text12                              A7E      A7E       24         0
                text11                              D88      D88       8B         0
                text10                              9BE      9BE        B         0
                text9                               EA6      EA6       A5         0
                text8                               E13      E13       93         0
                text7                               F4B      F4B       B5         0
                text6                               B1A      B1A       2E         0
                text5                               C16      C16       56         0
                text4                               AC8      AC8       26         0
                text3                               B7B      B7B       4D         0
                text2                               21C      21C      14D         0
                text1                               CC3      CC3       5E         0
                maintext                            369      369      23C         0
                clrtext                             98C      98C        6         0

        CLASS   STRCODE        
                stringtext61                       14E9     14E9        3         0
                stringtext60                       14DE     14DE        5         0
                stringtext59                       14D9     14D9        5         0
                stringtext58                       14D3     14D3        6         0
                stringtext57                       14CD     14CD        6         0
                stringtext56                       14C0     14C0        7         0
                stringtext55                       14B9     14B9        7         0
                stringtext54                       14B1     14B1        8         0
                stringtext53                       1493     1493        C         0
                stringtext52                       1487     1487        C         0
                stringtext51                       147B     147B        C         0
                stringtext50                       146E     146E        D         0
                stringtext49                       1461     1461        D         0
                stringtext48                       1453     1453        E         0
                stringtext47                       1445     1445        E         0
                stringtext46                       1437     1437        E         0
                stringtext45                       1428     1428        F         0
                stringtext44                       1419     1419        F         0
                stringtext43                       140A     140A        F         0
                stringtext42                       13FA     13FA       10         0
                stringtext41                       13EA     13EA       10         0
                stringtext40                       13DA     13DA       10         0
                stringtext39                       13CA     13CA       10         0
                stringtext38                       13BA     13BA       10         0
                stringtext37                       13AA     13AA       10         0
                stringtext36                       1399     1399       11         0
                stringtext35                       1388     1388       11         0
                stringtext34                       1377     1377       11         0
                stringtext33                       1366     1366       11         0
                stringtext32                       1355     1355       11         0
                stringtext31                       1344     1344       11         0
                stringtext30                       1332     1332       12         0
                stringtext29                       131E     131E       14         0
                stringtext28                       1309     1309       15         0
                stringtext27                       12F4     12F4       15         0
                stringtext26                       12DF     12DF       15         0
                stringtext25                       12C9     12C9       16         0
                stringtext24                       12B2     12B2       17         0
                stringtext23                       1299     1299       19         0
                stringtext22                       127F     127F       1A         0
                stringtext21                       1262     1262       1D         0
                stringtext20                       123E     123E       24         0
                stringtext19                       1218     1218       26         0
                stringtext18                       11F2     11F2       26         0
                stringtext17                       11C8     11C8       2A         0
                stringtext16                       119C     119C       2C         0
                stringtext15                       1170     1170       2C         0
                stringtext14                       1144     1144       2C         0
                stringtext13                       1117     1117       2D         0
                stringtext12                       10E4     10E4       33         0
                stringtext11                       10AE     10AE       36         0
                stringtext10                       1075     1075       39         0
                stringtext9                        103B     103B       3A         0
                stringtext8                        1000     1000       3B         0
                stringtext7                        14EE     14EE        2         0
                stringtext6                        14EC     14EC        2         0
                stringtext5                        14E6     14E6        3         0
                stringtext4                        14E3     14E3        3         0
                stringtext3                        14C7     14C7        6         0
                stringtext2                        14A9     14A9        8         0
                stringtext1                        149F     149F        A         0

        CLASS   STRING         

        CLASS   CONST          

        CLASS   ENTRY          

        CLASS   COMMON         
                cstackCOMMON                         70       70        E         1

        CLASS   BANK0          
                cstackBANK0                          20       20       4B         1
                bssBANK0                             6B       6B        5         1

        CLASS   BANK1          
                cstackBANK1                          C4       C4       20         1
                bssBANK1                             A0       A0       24         1
                nvBANK1                              E4       E4        1         1

        CLASS   BANK2          

        CLASS   BANK3          

        CLASS   BANK4          

        CLASS   BANK5          

        CLASS   BANK6          

        CLASS   BANK7          

        CLASS   BANK8          

        CLASS   BANK9          

        CLASS   BANK10         

        CLASS   BANK11         

        CLASS   BANK12         

        CLASS   BIGRAM         

        CLASS   RAM            

        CLASS   ABS1           
                abs_s1                               7E       7E        2         1

        CLASS   SFR0           

        CLASS   SFR1           

        CLASS   SFR2           

        CLASS   SFR3           

        CLASS   SFR4           

        CLASS   SFR5           

        CLASS   SFR6           

        CLASS   SFR7           

        CLASS   SFR8           

        CLASS   SFR9           

        CLASS   SFR10          

        CLASS   SFR11          

        CLASS   SFR12          

        CLASS   SFR13          

        CLASS   SFR14          

        CLASS   SFR15          

        CLASS   SFR16          

        CLASS   SFR17          

        CLASS   SFR18          

        CLASS   SFR19          

        CLASS   SFR20          

        CLASS   SFR21          

        CLASS   SFR22          

        CLASS   SFR23          

        CLASS   SFR24          

        CLASS   SFR25          

        CLASS   SFR26          

        CLASS   SFR27          

        CLASS   SFR28          

        CLASS   SFR29          

        CLASS   SFR30          

        CLASS   SFR31          

        CLASS   CONFIG         
                config                             8007     8007        2         0

        CLASS   IDLOC          

        CLASS   EEDATA         

        CLASS   BANK31         

        CLASS   BANK30         

        CLASS   BANK29         

        CLASS   BANK28         

        CLASS   BANK27         

        CLASS   BANK26         

        CLASS   BANK25         

        CLASS   BANK24         

        CLASS   BANK23         

        CLASS   BANK22         

        CLASS   BANK21         

        CLASS   BANK20         

        CLASS   BANK19         

        CLASS   BANK18         

        CLASS   BANK17         

        CLASS   BANK16         

        CLASS   BANK15         

        CLASS   BANK14         

        CLASS   BANK13         



SEGMENTS        Name                           Load    Length   Top    Selector   Space  Class     Delta

                reset_vec                      000000  00000C  00000C         0       0  CODE        2
                text23                         00000C  000034  000040        18       0  CODE        2
                cstackBANK0                    000020  000050  000070        20       1  BANK0       1
                cstackCOMMON                   000070  00000E  00007E        70       1  COMMON      1
                text15                         000040  0000CC  00010C        80       0  CODE        2
                bssBANK1                       0000A0  000045  0000E5        A0       1  BANK1       1
                text13                         00010C  000110  00021C       218       0  CODE        2
                text2                          00021C  00014D  000369       438       0  CODE        2
                maintext                       000369  00023C  0005A5       6D2       0  CODE        2
                text19                         0005A5  00024B  0007F0       B4A       0  CODE        2
                cinit                          0007F0  000010  000800       FE0       0  CODE        2
                text32                         000983  000004  000987      1306       0  CODE        2
                text20                         000987  000005  00098C      130E       0  CODE        2
                clrtext                        00098C  000006  000992      1318       0  CODE        2
                text35                         000992  000007  000999      1324       0  CODE        2
                text33                         000999  000007  0009A0      1332       0  CODE        2
                text27                         0009A0  000009  0009A9      1340       0  CODE        2
                text37                         0009A9  00000A  0009B3      1352       0  CODE        2
                text36                         0009B3  00000B  0009BE      1366       0  CODE        2
                text10                         0009BE  00000B  0009C9      137C       0  CODE        2
                text39                         0009C9  00000C  0009D5      1392       0  CODE        2
                text29                         0009D5  00000E  0009E3      13AA       0  CODE        2
                text31                         0009E3  00000F  0009F2      13C6       0  CODE        2
                text17                         0009F2  00000F  000A01      13E4       0  CODE        2
                text25                         000A01  000015  000A16      1402       0  CODE        2
                text34                         000A16  000017  000A2D      142C       0  CODE        2
                text14                         000A2D  000019  000A46      145A       0  CODE        2
                text30                         000A46  00001B  000A61      148C       0  CODE        2
                text38                         000A61  00001D  000A7E      14C2       0  CODE        2
                text12                         000A7E  000024  000AA2      14FC       0  CODE        2
                text24                         000AA2  000026  000AC8      1544       0  CODE        2
                text4                          000AC8  000026  000AEE      1590       0  CODE        2
                text22                         000AEE  00002C  000B1A      15DC       0  CODE        2
                text6                          000B1A  00002E  000B48      1634       0  CODE        2
                text16                         000B48  000033  000B7B      1690       0  CODE        2
                text3                          000B7B  00004D  000BC8      16F6       0  CODE        2
                text26                         000BC8  00004E  000C16      1790       0  CODE        2
                text5                          000C16  000056  000C6C      182C       0  CODE        2
                text18                         000C6C  000057  000CC3      18D8       0  CODE        2
                text1                          000CC3  00005E  000D21      1986       0  CODE        2
                text28                         000D21  000067  000D88      1A42       0  CODE        2
                text11                         000D88  00008B  000E13      1B10       0  CODE        2
                text8                          000E13  000093  000EA6      1C26       0  CODE        2
                text9                          000EA6  0000A5  000F4B      1D4C       0  CODE        2
                text7                          000F4B  0000B5  001000      1E96       0  CODE        2
                stringtext8                    001000  0004F0  0014F0      2000       0  STRCODE     2
                config                         008007  000002  008009     1000E       0  CONFIG      2


UNUSED ADDRESS RANGES

        Name                Unused          Largest block    Delta
        BANK1            000E5-000EF               B           1
        BANK10           00520-0056F              50           1
        BANK11           005A0-005EF              50           1
        BANK12           00620-0064F              30           1
        BANK2            00120-0016F              50           1
        BANK3            001A0-001EF              50           1
        BANK4            00220-0026F              50           1
        BANK5            002A0-002EF              50           1
        BANK6            00320-0036F              50           1
        BANK7            003A0-003EF              50           1
        BANK8            00420-0046F              50           1
        BANK9            004A0-004EF              50           1
        BIGRAM           02000-023EF             3F0           1
        CODE             00800-00982             183           2
                         014F0-01FFF             310
        CONST            00800-00982             100           2
                         014F0-01FFF             100
        EEDATA           0F000-0F0FF             100           2
        ENTRY            00800-00982             100           2
                         014F0-01FFF             100
        IDLOC            08000-08003               4           2
        RAM              000E5-000EF               B           1
                         00120-0016F              50
                         001A0-001EF              50
                         00220-0026F              50
                         002A0-002EF              50
                         00320-0036F              50
                         003A0-003EF              50
                         00420-0046F              50
                         004A0-004EF              50
                         00520-0056F              50
                         005A0-005EF              50
                         00620-0064F              30
        SFR0             00000-0001F              20           1
        SFR1             00080-0009F              20           1
        SFR10            00500-0051F              20           1
        SFR11            00580-0059F              20           1
        SFR12            00600-0061F              20           1
        SFR13            00680-006EF              70           1
        SFR14            00700-0076F              70           1
        SFR15            00780-007EF              70           1
        SFR16            00800-0086F              70           1
        SFR17            00880-008EF              70           1
        SFR18            00900-0096F              70           1
        SFR19            00980-009EF              70           1
        SFR2             00100-0011F              20           1
        SFR20            00A00-00A6F              70           1
        SFR21            00A80-00AEF              70           1
        SFR22            00B00-00B6F              70           1
        SFR23            00B80-00BEF              70           1
        SFR24            00C00-00C6F              70           1
        SFR25            00C80-00CEF              70           1
        SFR26            00D00-00D6F              70           1
        SFR27            00D80-00DEF              70           1
        SFR28            00E00-00E6F              70           1
        SFR29            00E80-00EEF              70           1
        SFR3             00180-0019F              20           1
        SFR30            00F00-00F6F              70           1
        SFR31            00F80-00FEF              70           1
        SFR4             00200-0021F              20           1
        SFR5             00280-0029F              20           1
        SFR6             00300-0031F              20           1
        SFR7             00380-0039F              20           1
        SFR8             00400-0041F              20           1
        SFR9             00480-0049F              20           1
        STACK            02095-023EF             35B           1
        STRCODE          00800-00982             183           2
                         014F0-01FFF             B10
        STRING           00800-00982             100           2
                         014F0-01FFF             100

                                  Symbol Table

?___lwdiv                                 cstackCOMMON 00070
?___lwmod                                 cstackCOMMON 00078
?___wmul                                  cstackCOMMON 00070
?_atoi                                    cstackCOMMON 00076
?_atosid                                  cstackCOMMON 00073
?_printf                                  cstackBANK0  00022
DATAEE_ReadByte@bAdd                      cstackCOMMON 00070
DATAEE_WriteByte@GIEBitValue              cstackCOMMON 00072
DATAEE_WriteByte@bAdd                     cstackCOMMON 00071
DATAEE_WriteByte@bData                    cstackCOMMON 00070
EUSART_Write@txData                       cstackCOMMON 00070
SPI_Exchange8bit@data                     cstackCOMMON 00070
SPI_Exchange8bitBuffer@bufLen             cstackCOMMON 00071
SPI_Exchange8bitBuffer@bytesWritten       cstackCOMMON 00077
SPI_Exchange8bitBuffer@dataIn             cstackCOMMON 00076
SPI_Exchange8bitBuffer@dataOut            cstackCOMMON 00072
SPI_exchange@buf                          cstackCOMMON 0007D
SPI_exchange@bytes_written                cstackCOMMON 0007C
SPI_exchange@len                          cstackCOMMON 00078
_ANSELA                                   (abs)        0018C
_ANSELC                                   (abs)        0018E
_APFCON0                                  (abs)        0011D
_APFCON1                                  (abs)        0011E
_BAUDCON                                  (abs)        0019F
_BORCON                                   (abs)        00116
_DATAEE_ReadByte                          text39       009C9
_DATAEE_WriteByte                         text38       00A61
_EEADRH                                   (abs)        00192
_EEADRL                                   (abs)        00191
_EECON1bits                               (abs)        00195
_EECON2                                   (abs)        00196
_EEDATH                                   (abs)        00194
_EEDATL                                   (abs)        00193
_EUSART_Initialize                        text36       009B3
_EUSART_Read                              text37       009A9
_EUSART_Write                             text21       00004
_INTCONbits                               (abs)        0000B
_LATA                                     (abs)        0010C
_LATAbits                                 (abs)        0010C
_LATC                                     (abs)        0010E
_LATCbits                                 (abs)        0010E
_OPTION_REGbits                           (abs)        00095
_OSCCON                                   (abs)        00099
_OSCILLATOR_Initialize                    text35       00992
_OSCTUNE                                  (abs)        00098
_PIN_MANAGER_Initialize                   text34       00A16
_PIR1bits                                 (abs)        00011
_RCREG                                    (abs)        00199
_RCSTA                                    (abs)        0019D
_RCSTAbits                                (abs)        0019D
_SPBRGH                                   (abs)        0019C
_SPBRGL                                   (abs)        0019B
_SPI_Exchange8bit                         text27       009A0
_SPI_Exchange8bitBuffer                   text26       00BC8
_SPI_Initialize                           text33       00999
_SPI_exchange                             text25       00A01
_SSP1ADD                                  (abs)        00212
_SSP1BUF                                  (abs)        00211
_SSP1CON1                                 (abs)        00215
_SSP1CON1bits                             (abs)        00215
_SSP1STAT                                 (abs)        00214
_SSP1STATbits                             (abs)        00214
_SYSTEM_Initialize                        text31       009E3
_TRISA                                    (abs)        0008C
_TRISC                                    (abs)        0008E
_TXREG                                    (abs)        0019A
_TXSTA                                    (abs)        0019E
_WDTCON                                   (abs)        00097
_WDT_Initialize                           text32       00983
_WPUA                                     (abs)        0020C
_WPUC                                     (abs)        0020E
__CFG_BOREN$ON                            (abs)        00000
__CFG_BORV$LO                             (abs)        00000
__CFG_CLKOUTEN$OFF                        (abs)        00000
__CFG_CP$OFF                              (abs)        00000
__CFG_CPD$OFF                             (abs)        00000
__CFG_FCMEN$ON                            (abs)        00000
__CFG_FOSC$INTOSC                         (abs)        00000
__CFG_IESO$ON                             (abs)        00000
__CFG_LVP$ON                              (abs)        00000
__CFG_MCLRE$ON                            (abs)        00000
__CFG_PLLEN$OFF                           (abs)        00000
__CFG_PWRTE$OFF                           (abs)        00000
__CFG_STVREN$ON                           (abs)        00000
__CFG_WDTE$OFF                            (abs)        00000
__CFG_WRT$OFF                             (abs)        00000
__Habs1                                   abs1         00000
__Hbank0                                  bank0        00000
__Hbank1                                  bank1        00000
__Hbank10                                 bank10       00000
__Hbank11                                 bank11       00000
__Hbank12                                 bank12       00000
__Hbank13                                 bank13       00000
__Hbank14                                 bank14       00000
__Hbank15                                 bank15       00000
__Hbank16                                 bank16       00000
__Hbank17                                 bank17       00000
__Hbank18                                 bank18       00000
__Hbank19                                 bank19       00000
__Hbank2                                  bank2        00000
__Hbank20                                 bank20       00000
__Hbank21                                 bank21       00000
__Hbank22                                 bank22       00000
__Hbank23                                 bank23       00000
__Hbank24                                 bank24       00000
__Hbank25                                 bank25       00000
__Hbank26                                 bank26       00000
__Hbank27                                 bank27       00000
__Hbank28                                 bank28       00000
__Hbank29                                 bank29       00000
__Hbank3                                  bank3        00000
__Hbank30                                 bank30       00000
__Hbank31                                 bank31       00000
__Hbank4                                  bank4        00000
__Hbank5                                  bank5        00000
__Hbank6                                  bank6        00000
__Hbank7                                  bank7        00000
__Hbank8                                  bank8        00000
__Hbank9                                  bank9        00000
__Hbigram                                 bigram       00000
__HbssBANK0                               bssBANK0     00000
__HbssBANK1                               bssBANK1     00000
__Hcinit                                  cinit        00800
__Hclrtext                                clrtext      00000
__Hcode                                   code         00000
__Hcommon                                 common       00000
__Hconfig                                 config       08009
__HcstackBANK0                            cstackBANK0  00000
__HcstackBANK1                            cstackBANK1  00000
__HcstackCOMMON                           cstackCOMMON 00000
__Heeprom_data                            eeprom_data  00000
__Hend_init                               end_init     00004
__Hfunctab                                functab      00000
__Hidloc                                  idloc        00000
__Hinit                                   init         00002
__Hintentry                               intentry     00002
__Hmaintext                               maintext     00000
__HnvBANK1                                nvBANK1      00000
__Hpowerup                                powerup      00000
__Hram                                    ram          00000
__Hreset_vec                              reset_vec    00002
__Hsfr0                                   sfr0         00000
__Hsfr1                                   sfr1         00000
__Hsfr10                                  sfr10        00000
__Hsfr11                                  sfr11        00000
__Hsfr12                                  sfr12        00000
__Hsfr13                                  sfr13        00000
__Hsfr14                                  sfr14        00000
__Hsfr15                                  sfr15        00000
__Hsfr16                                  sfr16        00000
__Hsfr17                                  sfr17        00000
__Hsfr18                                  sfr18        00000
__Hsfr19                                  sfr19        00000
__Hsfr2                                   sfr2         00000
__Hsfr20                                  sfr20        00000
__Hsfr21                                  sfr21        00000
__Hsfr22                                  sfr22        00000
__Hsfr23                                  sfr23        00000
__Hsfr24                                  sfr24        00000
__Hsfr25                                  sfr25        00000
__Hsfr26                                  sfr26        00000
__Hsfr27                                  sfr27        00000
__Hsfr28                                  sfr28        00000
__Hsfr29                                  sfr29        00000
__Hsfr3                                   sfr3         00000
__Hsfr30                                  sfr30        00000
__Hsfr31                                  sfr31        00000
__Hsfr4                                   sfr4         00000
__Hsfr5                                   sfr5         00000
__Hsfr6                                   sfr6         00000
__Hsfr7                                   sfr7         00000
__Hsfr8                                   sfr8         00000
__Hsfr9                                   sfr9         00000
__Hspace_0                                (abs)        08009
__Hspace_1                                (abs)        000E5
__Hspace_2                                (abs)        00000
__Hspace_3                                (abs)        00000
__Hstack                                  stack        00000
__Hstrings                                strings      00000
__Hstringtext1                            stringtext1  00000
__Hstringtext10                           stringtext10 00000
__Hstringtext11                           stringtext11 00000
__Hstringtext12                           stringtext12 00000
__Hstringtext13                           stringtext13 00000
__Hstringtext14                           stringtext14 00000
__Hstringtext15                           stringtext15 00000
__Hstringtext16                           stringtext16 00000
__Hstringtext17                           stringtext17 00000
__Hstringtext18                           stringtext18 00000
__Hstringtext19                           stringtext19 00000
__Hstringtext2                            stringtext2  00000
__Hstringtext20                           stringtext20 00000
__Hstringtext21                           stringtext21 00000
__Hstringtext22                           stringtext22 00000
__Hstringtext23                           stringtext23 00000
__Hstringtext24                           stringtext24 00000
__Hstringtext25                           stringtext25 00000
__Hstringtext26                           stringtext26 00000
__Hstringtext27                           stringtext27 00000
__Hstringtext28                           stringtext28 00000
__Hstringtext29                           stringtext29 00000
__Hstringtext3                            stringtext3  00000
__Hstringtext30                           stringtext30 00000
__Hstringtext31                           stringtext31 00000
__Hstringtext32                           stringtext32 00000
__Hstringtext33                           stringtext33 00000
__Hstringtext34                           stringtext34 00000
__Hstringtext35                           stringtext35 00000
__Hstringtext36                           stringtext36 00000
__Hstringtext37                           stringtext37 00000
__Hstringtext38                           stringtext38 00000
__Hstringtext39                           stringtext39 00000
__Hstringtext4                            stringtext4  00000
__Hstringtext40                           stringtext40 00000
__Hstringtext41                           stringtext41 00000
__Hstringtext42                           stringtext42 00000
__Hstringtext43                           stringtext43 00000
__Hstringtext44                           stringtext44 00000
__Hstringtext45                           stringtext45 00000
__Hstringtext46                           stringtext46 00000
__Hstringtext47                           stringtext47 00000
__Hstringtext48                           stringtext48 00000
__Hstringtext49                           stringtext49 00000
__Hstringtext5                            stringtext5  00000
__Hstringtext50                           stringtext50 00000
__Hstringtext51                           stringtext51 00000
__Hstringtext52                           stringtext52 00000
__Hstringtext53                           stringtext53 00000
__Hstringtext54                           stringtext54 00000
__Hstringtext55                           stringtext55 00000
__Hstringtext56                           stringtext56 00000
__Hstringtext57                           stringtext57 00000
__Hstringtext58                           stringtext58 00000
__Hstringtext59                           stringtext59 00000
__Hstringtext6                            stringtext6  00000
__Hstringtext60                           stringtext60 00000
__Hstringtext61                           stringtext61 00000
__Hstringtext62                           stringtext62 00000
__Hstringtext7                            stringtext7  00000
__Hstringtext8                            stringtext8  00000
__Hstringtext9                            stringtext9  00000
__Htext                                   text         00000
__Labs1                                   abs1         00000
__Lbank0                                  bank0        00000
__Lbank1                                  bank1        00000
__Lbank10                                 bank10       00000
__Lbank11                                 bank11       00000
__Lbank12                                 bank12       00000
__Lbank13                                 bank13       00000
__Lbank14                                 bank14       00000
__Lbank15                                 bank15       00000
__Lbank16                                 bank16       00000
__Lbank17                                 bank17       00000
__Lbank18                                 bank18       00000
__Lbank19                                 bank19       00000
__Lbank2                                  bank2        00000
__Lbank20                                 bank20       00000
__Lbank21                                 bank21       00000
__Lbank22                                 bank22       00000
__Lbank23                                 bank23       00000
__Lbank24                                 bank24       00000
__Lbank25                                 bank25       00000
__Lbank26                                 bank26       00000
__Lbank27                                 bank27       00000
__Lbank28                                 bank28       00000
__Lbank29                                 bank29       00000
__Lbank3                                  bank3        00000
__Lbank30                                 bank30       00000
__Lbank31                                 bank31       00000
__Lbank4                                  bank4        00000
__Lbank5                                  bank5        00000
__Lbank6                                  bank6        00000
__Lbank7                                  bank7        00000
__Lbank8                                  bank8        00000
__Lbank9                                  bank9        00000
__Lbigram                                 bigram       00000
__LbssBANK0                               bssBANK0     00000
__LbssBANK1                               bssBANK1     00000
__Lcinit                                  cinit        007F0
__Lclrtext                                clrtext      00000
__Lcode                                   code         00000
__Lcommon                                 common       00000
__Lconfig                                 config       08007
__LcstackBANK0                            cstackBANK0  00000
__LcstackBANK1                            cstackBANK1  00000
__LcstackCOMMON                           cstackCOMMON 00000
__Leeprom_data                            eeprom_data  00000
__Lend_init                               end_init     00002
__Lfunctab                                functab      00000
__Lidloc                                  idloc        00000
__Linit                                   init         00002
__Lintentry                               intentry     00002
__Lmaintext                               maintext     00000
__LnvBANK1                                nvBANK1      00000
__Lpowerup                                powerup      00000
__Lram                                    ram          00000
__Lreset_vec                              reset_vec    00000
__Lsfr0                                   sfr0         00000
__Lsfr1                                   sfr1         00000
__Lsfr10                                  sfr10        00000
__Lsfr11                                  sfr11        00000
__Lsfr12                                  sfr12        00000
__Lsfr13                                  sfr13        00000
__Lsfr14                                  sfr14        00000
__Lsfr15                                  sfr15        00000
__Lsfr16                                  sfr16        00000
__Lsfr17                                  sfr17        00000
__Lsfr18                                  sfr18        00000
__Lsfr19                                  sfr19        00000
__Lsfr2                                   sfr2         00000
__Lsfr20                                  sfr20        00000
__Lsfr21                                  sfr21        00000
__Lsfr22                                  sfr22        00000
__Lsfr23                                  sfr23        00000
__Lsfr24                                  sfr24        00000
__Lsfr25                                  sfr25        00000
__Lsfr26                                  sfr26        00000
__Lsfr27                                  sfr27        00000
__Lsfr28                                  sfr28        00000
__Lsfr29                                  sfr29        00000
__Lsfr3                                   sfr3         00000
__Lsfr30                                  sfr30        00000
__Lsfr31                                  sfr31        00000
__Lsfr4                                   sfr4         00000
__Lsfr5                                   sfr5         00000
__Lsfr6                                   sfr6         00000
__Lsfr7                                   sfr7         00000
__Lsfr8                                   sfr8         00000
__Lsfr9                                   sfr9         00000
__Lspace_0                                (abs)        00000
__Lspace_1                                (abs)        00000
__Lspace_2                                (abs)        00000
__Lspace_3                                (abs)        00000
__Lstack                                  stack        00000
__Lstrings                                strings      00000
__Lstringtext1                            stringtext1  00000
__Lstringtext10                           stringtext10 00000
__Lstringtext11                           stringtext11 00000
__Lstringtext12                           stringtext12 00000
__Lstringtext13                           stringtext13 00000
__Lstringtext14                           stringtext14 00000
__Lstringtext15                           stringtext15 00000
__Lstringtext16                           stringtext16 00000
__Lstringtext17                           stringtext17 00000
__Lstringtext18                           stringtext18 00000
__Lstringtext19                           stringtext19 00000
__Lstringtext2                            stringtext2  00000
__Lstringtext20                           stringtext20 00000
__Lstringtext21                           stringtext21 00000
__Lstringtext22                           stringtext22 00000
__Lstringtext23                           stringtext23 00000
__Lstringtext24                           stringtext24 00000
__Lstringtext25                           stringtext25 00000
__Lstringtext26                           stringtext26 00000
__Lstringtext27                           stringtext27 00000
__Lstringtext28                           stringtext28 00000
__Lstringtext29                           stringtext29 00000
__Lstringtext3                            stringtext3  00000
__Lstringtext30                           stringtext30 00000
__Lstringtext31                           stringtext31 00000
__Lstringtext32                           stringtext32 00000
__Lstringtext33                           stringtext33 00000
__Lstringtext34                           stringtext34 00000
__Lstringtext35                           stringtext35 00000
__Lstringtext36                           stringtext36 00000
__Lstringtext37                           stringtext37 00000
__Lstringtext38                           stringtext38 00000
__Lstringtext39                           stringtext39 00000
__Lstringtext4                            stringtext4  00000
__Lstringtext40                           stringtext40 00000
__Lstringtext41                           stringtext41 00000
__Lstringtext42                           stringtext42 00000
__Lstringtext43                           stringtext43 00000
__Lstringtext44                           stringtext44 00000
__Lstringtext45                           stringtext45 00000
__Lstringtext46                           stringtext46 00000
__Lstringtext47                           stringtext47 00000
__Lstringtext48                           stringtext48 00000
__Lstringtext49                           stringtext49 00000
__Lstringtext5                            stringtext5  00000
__Lstringtext50                           stringtext50 00000
__Lstringtext51                           stringtext51 00000
__Lstringtext52                           stringtext52 00000
__Lstringtext53                           stringtext53 00000
__Lstringtext54                           stringtext54 00000
__Lstringtext55                           stringtext55 00000
__Lstringtext56                           stringtext56 00000
__Lstringtext57                           stringtext57 00000
__Lstringtext58                           stringtext58 00000
__Lstringtext59                           stringtext59 00000
__Lstringtext6                            stringtext6  00000
__Lstringtext60                           stringtext60 00000
__Lstringtext61                           stringtext61 00000
__Lstringtext62                           stringtext62 00000
__Lstringtext7                            stringtext7  00000
__Lstringtext8                            stringtext8  00000
__Lstringtext9                            stringtext9  00000
__Ltext                                   text         00000
__S0                                      (abs)        08009
__S1                                      (abs)        000E5
__S2                                      (abs)        00000
__S3                                      (abs)        00000
___int_sp                                 stack        00000
___latbits                                (abs)        00002
___lwdiv                                  text23       0000C
___lwdiv@counter                          cstackCOMMON 00077
___lwdiv@dividend                         cstackCOMMON 00072
___lwdiv@divisor                          cstackCOMMON 00070
___lwdiv@quotient                         cstackCOMMON 00075
___lwmod                                  text22       00AEE
___lwmod@counter                          cstackCOMMON 0007D
___lwmod@dividend                         cstackCOMMON 0007A
___lwmod@divisor                          cstackCOMMON 00078
___sp                                     stack        00000
___wmul                                   text30       00A46
___wmul@multiplicand                      cstackCOMMON 00072
___wmul@multiplier                        cstackCOMMON 00070
___wmul@product                           cstackCOMMON 00074
__end_of_DATAEE_ReadByte                  text39       009D5
__end_of_DATAEE_WriteByte                 text38       00A7E
__end_of_EUSART_Initialize                text36       009BE
__end_of_EUSART_Read                      text37       009B3
__end_of_EUSART_Write                     text21       0000C
__end_of_OSCILLATOR_Initialize            text35       00999
__end_of_PIN_MANAGER_Initialize           text34       00A2D
__end_of_SPI_Exchange8bit                 text27       009A9
__end_of_SPI_Exchange8bitBuffer           text26       00C16
__end_of_SPI_Initialize                   text33       009A0
__end_of_SPI_exchange                     text25       00A16
__end_of_SYSTEM_Initialize                text31       009F2
__end_of_WDT_Initialize                   text32       00987
__end_of___lwdiv                          text23       00040
__end_of___lwmod                          text22       00B1A
__end_of___wmul                           text30       00A61
__end_of__initialization                  cinit        007FD
__end_of_abc                              stringtext5  014E9
__end_of_abort_pending_transmissions      text24       00AC8
__end_of_atoi                             text28       00D88
__end_of_atosid                           text3        00BC8
__end_of_atoui8                           text4        00AEE
__end_of_can_abort                        text17       00A01
__end_of_can_baudrate                     text16       00B7B
__end_of_can_dump_masks_and_filters       text15       0010C
__end_of_can_dump_registers               text13       0021C
__end_of_can_init                         text11       00E13
__end_of_can_logging_mode                 text10       009C9
__end_of_can_ope_mode                     text18       00CC3
__end_of_can_send                         text2        00369
__end_of_can_set_mask                     text9        00F4B
__end_of_can_set_sid                      text12       00AA2
__end_of_can_status_check                 text5        00C6C
__end_of_dpowers                          stringtext1  014A9
__end_of_hexpowers                        stringtext2  014B1
__end_of_isdigit                          text29       009E3
__end_of_main                             maintext     005A5
__end_of_nm                               stringtext6  014EE
__end_of_printf                           text19       007F0
__end_of_putch                            text20       0098C
__end_of_read_register                    text14       00A46
__end_of_receive                          text7        01000
__end_of_receive_handler                  text8        00EA6
__end_of_rxfnsidh                         stringtext3  014CD
__end_of_rxmnsidh                         stringtext7  014F0
__end_of_slcan_send                       text1        00D21
__end_of_txbnsidh                         stringtext4  014E6
__end_of_txf_clear                        text6        00B48
__initialization                          cinit        007F0
__pbssBANK0                               bssBANK0     0006B
__pbssBANK1                               bssBANK1     000A0
__pcstackBANK0                            cstackBANK0  00020
__pcstackBANK1                            cstackBANK1  000C4
__pcstackCOMMON                           cstackCOMMON 00070
__pmaintext                               maintext     00369
__pnvBANK1                                nvBANK1      000E4
__pstringtext1                            stringtext1  0149F
__pstringtext10                           stringtext10 01075
__pstringtext11                           stringtext11 010AE
__pstringtext12                           stringtext12 010E4
__pstringtext13                           stringtext13 01117
__pstringtext14                           stringtext14 01144
__pstringtext15                           stringtext15 01170
__pstringtext16                           stringtext16 0119C
__pstringtext17                           stringtext17 011C8
__pstringtext18                           stringtext18 011F2
__pstringtext19                           stringtext19 01218
__pstringtext2                            stringtext2  014A9
__pstringtext20                           stringtext20 0123E
__pstringtext21                           stringtext21 01262
__pstringtext22                           stringtext22 0127F
__pstringtext23                           stringtext23 01299
__pstringtext24                           stringtext24 012B2
__pstringtext25                           stringtext25 012C9
__pstringtext26                           stringtext26 012DF
__pstringtext27                           stringtext27 012F4
__pstringtext28                           stringtext28 01309
__pstringtext29                           stringtext29 0131E
__pstringtext3                            stringtext3  014C7
__pstringtext30                           stringtext30 01332
__pstringtext31                           stringtext31 01344
__pstringtext32                           stringtext32 01355
__pstringtext33                           stringtext33 01366
__pstringtext34                           stringtext34 01377
__pstringtext35                           stringtext35 01388
__pstringtext36                           stringtext36 01399
__pstringtext37                           stringtext37 013AA
__pstringtext38                           stringtext38 013BA
__pstringtext39                           stringtext39 013CA
__pstringtext4                            stringtext4  014E3
__pstringtext40                           stringtext40 013DA
__pstringtext41                           stringtext41 013EA
__pstringtext42                           stringtext42 013FA
__pstringtext43                           stringtext43 0140A
__pstringtext44                           stringtext44 01419
__pstringtext45                           stringtext45 01428
__pstringtext46                           stringtext46 01437
__pstringtext47                           stringtext47 01445
__pstringtext48                           stringtext48 01453
__pstringtext49                           stringtext49 01461
__pstringtext5                            stringtext5  014E6
__pstringtext50                           stringtext50 0146E
__pstringtext51                           stringtext51 0147B
__pstringtext52                           stringtext52 01487
__pstringtext53                           stringtext53 01493
__pstringtext54                           stringtext54 014B1
__pstringtext55                           stringtext55 014B9
__pstringtext56                           stringtext56 014C0
__pstringtext57                           stringtext57 014CD
__pstringtext58                           stringtext58 014D3
__pstringtext59                           stringtext59 014D9
__pstringtext6                            stringtext6  014EC
__pstringtext60                           stringtext60 014DE
__pstringtext61                           stringtext61 014E9
__pstringtext62                           stringtext62 00000
__pstringtext7                            stringtext7  014EE
__pstringtext8                            stringtext8  01000
__pstringtext9                            stringtext9  0103B
__ptext1                                  text1        00CC3
__ptext10                                 text10       009BE
__ptext11                                 text11       00D88
__ptext12                                 text12       00A7E
__ptext13                                 text13       0010C
__ptext14                                 text14       00A2D
__ptext15                                 text15       00040
__ptext16                                 text16       00B48
__ptext17                                 text17       009F2
__ptext18                                 text18       00C6C
__ptext19                                 text19       005A5
__ptext2                                  text2        0021C
__ptext20                                 text20       00987
__ptext21                                 text21       00004
__ptext22                                 text22       00AEE
__ptext23                                 text23       0000C
__ptext24                                 text24       00AA2
__ptext25                                 text25       00A01
__ptext26                                 text26       00BC8
__ptext27                                 text27       009A0
__ptext28                                 text28       00D21
__ptext29                                 text29       009D5
__ptext3                                  text3        00B7B
__ptext30                                 text30       00A46
__ptext31                                 text31       009E3
__ptext32                                 text32       00983
__ptext33                                 text33       00999
__ptext34                                 text34       00A16
__ptext35                                 text35       00992
__ptext36                                 text36       009B3
__ptext37                                 text37       009A9
__ptext38                                 text38       00A61
__ptext39                                 text39       009C9
__ptext4                                  text4        00AC8
__ptext5                                  text5        00C16
__ptext6                                  text6        00B1A
__ptext7                                  text7        00F4B
__ptext8                                  text8        00E13
__ptext9                                  text9        00EA6
__size_of_DATAEE_ReadByte                 (abs)        00000
__size_of_DATAEE_WriteByte                (abs)        00000
__size_of_EUSART_Initialize               (abs)        00000
__size_of_EUSART_Read                     (abs)        00000
__size_of_EUSART_Write                    (abs)        00000
__size_of_OSCILLATOR_Initialize           (abs)        00000
__size_of_PIN_MANAGER_Initialize          (abs)        00000
__size_of_SPI_Exchange8bit                (abs)        00000
__size_of_SPI_Exchange8bitBuffer          (abs)        00000
__size_of_SPI_Initialize                  (abs)        00000
__size_of_SPI_exchange                    (abs)        00000
__size_of_SYSTEM_Initialize               (abs)        00000
__size_of_WDT_Initialize                  (abs)        00000
__size_of___lwdiv                         (abs)        00000
__size_of___lwmod                         (abs)        00000
__size_of___wmul                          (abs)        00000
__size_of_abort_pending_transmissions     (abs)        00000
__size_of_atoi                            (abs)        00000
__size_of_atosid                          (abs)        00000
__size_of_atoui8                          (abs)        00000
__size_of_can_abort                       (abs)        00000
__size_of_can_baudrate                    (abs)        00000
__size_of_can_dump_masks_and_filters      (abs)        00000
__size_of_can_dump_registers              (abs)        00000
__size_of_can_init                        (abs)        00000
__size_of_can_logging_mode                (abs)        00000
__size_of_can_ope_mode                    (abs)        00000
__size_of_can_send                        (abs)        00000
__size_of_can_set_mask                    (abs)        00000
__size_of_can_set_sid                     (abs)        00000
__size_of_can_status_check                (abs)        00000
__size_of_isdigit                         (abs)        00000
__size_of_main                            (abs)        00000
__size_of_printf                          (abs)        00000
__size_of_putch                           (abs)        00000
__size_of_read_register                   (abs)        00000
__size_of_receive                         (abs)        00000
__size_of_receive_handler                 (abs)        00000
__size_of_slcan_send                      (abs)        00000
__size_of_txf_clear                       (abs)        00000
_abc                                      stringtext5  014E6
_abort_pending_transmissions              text24       00AA2
_atoi                                     text28       00D21
_atosid                                   text3        00B7B
_atoui8                                   text4        00AC8
_buf                                      bssBANK1     000B4
_can_abort                                text17       009F2
_can_baudrate                             text16       00B48
_can_dump_masks_and_filters               text15       00040
_can_dump_registers                       text13       0010C
_can_init                                 text11       00D88
_can_logging_mode                         text10       009BE
_can_ope_mode                             text18       00C6C
_can_send                                 text2        0021C
_can_set_mask                             text9        00EA6
_can_set_mask$655                         cstackBANK0  00050
_can_set_sid                              text12       00A7E
_can_status_check                         text5        00C16
_dpowers                                  stringtext1  0149F
_handler                                  bssBANK1     000B0
_hexpowers                                stringtext2  014A9
_isdigit                                  text29       009D5
_isdigit$971                              cstackCOMMON 00070
_main                                     maintext     00369
_mode                                     bssBANK0     0006B
_nm                                       stringtext6  014EC
_operation_mode                           bssBANK0     0006F
_output_format                            bssBANK0     0006D
_printf                                   text19       005A5
_printf$780                               cstackBANK0  00034
_putch                                    text20       00987
_read_register                            text14       00A2D
_receive                                  text7        00F4B
_receive_handler                          text8        00E13
_run_mode                                 nvBANK1      000E4
_rxfnsidh                                 stringtext3  014C7
_rxmnsidh                                 stringtext7  014EE
_save_rxfn                                bssBANK1     000A0
_save_rxmn                                bssBANK1     000AC
_sid                                      bssBANK1     000B2
_slcan_send                               text1        00CC3
_txbnsidh                                 stringtext4  014E3
_txf_clear                                text6        00B1A
abort_pending_transmissions@bytes_written cstackBANK0  00022
atoi@a                                    cstackCOMMON 0007B
atoi@s                                    cstackCOMMON 0007D
atoi@sign                                 cstackCOMMON 0007A
atosid@a                                  cstackBANK0  00020
atosid@ascii                              cstackBANK0  00028
atosid@b                                  cstackBANK0  00022
atosid@c                                  cstackBANK0  00024
atosid@id                                 cstackBANK0  00026
atoui8@ascii                              cstackCOMMON 00072
atoui8@minus                              cstackCOMMON 00071
btemp                                     (abs)        0007E
can_abort@bytes_written                   cstackBANK0  00048
can_baudrate@bpr                          cstackBANK0  00049
can_baudrate@bytes_written                cstackBANK0  0004B
can_baudrate@mask                         cstackBANK0  0004A
can_dump_masks_and_filters@h              cstackBANK0  0004D
can_dump_masks_and_filters@i              cstackBANK0  00051
can_dump_masks_and_filters@l              cstackBANK0  0004E
can_dump_masks_and_filters@m              cstackBANK0  0004F
can_init@receive_handler                  cstackBANK0  00047
can_logging_mode@debug                    cstackCOMMON 00072
can_logging_mode@verbose                  cstackCOMMON 00070
can_ope_mode@bytes_written                cstackBANK0  00045
can_ope_mode@ope_mode                     cstackBANK0  00046
can_send@bytes_written                    cstackBANK0  00049
can_send@data_buf                         cstackBANK0  0004B
can_send@dlc                              cstackBANK0  00043
can_send@i                                cstackBANK0  0004C
can_send@len                              cstackBANK0  00048
can_send@n                                cstackBANK0  0004D
can_send@status                           cstackBANK0  0004A
can_set_mask@cmd                          cstackBANK0  00052
can_set_mask@mask                         cstackBANK0  00048
can_set_mask@mask_sidh                    cstackBANK0  00053
can_set_mask@mask_sidl                    cstackBANK0  00054
can_set_mask@n                            cstackBANK0  00047
can_set_sid@can_node                      cstackCOMMON 00070
can_set_sid@sidh                          cstackCOMMON 00075
can_set_sid@sidl                          cstackCOMMON 00076
can_status_check@bytes_written            cstackBANK0  00067
can_status_check@status                   cstackBANK0  00068
clear_ram0                                clrtext      0098C
end_of_initialization                     cinit        007FD
intlevel0                                 functab      00000
intlevel1                                 functab      00000
intlevel2                                 functab      00000
intlevel3                                 functab      00000
intlevel4                                 functab      00000
intlevel5                                 functab      00000
isdigit@c                                 cstackCOMMON 00071
main@bpr                                  cstackBANK1  000DB
main@buf                                  cstackBANK1  000C4
main@c                                    cstackBANK1  000E1
main@cmd                                  cstackBANK1  000E2
main@echo_back                            cstackBANK1  000DF
main@idx                                  cstackBANK1  000E3
main@mask                                 cstackBANK1  000DD
main@n                                    cstackBANK1  000E0
main@sid                                  cstackBANK1  000DA
main@status                               cstackBANK1  000DC
printf@ap                                 cstackBANK0  0003C
printf@c                                  cstackBANK0  00042
printf@cp                                 cstackBANK0  00038
printf@f                                  cstackBANK0  00022
printf@flag                               cstackBANK0  0003F
printf@idx                                cstackBANK0  00036
printf@len                                cstackBANK0  0003A
printf@prec                               cstackBANK0  00037
printf@val                                cstackBANK0  0003D
printf@width                              cstackBANK0  00040
putch@txData                              cstackCOMMON 00071
read_register@addr                        cstackBANK0  00021
receive@bytes_read                        cstackBANK0  00050
receive@dlc                               cstackBANK0  00063
receive@id                                cstackBANK0  00061
receive@n                                 cstackBANK0  00064
receive@pbuf                              cstackBANK0  00060
receive@rx_buf                            cstackBANK0  00051
receive_handler@buf                       cstackBANK0  00045
receive_handler@dlc                       cstackBANK0  00046
receive_handler@i                         cstackBANK0  0004A
receive_handler@sid                       cstackBANK0  00043
reset_vec                                 reset_vec    00000
slcan_send@ascii_data                     cstackBANK0  0005E
slcan_send@data_buf                       cstackBANK0  00052
slcan_send@dlc                            cstackBANK0  0005C
slcan_send@i                              cstackBANK0  00060
slcan_send@id                             cstackBANK0  0005A
slcan_send@j                              cstackBANK0  0005D
slcan_send@pbuf                           cstackBANK0  0005F
[...]
      Totals:         1       0       0       0       0       0       0       0       0       0       0       0       0       0
Total ram usage:        1 bytes
 Hardware stack levels used:    1
 This function calls:
		Nothing
 This function is called by:
		_SPI_Exchange8bitBuffer
 This function uses a non-reentrant model


 *************** function _atoi *****************
 Defined at:
		line 5 in file "C:\Program Files (x86)\Microchip\xc8\v1.45\sources\common\atoi.c"
 Parameters:    Size  Location     Type
  s               1    wreg     PTR const unsigned char 
		 -> main@buf(22), 
 Auto vars:     Size  Location     Type
  s               1   13[COMMON] PTR const unsigned char 
		 -> main@buf(22), 
  a               2   11[COMMON] int 
  sign            1   10[COMMON] unsigned char 
 Return value:  Size  Location     Type
                  2    6[COMMON] int 
 Registers used:
		wreg, fsr1l, fsr1h, status,2, status,0, pclath, cstack
 Tracked objects:
		On entry : 
		On exit  : 
		Unchanged: 
 Data sizes:     COMMON   BANK0   BANK1   BANK2   BANK3   BANK4   BANK5   BANK6   BANK7   BANK8   BANK9  BANK10  BANK11  BANK12
      Params:         2       0       0       0       0       0       0       0       0       0       0       0       0       0
      Locals:         4       0       0       0       0       0       0       0       0       0       0       0       0       0
      Temps:          2       0       0       0       0       0       0       0       0       0       0       0       0       0
      Totals:         8       0       0       0       0       0       0       0       0       0       0       0       0       0
Total ram usage:        8 bytes
 Hardware stack levels used:    1
 Hardware stack levels required when called:    1
 This function calls:
		___wmul
		_isdigit
 This function is called by:
		_main
 This function uses a non-reentrant model


 *************** function _isdigit *****************
 Defined at:
		line 8 in file "C:\Program Files (x86)\Microchip\xc8\v1.45\sources\common\isdigit.c"
 Parameters:    Size  Location     Type
  c               1    wreg     unsigned char 
 Auto vars:     Size  Location     Type
  c               1    1[COMMON] unsigned char 
 Return value:  Size  Location     Type
		None               void
 Registers used:
		wreg, status,2, status,0
 Tracked objects:
		On entry : 
		On exit  : 
		Unchanged: 
 Data sizes:     COMMON   BANK0   BANK1   BANK2   BANK3   BANK4   BANK5   BANK6   BANK7   BANK8   BANK9  BANK10  BANK11  BANK12
      Params:         0       0       0       0       0       0       0       0       0       0       0       0       0       0
      Locals:         2       0       0       0       0       0       0       0       0       0       0       0       0       0
      Temps:          0       0       0       0       0       0       0       0       0       0       0       0       0       0
      Totals:         2       0       0       0       0       0       0       0       0       0       0       0       0       0
Total ram usage:        2 bytes
 Hardware stack levels used:    1
 This function calls:
		Nothing
 This function is called by:
		_printf
		_atoi
 This function uses a non-reentrant model


 *************** function ___wmul *****************
 Defined at:
		line 15 in file "C:\Program Files (x86)\Microchip\xc8\v1.45\sources\common\Umul16.c"
 Parameters:    Size  Location     Type
  multiplier      2    0[COMMON] unsigned int 
  multiplicand    2    2[COMMON] unsigned int 
 Auto vars:     Size  Location     Type
  product         2    4[COMMON] unsigned int 
 Return value:  Size  Location     Type
                  2    0[COMMON] unsigned int 
 Registers used:
		wreg, status,2, status,0
 Tracked objects:
		On entry : 
		On exit  : 
		Unchanged: 
 Data sizes:     COMMON   BANK0   BANK1   BANK2   BANK3   BANK4   BANK5   BANK6   BANK7   BANK8   BANK9  BANK10  BANK11  BANK12
      Params:         4       0       0       0       0       0       0       0       0       0       0       0       0       0
      Locals:         2       0       0       0       0       0       0       0       0       0       0       0       0       0
      Temps:          0       0       0       0       0       0       0       0       0       0       0       0       0       0
      Totals:         6       0       0       0       0       0       0       0       0       0       0       0       0       0
Total ram usage:        6 bytes
 Hardware stack levels used:    1
 This function calls:
		Nothing
 This function is called by:
		_printf
		_atoi
 This function uses a non-reentrant model


 *************** function _SYSTEM_Initialize *****************
 Defined at:
		line 70 in file "mcc_generated_files/mcc.c"
 Parameters:    Size  Location     Type
		None
 Auto vars:     Size  Location     Type
		None
 Return value:  Size  Location     Type
                  1    wreg      void 
 Registers used:
		wreg, status,2, status,0, pclath, cstack
 Tracked objects:
		On entry : 
		On exit  : 
		Unchanged: 
 Data sizes:     COMMON   BANK0   BANK1   BANK2   BANK3   BANK4   BANK5   BANK6   BANK7   BANK8   BANK9  BANK10  BANK11  BANK12
      Params:         0       0       0       0       0       0       0       0       0       0       0       0       0       0
      Locals:         0       0       0       0       0       0       0       0       0       0       0       0       0       0
      Temps:          0       0       0       0       0       0       0       0       0       0       0       0       0       0
      Totals:         0       0       0       0       0       0       0       0       0       0       0       0       0       0
Total ram usage:        0 bytes
 Hardware stack levels used:    1
 Hardware stack levels required when called:    1
 This function calls:
		_EUSART_Initialize
		_OSCILLATOR_Initialize
		_PIN_MANAGER_Initialize
		_SPI_Initialize
		_WDT_Initialize
 This function is called by:
		_main
 This function uses a non-reentrant model


 *************** function _WDT_Initialize *****************
 Defined at:
		line 90 in file "mcc_generated_files/mcc.c"
 Parameters:    Size  Location     Type
		None
 Auto vars:     Size  Location     Type
		None
 Return value:  Size  Location     Type
                  1    wreg      void 
 Registers used:
		wreg
 Tracked objects:
		On entry : 
		On exit  : 
		Unchanged: 
 Data sizes:     COMMON   BANK0   BANK1   BANK2   BANK3   BANK4   BANK5   BANK6   BANK7   BANK8   BANK9  BANK10  BANK11  BANK12
      Params:         0       0       0       0       0       0       0       0       0       0       0       0       0       0
      Locals:         0       0       0       0       0       0       0       0       0       0       0       0       0       0
      Temps:          0       0       0       0       0       0       0       0       0       0       0       0       0       0
      Totals:         0       0       0       0       0       0       0       0       0       0       0       0       0       0
Total ram usage:        0 bytes
 Hardware stack levels used:    1
 This function calls:
		Nothing
 This function is called by:
		_SYSTEM_Initialize
 This function uses a non-reentrant model


 *************** function _SPI_Initialize *****************
 Defined at:
		line 63 in file "mcc_generated_files/spi.c"
 Parameters:    Size  Location     Type
		None
 Auto vars:     Size  Location     Type
		None
 Return value:  Size  Location     Type
                  1    wreg      void 
 Registers used:
		wreg, status,2
 Tracked objects:
		On entry : 
		On exit  : 
		Unchanged: 
 Data sizes:     COMMON   BANK0   BANK1   BANK2   BANK3   BANK4   BANK5   BANK6   BANK7   BANK8   BANK9  BANK10  BANK11  BANK12
      Params:         0       0       0       0       0       0       0       0       0       0       0       0       0       0
      Locals:         0       0       0       0       0       0       0       0       0       0       0       0       0       0
      Temps:          0       0       0       0       0       0       0       0       0       0       0       0       0       0
      Totals:         0       0       0       0       0       0       0       0       0       0       0       0       0       0
Total ram usage:        0 bytes
 Hardware stack levels used:    1
 This function calls:
		Nothing
 This function is called by:
		_SYSTEM_Initialize
 This function uses a non-reentrant model


 *************** function _PIN_MANAGER_Initialize *****************
 Defined at:
		line 52 in file "mcc_generated_files/pin_manager.c"
 Parameters:    Size  Location     Type
		None
 Auto vars:     Size  Location     Type
		None
 Return value:  Size  Location     Type
                  1    wreg      void 
 Registers used:
		wreg, status,2
 Tracked objects:
		On entry : 
		On exit  : 
		Unchanged: 
 Data sizes:     COMMON   BANK0   BANK1   BANK2   BANK3   BANK4   BANK5   BANK6   BANK7   BANK8   BANK9  BANK10  BANK11  BANK12
      Params:         0       0       0       0       0       0       0       0       0       0       0       0       0       0
      Locals:         0       0       0       0       0       0       0       0       0       0       0       0       0       0
      Temps:          0       0       0       0       0       0       0       0       0       0       0       0       0       0
      Totals:         0       0       0       0       0       0       0       0       0       0       0       0       0       0
Total ram usage:        0 bytes
 Hardware stack levels used:    1
 This function calls:
		Nothing
 This function is called by:
		_SYSTEM_Initialize
 This function uses a non-reentrant model


 *************** function _OSCILLATOR_Initialize *****************
 Defined at:
		line 80 in file "mcc_generated_files/mcc.c"
 Parameters:    Size  Location     Type
		None
 Auto vars:     Size  Location     Type
		None
 Return value:  Size  Location     Type
                  1    wreg      void 
 Registers used:
		wreg, status,2
 Tracked objects:
		On entry : 
		On exit  : 
		Unchanged: 
 Data sizes:     COMMON   BANK0   BANK1   BANK2   BANK3   BANK4   BANK5   BANK6   BANK7   BANK8   BANK9  BANK10  BANK11  BANK12
      Params:         0       0       0       0       0       0       0       0       0       0       0       0       0       0
      Locals:         0       0       0       0       0       0       0       0       0       0       0       0       0       0
      Temps:          0       0       0       0       0       0       0       0       0       0       0       0       0       0
      Totals:         0       0       0       0       0       0       0       0       0       0       0       0       0       0
Total ram usage:        0 bytes
 Hardware stack levels used:    1
 This function calls:
		Nothing
 This function is called by:
		_SYSTEM_Initialize
 This function uses a non-reentrant model


 *************** function _EUSART_Initialize *****************
 Defined at:
		line 53 in file "mcc_generated_files/eusart.c"
 Parameters:    Size  Location     Type
		None
 Auto vars:     Size  Location     Type
		None
 Return value:  Size  Location     Type
                  1    wreg      void 
 Registers used:
		wreg, status,2
 Tracked objects:
		On entry : 
		On exit  : 
		Unchanged: 
 Data sizes:     COMMON   BANK0   BANK1   BANK2   BANK3   BANK4   BANK5   BANK6   BANK7   BANK8   BANK9  BANK10  BANK11  BANK12
      Params:         0       0       0       0       0       0       0       0       0       0       0       0       0       0
      Locals:         0       0       0       0       0       0       0       0       0       0       0       0       0       0
      Temps:          0       0       0       0       0       0       0       0       0       0       0       0       0       0
      Totals:         0       0       0       0       0       0       0       0       0       0       0       0       0       0
Total ram usage:        0 bytes
 Hardware stack levels used:    1
 This function calls:
		Nothing
 This function is called by:
		_SYSTEM_Initialize
 This function uses a non-reentrant model


 *************** function _EUSART_Read *****************
 Defined at:
		line 75 in file "mcc_generated_files/eusart.c"
 Parameters:    Size  Location     Type
		None
 Auto vars:     Size  Location     Type
		None
 Return value:  Size  Location     Type
                  1    wreg      unsigned char 
 Registers used:
		wreg
 Tracked objects:
		On entry : 
		On exit  : 
		Unchanged: 
 Data sizes:     COMMON   BANK0   BANK1   BANK2   BANK3   BANK4   BANK5   BANK6   BANK7   BANK8   BANK9  BANK10  BANK11  BANK12
      Params:         0       0       0       0       0       0       0       0       0       0       0       0       0       0
      Locals:         0       0       0       0       0       0       0       0       0       0       0       0       0       0
      Temps:          0       0       0       0       0       0       0       0       0       0       0       0       0       0
      Totals:         0       0       0       0       0       0       0       0       0       0       0       0       0       0
Total ram usage:        0 bytes
 Hardware stack levels used:    1
 This function calls:
		Nothing
 This function is called by:
		_main
		_getch
 This function uses a non-reentrant model


 *************** function _DATAEE_WriteByte *****************
 Defined at:
		line 186 in file "mcc_generated_files/memory.c"
 Parameters:    Size  Location     Type
  bAdd            1    wreg     unsigned char 
  bData           1    0[COMMON] unsigned char 
 Auto vars:     Size  Location     Type
  bAdd            1    1[COMMON] unsigned char 
  GIEBitValue     1    2[COMMON] unsigned char 
 Return value:  Size  Location     Type
                  1    wreg      void 
 Registers used:
		wreg, status,2, status,0
 Tracked objects:
		On entry : 
		On exit  : 
		Unchanged: 
 Data sizes:     COMMON   BANK0   BANK1   BANK2   BANK3   BANK4   BANK5   BANK6   BANK7   BANK8   BANK9  BANK10  BANK11  BANK12
      Params:         1       0       0       0       0       0       0       0       0       0       0       0       0       0
      Locals:         2       0       0       0       0       0       0       0       0       0       0       0       0       0
      Temps:          0       0       0       0       0       0       0       0       0       0       0       0       0       0
      Totals:         3       0       0       0       0       0       0       0       0       0       0       0       0       0
Total ram usage:        3 bytes
 Hardware stack levels used:    1
 This function calls:
		Nothing
 This function is called by:
		_main
 This function uses a non-reentrant model


 *************** function _DATAEE_ReadByte *****************
 Defined at:
		line 210 in file "mcc_generated_files/memory.c"
 Parameters:    Size  Location     Type
  bAdd            1    wreg     unsigned char 
 Auto vars:     Size  Location     Type
  bAdd            1    0[COMMON] unsigned char 
 Return value:  Size  Location     Type
                  1    wreg      unsigned char 
 Registers used:
		wreg
 Tracked objects:
		On entry : 
		On exit  : 
		Unchanged: 
 Data sizes:     COMMON   BANK0   BANK1   BANK2   BANK3   BANK4   BANK5   BANK6   BANK7   BANK8   BANK9  BANK10  BANK11  BANK12
      Params:         0       0       0       0       0       0       0       0       0       0       0       0       0       0
      Locals:         1       0       0       0       0       0       0       0       0       0       0       0       0       0
      Temps:          0       0       0       0       0       0       0       0       0       0       0       0       0       0
      Totals:         1       0       0       0       0       0       0       0       0       0       0       0       0       0
Total ram usage:        1 bytes
 Hardware stack levels used:    1
 This function calls:
		Nothing
 This function is called by:
		_main
 This function uses a non-reentrant model



MODULE INFORMATION

Module		Function		Class		Link	Load	Size
C:\Program Files (x86)\Microchip\xc8\v1.45\sources\common\doprnt.c
		_printf        		CODE           	05A5	0000	588

C:\Program Files (x86)\Microchip\xc8\v1.45\sources\common\doprnt.c estimated size: 588

C:\Program Files (x86)\Microchip\xc8\v1.45\sources\common\Umul16.c
		___wmul        		CODE           	0A46	0000	28

C:\Program Files (x86)\Microchip\xc8\v1.45\sources\common\Umul16.c estimated size: 28

mcp2515.c
		_txf_clear     		CODE           	0B1A	0000	47
		_abort_pending_transmissions		CODE           	0AA2	0000	39
		_can_init      		CODE           	0D88	0000	140
		_can_ope_mode  		CODE           	0C6C	0000	88
		_can_send      		CODE           	021C	0000	334
		_can_dump_registers		CODE           	010C	0000	273
		_read_register 		CODE           	0A2D	0000	26
		_can_set_sid   		CODE           	0A7E	0000	37
		_can_set_mask  		CODE           	0EA6	0000	166
		_receive       		CODE           	0F4B	0000	182
		_can_status_check		CODE           	0C16	0000	87
		_can_logging_mode		CODE           	09BE	0000	12
		_can_dump_masks_and_filters		CODE           	0040	0000	205
		_can_abort     		CODE           	09F2	0000	16
		_can_baudrate  		CODE           	0B48	0000	52

mcp2515.c estimated size: 1704

mcc_generated_files/pin_manager.c
		_PIN_MANAGER_Initialize		CODE           	0A16	0000	24

mcc_generated_files/pin_manager.c estimated size: 24

hexascii.c
		_atosid        		CODE           	0B7B	0000	78
		_atoui8        		CODE           	0AC8	0000	39

hexascii.c estimated size: 117

C:\Program Files (x86)\Microchip\xc8\v1.45\sources\common\isdigit.c
		_isdigit       		CODE           	09D5	0000	15

C:\Program Files (x86)\Microchip\xc8\v1.45\sources\common\isdigit.c estimated size: 15

C:\Program Files (x86)\Microchip\xc8\v1.45\sources\common\lwmod.c
		___lwmod       		CODE           	0AEE	0000	45

C:\Program Files (x86)\Microchip\xc8\v1.45\sources\common\lwmod.c estimated size: 45

mcc_generated_files/spi.c
		_SPI_Exchange8bitBuffer		CODE           	0BC8	0000	79
		_SPI_Exchange8bit		CODE           	09A0	0000	10
		_SPI_Initialize		CODE           	0999	0000	8

mcc_generated_files/spi.c estimated size: 97

C:\Program Files (x86)\Microchip\xc8\v1.45\sources\common\atoi.c
		_atoi          		CODE           	0D21	0000	104

C:\Program Files (x86)\Microchip\xc8\v1.45\sources\common\atoi.c estimated size: 104

spi.c
		_SPI_exchange  		CODE           	0A01	0000	22

spi.c estimated size: 22

shared
		_dpowers       		STRCODE        	149F	0000	11
		_txbnsidh      		STRCODE        	14E3	0000	4
		_rxfnsidh      		STRCODE        	14C7	0000	7
		_abc           		STRCODE        	14E6	0000	4
		__initialization		CODE           	07F0	0000	14
		_nm            		STRCODE        	14EC	0000	3
		_hexpowers     		STRCODE        	14A9	0000	9
		_rxmnsidh      		STRCODE        	14EE	0000	3

shared estimated size: 55

mcc_generated_files/mcc.c
		_WDT_Initialize		CODE           	0983	0000	5
		_OSCILLATOR_Initialize		CODE           	0992	0000	8
		_SYSTEM_Initialize		CODE           	09E3	0000	16

mcc_generated_files/mcc.c estimated size: 29

C:\Program Files (x86)\Microchip\xc8\v1.45\sources\common\lwdiv.c
		___lwdiv       		CODE           	000C	0000	53

C:\Program Files (x86)\Microchip\xc8\v1.45\sources\common\lwdiv.c estimated size: 53

mcc_generated_files/memory.c
		_DATAEE_WriteByte		CODE           	0A61	0000	30
		_DATAEE_ReadByte		CODE           	09C9	0000	13

mcc_generated_files/memory.c estimated size: 43

mcc_generated_files/eusart.c
		_putch         		CODE           	0987	0000	6
		_EUSART_Read   		CODE           	09A9	0000	11
		_EUSART_Write  		CODE           	0004	0000	9
		_EUSART_Initialize		CODE           	09B3	0000	12

mcc_generated_files/eusart.c estimated size: 38

main.c
		_receive_handler		CODE           	0E13	0000	148
		_main          		CODE           	0369	0000	573
		_slcan_send    		CODE           	0CC3	0000	95

main.c estimated size: 816

