Microchip MPLAB XC8 Compiler V1.45 ()

Linker command line:

-W-3 --edf=C:\Program Files (x86)\Microchip\xc8\v1.45\dat\en_msgs.txt -cs \
  -h+dist/default/production\uart2can.X.production.sym \
  --cmf=dist/default/production\uart2can.X.production.cmf -z -Q16F1825 \
  -oC:\Users\shiny\AppData\Local\Temp\sg2s.2 \
  -Mdist/default/production/uart2can.X.production.map -E1 -ver=XC8 \
  -ASTACK=0206Eh-023efh -pstack=STACK -ACODE=00h-07FFhx4 \
  -ASTRCODE=00h-01FFFh -ASTRING=00h-0FFhx32 -ACONST=00h-0FFhx32 \
  -AENTRY=00h-0FFhx32 -ACOMMON=070h-07Fh -ABANK0=020h-06Fh \
  -ABANK1=0A0h-0EFh -ABANK2=0120h-016Fh -ABANK3=01A0h-01EFh \
  -ABANK4=0220h-026Fh -ABANK5=02A0h-02EFh -ABANK6=0320h-036Fh \
  -ABANK7=03A0h-03EFh -ABANK8=0420h-046Fh -ABANK9=04A0h-04EFh \
  -ABANK10=0520h-056Fh -ABANK11=05A0h-05EFh -ABANK12=0620h-064Fh \
  -ABIGRAM=02000h-023EFh \
  -ARAM=020h-06Fh,0A0h-0EFh,0120h-016Fh,01A0h-01EFh,0220h-026Fh,02A0h-02EFh,0320h-036Fh,03A0h-03EFh,0420h-046Fh,04A0h-04EFh,0520h-056Fh,05A0h-05EFh,0620h-064Fh \
  -AABS1=020h-07Fh,0A0h-0EFh,0120h-016Fh,01A0h-01EFh,0220h-026Fh,02A0h-02EFh,0320h-036Fh,03A0h-03EFh,0420h-046Fh,04A0h-04EFh,0520h-056Fh,05A0h-05EFh,0620h-064Fh \
  -ASFR0=00h-01Fh -ASFR1=080h-09Fh -ASFR2=0100h-011Fh -ASFR3=0180h-019Fh \
  -ASFR4=0200h-021Fh -ASFR5=0280h-029Fh -ASFR6=0300h-031Fh \
  -ASFR7=0380h-039Fh -ASFR8=0400h-041Fh -ASFR9=0480h-049Fh \
  -ASFR10=0500h-051Fh -ASFR11=0580h-059Fh -ASFR12=0600h-061Fh \
  -ASFR13=0680h-06EFh -ASFR14=0700h-076Fh -ASFR15=0780h-07EFh \
  -ASFR16=0800h-086Fh -ASFR17=0880h-08EFh -ASFR18=0900h-096Fh \
  -ASFR19=0980h-09EFh -ASFR20=0A00h-0A6Fh -ASFR21=0A80h-0AEFh \
  -ASFR22=0B00h-0B6Fh -ASFR23=0B80h-0BEFh -ASFR24=0C00h-0C6Fh \
  -ASFR25=0C80h-0CEFh -ASFR26=0D00h-0D6Fh -ASFR27=0D80h-0DEFh \
  -ASFR28=0E00h-0E6Fh -ASFR29=0E80h-0EEFh -ASFR30=0F00h-0F6Fh \
  -ASFR31=0F80h-0FEFh -preset_vec=00h,intentry,init,end_init -ppowerup=CODE \
  -pcinit=CODE -pfunctab=ENTRY -ACONFIG=08007h-08008h -pconfig=CONFIG \
  -DCONFIG=2 -AIDLOC=08000h-08003h -pidloc=IDLOC -DIDLOC=2 \
  -AEEDATA=00h-0FFh/0F000h -peeprom_data=EEDATA -DEEDATA=2 -DCODE=2 \
  -DSTRCODE=2 -DSTRING=2 -DCONST=2 -DENTRY=2 -k \
  C:\Users\shiny\AppData\Local\Temp\sg2s.obj \
  dist/default/production\uart2can.X.production.obj 

Object code version is 3.11

Machine type is 16F1825



                Name                               Link     Load   Length Selector   Space Scale
C:\Users\shiny\AppData\Local\Temp\sg2s.obj
                end_init                              2        2        2        0       0
                reset_vec                             0        0        2        0       0
                config                             8007     8007        2    1000E       0
dist/default/production\uart2can.X.production.obj
                cinit                               7EB      7EB       15      FD6       0
                text31                              C99      C99        A     1932       0
                text30                              CA3      CA3        B     1946       0
                text29                              C71      C71        7     18E2       0
                text28                              CF5      CF5       17     19EA       0
                text27                              C78      C78        7     18F0       0
                text26                              C62      C62        4     18C4       0
                text25                              CBC      CBC        F     1978       0
                text24                              D0C      D0C       1B     1A18       0
                text23                              CAE      CAE        E     195C       0
                text22                              F99      F99       67     1F32       0
                text21                              C87      C87        9     190E       0
                text20                              E96      E96       4E     1D2C       0
                text19                              CCB      CCB       15     1996       0
                text18                              DCA      DCA       34     1B94       0
                text17                              D9E      D9E       2C     1B3C       0
                text16                              C7F      C7F        8     18FE       0
                text15                              C66      C66        5     18CC       0
                text14                              5B0      5B0      23B      B60       0
                text13                              DFE      DFE       4B     1BFC       0
                text12                              D73      D73       2B     1AE6       0
                text11                              CE0      CE0       15     19C0       0
                text10                              277      277      173      4EE       0
                text9                               D27      D27       24     1A4E       0
                text8                               EE4      EE4       5A     1DC8       0
                text7                                 6        6        B        C       0
                text6                               13E      13E      139      27C       0
                text5                                11       11       78       22       0
                text4                               F3E      F3E       5B     1E7C       0
                text3                                89       89       B5      112       0
                text2                               D4B      D4B       28     1A96       0
                text1                               E49      E49       4D     1C92       0
                maintext                            3EA      3EA      1C6      7D4       0
                cstackBANK0                          20       20       49       20       1
                cstackCOMMON                         70       70        E       70       1
                cstackBANK1                          A0       A0       13       A0       1
                inittext                            C6B      C6B        6     18D6       0
                dataBANK1                            B3       B3        9       A0       1
                bssBANK0                             69       69        7       20       1
                stringtext50                       13B3     13B3        3     2000       0
                stringtext49                       13A7     13A7        6     2000       0
                stringtext48                       13A1     13A1        6     2000       0
                stringtext47                       1394     1394        7     2000       0
                stringtext46                       138D     138D        7     2000       0
                stringtext45                       136F     136F        C     2000       0
                stringtext44                       1363     1363        C     2000       0
                stringtext43                       1357     1357        C     2000       0
                stringtext42                       134A     134A        D     2000       0
                stringtext41                       133D     133D        D     2000       0
                stringtext40                       132F     132F        E     2000       0
                stringtext39                       1321     1321        E     2000       0
                stringtext38                       1313     1313        E     2000       0
                stringtext37                       1304     1304        F     2000       0
                stringtext36                       12F5     12F5        F     2000       0
                stringtext35                       12E6     12E6        F     2000       0
                stringtext34                       12D6     12D6       10     2000       0
                stringtext33                       12C6     12C6       10     2000       0
                stringtext32                       12B6     12B6       10     2000       0
                stringtext31                       12A5     12A5       11     2000       0
                stringtext30                       1294     1294       11     2000       0
                stringtext29                       1283     1283       11     2000       0
                stringtext28                       1272     1272       11     2000       0
                stringtext27                       1261     1261       11     2000       0
                stringtext26                       124F     124F       12     2000       0
                stringtext25                       123B     123B       14     2000       0
                stringtext24                       1226     1226       15     2000       0
                stringtext23                       1211     1211       15     2000       0
                stringtext22                       11FB     11FB       16     2000       0
                stringtext21                       11E4     11E4       17     2000       0
                stringtext20                       11CD     11CD       17     2000       0
                stringtext19                       11B4     11B4       19     2000       0
                stringtext18                       119A     119A       1A     2000       0
                stringtext17                       117A     117A       20     2000       0
                stringtext16                       115A     115A       20     2000       0
                stringtext15                       1134     1134       26     2000       0
                stringtext14                       110A     110A       2A     2000       0
                stringtext13                       10DE     10DE       2C     2000       0
                stringtext12                       10AB     10AB       33     2000       0
                stringtext11                       1075     1075       36     2000       0
                stringtext10                       103B     103B       3A     2000       0
                stringtext9                        1000     1000       3B     2000       0
                nvBANK1                              BC       BC        2       A0       1
                stringtext8                        13BA     13BA        1     2000       0
                stringtext7                        13B8     13B8        2     2000       0
                stringtext6                        13B6     13B6        2     2000       0
                stringtext5                        13B0     13B0        3     2000       0
                stringtext4                        13AD     13AD        3     2000       0
                stringtext3                        139B     139B        6     2000       0
                stringtext2                        1385     1385        8     2000       0
                stringtext1                        137B     137B        A     2000       0
                idataBANK1                          C90      C90        9     1920       0

TOTAL           Name                               Link     Load   Length     Space
        CLASS   STACK          

        CLASS   CODE           
                end_init                              2        2        2         0
                cinit                               7EB      7EB       15         0
                reset_vec                             0        0        2         0
                text31                              C99      C99        A         0
                text30                              CA3      CA3        B         0
                text29                              C71      C71        7         0
                text28                              CF5      CF5       17         0
                text27                              C78      C78        7         0
                text26                              C62      C62        4         0
                text25                              CBC      CBC        F         0
                text24                              D0C      D0C       1B         0
                text23                              CAE      CAE        E         0
                text22                              F99      F99       67         0
                text21                              C87      C87        9         0
                text20                              E96      E96       4E         0
                text19                              CCB      CCB       15         0
                text18                              DCA      DCA       34         0
                text17                              D9E      D9E       2C         0
                text16                              C7F      C7F        8         0
                text15                              C66      C66        5         0
                text14                              5B0      5B0      23B         0
                text13                              DFE      DFE       4B         0
                text12                              D73      D73       2B         0
                text11                              CE0      CE0       15         0
                text10                              277      277      173         0
                text9                               D27      D27       24         0
                text8                               EE4      EE4       5A         0
                text7                                 6        6        B         0
                text6                               13E      13E      139         0
                text5                                11       11       78         0
                text4                               F3E      F3E       5B         0
                text3                                89       89       B5         0
                text2                               D4B      D4B       28         0
                text1                               E49      E49       4D         0
                maintext                            3EA      3EA      1C6         0
                inittext                            C6B      C6B        6         0
                idataBANK1                          C90      C90        9         0

        CLASS   STRCODE        
                stringtext50                       13B3     13B3        3         0
                stringtext49                       13A7     13A7        6         0
                stringtext48                       13A1     13A1        6         0
                stringtext47                       1394     1394        7         0
                stringtext46                       138D     138D        7         0
                stringtext45                       136F     136F        C         0
                stringtext44                       1363     1363        C         0
                stringtext43                       1357     1357        C         0
                stringtext42                       134A     134A        D         0
                stringtext41                       133D     133D        D         0
                stringtext40                       132F     132F        E         0
                stringtext39                       1321     1321        E         0
                stringtext38                       1313     1313        E         0
                stringtext37                       1304     1304        F         0
                stringtext36                       12F5     12F5        F         0
                stringtext35                       12E6     12E6        F         0
                stringtext34                       12D6     12D6       10         0
                stringtext33                       12C6     12C6       10         0
                stringtext32                       12B6     12B6       10         0
                stringtext31                       12A5     12A5       11         0
                stringtext30                       1294     1294       11         0
                stringtext29                       1283     1283       11         0
                stringtext28                       1272     1272       11         0
                stringtext27                       1261     1261       11         0
                stringtext26                       124F     124F       12         0
                stringtext25                       123B     123B       14         0
                stringtext24                       1226     1226       15         0
                stringtext23                       1211     1211       15         0
                stringtext22                       11FB     11FB       16         0
                stringtext21                       11E4     11E4       17         0
                stringtext20                       11CD     11CD       17         0
                stringtext19                       11B4     11B4       19         0
                stringtext18                       119A     119A       1A         0
                stringtext17                       117A     117A       20         0
                stringtext16                       115A     115A       20         0
                stringtext15                       1134     1134       26         0
                stringtext14                       110A     110A       2A         0
                stringtext13                       10DE     10DE       2C         0
                stringtext12                       10AB     10AB       33         0
                stringtext11                       1075     1075       36         0
                stringtext10                       103B     103B       3A         0
                stringtext9                        1000     1000       3B         0
                stringtext8                        13BA     13BA        1         0
                stringtext7                        13B8     13B8        2         0
                stringtext6                        13B6     13B6        2         0
                stringtext5                        13B0     13B0        3         0
                stringtext4                        13AD     13AD        3         0
                stringtext3                        139B     139B        6         0
                stringtext2                        1385     1385        8         0
                stringtext1                        137B     137B        A         0

        CLASS   STRING         

        CLASS   CONST          

        CLASS   ENTRY          

        CLASS   COMMON         
                cstackCOMMON                         70       70        E         1

        CLASS   BANK0          
                cstackBANK0                          20       20       49         1
                bssBANK0                             69       69        7         1

        CLASS   BANK1          
                cstackBANK1                          A0       A0       13         1
                dataBANK1                            B3       B3        9         1
                nvBANK1                              BC       BC        2         1

        CLASS   BANK2          

        CLASS   BANK3          

        CLASS   BANK4          

        CLASS   BANK5          

        CLASS   BANK6          

        CLASS   BANK7          

        CLASS   BANK8          

        CLASS   BANK9          

        CLASS   BANK10         

        CLASS   BANK11         

        CLASS   BANK12         

        CLASS   BIGRAM         

        CLASS   RAM            

        CLASS   ABS1           
                abs_s1                               7E       7E        2         1

        CLASS   SFR0           

        CLASS   SFR1           

        CLASS   SFR2           

        CLASS   SFR3           

        CLASS   SFR4           

        CLASS   SFR5           

        CLASS   SFR6           

        CLASS   SFR7           

        CLASS   SFR8           

        CLASS   SFR9           

        CLASS   SFR10          

        CLASS   SFR11          

        CLASS   SFR12          

        CLASS   SFR13          

        CLASS   SFR14          

        CLASS   SFR15          

        CLASS   SFR16          

        CLASS   SFR17          

        CLASS   SFR18          

        CLASS   SFR19          

        CLASS   SFR20          

        CLASS   SFR21          

        CLASS   SFR22          

        CLASS   SFR23          

        CLASS   SFR24          

        CLASS   SFR25          

        CLASS   SFR26          

        CLASS   SFR27          

        CLASS   SFR28          

        CLASS   SFR29          

        CLASS   SFR30          

        CLASS   SFR31          

        CLASS   CONFIG         
                config                             8007     8007        2         0

        CLASS   IDLOC          

        CLASS   EEDATA         

        CLASS   BANK31         

        CLASS   BANK30         

        CLASS   BANK29         

        CLASS   BANK28         

        CLASS   BANK27         

        CLASS   BANK26         

        CLASS   BANK25         

        CLASS   BANK24         

        CLASS   BANK23         

        CLASS   BANK22         

        CLASS   BANK21         

        CLASS   BANK20         

        CLASS   BANK19         

        CLASS   BANK18         

        CLASS   BANK17         

        CLASS   BANK16         

        CLASS   BANK15         

        CLASS   BANK14         

        CLASS   BANK13         



SEGMENTS        Name                           Load    Length   Top    Selector   Space  Class     Delta

                reset_vec                      000000  000004  000004         0       0  CODE        2
                text7                          000006  00000B  000011         C       0  CODE        2
                cstackBANK0                    000020  000050  000070        20       1  BANK0       1
                text5                          000011  000078  000089        22       0  CODE        2
                cstackCOMMON                   000070  00000E  00007E        70       1  COMMON      1
                cstackBANK1                    0000A0  00001E  0000BE        A0       1  BANK1       1
                text3                          000089  0000B5  00013E       112       0  CODE        2
                text6                          00013E  000139  000277       27C       0  CODE        2
                text10                         000277  000173  0003EA       4EE       0  CODE        2
                maintext                       0003EA  0001C6  0005B0       7D4       0  CODE        2
                text14                         0005B0  00023B  0007EB       B60       0  CODE        2
                cinit                          0007EB  000015  000800       FD6       0  CODE        2
                text26                         000C62  000004  000C66      18C4       0  CODE        2
                text15                         000C66  000005  000C6B      18CC       0  CODE        2
                inittext                       000C6B  000006  000C71      18D6       0  CODE        2
                text29                         000C71  000007  000C78      18E2       0  CODE        2
                text27                         000C78  000007  000C7F      18F0       0  CODE        2
                text16                         000C7F  000008  000C87      18FE       0  CODE        2
                text21                         000C87  000009  000C90      190E       0  CODE        2
                idataBANK1                     000C90  000009  000C99      1920       0  CODE        2
                text31                         000C99  00000A  000CA3      1932       0  CODE        2
                text30                         000CA3  00000B  000CAE      1946       0  CODE        2
                text23                         000CAE  00000E  000CBC      195C       0  CODE        2
                text25                         000CBC  00000F  000CCB      1978       0  CODE        2
                text19                         000CCB  000015  000CE0      1996       0  CODE        2
                text11                         000CE0  000015  000CF5      19C0       0  CODE        2
                text28                         000CF5  000017  000D0C      19EA       0  CODE        2
                text24                         000D0C  00001B  000D27      1A18       0  CODE        2
                text9                          000D27  000024  000D4B      1A4E       0  CODE        2
                text2                          000D4B  000028  000D73      1A96       0  CODE        2
                text12                         000D73  00002B  000D9E      1AE6       0  CODE        2
                text17                         000D9E  00002C  000DCA      1B3C       0  CODE        2
                text18                         000DCA  000034  000DFE      1B94       0  CODE        2
                text13                         000DFE  00004B  000E49      1BFC       0  CODE        2
                text1                          000E49  00004D  000E96      1C92       0  CODE        2
                text20                         000E96  00004E  000EE4      1D2C       0  CODE        2
                text8                          000EE4  00005A  000F3E      1DC8       0  CODE        2
                text4                          000F3E  00005B  000F99      1E7C       0  CODE        2
                text22                         000F99  000067  001000      1F32       0  CODE        2
                stringtext9                    001000  0003BB  0013BB      2000       0  STRCODE     2
                config                         008007  000002  008009     1000E       0  CONFIG      2


UNUSED ADDRESS RANGES

        Name                Unused          Largest block    Delta
        BANK1            000BE-000EF              32           1
        BANK10           00520-0056F              50           1
        BANK11           005A0-005EF              50           1
        BANK12           00620-0064F              30           1
        BANK2            00120-0016F              50           1
        BANK3            001A0-001EF              50           1
        BANK4            00220-0026F              50           1
        BANK5            002A0-002EF              50           1
        BANK6            00320-0036F              50           1
        BANK7            003A0-003EF              50           1
        BANK8            00420-0046F              50           1
        BANK9            004A0-004EF              50           1
        BIGRAM           02000-023EF             3F0           1
        CODE             00004-00005               2           2
                         00800-00C61             462
                         013BB-01FFF             445
        CONST            00004-00005               2           2
                         00800-00C61             100
                         013BB-01FFF             100
        EEDATA           0F000-0F0FF             100           2
        ENTRY            00004-00005               2           2
                         00800-00C61             100
                         013BB-01FFF             100
        IDLOC            08000-08003               4           2
        RAM              000BE-000EF              32           1
                         00120-0016F              50
                         001A0-001EF              50
                         00220-0026F              50
                         002A0-002EF              50
                         00320-0036F              50
                         003A0-003EF              50
                         00420-0046F              50
                         004A0-004EF              50
                         00520-0056F              50
                         005A0-005EF              50
                         00620-0064F              30
        SFR0             00000-0001F              20           1
        SFR1             00080-0009F              20           1
        SFR10            00500-0051F              20           1
        SFR11            00580-0059F              20           1
        SFR12            00600-0061F              20           1
        SFR13            00680-006EF              70           1
        SFR14            00700-0076F              70           1
        SFR15            00780-007EF              70           1
        SFR16            00800-0086F              70           1
        SFR17            00880-008EF              70           1
        SFR18            00900-0096F              70           1
        SFR19            00980-009EF              70           1
        SFR2             00100-0011F              20           1
        SFR20            00A00-00A6F              70           1
        SFR21            00A80-00AEF              70           1
        SFR22            00B00-00B6F              70           1
        SFR23            00B80-00BEF              70           1
        SFR24            00C00-00C6F              70           1
        SFR25            00C80-00CEF              70           1
        SFR26            00D00-00D6F              70           1
        SFR27            00D80-00DEF              70           1
        SFR28            00E00-00E6F              70           1
        SFR29            00E80-00EEF              70           1
        SFR3             00180-0019F              20           1
        SFR30            00F00-00F6F              70           1
        SFR31            00F80-00FEF              70           1
        SFR4             00200-0021F              20           1
        SFR5             00280-0029F              20           1
        SFR6             00300-0031F              20           1
        SFR7             00380-0039F              20           1
        SFR8             00400-0041F              20           1
        SFR9             00480-0049F              20           1
        STACK            0206E-023EF             382           1
        STRCODE          00004-00005               2           2
                         00800-00C61             462
                         013BB-01FFF             C45
        STRING           00004-00005               2           2
                         00800-00C61             100
                         013BB-01FFF             100

                                  Symbol Table

?___lwdiv                           cstackCOMMON 00070
?___lwmod                           cstackCOMMON 00078
?___wmul                            cstackCOMMON 00070
?_atoi                              cstackCOMMON 00076
?_printf                            cstackBANK0  00025
EUSART_Write@txData                 cstackCOMMON 00070
SPI_Exchange8bit@data               cstackCOMMON 00070
SPI_Exchange8bitBuffer@bufLen       cstackCOMMON 00071
SPI_Exchange8bitBuffer@bytesWritten cstackCOMMON 00077
SPI_Exchange8bitBuffer@dataIn       cstackCOMMON 00076
SPI_Exchange8bitBuffer@dataOut      cstackCOMMON 00072
SPI_exchange@buf                    cstackCOMMON 0007D
SPI_exchange@bytes_written          cstackCOMMON 0007C
SPI_exchange@len                    cstackCOMMON 00078
_ANSELA                             (abs)        0018C
_ANSELC                             (abs)        0018E
_APFCON0                            (abs)        0011D
_APFCON1                            (abs)        0011E
_BAUDCON                            (abs)        0019F
_BORCON                             (abs)        00116
_EUSART_Initialize                  text30       00CA3
_EUSART_Read                        text31       00C99
_EUSART_Write                       text16       00C7F
_LATA                               (abs)        0010C
_LATAbits                           (abs)        0010C
_LATC                               (abs)        0010E
_LATCbits                           (abs)        0010E
_OPTION_REGbits                     (abs)        00095
_OSCCON                             (abs)        00099
_OSCILLATOR_Initialize              text29       00C71
_OSCTUNE                            (abs)        00098
_PIN_MANAGER_Initialize             text28       00CF5
_PIR1bits                           (abs)        00011
_RCREG                              (abs)        00199
_RCSTA                              (abs)        0019D
_RCSTAbits                          (abs)        0019D
_SPBRGH                             (abs)        0019C
_SPBRGL                             (abs)        0019B
_SPI_Exchange8bit                   text21       00C87
_SPI_Exchange8bitBuffer             text20       00E96
_SPI_Initialize                     text27       00C78
_SPI_exchange                       text19       00CCB
_SSP1ADD                            (abs)        00212
_SSP1BUF                            (abs)        00211
_SSP1CON1                           (abs)        00215
_SSP1CON1bits                       (abs)        00215
_SSP1STAT                           (abs)        00214
_SSP1STATbits                       (abs)        00214
_SYSTEM_Initialize                  text25       00CBC
_TRISA                              (abs)        0008C
_TRISC                              (abs)        0008E
_TXREG                              (abs)        0019A
_TXSTA                              (abs)        0019E
_WDTCON                             (abs)        00097
_WDT_Initialize                     text26       00C62
_WPUA                               (abs)        0020C
_WPUC                               (abs)        0020E
__CFG_BOREN$ON                      (abs)        00000
__CFG_BORV$LO                       (abs)        00000
__CFG_CLKOUTEN$OFF                  (abs)        00000
__CFG_CP$OFF                        (abs)        00000
__CFG_CPD$OFF                       (abs)        00000
__CFG_FCMEN$ON                      (abs)        00000
__CFG_FOSC$INTOSC                   (abs)        00000
__CFG_IESO$ON                       (abs)        00000
__CFG_LVP$ON                        (abs)        00000
__CFG_MCLRE$ON                      (abs)        00000
__CFG_PLLEN$OFF                     (abs)        00000
__CFG_PWRTE$OFF                     (abs)        00000
__CFG_STVREN$ON                     (abs)        00000
__CFG_WDTE$OFF                      (abs)        00000
__CFG_WRT$OFF                       (abs)        00000
__Habs1                             abs1         00000
__Hbank0                            bank0        00000
__Hbank1                            bank1        00000
__Hbank10                           bank10       00000
__Hbank11                           bank11       00000
__Hbank12                           bank12       00000
__Hbank13                           bank13       00000
__Hbank14                           bank14       00000
__Hbank15                           bank15       00000
__Hbank16                           bank16       00000
__Hbank17                           bank17       00000
__Hbank18                           bank18       00000
__Hbank19                           bank19       00000
__Hbank2                            bank2        00000
__Hbank20                           bank20       00000
__Hbank21                           bank21       00000
__Hbank22                           bank22       00000
__Hbank23                           bank23       00000
__Hbank24                           bank24       00000
__Hbank25                           bank25       00000
__Hbank26                           bank26       00000
__Hbank27                           bank27       00000
__Hbank28                           bank28       00000
__Hbank29                           bank29       00000
__Hbank3                            bank3        00000
__Hbank30                           bank30       00000
__Hbank31                           bank31       00000
__Hbank4                            bank4        00000
__Hbank5                            bank5        00000
__Hbank6                            bank6        00000
__Hbank7                            bank7        00000
__Hbank8                            bank8        00000
__Hbank9                            bank9        00000
__Hbigram                           bigram       00000
__HbssBANK0                         bssBANK0     00000
__Hcinit                            cinit        00800
__Hclrtext                          clrtext      00000
__Hcode                             code         00000
__Hcommon                           common       00000
__Hconfig                           config       08009
__HcstackBANK0                      cstackBANK0  00000
__HcstackBANK1                      cstackBANK1  00000
__HcstackCOMMON                     cstackCOMMON 00000
__HdataBANK1                        dataBANK1    00000
__Heeprom_data                      eeprom_data  00000
__Hend_init                         end_init     00004
__Hfunctab                          functab      00000
__HidataBANK1                       idataBANK1   00000
__Hidloc                            idloc        00000
__Hinit                             init         00002
__Hinittext                         inittext     00000
__Hintentry                         intentry     00002
__Hmaintext                         maintext     00000
__HnvBANK1                          nvBANK1      00000
__Hpowerup                          powerup      00000
__Hram                              ram          00000
__Hreset_vec                        reset_vec    00002
__Hsfr0                             sfr0         00000
__Hsfr1                             sfr1         00000
__Hsfr10                            sfr10        00000
__Hsfr11                            sfr11        00000
__Hsfr12                            sfr12        00000
__Hsfr13                            sfr13        00000
__Hsfr14                            sfr14        00000
__Hsfr15                            sfr15        00000
__Hsfr16                            sfr16        00000
__Hsfr17                            sfr17        00000
__Hsfr18                            sfr18        00000
__Hsfr19                            sfr19        00000
__Hsfr2                             sfr2         00000
__Hsfr20                            sfr20        00000
__Hsfr21                            sfr21        00000
__Hsfr22                            sfr22        00000
__Hsfr23                            sfr23        00000
__Hsfr24                            sfr24        00000
__Hsfr25                            sfr25        00000
__Hsfr26                            sfr26        00000
__Hsfr27                            sfr27        00000
__Hsfr28                            sfr28        00000
__Hsfr29                            sfr29        00000
__Hsfr3                             sfr3         00000
__Hsfr30                            sfr30        00000
__Hsfr31                            sfr31        00000
__Hsfr4                             sfr4         00000
__Hsfr5                             sfr5         00000
__Hsfr6                             sfr6         00000
__Hsfr7                             sfr7         00000
__Hsfr8                             sfr8         00000
__Hsfr9                             sfr9         00000
__Hspace_0                          (abs)        08009
__Hspace_1                          (abs)        000BE
__Hspace_2                          (abs)        00000
__Hspace_3                          (abs)        00000
__Hstack                            stack        00000
__Hstrings                          strings      00000
__Hstringtext1                      stringtext1  00000
__Hstringtext10                     stringtext10 00000
__Hstringtext11                     stringtext11 00000
__Hstringtext12                     stringtext12 00000
__Hstringtext13                     stringtext13 00000
__Hstringtext14                     stringtext14 00000
__Hstringtext15                     stringtext15 00000
__Hstringtext16                     stringtext16 00000
__Hstringtext17                     stringtext17 00000
__Hstringtext18                     stringtext18 00000
__Hstringtext19                     stringtext19 00000
__Hstringtext2                      stringtext2  00000
__Hstringtext20                     stringtext20 00000
__Hstringtext21                     stringtext21 00000
__Hstringtext22                     stringtext22 00000
__Hstringtext23                     stringtext23 00000
__Hstringtext24                     stringtext24 00000
__Hstringtext25                     stringtext25 00000
__Hstringtext26                     stringtext26 00000
__Hstringtext27                     stringtext27 00000
__Hstringtext28                     stringtext28 00000
__Hstringtext29                     stringtext29 00000
__Hstringtext3                      stringtext3  00000
__Hstringtext30                     stringtext30 00000
__Hstringtext31                     stringtext31 00000
__Hstringtext32                     stringtext32 00000
__Hstringtext33                     stringtext33 00000
__Hstringtext34                     stringtext34 00000
__Hstringtext35                     stringtext35 00000
__Hstringtext36                     stringtext36 00000
__Hstringtext37                     stringtext37 00000
__Hstringtext38                     stringtext38 00000
__Hstringtext39                     stringtext39 00000
__Hstringtext4                      stringtext4  00000
__Hstringtext40                     stringtext40 00000
__Hstringtext41                     stringtext41 00000
__Hstringtext42                     stringtext42 00000
__Hstringtext43                     stringtext43 00000
__Hstringtext44                     stringtext44 00000
__Hstringtext45                     stringtext45 00000
__Hstringtext46                     stringtext46 00000
__Hstringtext47                     stringtext47 00000
__Hstringtext48                     stringtext48 00000
__Hstringtext49                     stringtext49 00000
__Hstringtext5                      stringtext5  00000
__Hstringtext50                     stringtext50 00000
__Hstringtext51                     stringtext51 00000
__Hstringtext6                      stringtext6  00000
__Hstringtext7                      stringtext7  00000
__Hstringtext8                      stringtext8  00000
__Hstringtext9                      stringtext9  00000
__Htext                             text         00000
__Labs1                             abs1         00000
__Lbank0                            bank0        00000
__Lbank1                            bank1        00000
__Lbank10                           bank10       00000
__Lbank11                           bank11       00000
__Lbank12                           bank12       00000
__Lbank13                           bank13       00000
__Lbank14                           bank14       00000
__Lbank15                           bank15       00000
__Lbank16                           bank16       00000
__Lbank17                           bank17       00000
__Lbank18                           bank18       00000
__Lbank19                           bank19       00000
__Lbank2                            bank2        00000
__Lbank20                           bank20       00000
__Lbank21                           bank21       00000
__Lbank22                           bank22       00000
__Lbank23                           bank23       00000
__Lbank24                           bank24       00000
__Lbank25                           bank25       00000
__Lbank26                           bank26       00000
__Lbank27                           bank27       00000
__Lbank28                           bank28       00000
__Lbank29                           bank29       00000
__Lbank3                            bank3        00000
__Lbank30                           bank30       00000
__Lbank31                           bank31       00000
__Lbank4                            bank4        00000
__Lbank5                            bank5        00000
__Lbank6                            bank6        00000
__Lbank7                            bank7        00000
__Lbank8                            bank8        00000
__Lbank9                            bank9        00000
__Lbigram                           bigram       00000
__LbssBANK0                         bssBANK0     00000
__Lcinit                            cinit        007EB
__Lclrtext                          clrtext      00000
__Lcode                             code         00000
__Lcommon                           common       00000
__Lconfig                           config       08007
__LcstackBANK0                      cstackBANK0  00000
__LcstackBANK1                      cstackBANK1  00000
__LcstackCOMMON                     cstackCOMMON 00000
__LdataBANK1                        dataBANK1    00000
__Leeprom_data                      eeprom_data  00000
__Lend_init                         end_init     00002
__Lfunctab                          functab      00000
__LidataBANK1                       idataBANK1   00000
__Lidloc                            idloc        00000
__Linit                             init         00002
__Linittext                         inittext     00000
__Lintentry                         intentry     00002
__Lmaintext                         maintext     00000
__LnvBANK1                          nvBANK1      00000
__Lpowerup                          powerup      00000
__Lram                              ram          00000
__Lreset_vec                        reset_vec    00000
__Lsfr0                             sfr0         00000
__Lsfr1                             sfr1         00000
__Lsfr10                            sfr10        00000
__Lsfr11                            sfr11        00000
__Lsfr12                            sfr12        00000
__Lsfr13                            sfr13        00000
__Lsfr14                            sfr14        00000
__Lsfr15                            sfr15        00000
__Lsfr16                            sfr16        00000
__Lsfr17                            sfr17        00000
__Lsfr18                            sfr18        00000
__Lsfr19                            sfr19        00000
__Lsfr2                             sfr2         00000
__Lsfr20                            sfr20        00000
__Lsfr21                            sfr21        00000
__Lsfr22                            sfr22        00000
__Lsfr23                            sfr23        00000
__Lsfr24                            sfr24        00000
__Lsfr25                            sfr25        00000
__Lsfr26                            sfr26        00000
__Lsfr27                            sfr27        00000
__Lsfr28                            sfr28        00000
__Lsfr29                            sfr29        00000
__Lsfr3                             sfr3         00000
__Lsfr30                            sfr30        00000
__Lsfr31                            sfr31        00000
__Lsfr4                             sfr4         00000
__Lsfr5                             sfr5         00000
__Lsfr6                             sfr6         00000
__Lsfr7                             sfr7         00000
__Lsfr8                             sfr8         00000
__Lsfr9                             sfr9         00000
__Lspace_0                          (abs)        00000
__Lspace_1                          (abs)        00000
__Lspace_2                          (abs)        00000
__Lspace_3                          (abs)        00000
__Lstack                            stack        00000
__Lstrings                          strings      00000
__Lstringtext1                      stringtext1  00000
__Lstringtext10                     stringtext10 00000
__Lstringtext11                     stringtext11 00000
__Lstringtext12                     stringtext12 00000
__Lstringtext13                     stringtext13 00000
__Lstringtext14                     stringtext14 00000
__Lstringtext15                     stringtext15 00000
__Lstringtext16                     stringtext16 00000
__Lstringtext17                     stringtext17 00000
__Lstringtext18                     stringtext18 00000
__Lstringtext19                     stringtext19 00000
__Lstringtext2                      stringtext2  00000
__Lstringtext20                     stringtext20 00000
__Lstringtext21                     stringtext21 00000
__Lstringtext22                     stringtext22 00000
__Lstringtext23                     stringtext23 00000
__Lstringtext24                     stringtext24 00000
__Lstringtext25                     stringtext25 00000
__Lstringtext26                     stringtext26 00000
__Lstringtext27                     stringtext27 00000
__Lstringtext28                     stringtext28 00000
__Lstringtext29                     stringtext29 00000
__Lstringtext3                      stringtext3  00000
__Lstringtext30                     stringtext30 00000
__Lstringtext31                     stringtext31 00000
__Lstringtext32                     stringtext32 00000
__Lstringtext33                     stringtext33 00000
__Lstringtext34                     stringtext34 00000
__Lstringtext35                     stringtext35 00000
__Lstringtext36                     stringtext36 00000
__Lstringtext37                     stringtext37 00000
__Lstringtext38                     stringtext38 00000
__Lstringtext39                     stringtext39 00000
__Lstringtext4                      stringtext4  00000
__Lstringtext40                     stringtext40 00000
__Lstringtext41                     stringtext41 00000
__Lstringtext42                     stringtext42 00000
__Lstringtext43                     stringtext43 00000
__Lstringtext44                     stringtext44 00000
__Lstringtext45                     stringtext45 00000
__Lstringtext46                     stringtext46 00000
__Lstringtext47                     stringtext47 00000
__Lstringtext48                     stringtext48 00000
__Lstringtext49                     stringtext49 00000
__Lstringtext5                      stringtext5  00000
__Lstringtext50                     stringtext50 00000
__Lstringtext51                     stringtext51 00000
__Lstringtext6                      stringtext6  00000
__Lstringtext7                      stringtext7  00000
__Lstringtext8                      stringtext8  00000
__Lstringtext9                      stringtext9  00000
__Ltext                             text         00000
__S0                                (abs)        08009
__S1                                (abs)        000BE
__S2                                (abs)        00000
__S3                                (abs)        00000
___int_sp                           stack        00000
___latbits                          (abs)        00002
___lwdiv                            text18       00DCA
___lwdiv@counter                    cstackCOMMON 00077
___lwdiv@dividend                   cstackCOMMON 00072
___lwdiv@divisor                    cstackCOMMON 00070
___lwdiv@quotient                   cstackCOMMON 00075
___lwmod                            text17       00D9E
___lwmod@counter                    cstackCOMMON 0007D
___lwmod@dividend                   cstackCOMMON 0007A
___lwmod@divisor                    cstackCOMMON 00078
___sp                               stack        00000
___wmul                             text24       00D0C
___wmul@multiplicand                cstackCOMMON 00072
___wmul@multiplier                  cstackCOMMON 00070
___wmul@product                     cstackCOMMON 00074
__end_of_EUSART_Initialize          text30       00CAE
__end_of_EUSART_Read                text31       00CA3
__end_of_EUSART_Write               text16       00C87
__end_of_OSCILLATOR_Initialize      text29       00C78
__end_of_PIN_MANAGER_Initialize     text28       00D0C
__end_of_SPI_Exchange8bit           text21       00C90
__end_of_SPI_Exchange8bitBuffer     text20       00EE4
__end_of_SPI_Initialize             text27       00C7F
__end_of_SPI_exchange               text19       00CE0
__end_of_SYSTEM_Initialize          text25       00CCB
__end_of_WDT_Initialize             text26       00C66
__end_of___lwdiv                    text18       00DFE
__end_of___lwmod                    text17       00DCA
__end_of___wmul                     text24       00D27
__end_of__initialization            cinit        007FD
__end_of_abc                        stringtext5  013B3
__end_of_atoi                       text22       01000
__end_of_can_baudrate               text12       00D9E
__end_of_can_dump_registers         text10       003EA
__end_of_can_init                   text8        00F3E
__end_of_can_logging_mode           text7        00011
__end_of_can_ope_mode               text13       00E49
__end_of_can_send                   text6        00277
__end_of_can_set_mask               text5        00089
__end_of_can_set_sid                text9        00D4B
__end_of_can_status_check           text1        00E96
__end_of_dpowers                    stringtext1  01385
__end_of_hexpowers                  stringtext2  0138D
__end_of_isdigit                    text23       00CBC
__end_of_main                       maintext     005B0
__end_of_max_idx                    stringtext8  013BB
__end_of_nm                         stringtext6  013B8
__end_of_printf                     text14       007EB
__end_of_putch                      text15       00C6B
__end_of_read_register              text11       00CF5
__end_of_receive                    text3        0013E
__end_of_receive_handler            text4        00F99
__end_of_rxfnsidh                   stringtext3  013A1
__end_of_rxmnsidh                   stringtext7  013BA
__end_of_txbnsidh                   stringtext4  013B0
__end_of_txf_clear                  text2        00D73
__initialization                    cinit        007EB
__pbssBANK0                         bssBANK0     00069
__pcstackBANK0                      cstackBANK0  00020
__pcstackBANK1                      cstackBANK1  000A0
__pcstackCOMMON                     cstackCOMMON 00070
__pdataBANK1                        dataBANK1    000B3
__pidataBANK1                       idataBANK1   00C90
__pmaintext                         maintext     003EA
__pnvBANK1                          nvBANK1      000BC
__pstringtext1                      stringtext1  0137B
__pstringtext10                     stringtext10 0103B
__pstringtext11                     stringtext11 01075
__pstringtext12                     stringtext12 010AB
__pstringtext13                     stringtext13 010DE
__pstringtext14                     stringtext14 0110A
__pstringtext15                     stringtext15 01134
__pstringtext16                     stringtext16 0115A
__pstringtext17                     stringtext17 0117A
__pstringtext18                     stringtext18 0119A
__pstringtext19                     stringtext19 011B4
__pstringtext2                      stringtext2  01385
__pstringtext20                     stringtext20 011CD
__pstringtext21                     stringtext21 011E4
__pstringtext22                     stringtext22 011FB
__pstringtext23                     stringtext23 01211
__pstringtext24                     stringtext24 01226
__pstringtext25                     stringtext25 0123B
__pstringtext26                     stringtext26 0124F
__pstringtext27                     stringtext27 01261
__pstringtext28                     stringtext28 01272
__pstringtext29                     stringtext29 01283
__pstringtext3                      stringtext3  0139B
__pstringtext30                     stringtext30 01294
__pstringtext31                     stringtext31 012A5
__pstringtext32                     stringtext32 012B6
__pstringtext33                     stringtext33 012C6
__pstringtext34                     stringtext34 012D6
__pstringtext35                     stringtext35 012E6
__pstringtext36                     stringtext36 012F5
__pstringtext37                     stringtext37 01304
__pstringtext38                     stringtext38 01313
__pstringtext39                     stringtext39 01321
__pstringtext4                      stringtext4  013AD
__pstringtext40                     stringtext40 0132F
__pstringtext41                     stringtext41 0133D
__pstringtext42                     stringtext42 0134A
__pstringtext43                     stringtext43 01357
__pstringtext44                     stringtext44 01363
__pstringtext45                     stringtext45 0136F
__pstringtext46                     stringtext46 0138D
__pstringtext47                     stringtext47 01394
__pstringtext48                     stringtext48 013A1
__pstringtext49                     stringtext49 013A7
__pstringtext5                      stringtext5  013B0
__pstringtext50                     stringtext50 013B3
__pstringtext51                     stringtext51 00000
__pstringtext6                      stringtext6  013B6
__pstringtext7                      stringtext7  013B8
__pstringtext8                      stringtext8  013BA
__pstringtext9                      stringtext9  01000
__ptext1                            text1        00E49
__ptext10                           text10       00277
__ptext11                           text11       00CE0
__ptext12                           text12       00D73
__ptext13                           text13       00DFE
__ptext14                           text14       005B0
__ptext15                           text15       00C66
__ptext16                           text16       00C7F
__ptext17                           text17       00D9E
__ptext18                           text18       00DCA
__ptext19                           text19       00CCB
__ptext2                            text2        00D4B
__ptext20                           text20       00E96
__ptext21                           text21       00C87
__ptext22                           text22       00F99
__ptext23                           text23       00CAE
__ptext24                           text24       00D0C
__ptext25                           text25       00CBC
__ptext26                           text26       00C62
__ptext27                           text27       00C78
__ptext28                           text28       00CF5
__ptext29                           text29       00C71
__ptext3                            text3        00089
__ptext30                           text30       00CA3
__ptext31                           text31       00C99
__ptext4                            text4        00F3E
__ptext5                            text5        00011
__ptext6                            text6        0013E
__ptext7                            text7        00006
__ptext8                            text8        00EE4
__ptext9                            text9        00D27
__size_of_EUSART_Initialize         (abs)        00000
__size_of_EUSART_Read               (abs)        00000
__size_of_EUSART_Write              (abs)        00000
__size_of_OSCILLATOR_Initialize     (abs)        00000
__size_of_PIN_MANAGER_Initialize    (abs)        00000
__size_of_SPI_Exchange8bit          (abs)        00000
__size_of_SPI_Exchange8bitBuffer    (abs)        00000
__size_of_SPI_Initialize            (abs)        00000
__size_of_SPI_exchange              (abs)        00000
__size_of_SYSTEM_Initialize         (abs)        00000
__size_of_WDT_Initialize            (abs)        00000
__size_of___lwdiv                   (abs)        00000
__size_of___lwmod                   (abs)        00000
__size_of___wmul                    (abs)        00000
__size_of_atoi                      (abs)        00000
__size_of_can_baudrate              (abs)        00000
__size_of_can_dump_registers        (abs)        00000
__size_of_can_init                  (abs)        00000
__size_of_can_logging_mode          (abs)        00000
__size_of_can_ope_mode              (abs)        00000
__size_of_can_send                  (abs)        00000
__size_of_can_set_mask              (abs)        00000
__size_of_can_set_sid               (abs)        00000
__size_of_can_status_check          (abs)        00000
__size_of_isdigit                   (abs)        00000
__size_of_main                      (abs)        00000
__size_of_printf                    (abs)        00000
__size_of_putch                     (abs)        00000
__size_of_read_register             (abs)        00000
__size_of_receive                   (abs)        00000
__size_of_receive_handler           (abs)        00000
__size_of_txf_clear                 (abs)        00000
_abc                                stringtext5  013B0
_atoi                               text22       00F99
_can_baudrate                       text12       00D73
_can_dump_registers                 text10       00277
_can_init                           text8        00EE4
_can_logging_mode                   text7        00006
_can_ope_mode                       text13       00DFE
_can_send                           text6        0013E
_can_set_mask                       text5        00011
_can_set_mask$488                   cstackBANK0  0004F
_can_set_sid                        text9        00D27
_can_status_check                   text1        00E49
_dpowers                            stringtext1  0137B
_handler                            nvBANK1      000BC
_hexpowers                          stringtext2  01385
_isdigit                            text23       00CAE
_isdigit$793                        cstackCOMMON 00070
_main                               maintext     003EA
_max_idx                            stringtext8  013BA
_mode                               bssBANK0     00069
_nm                                 stringtext6  013B6
_operation_mode                     bssBANK0     0006F
_output_format                      bssBANK0     0006D
_printf                             text14       005B0
_putch                              text15       00C66
_read_register                      text11       00CE0
_receive                            text3        00089
_receive_handler                    text4        00F3E
_rxfnsidh                           stringtext3  0139B
_rxmnsidh                           stringtext7  013B8
_sid                                bssBANK0     0006B
_txbnsidh                           stringtext4  013AD
_txf_clear                          text2        00D4B
atoi@a                              cstackCOMMON 0007B
atoi@s                              cstackCOMMON 0007D
atoi@sign                           cstackCOMMON 0007A
btemp                               (abs)        0007E
can_baudrate@bpr                    cstackBANK0  00049
can_baudrate@bytes_written          cstackBANK0  0004B
can_baudrate@cnf1_buf               cstackBANK0  0004C
can_baudrate@mask                   cstackBANK0  0004A
can_dump_registers@mask_sidh        cstackBANK0  00048
can_dump_registers@mask_sidl        cstackBANK0  00049
can_dump_registers@n                cstackBANK0  0004A
can_init@F2806                      dataBANK1    000B3
can_init@cnf_buf                    cstackBANK0  0004A
can_init@receive_handler            cstackBANK0  00047
can_logging_mode@debug              cstackCOMMON 00072
can_logging_mode@verbose            cstackCOMMON 00070
can_ope_mode@bytes_written          cstackBANK0  00042
can_ope_mode@can_ctrl_buf           cstackBANK0  00043
can_ope_mode@ope_mode               cstackBANK0  00046
can_send@F2837                      dataBANK1    000BA
can_send@buf                        cstackBANK0  00056
can_send@bytes_written              cstackBANK0  00057
can_send@can_status_buf             cstackBANK0  00053
can_send@debug_buf                  cstackBANK0  0005A
can_send@dlc                        cstackBANK0  00040
can_send@i                          cstackBANK0  0005D
can_send@len                        cstackBANK0  00055
can_send@n                          cstackBANK0  0005E
can_send@status                     cstackBANK0  00059
can_send@tx_buf                     cstackBANK0  00045
can_send@txb_ctrl_buf               cstackBANK0  00058
can_set_mask@cmd                    cstackBANK0  00055
can_set_mask@mask                   cstackBANK0  00048
can_set_mask@mask_buf               cstackBANK0  00051
can_set_mask@mask_sidh              cstackBANK0  00056
can_set_mask@mask_sidl              cstackBANK0  00057
can_set_mask@n                      cstackBANK0  00047
can_set_sid@can_node                cstackCOMMON 00070
can_set_sid@sidh                    cstackCOMMON 00075
can_set_sid@sidl                    cstackCOMMON 00076
can_status_check@F2846              dataBANK1    000B8
can_status_check@bytes_written      cstackBANK0  00063
can_status_check@can_status_buf     cstackBANK0  00064
can_status_check@status             cstackBANK0  00066
end_of_initialization               cinit        007FD
init_ram                            inittext     00C6B
intlevel0                           functab      00000
intlevel1                           functab      00000
intlevel2                           functab      00000
intlevel3                           functab      00000
intlevel4                           functab      00000
intlevel5                           functab      00000
isdigit@c                           cstackCOMMON 00071
main@bpr                            cstackBANK1  000A1
main@buf                            cstackBANK1  000A7
main@c                              cstackBANK1  000B0
main@cmd                            cstackBANK1  000B1
main@echo_back                      cstackBANK1  000A5
main@idx                            cstackBANK1  000B2
main@mask                           cstackBANK1  000A3
main@n                              cstackBANK1  000A6
main@sid                            cstackBANK1  000A0
main@success                        cstackBANK1  000A2
printf@ap                           cstackBANK0  00039
printf@c                            cstackBANK0  0003F
printf@cp                           cstackBANK0  00035
printf@f                            cstackBANK0  00025
printf@flag                         cstackBANK0  0003C
printf@idx                          cstackBANK0  00033
printf@len                          cstackBANK0  00037
printf@prec                         cstackBANK0  00034
printf@val                          cstackBANK0  0003A
printf@width                        cstackBANK0  0003D
putch@txData                        cstackCOMMON 00071
read_register@addr                  cstackBANK0  00021
read_register@read_buf              cstackBANK0  00022
receive@bytes_read                  cstackBANK0  0004C
receive@dlc                         cstackBANK0  0005F
receive@n                           cstackBANK0  00060
receive@pbuf                        cstackBANK0  0005C
receive@rx_buf                      cstackBANK0  0004D
receive@sid                         cstackBANK0  0005D
receive_handler@dlc                 cstackBANK0  00042
receive_handler@i                   cstackBANK0  00046
receive_handler@pbuf                cstackBANK0  00041
receive_handler@sid                 cstackBANK0  00040
reset_vec                           reset_vec    00000
stackhi                             (abs)        023EF
stacklo                             (abs)        0206E
start                               init         00002
start_initialization                cinit        007EB
txf_clear@bytes_written             cstackBANK0  00024
txf_clear@can_int_flag              cstackBANK0  00025
txf_clear@mask                      cstackBANK0  00023
txf_clear@n                         cstackBANK0  00022
wtemp0                              (abs)        0007E


FUNCTION INFORMATION:

 *************** function _main *****************
 Defined at:
		line 39 in file "main.c"
 Parameters:    Size  Location     Type
		None
 Auto vars:     Size  Location     Type
  success         1    2[BANK1 ] unsigned char 
  buf             9    7[BANK1 ] unsigned char [9]
  mask            2    3[BANK1 ] unsigned int 
  idx             1   18[BANK1 ] unsigned char 
  cmd             1   17[BANK1 ] unsigned char 
  c               1   16[BANK1 ] unsigned char 
  n               1    6[BANK1 ] unsigned char 
  echo_back       1    5[BANK1 ] unsigned char 
  bpr             1    1[BANK1 ] unsigned char 
  sid             1    0[BANK1 ] unsigned char 
 Return value:  Size  Location     Type
                  1    wreg      void 
 Registers used:
		wreg, fsr0l, fsr0h, fsr1l, fsr1h, status,2, status,0, pclath, cstack
 Tracked objects:
		On entry : 
		On exit  : 
		Unchanged: 
 Data sizes:     COMMON   BANK0   BANK1   BANK2   BANK3   BANK4   BANK5   BANK6   BANK7   BANK8   BANK9  BANK10  BANK11  BANK12
      Params:         0       0       0       0       0       0       0       0       0       0       0       0       0       0
      Locals:         0       0      19       0       0       0       0       0       0       0       0       0       0       0
      Temps:          0       2       0       0       0       0       0       0       0       0       0       0       0       0
      Totals:         0       2      19       0       0       0       0       0       0       0       0       0       0       0
Total ram usage:       21 bytes
 Hardware stack levels required when called:    6
 This function calls:
		_EUSART_Read
		_SYSTEM_Initialize
		_atoi
		_can_baudrate
		_can_dump_registers
		_can_init
		_can_logging_mode
		_can_ope_mode
		_can_send
		_can_set_mask
		_can_set_sid
		_can_status_check
		_printf
 This function is called by:
		Startup code after reset
 This function uses a non-reentrant model


 *************** function _can_status_check *****************
 Defined at:
		line 247 in file "mcp2515.c"
 Parameters:    Size  Location     Type
		None
 Auto vars:     Size  Location     Type
  can_status_b    2   68[BANK0 ] unsigned char [2]
  status          1   70[BANK0 ] unsigned char 
  bytes_writte    1   67[BANK0 ] unsigned char 
 Return value:  Size  Location     Type
                  1    wreg      void 
 Registers used:
		wreg, fsr0l, fsr0h, fsr1l, fsr1h, status,2, status,0, pclath, cstack
 Tracked objects:
		On entry : 
		On exit  : 
		Unchanged: 
 Data sizes:     COMMON   BANK0   BANK1   BANK2   BANK3   BANK4   BANK5   BANK6   BANK7   BANK8   BANK9  BANK10  BANK11  BANK12
      Params:         0       0       0       0       0       0       0       0       0       0       0       0       0       0
      Locals:         0       4       0       0       0       0       0       0       0       0       0       0       0       0
      Temps:          0       2       0       0       0       0       0       0       0       0       0       0       0       0
      Totals:         0       6       0       0       0       0       0       0       0       0       0       0       0       0
Total ram usage:        6 bytes
 Hardware stack levels used:    1
 Hardware stack levels required when called:    5
 This function calls:
		_SPI_exchange
		_printf
		_receive
		_txf_clear
 This function is called by:
		_main
 This function uses a non-reentrant model


 *************** function _txf_clear *****************
 Defined at:
		line 124 in file "mcp2515.c"
 Parameters:    Size  Location     Type
  n               1    wreg     unsigned char 
 Auto vars:     Size  Location     Type
  n               1    2[BANK0 ] unsigned char 
  can_int_flag    4    5[BANK0 ] unsigned char [4]
  bytes_writte    1    4[BANK0 ] unsigned char 
  mask            1    3[BANK0 ] unsigned char 
 Return value:  Size  Location     Type
                  1    wreg      unsigned char 
 Registers used:
		wreg, fsr1l, fsr1h, status,2, status,0, pclath, cstack
 Tracked objects:
		On entry : 
		On exit  : 
		Unchanged: 
 Data sizes:     COMMON   BANK0   BANK1   BANK2   BANK3   BANK4   BANK5   BANK6   BANK7   BANK8   BANK9  BANK10  BANK11  BANK12
      Params:         0       0       0       0       0       0       0       0       0       0       0       0       0       0
      Locals:         0       7       0       0       0       0       0       0       0       0       0       0       0       0
      Temps:          0       2       0       0       0       0       0       0       0       0       0       0       0       0
      Totals:         0       9       0       0       0       0       0       0       0       0       0       0       0       0
Total ram usage:        9 bytes
 Hardware stack levels used:    1
 Hardware stack levels required when called:    3
 This function calls:
		_SPI_exchange
 This function is called by:
		_can_status_check
 This function uses a non-reentrant model


 *************** function _receive *****************
 Defined at:
		line 142 in file "mcp2515.c"
 Parameters:    Size  Location     Type
  n               1    wreg     unsigned char 
 Auto vars:     Size  Location     Type
  n               1   64[BANK0 ] unsigned char 
  rx_buf         15   45[BANK0 ] unsigned char [15]
  sid             2   61[BANK0 ] unsigned int 
  dlc             1   63[BANK0 ] unsigned char 
  pbuf            1   60[BANK0 ] PTR unsigned char 
		 -> receive@rx_buf(15), 
  bytes_read      1   44[BANK0 ] unsigned char 
 Return value:  Size  Location     Type
                  1    wreg      void 
 Registers used:
		wreg, fsr0l, fsr0h, fsr1l, fsr1h, status,2, status,0, pclath, cstack
 Tracked objects:
		On entry : 
		On exit  : 
		Unchanged: 
 Data sizes:     COMMON   BANK0   BANK1   BANK2   BANK3   BANK4   BANK5   BANK6   BANK7   BANK8   BANK9  BANK10  BANK11  BANK12
      Params:         0       0       0       0       0       0       0       0       0       0       0       0       0       0
      Locals:         0      21       0       0       0       0       0       0       0       0       0       0       0       0
      Temps:          0       5       0       0       0       0       0       0       0       0       0       0       0       0
      Totals:         0      26       0       0       0       0       0       0       0       0       0       0       0       0
Total ram usage:       26 bytes
 Hardware stack levels used:    1
 Hardware stack levels required when called:    4
 This function calls:
		Absolute function
		_SPI_exchange
		_printf
		_receive_handler
 This function is called by:
		_can_status_check
 This function uses a non-reentrant model


 *************** function _receive_handler *****************
 Defined at:
		line 24 in file "main.c"
 Parameters:    Size  Location     Type
  sid             1   32[BANK0 ] unsigned char 
  pbuf            1   33[BANK0 ] PTR unsigned char 
		 -> receive@rx_buf(15), 
  dlc             1   34[BANK0 ] unsigned char 
 Auto vars:     Size  Location     Type
  i               1   38[BANK0 ] unsigned char 
 Return value:  Size  Location     Type
                  1    wreg      void 
 Registers used:
		wreg, fsr0l, fsr0h, fsr1l, fsr1h, status,2, status,0, pclath, cstack
 Tracked objects:
		On entry : 
		On exit  : 
		Unchanged: 
 Data sizes:     COMMON   BANK0   BANK1   BANK2   BANK3   BANK4   BANK5   BANK6   BANK7   BANK8   BANK9  BANK10  BANK11  BANK12
      Params:         0       3       0       0       0       0       0       0       0       0       0       0       0       0
      Locals:         0       1       0       0       0       0       0       0       0       0       0       0       0       0
      Temps:          0       3       0       0       0       0       0       0       0       0       0       0       0       0
      Totals:         0       7       0       0       0       0       0       0       0       0       0       0       0       0
Total ram usage:        7 bytes
 Hardware stack levels used:    1
 Hardware stack levels required when called:    3
 This function calls:
		_printf
 This function is called by:
		_main
		_receive
 This function uses a non-reentrant model


 *************** function _can_set_mask *****************
 Defined at:
		line 98 in file "mcp2515.c"
 Parameters:    Size  Location     Type
  cmd             1    wreg     unsigned char 
  n               1   39[BANK0 ] unsigned char 
  mask            1   40[BANK0 ] unsigned char 
 Auto vars:     Size  Location     Type
  cmd             1   53[BANK0 ] unsigned char 
  mask_buf        4   49[BANK0 ] unsigned char [4]
  mask_sidl       1   55[BANK0 ] unsigned char 
  mask_sidh       1   54[BANK0 ] unsigned char 
 Return value:  Size  Location     Type
                  1    wreg      void 
 Registers used:
		wreg, fsr0l, fsr0h, fsr1l, fsr1h, status,2, status,0, pclath, cstack
 Tracked objects:
		On entry : 
		On exit  : 
		Unchanged: 
 Data sizes:     COMMON   BANK0   BANK1   BANK2   BANK3   BANK4   BANK5   BANK6   BANK7   BANK8   BANK9  BANK10  BANK11  BANK12
      Params:         0       2       0       0       0       0       0       0       0       0       0       0       0       0
      Locals:         0       9       0       0       0       0       0       0       0       0       0       0       0       0
      Temps:          0       6       0       0       0       0       0       0       0       0       0       0       0       0
      Totals:         0      17       0       0       0       0       0       0       0       0       0       0       0       0
Total ram usage:       17 bytes
 Hardware stack levels used:    1
 Hardware stack levels required when called:    4
 This function calls:
		_SPI_exchange
		_can_ope_mode
		_printf
 This function is called by:
		_main
 This function uses a non-reentrant model


 *************** function _can_send *****************
 Defined at:
		line 171 in file "mcp2515.c"
 Parameters:    Size  Location     Type
  buf             1    wreg     PTR unsigned char 
		 -> main@buf(9), 
  dlc             1   32[BANK0 ] unsigned char 
 Auto vars:     Size  Location     Type
  buf             1   54[BANK0 ] PTR unsigned char 
		 -> main@buf(9), 
  txb_ctrl_buf    1   56[BANK0 ] unsigned char [1]
  tx_buf         14   37[BANK0 ] unsigned char [14]
  debug_buf       3   58[BANK0 ] unsigned char [3]
  can_status_b    2   51[BANK0 ] unsigned char [2]
  n               1   62[BANK0 ] unsigned char 
  i               1   61[BANK0 ] unsigned char 
  status          1   57[BANK0 ] unsigned char 
  bytes_writte    1   55[BANK0 ] unsigned char 
  len             1   53[BANK0 ] unsigned char 
 Return value:  Size  Location     Type
                  1    wreg      unsigned char 
 Registers used:
		wreg, fsr0l, fsr0h, fsr1l, fsr1h, status,2, status,0, pclath, cstack
 Tracked objects:
		On entry : 
		On exit  : 
		Unchanged: 
 Data sizes:     COMMON   BANK0   BANK1   BANK2   BANK3   BANK4   BANK5   BANK6   BANK7   BANK8   BANK9  BANK10  BANK11  BANK12
      Params:         0       1       0       0       0       0       0       0       0       0       0       0       0       0
      Locals:         0      26       0       0       0       0       0       0       0       0       0       0       0       0
      Temps:          0       4       0       0       0       0       0       0       0       0       0       0       0       0
      Totals:         0      31       0       0       0       0       0       0       0       0       0       0       0       0
Total ram usage:       31 bytes
 Hardware stack levels used:    1
 Hardware stack levels required when called:    3
 This function calls:
		_SPI_exchange
		_printf
 This function is called by:
		_main
 This function uses a non-reentrant model


 *************** function _can_logging_mode *****************
 Defined at:
		line 26 in file "mcp2515.c"
[...]
		 -> can_send@debug_buf(3), can_send@tx_buf(14), can_send@can_status_buf(2), receive@rx_buf(15), 
		 -> txf_clear@can_int_flag(4), can_set_mask@mask_buf(4), can_ope_mode@can_ctrl_buf(3), can_init@cnf_buf(5), 
  bufLen          1    1[COMMON] unsigned char 
  dataOut         1    2[COMMON] PTR unsigned char 
		 -> read_register@read_buf(3), can_baudrate@cnf1_buf(4), can_status_check@can_status_buf(2), can_send@txb_ctrl_buf(1), 
		 -> can_send@debug_buf(3), can_send@tx_buf(14), can_send@can_status_buf(2), receive@rx_buf(15), 
		 -> txf_clear@can_int_flag(4), can_set_mask@mask_buf(4), can_ope_mode@can_ctrl_buf(3), can_init@cnf_buf(5), 
 Auto vars:     Size  Location     Type
  dataIn          1    6[COMMON] PTR unsigned char 
		 -> read_register@read_buf(3), can_baudrate@cnf1_buf(4), can_status_check@can_status_buf(2), can_send@txb_ctrl_buf(1), 
		 -> can_send@debug_buf(3), can_send@tx_buf(14), can_send@can_status_buf(2), receive@rx_buf(15), 
		 -> txf_clear@can_int_flag(4), can_set_mask@mask_buf(4), can_ope_mode@can_ctrl_buf(3), can_init@cnf_buf(5), 
  bytesWritten    1    7[COMMON] unsigned char 
 Return value:  Size  Location     Type
                  1    wreg      unsigned char 
 Registers used:
		wreg, fsr1l, fsr1h, status,2, status,0, pclath, cstack
 Tracked objects:
		On entry : 
		On exit  : 
		Unchanged: 
 Data sizes:     COMMON   BANK0   BANK1   BANK2   BANK3   BANK4   BANK5   BANK6   BANK7   BANK8   BANK9  BANK10  BANK11  BANK12
      Params:         2       0       0       0       0       0       0       0       0       0       0       0       0       0
      Locals:         2       0       0       0       0       0       0       0       0       0       0       0       0       0
      Temps:          3       0       0       0       0       0       0       0       0       0       0       0       0       0
      Totals:         7       0       0       0       0       0       0       0       0       0       0       0       0       0
Total ram usage:        7 bytes
 Hardware stack levels used:    1
 Hardware stack levels required when called:    1
 This function calls:
		_SPI_Exchange8bit
 This function is called by:
		_SPI_exchange
 This function uses a non-reentrant model


 *************** function _SPI_Exchange8bit *****************
 Defined at:
		line 77 in file "mcc_generated_files/spi.c"
 Parameters:    Size  Location     Type
  data            1    wreg     unsigned char 
 Auto vars:     Size  Location     Type
  data            1    0[COMMON] unsigned char 
 Return value:  Size  Location     Type
                  1    wreg      unsigned char 
 Registers used:
		wreg
 Tracked objects:
		On entry : 
		On exit  : 
		Unchanged: 
 Data sizes:     COMMON   BANK0   BANK1   BANK2   BANK3   BANK4   BANK5   BANK6   BANK7   BANK8   BANK9  BANK10  BANK11  BANK12
      Params:         0       0       0       0       0       0       0       0       0       0       0       0       0       0
      Locals:         1       0       0       0       0       0       0       0       0       0       0       0       0       0
      Temps:          0       0       0       0       0       0       0       0       0       0       0       0       0       0
      Totals:         1       0       0       0       0       0       0       0       0       0       0       0       0       0
Total ram usage:        1 bytes
 Hardware stack levels used:    1
 This function calls:
		Nothing
 This function is called by:
		_SPI_Exchange8bitBuffer
 This function uses a non-reentrant model


 *************** function _atoi *****************
 Defined at:
		line 5 in file "C:\Program Files (x86)\Microchip\xc8\v1.45\sources\common\atoi.c"
 Parameters:    Size  Location     Type
  s               1    wreg     PTR const unsigned char 
		 -> main@buf(9), 
 Auto vars:     Size  Location     Type
  s               1   13[COMMON] PTR const unsigned char 
		 -> main@buf(9), 
  a               2   11[COMMON] int 
  sign            1   10[COMMON] unsigned char 
 Return value:  Size  Location     Type
                  2    6[COMMON] int 
 Registers used:
		wreg, fsr1l, fsr1h, status,2, status,0, pclath, cstack
 Tracked objects:
		On entry : 
		On exit  : 
		Unchanged: 
 Data sizes:     COMMON   BANK0   BANK1   BANK2   BANK3   BANK4   BANK5   BANK6   BANK7   BANK8   BANK9  BANK10  BANK11  BANK12
      Params:         2       0       0       0       0       0       0       0       0       0       0       0       0       0
      Locals:         4       0       0       0       0       0       0       0       0       0       0       0       0       0
      Temps:          2       0       0       0       0       0       0       0       0       0       0       0       0       0
      Totals:         8       0       0       0       0       0       0       0       0       0       0       0       0       0
Total ram usage:        8 bytes
 Hardware stack levels used:    1
 Hardware stack levels required when called:    1
 This function calls:
		___wmul
		_isdigit
 This function is called by:
		_main
 This function uses a non-reentrant model


 *************** function _isdigit *****************
 Defined at:
		line 8 in file "C:\Program Files (x86)\Microchip\xc8\v1.45\sources\common\isdigit.c"
 Parameters:    Size  Location     Type
  c               1    wreg     unsigned char 
 Auto vars:     Size  Location     Type
  c               1    1[COMMON] unsigned char 
 Return value:  Size  Location     Type
		None               void
 Registers used:
		wreg, status,2, status,0
 Tracked objects:
		On entry : 
		On exit  : 
		Unchanged: 
 Data sizes:     COMMON   BANK0   BANK1   BANK2   BANK3   BANK4   BANK5   BANK6   BANK7   BANK8   BANK9  BANK10  BANK11  BANK12
      Params:         0       0       0       0       0       0       0       0       0       0       0       0       0       0
      Locals:         2       0       0       0       0       0       0       0       0       0       0       0       0       0
      Temps:          0       0       0       0       0       0       0       0       0       0       0       0       0       0
      Totals:         2       0       0       0       0       0       0       0       0       0       0       0       0       0
Total ram usage:        2 bytes
 Hardware stack levels used:    1
 This function calls:
		Nothing
 This function is called by:
		_printf
		_atoi
 This function uses a non-reentrant model


 *************** function ___wmul *****************
 Defined at:
		line 15 in file "C:\Program Files (x86)\Microchip\xc8\v1.45\sources\common\Umul16.c"
 Parameters:    Size  Location     Type
  multiplier      2    0[COMMON] unsigned int 
  multiplicand    2    2[COMMON] unsigned int 
 Auto vars:     Size  Location     Type
  product         2    4[COMMON] unsigned int 
 Return value:  Size  Location     Type
                  2    0[COMMON] unsigned int 
 Registers used:
		wreg, status,2, status,0
 Tracked objects:
		On entry : 
		On exit  : 
		Unchanged: 
 Data sizes:     COMMON   BANK0   BANK1   BANK2   BANK3   BANK4   BANK5   BANK6   BANK7   BANK8   BANK9  BANK10  BANK11  BANK12
      Params:         4       0       0       0       0       0       0       0       0       0       0       0       0       0
      Locals:         2       0       0       0       0       0       0       0       0       0       0       0       0       0
      Temps:          0       0       0       0       0       0       0       0       0       0       0       0       0       0
      Totals:         6       0       0       0       0       0       0       0       0       0       0       0       0       0
Total ram usage:        6 bytes
 Hardware stack levels used:    1
 This function calls:
		Nothing
 This function is called by:
		_printf
		_atoi
 This function uses a non-reentrant model


 *************** function _SYSTEM_Initialize *****************
 Defined at:
		line 70 in file "mcc_generated_files/mcc.c"
 Parameters:    Size  Location     Type
		None
 Auto vars:     Size  Location     Type
		None
 Return value:  Size  Location     Type
                  1    wreg      void 
 Registers used:
		wreg, status,2, status,0, pclath, cstack
 Tracked objects:
		On entry : 
		On exit  : 
		Unchanged: 
 Data sizes:     COMMON   BANK0   BANK1   BANK2   BANK3   BANK4   BANK5   BANK6   BANK7   BANK8   BANK9  BANK10  BANK11  BANK12
      Params:         0       0       0       0       0       0       0       0       0       0       0       0       0       0
      Locals:         0       0       0       0       0       0       0       0       0       0       0       0       0       0
      Temps:          0       0       0       0       0       0       0       0       0       0       0       0       0       0
      Totals:         0       0       0       0       0       0       0       0       0       0       0       0       0       0
Total ram usage:        0 bytes
 Hardware stack levels used:    1
 Hardware stack levels required when called:    1
 This function calls:
		_EUSART_Initialize
		_OSCILLATOR_Initialize
		_PIN_MANAGER_Initialize
		_SPI_Initialize
		_WDT_Initialize
 This function is called by:
		_main
 This function uses a non-reentrant model


 *************** function _WDT_Initialize *****************
 Defined at:
		line 90 in file "mcc_generated_files/mcc.c"
 Parameters:    Size  Location     Type
		None
 Auto vars:     Size  Location     Type
		None
 Return value:  Size  Location     Type
                  1    wreg      void 
 Registers used:
		wreg
 Tracked objects:
		On entry : 
		On exit  : 
		Unchanged: 
 Data sizes:     COMMON   BANK0   BANK1   BANK2   BANK3   BANK4   BANK5   BANK6   BANK7   BANK8   BANK9  BANK10  BANK11  BANK12
      Params:         0       0       0       0       0       0       0       0       0       0       0       0       0       0
      Locals:         0       0       0       0       0       0       0       0       0       0       0       0       0       0
      Temps:          0       0       0       0       0       0       0       0       0       0       0       0       0       0
      Totals:         0       0       0       0       0       0       0       0       0       0       0       0       0       0
Total ram usage:        0 bytes
 Hardware stack levels used:    1
 This function calls:
		Nothing
 This function is called by:
		_SYSTEM_Initialize
 This function uses a non-reentrant model


 *************** function _SPI_Initialize *****************
 Defined at:
		line 63 in file "mcc_generated_files/spi.c"
 Parameters:    Size  Location     Type
		None
 Auto vars:     Size  Location     Type
		None
 Return value:  Size  Location     Type
                  1    wreg      void 
 Registers used:
		wreg, status,2
 Tracked objects:
		On entry : 
		On exit  : 
		Unchanged: 
 Data sizes:     COMMON   BANK0   BANK1   BANK2   BANK3   BANK4   BANK5   BANK6   BANK7   BANK8   BANK9  BANK10  BANK11  BANK12
      Params:         0       0       0       0       0       0       0       0       0       0       0       0       0       0
      Locals:         0       0       0       0       0       0       0       0       0       0       0       0       0       0
      Temps:          0       0       0       0       0       0       0       0       0       0       0       0       0       0
      Totals:         0       0       0       0       0       0       0       0       0       0       0       0       0       0
Total ram usage:        0 bytes
 Hardware stack levels used:    1
 This function calls:
		Nothing
 This function is called by:
		_SYSTEM_Initialize
 This function uses a non-reentrant model


 *************** function _PIN_MANAGER_Initialize *****************
 Defined at:
		line 52 in file "mcc_generated_files/pin_manager.c"
 Parameters:    Size  Location     Type
		None
 Auto vars:     Size  Location     Type
		None
 Return value:  Size  Location     Type
                  1    wreg      void 
 Registers used:
		wreg, status,2
 Tracked objects:
		On entry : 
		On exit  : 
		Unchanged: 
 Data sizes:     COMMON   BANK0   BANK1   BANK2   BANK3   BANK4   BANK5   BANK6   BANK7   BANK8   BANK9  BANK10  BANK11  BANK12
      Params:         0       0       0       0       0       0       0       0       0       0       0       0       0       0
      Locals:         0       0       0       0       0       0       0       0       0       0       0       0       0       0
      Temps:          0       0       0       0       0       0       0       0       0       0       0       0       0       0
      Totals:         0       0       0       0       0       0       0       0       0       0       0       0       0       0
Total ram usage:        0 bytes
 Hardware stack levels used:    1
 This function calls:
		Nothing
 This function is called by:
		_SYSTEM_Initialize
 This function uses a non-reentrant model


 *************** function _OSCILLATOR_Initialize *****************
 Defined at:
		line 80 in file "mcc_generated_files/mcc.c"
 Parameters:    Size  Location     Type
		None
 Auto vars:     Size  Location     Type
		None
 Return value:  Size  Location     Type
                  1    wreg      void 
 Registers used:
		wreg, status,2
 Tracked objects:
		On entry : 
		On exit  : 
		Unchanged: 
 Data sizes:     COMMON   BANK0   BANK1   BANK2   BANK3   BANK4   BANK5   BANK6   BANK7   BANK8   BANK9  BANK10  BANK11  BANK12
      Params:         0       0       0       0       0       0       0       0       0       0       0       0       0       0
      Locals:         0       0       0       0       0       0       0       0       0       0       0       0       0       0
      Temps:          0       0       0       0       0       0       0       0       0       0       0       0       0       0
      Totals:         0       0       0       0       0       0       0       0       0       0       0       0       0       0
Total ram usage:        0 bytes
 Hardware stack levels used:    1
 This function calls:
		Nothing
 This function is called by:
		_SYSTEM_Initialize
 This function uses a non-reentrant model


 *************** function _EUSART_Initialize *****************
 Defined at:
		line 53 in file "mcc_generated_files/eusart.c"
 Parameters:    Size  Location     Type
		None
 Auto vars:     Size  Location     Type
		None
 Return value:  Size  Location     Type
                  1    wreg      void 
 Registers used:
		wreg, status,2
 Tracked objects:
		On entry : 
		On exit  : 
		Unchanged: 
 Data sizes:     COMMON   BANK0   BANK1   BANK2   BANK3   BANK4   BANK5   BANK6   BANK7   BANK8   BANK9  BANK10  BANK11  BANK12
      Params:         0       0       0       0       0       0       0       0       0       0       0       0       0       0
      Locals:         0       0       0       0       0       0       0       0       0       0       0       0       0       0
      Temps:          0       0       0       0       0       0       0       0       0       0       0       0       0       0
      Totals:         0       0       0       0       0       0       0       0       0       0       0       0       0       0
Total ram usage:        0 bytes
 Hardware stack levels used:    1
 This function calls:
		Nothing
 This function is called by:
		_SYSTEM_Initialize
 This function uses a non-reentrant model


 *************** function _EUSART_Read *****************
 Defined at:
		line 75 in file "mcc_generated_files/eusart.c"
 Parameters:    Size  Location     Type
		None
 Auto vars:     Size  Location     Type
		None
 Return value:  Size  Location     Type
                  1    wreg      unsigned char 
 Registers used:
		wreg
 Tracked objects:
		On entry : 
		On exit  : 
		Unchanged: 
 Data sizes:     COMMON   BANK0   BANK1   BANK2   BANK3   BANK4   BANK5   BANK6   BANK7   BANK8   BANK9  BANK10  BANK11  BANK12
      Params:         0       0       0       0       0       0       0       0       0       0       0       0       0       0
      Locals:         0       0       0       0       0       0       0       0       0       0       0       0       0       0
      Temps:          0       0       0       0       0       0       0       0       0       0       0       0       0       0
      Totals:         0       0       0       0       0       0       0       0       0       0       0       0       0       0
Total ram usage:        0 bytes
 Hardware stack levels used:    1
 This function calls:
		Nothing
 This function is called by:
		_main
		_getch
 This function uses a non-reentrant model



MODULE INFORMATION

Module		Function		Class		Link	Load	Size
C:\Program Files (x86)\Microchip\xc8\v1.45\sources\common\doprnt.c
		_printf        		CODE           	05B0	0000	572

C:\Program Files (x86)\Microchip\xc8\v1.45\sources\common\doprnt.c estimated size: 572

C:\Program Files (x86)\Microchip\xc8\v1.45\sources\common\Umul16.c
		___wmul        		CODE           	0D0C	0000	28

C:\Program Files (x86)\Microchip\xc8\v1.45\sources\common\Umul16.c estimated size: 28

mcp2515.c
		_txf_clear     		CODE           	0D4B	0000	41
		_can_init      		CODE           	0EE4	0000	91
		_can_ope_mode  		CODE           	0DFE	0000	76
		_can_send      		CODE           	013E	0000	314
		_can_dump_registers		CODE           	0277	0000	372
		_read_register 		CODE           	0CE0	0000	22
		_can_set_sid   		CODE           	0D27	0000	37
		_can_set_mask  		CODE           	0011	0000	121
		_receive       		CODE           	0089	0000	182
		_can_status_check		CODE           	0E49	0000	78
		_can_logging_mode		CODE           	0006	0000	12
		_can_baudrate  		CODE           	0D73	0000	44

mcp2515.c estimated size: 1390

mcc_generated_files/pin_manager.c
		_PIN_MANAGER_Initialize		CODE           	0CF5	0000	24

mcc_generated_files/pin_manager.c estimated size: 24

C:\Program Files (x86)\Microchip\xc8\v1.45\sources\common\isdigit.c
		_isdigit       		CODE           	0CAE	0000	15

C:\Program Files (x86)\Microchip\xc8\v1.45\sources\common\isdigit.c estimated size: 15

C:\Program Files (x86)\Microchip\xc8\v1.45\sources\common\lwmod.c
		___lwmod       		CODE           	0D9E	0000	45

C:\Program Files (x86)\Microchip\xc8\v1.45\sources\common\lwmod.c estimated size: 45

mcc_generated_files/spi.c
		_SPI_Exchange8bitBuffer		CODE           	0E96	0000	79
		_SPI_Exchange8bit		CODE           	0C87	0000	10
		_SPI_Initialize		CODE           	0C78	0000	8

mcc_generated_files/spi.c estimated size: 97

C:\Program Files (x86)\Microchip\xc8\v1.45\sources\common\atoi.c
		_atoi          		CODE           	0F99	0000	104

C:\Program Files (x86)\Microchip\xc8\v1.45\sources\common\atoi.c estimated size: 104

spi.c
		_SPI_exchange  		CODE           	0CCB	0000	22

spi.c estimated size: 22

shared
		_dpowers       		STRCODE        	137B	0000	11
		_txbnsidh      		STRCODE        	13AD	0000	4
		_rxfnsidh      		STRCODE        	139B	0000	7
		_abc           		STRCODE        	13B0	0000	4
		__initialization		CODE           	07EB	0000	19
		_nm            		STRCODE        	13B6	0000	3
		_hexpowers     		STRCODE        	1385	0000	9
		_max_idx       		STRCODE        	13BA	0000	2
		_rxmnsidh      		STRCODE        	13B8	0000	3

shared estimated size: 62

mcc_generated_files/mcc.c
		_WDT_Initialize		CODE           	0C62	0000	5
		_OSCILLATOR_Initialize		CODE           	0C71	0000	8
		_SYSTEM_Initialize		CODE           	0CBC	0000	16

mcc_generated_files/mcc.c estimated size: 29

C:\Program Files (x86)\Microchip\xc8\v1.45\sources\common\lwdiv.c
		___lwdiv       		CODE           	0DCA	0000	53

C:\Program Files (x86)\Microchip\xc8\v1.45\sources\common\lwdiv.c estimated size: 53

mcc_generated_files/eusart.c
		_putch         		CODE           	0C66	0000	6
		_EUSART_Read   		CODE           	0C99	0000	11
		_EUSART_Write  		CODE           	0C7F	0000	9
		_EUSART_Initialize		CODE           	0CA3	0000	12

mcc_generated_files/eusart.c estimated size: 38

main.c
		_receive_handler		CODE           	0F3E	0000	92
		_main          		CODE           	03EA	0000	455

main.c estimated size: 547

