Microchip MPLAB XC8 Compiler V1.45 ()

Linker command line:

-W-3 --edf=C:\Program Files (x86)\Microchip\xc8\v1.45\dat\en_msgs.txt -cs \
  -h+dist/default/production\uart2can.X.production.sym \
  --cmf=dist/default/production\uart2can.X.production.cmf -z -Q16F1825 \
  -oC:\Users\shiny\AppData\Local\Temp\si8c.2 \
  -Mdist/default/production/uart2can.X.production.map -E1 -ver=XC8 \
  -ASTACK=02076h-023efh -pstack=STACK -ACODE=00h-07FFhx4 \
  -ASTRCODE=00h-01FFFh -ASTRING=00h-0FFhx32 -ACONST=00h-0FFhx32 \
  -AENTRY=00h-0FFhx32 -ACOMMON=070h-07Fh -ABANK0=020h-06Fh \
  -ABANK1=0A0h-0EFh -ABANK2=0120h-016Fh -ABANK3=01A0h-01EFh \
  -ABANK4=0220h-026Fh -ABANK5=02A0h-02EFh -ABANK6=0320h-036Fh \
  -ABANK7=03A0h-03EFh -ABANK8=0420h-046Fh -ABANK9=04A0h-04EFh \
  -ABANK10=0520h-056Fh -ABANK11=05A0h-05EFh -ABANK12=0620h-064Fh \
  -ABIGRAM=02000h-023EFh \
  -ARAM=020h-06Fh,0A0h-0EFh,0120h-016Fh,01A0h-01EFh,0220h-026Fh,02A0h-02EFh,0320h-036Fh,03A0h-03EFh,0420h-046Fh,04A0h-04EFh,0520h-056Fh,05A0h-05EFh,0620h-064Fh \
  -AABS1=020h-07Fh,0A0h-0EFh,0120h-016Fh,01A0h-01EFh,0220h-026Fh,02A0h-02EFh,0320h-036Fh,03A0h-03EFh,0420h-046Fh,04A0h-04EFh,0520h-056Fh,05A0h-05EFh,0620h-064Fh \
  -ASFR0=00h-01Fh -ASFR1=080h-09Fh -ASFR2=0100h-011Fh -ASFR3=0180h-019Fh \
  -ASFR4=0200h-021Fh -ASFR5=0280h-029Fh -ASFR6=0300h-031Fh \
  -ASFR7=0380h-039Fh -ASFR8=0400h-041Fh -ASFR9=0480h-049Fh \
  -ASFR10=0500h-051Fh -ASFR11=0580h-059Fh -ASFR12=0600h-061Fh \
  -ASFR13=0680h-06EFh -ASFR14=0700h-076Fh -ASFR15=0780h-07EFh \
  -ASFR16=0800h-086Fh -ASFR17=0880h-08EFh -ASFR18=0900h-096Fh \
  -ASFR19=0980h-09EFh -ASFR20=0A00h-0A6Fh -ASFR21=0A80h-0AEFh \
  -ASFR22=0B00h-0B6Fh -ASFR23=0B80h-0BEFh -ASFR24=0C00h-0C6Fh \
  -ASFR25=0C80h-0CEFh -ASFR26=0D00h-0D6Fh -ASFR27=0D80h-0DEFh \
  -ASFR28=0E00h-0E6Fh -ASFR29=0E80h-0EEFh -ASFR30=0F00h-0F6Fh \
  -ASFR31=0F80h-0FEFh -preset_vec=00h,intentry,init,end_init -ppowerup=CODE \
  -pcinit=CODE -pfunctab=ENTRY -ACONFIG=08007h-08008h -pconfig=CONFIG \
  -DCONFIG=2 -AIDLOC=08000h-08003h -pidloc=IDLOC -DIDLOC=2 \
  -AEEDATA=00h-0FFh/0F000h -peeprom_data=EEDATA -DEEDATA=2 -DCODE=2 \
  -DSTRCODE=2 -DSTRING=2 -DCONST=2 -DENTRY=2 -k \
  C:\Users\shiny\AppData\Local\Temp\si8c.obj \
  dist/default/production\uart2can.X.production.obj 

Object code version is 3.11

Machine type is 16F1825



                Name                               Link     Load   Length Selector   Space Scale
C:\Users\shiny\AppData\Local\Temp\si8c.obj
                end_init                              2        2        2        0       0
                reset_vec                             0        0        2        0       0
                config                             8007     8007        2    1000E       0
dist/default/production\uart2can.X.production.obj
                cinit                               7D4      7D4       2C      FA8       0
                text24                              E42      E42        A     1C84       0
                text23                                6        6        B        C       0
                text22                              E23      E23        7     1C46       0
                text21                              E7E      E7E       17     1CFC       0
                text20                              E2A      E2A        7     1C54       0
                text19                              E0B      E0B        4     1C16       0
                text18                              E5A      E5A        F     1CB4       0
                text17                              E95      E95       1B     1D2A       0
                text16                              E4C      E4C        E     1C98       0
                text15                               5F       5F       67       BE       0
                text14                              E39      E39        9     1C72       0
                text13                               11       11       4E       22       0
                text12                              E69      E69       15     1CD2       0
                text11                              F04      F04       34     1E08       0
                text10                              ED8      ED8       2C     1DB0       0
                text9                               E31      E31        8     1C62       0
                text8                               E13      E13        5     1C26       0
                text7                               2D3      2D3      23B      5A6       0
                text6                               F73      F73       43     1EE6       0
                text5                               1A0      1A0      133      340       0
                text4                                C6       C6       DA      18C       0
                text3                               EB0      EB0       28     1D60       0
                text2                               FB6      FB6       4A     1F6C       0
                text1                               F38      F38       3B     1E70       0
                maintext                            50E      50E      2C6      A1C       0
                cstackBANK0                          20       20       3F       20       1
                cstackCOMMON                         70       70        E       70       1
                cstackBANK1                          A0       A0       16       A0       1
                inittext                            E1D      E1D        6     1C3A       0
                dataBANK1                            C1       C1        5       A0       1
                bssBANK1                             B6       B6        B       A0       1
                dataBANK0                            65       65        4       20       1
                bssBANK0                             5F       5F        6       20       1
                stringtext43                       1347     1347        3     2000       0
                stringtext42                       1334     1334        7     2000       0
                stringtext41                       1315     1315        D     2000       0
                stringtext40                       1308     1308        D     2000       0
                stringtext39                       12FA     12FA        E     2000       0
                stringtext38                       12EC     12EC        E     2000       0
                stringtext37                       12DE     12DE        E     2000       0
                stringtext36                       12CF     12CF        F     2000       0
                stringtext35                       12C0     12C0        F     2000       0
                stringtext34                       12B0     12B0       10     2000       0
                stringtext33                       129F     129F       11     2000       0
                stringtext32                       128E     128E       11     2000       0
                stringtext31                       127D     127D       11     2000       0
                stringtext30                       126C     126C       11     2000       0
                stringtext29                       125B     125B       11     2000       0
                stringtext28                       124A     124A       11     2000       0
                stringtext27                       1239     1239       11     2000       0
                stringtext26                       1228     1228       11     2000       0
                stringtext25                       1217     1217       11     2000       0
                stringtext24                       1204     1204       13     2000       0
                stringtext23                       11F0     11F0       14     2000       0
                stringtext22                       11DC     11DC       14     2000       0
                stringtext21                       11C7     11C7       15     2000       0
                stringtext20                       11B1     11B1       16     2000       0
                stringtext19                       119B     119B       16     2000       0
                stringtext18                       1184     1184       17     2000       0
                stringtext17                       116D     116D       17     2000       0
                stringtext16                       1154     1154       19     2000       0
                stringtext15                       113B     113B       19     2000       0
                stringtext14                       1121     1121       1A     2000       0
                stringtext13                       10FB     10FB       26     2000       0
                stringtext12                       10D1     10D1       2A     2000       0
                stringtext11                       10A5     10A5       2C     2000       0
                stringtext10                       1072     1072       33     2000       0
                stringtext9                        103C     103C       36     2000       0
                stringtext8                        1000     1000       3C     2000       0
                stringtext7                        134C     134C        2     2000       0
                stringtext6                        134A     134A        2     2000       0
                stringtext5                        1344     1344        3     2000       0
                stringtext4                        1341     1341        3     2000       0
                stringtext3                        133B     133B        6     2000       0
                stringtext2                        132C     132C        8     2000       0
                stringtext1                        1322     1322        A     2000       0
                idataBANK1                          E18      E18        5     1C30       0
                idataBANK0                          E0F      E0F        4     1C1E       0

TOTAL           Name                               Link     Load   Length     Space
        CLASS   STACK          

        CLASS   CODE           
                end_init                              2        2        2         0
                cinit                               7D4      7D4       2C         0
                reset_vec                             0        0        2         0
                text24                              E42      E42        A         0
                text23                                6        6        B         0
                text22                              E23      E23        7         0
                text21                              E7E      E7E       17         0
                text20                              E2A      E2A        7         0
                text19                              E0B      E0B        4         0
                text18                              E5A      E5A        F         0
                text17                              E95      E95       1B         0
                text16                              E4C      E4C        E         0
                text15                               5F       5F       67         0
                text14                              E39      E39        9         0
                text13                               11       11       4E         0
                text12                              E69      E69       15         0
                text11                              F04      F04       34         0
                text10                              ED8      ED8       2C         0
                text9                               E31      E31        8         0
                text8                               E13      E13        5         0
                text7                               2D3      2D3      23B         0
                text6                               F73      F73       43         0
                text5                               1A0      1A0      133         0
                text4                                C6       C6       DA         0
                text3                               EB0      EB0       28         0
                text2                               FB6      FB6       4A         0
                text1                               F38      F38       3B         0
                maintext                            50E      50E      2C6         0
                inittext                            E1D      E1D        6         0
                idataBANK1                          E18      E18        5         0
                idataBANK0                          E0F      E0F        4         0

        CLASS   STRCODE        
                stringtext43                       1347     1347        3         0
                stringtext42                       1334     1334        7         0
                stringtext41                       1315     1315        D         0
                stringtext40                       1308     1308        D         0
                stringtext39                       12FA     12FA        E         0
                stringtext38                       12EC     12EC        E         0
                stringtext37                       12DE     12DE        E         0
                stringtext36                       12CF     12CF        F         0
                stringtext35                       12C0     12C0        F         0
                stringtext34                       12B0     12B0       10         0
                stringtext33                       129F     129F       11         0
                stringtext32                       128E     128E       11         0
                stringtext31                       127D     127D       11         0
                stringtext30                       126C     126C       11         0
                stringtext29                       125B     125B       11         0
                stringtext28                       124A     124A       11         0
                stringtext27                       1239     1239       11         0
                stringtext26                       1228     1228       11         0
                stringtext25                       1217     1217       11         0
                stringtext24                       1204     1204       13         0
                stringtext23                       11F0     11F0       14         0
                stringtext22                       11DC     11DC       14         0
                stringtext21                       11C7     11C7       15         0
                stringtext20                       11B1     11B1       16         0
                stringtext19                       119B     119B       16         0
                stringtext18                       1184     1184       17         0
                stringtext17                       116D     116D       17         0
                stringtext16                       1154     1154       19         0
                stringtext15                       113B     113B       19         0
                stringtext14                       1121     1121       1A         0
                stringtext13                       10FB     10FB       26         0
                stringtext12                       10D1     10D1       2A         0
                stringtext11                       10A5     10A5       2C         0
                stringtext10                       1072     1072       33         0
                stringtext9                        103C     103C       36         0
                stringtext8                        1000     1000       3C         0
                stringtext7                        134C     134C        2         0
                stringtext6                        134A     134A        2         0
                stringtext5                        1344     1344        3         0
                stringtext4                        1341     1341        3         0
                stringtext3                        133B     133B        6         0
                stringtext2                        132C     132C        8         0
                stringtext1                        1322     1322        A         0

        CLASS   STRING         

        CLASS   CONST          

        CLASS   ENTRY          

        CLASS   COMMON         
                cstackCOMMON                         70       70        E         1

        CLASS   BANK0          
                cstackBANK0                          20       20       3F         1
                dataBANK0                            65       65        4         1
                bssBANK0                             5F       5F        6         1

        CLASS   BANK1          
                cstackBANK1                          A0       A0       16         1
                dataBANK1                            C1       C1        5         1
                bssBANK1                             B6       B6        B         1

        CLASS   BANK2          

        CLASS   BANK3          

        CLASS   BANK4          

        CLASS   BANK5          

        CLASS   BANK6          

        CLASS   BANK7          

        CLASS   BANK8          

        CLASS   BANK9          

        CLASS   BANK10         

        CLASS   BANK11         

        CLASS   BANK12         

        CLASS   BIGRAM         

        CLASS   RAM            

        CLASS   ABS1           
                abs_s1                               7E       7E        2         1

        CLASS   SFR0           

        CLASS   SFR1           

        CLASS   SFR2           

        CLASS   SFR3           

        CLASS   SFR4           

        CLASS   SFR5           

        CLASS   SFR6           

        CLASS   SFR7           

        CLASS   SFR8           

        CLASS   SFR9           

        CLASS   SFR10          

        CLASS   SFR11          

        CLASS   SFR12          

        CLASS   SFR13          

        CLASS   SFR14          

        CLASS   SFR15          

        CLASS   SFR16          

        CLASS   SFR17          

        CLASS   SFR18          

        CLASS   SFR19          

        CLASS   SFR20          

        CLASS   SFR21          

        CLASS   SFR22          

        CLASS   SFR23          

        CLASS   SFR24          

        CLASS   SFR25          

        CLASS   SFR26          

        CLASS   SFR27          

        CLASS   SFR28          

        CLASS   SFR29          

        CLASS   SFR30          

        CLASS   SFR31          

        CLASS   CONFIG         
                config                             8007     8007        2         0

        CLASS   IDLOC          

        CLASS   EEDATA         

        CLASS   BANK31         

        CLASS   BANK30         

        CLASS   BANK29         

        CLASS   BANK28         

        CLASS   BANK27         

        CLASS   BANK26         

        CLASS   BANK25         

        CLASS   BANK24         

        CLASS   BANK23         

        CLASS   BANK22         

        CLASS   BANK21         

        CLASS   BANK20         

        CLASS   BANK19         

        CLASS   BANK18         

        CLASS   BANK17         

        CLASS   BANK16         

        CLASS   BANK15         

        CLASS   BANK14         

        CLASS   BANK13         



SEGMENTS        Name                           Load    Length   Top    Selector   Space  Class     Delta

                reset_vec                      000000  000004  000004         0       0  CODE        2
                text23                         000006  00000B  000011         C       0  CODE        2
                cstackBANK0                    000020  000049  000069        20       1  BANK0       1
                text13                         000011  00004E  00005F        22       0  CODE        2
                cstackCOMMON                   000070  00000E  00007E        70       1  COMMON      1
                cstackBANK1                    0000A0  000026  0000C6        A0       1  BANK1       1
                text15                         00005F  000067  0000C6        BE       0  CODE        2
                text4                          0000C6  0000DA  0001A0       18C       0  CODE        2
                text5                          0001A0  000133  0002D3       340       0  CODE        2
                text7                          0002D3  00023B  00050E       5A6       0  CODE        2
                maintext                       00050E  0002C6  0007D4       A1C       0  CODE        2
                cinit                          0007D4  00002C  000800       FA8       0  CODE        2
                text19                         000E0B  000004  000E0F      1C16       0  CODE        2
                idataBANK0                     000E0F  000004  000E13      1C1E       0  CODE        2
                text8                          000E13  000005  000E18      1C26       0  CODE        2
                idataBANK1                     000E18  000005  000E1D      1C30       0  CODE        2
                inittext                       000E1D  000006  000E23      1C3A       0  CODE        2
                text22                         000E23  000007  000E2A      1C46       0  CODE        2
                text20                         000E2A  000007  000E31      1C54       0  CODE        2
                text9                          000E31  000008  000E39      1C62       0  CODE        2
                text14                         000E39  000009  000E42      1C72       0  CODE        2
                text24                         000E42  00000A  000E4C      1C84       0  CODE        2
                text16                         000E4C  00000E  000E5A      1C98       0  CODE        2
                text18                         000E5A  00000F  000E69      1CB4       0  CODE        2
                text12                         000E69  000015  000E7E      1CD2       0  CODE        2
                text21                         000E7E  000017  000E95      1CFC       0  CODE        2
                text17                         000E95  00001B  000EB0      1D2A       0  CODE        2
                text3                          000EB0  000028  000ED8      1D60       0  CODE        2
                text10                         000ED8  00002C  000F04      1DB0       0  CODE        2
                text11                         000F04  000034  000F38      1E08       0  CODE        2
                text1                          000F38  00003B  000F73      1E70       0  CODE        2
                text6                          000F73  000043  000FB6      1EE6       0  CODE        2
                text2                          000FB6  00004A  001000      1F6C       0  CODE        2
                stringtext8                    001000  00034E  00134E      2000       0  STRCODE     2
                config                         008007  000002  008009     1000E       0  CONFIG      2


UNUSED ADDRESS RANGES

        Name                Unused          Largest block    Delta
        BANK0            00069-0006F               7           1
        BANK1            000C6-000EF              2A           1
        BANK10           00520-0056F              50           1
        BANK11           005A0-005EF              50           1
        BANK12           00620-0064F              30           1
        BANK2            00120-0016F              50           1
        BANK3            001A0-001EF              50           1
        BANK4            00220-0026F              50           1
        BANK5            002A0-002EF              50           1
        BANK6            00320-0036F              50           1
        BANK7            003A0-003EF              50           1
        BANK8            00420-0046F              50           1
        BANK9            004A0-004EF              50           1
        BIGRAM           02000-023EF             3F0           1
        CODE             00004-00005               2           2
                         00800-00E0A             60B
                         0134E-01FFF             4B2
        CONST            00004-00005               2           2
                         00800-00E0A             100
                         0134E-01FFF             100
        EEDATA           0F000-0F0FF             100           2
        ENTRY            00004-00005               2           2
                         00800-00E0A             100
                         0134E-01FFF             100
        IDLOC            08000-08003               4           2
        RAM              00069-0006F               7           1
                         000C6-000EF              2A
                         00120-0016F              50
                         001A0-001EF              50
                         00220-0026F              50
                         002A0-002EF              50
                         00320-0036F              50
                         003A0-003EF              50
                         00420-0046F              50
                         004A0-004EF              50
                         00520-0056F              50
                         005A0-005EF              50
                         00620-0064F              30
        SFR0             00000-0001F              20           1
        SFR1             00080-0009F              20           1
        SFR10            00500-0051F              20           1
        SFR11            00580-0059F              20           1
        SFR12            00600-0061F              20           1
        SFR13            00680-006EF              70           1
        SFR14            00700-0076F              70           1
        SFR15            00780-007EF              70           1
        SFR16            00800-0086F              70           1
        SFR17            00880-008EF              70           1
        SFR18            00900-0096F              70           1
        SFR19            00980-009EF              70           1
        SFR2             00100-0011F              20           1
        SFR20            00A00-00A6F              70           1
        SFR21            00A80-00AEF              70           1
        SFR22            00B00-00B6F              70           1
        SFR23            00B80-00BEF              70           1
        SFR24            00C00-00C6F              70           1
        SFR25            00C80-00CEF              70           1
        SFR26            00D00-00D6F              70           1
        SFR27            00D80-00DEF              70           1
        SFR28            00E00-00E6F              70           1
        SFR29            00E80-00EEF              70           1
        SFR3             00180-0019F              20           1
        SFR30            00F00-00F6F              70           1
        SFR31            00F80-00FEF              70           1
        SFR4             00200-0021F              20           1
        SFR5             00280-0029F              20           1
        SFR6             00300-0031F              20           1
        SFR7             00380-0039F              20           1
        SFR8             00400-0041F              20           1
        SFR9             00480-0049F              20           1
        STACK            02076-023EF             37A           1
        STRCODE          00004-00005               2           2
                         00800-00E0A             60B
                         0134E-01FFF             CB2
        STRING           00004-00005               2           2
                         00800-00E0A             100
                         0134E-01FFF             100

                                  Symbol Table

?___lwdiv                           cstackCOMMON 00070
?___lwmod                           cstackCOMMON 00078
?___wmul                            cstackCOMMON 00070
?_atoi                              cstackCOMMON 00076
?_printf                            cstackBANK0  00020
EUSART_Write@txData                 cstackCOMMON 00070
SPI_Exchange8bit@data               cstackCOMMON 00070
SPI_Exchange8bitBuffer@bufLen       cstackCOMMON 00071
SPI_Exchange8bitBuffer@bytesWritten cstackCOMMON 00077
SPI_Exchange8bitBuffer@dataIn       cstackCOMMON 00076
SPI_Exchange8bitBuffer@dataOut      cstackCOMMON 00072
SPI_exchange@buf                    cstackCOMMON 0007D
SPI_exchange@bytes_written          cstackCOMMON 0007C
SPI_exchange@len                    cstackCOMMON 00078
_ANSELA                             (abs)        0018C
_ANSELC                             (abs)        0018E
_APFCON0                            (abs)        0011D
_APFCON1                            (abs)        0011E
_BAUDCON                            (abs)        0019F
_BORCON                             (abs)        00116
_EUSART_Initialize                  text23       00006
_EUSART_Read                        text24       00E42
_EUSART_Write                       text9        00E31
_LATA                               (abs)        0010C
_LATAbits                           (abs)        0010C
_LATC                               (abs)        0010E
_LATCbits                           (abs)        0010E
_OPTION_REGbits                     (abs)        00095
_OSCCON                             (abs)        00099
_OSCILLATOR_Initialize              text22       00E23
_OSCTUNE                            (abs)        00098
_PIN_MANAGER_Initialize             text21       00E7E
_PIR1bits                           (abs)        00011
_RCREG                              (abs)        00199
_RCSTA                              (abs)        0019D
_RCSTAbits                          (abs)        0019D
_SPBRGH                             (abs)        0019C
_SPBRGL                             (abs)        0019B
_SPI_Exchange8bit                   text14       00E39
_SPI_Exchange8bitBuffer             text13       00011
_SPI_Initialize                     text20       00E2A
_SPI_exchange                       text12       00E69
_SSP1ADD                            (abs)        00212
_SSP1BUF                            (abs)        00211
_SSP1CON1                           (abs)        00215
_SSP1CON1bits                       (abs)        00215
_SSP1STAT                           (abs)        00214
_SSP1STATbits                       (abs)        00214
_SYSTEM_Initialize                  text18       00E5A
_TRISA                              (abs)        0008C
_TRISC                              (abs)        0008E
_TXREG                              (abs)        0019A
_TXSTA                              (abs)        0019E
_WDTCON                             (abs)        00097
_WDT_Initialize                     text19       00E0B
_WPUA                               (abs)        0020C
_WPUC                               (abs)        0020E
__CFG_BOREN$ON                      (abs)        00000
__CFG_BORV$LO                       (abs)        00000
__CFG_CLKOUTEN$OFF                  (abs)        00000
__CFG_CP$OFF                        (abs)        00000
__CFG_CPD$OFF                       (abs)        00000
__CFG_FCMEN$ON                      (abs)        00000
__CFG_FOSC$INTOSC                   (abs)        00000
__CFG_IESO$ON                       (abs)        00000
__CFG_LVP$ON                        (abs)        00000
__CFG_MCLRE$ON                      (abs)        00000
__CFG_PLLEN$OFF                     (abs)        00000
__CFG_PWRTE$OFF                     (abs)        00000
__CFG_STVREN$ON                     (abs)        00000
__CFG_WDTE$OFF                      (abs)        00000
__CFG_WRT$OFF                       (abs)        00000
__Habs1                             abs1         00000
__Hbank0                            bank0        00000
__Hbank1                            bank1        00000
__Hbank10                           bank10       00000
__Hbank11                           bank11       00000
__Hbank12                           bank12       00000
__Hbank13                           bank13       00000
__Hbank14                           bank14       00000
__Hbank15                           bank15       00000
__Hbank16                           bank16       00000
__Hbank17                           bank17       00000
__Hbank18                           bank18       00000
__Hbank19                           bank19       00000
__Hbank2                            bank2        00000
__Hbank20                           bank20       00000
__Hbank21                           bank21       00000
__Hbank22                           bank22       00000
__Hbank23                           bank23       00000
__Hbank24                           bank24       00000
__Hbank25                           bank25       00000
__Hbank26                           bank26       00000
__Hbank27                           bank27       00000
__Hbank28                           bank28       00000
__Hbank29                           bank29       00000
__Hbank3                            bank3        00000
__Hbank30                           bank30       00000
__Hbank31                           bank31       00000
__Hbank4                            bank4        00000
__Hbank5                            bank5        00000
__Hbank6                            bank6        00000
__Hbank7                            bank7        00000
__Hbank8                            bank8        00000
__Hbank9                            bank9        00000
__Hbigram                           bigram       00000
__HbssBANK0                         bssBANK0     00000
__HbssBANK1                         bssBANK1     00000
__Hcinit                            cinit        00800
__Hclrtext                          clrtext      00000
__Hcode                             code         00000
__Hcommon                           common       00000
__Hconfig                           config       08009
__HcstackBANK0                      cstackBANK0  00000
__HcstackBANK1                      cstackBANK1  00000
__HcstackCOMMON                     cstackCOMMON 00000
__HdataBANK0                        dataBANK0    00000
__HdataBANK1                        dataBANK1    00000
__Heeprom_data                      eeprom_data  00000
__Hend_init                         end_init     00004
__Hfunctab                          functab      00000
__HidataBANK0                       idataBANK0   00000
__HidataBANK1                       idataBANK1   00000
__Hidloc                            idloc        00000
__Hinit                             init         00002
__Hinittext                         inittext     00000
__Hintentry                         intentry     00002
__Hmaintext                         maintext     00000
__Hpowerup                          powerup      00000
__Hram                              ram          00000
__Hreset_vec                        reset_vec    00002
__Hsfr0                             sfr0         00000
__Hsfr1                             sfr1         00000
__Hsfr10                            sfr10        00000
__Hsfr11                            sfr11        00000
__Hsfr12                            sfr12        00000
__Hsfr13                            sfr13        00000
__Hsfr14                            sfr14        00000
__Hsfr15                            sfr15        00000
__Hsfr16                            sfr16        00000
__Hsfr17                            sfr17        00000
__Hsfr18                            sfr18        00000
__Hsfr19                            sfr19        00000
__Hsfr2                             sfr2         00000
__Hsfr20                            sfr20        00000
__Hsfr21                            sfr21        00000
__Hsfr22                            sfr22        00000
__Hsfr23                            sfr23        00000
__Hsfr24                            sfr24        00000
__Hsfr25                            sfr25        00000
__Hsfr26                            sfr26        00000
__Hsfr27                            sfr27        00000
__Hsfr28                            sfr28        00000
__Hsfr29                            sfr29        00000
__Hsfr3                             sfr3         00000
__Hsfr30                            sfr30        00000
__Hsfr31                            sfr31        00000
__Hsfr4                             sfr4         00000
__Hsfr5                             sfr5         00000
__Hsfr6                             sfr6         00000
__Hsfr7                             sfr7         00000
__Hsfr8                             sfr8         00000
__Hsfr9                             sfr9         00000
__Hspace_0                          (abs)        08009
__Hspace_1                          (abs)        000C6
__Hspace_2                          (abs)        00000
__Hspace_3                          (abs)        00000
__Hstack                            stack        00000
__Hstrings                          strings      00000
__Hstringtext1                      stringtext1  00000
__Hstringtext10                     stringtext10 00000
__Hstringtext11                     stringtext11 00000
__Hstringtext12                     stringtext12 00000
__Hstringtext13                     stringtext13 00000
__Hstringtext14                     stringtext14 00000
__Hstringtext15                     stringtext15 00000
__Hstringtext16                     stringtext16 00000
__Hstringtext17                     stringtext17 00000
__Hstringtext18                     stringtext18 00000
__Hstringtext19                     stringtext19 00000
__Hstringtext2                      stringtext2  00000
__Hstringtext20                     stringtext20 00000
__Hstringtext21                     stringtext21 00000
__Hstringtext22                     stringtext22 00000
__Hstringtext23                     stringtext23 00000
__Hstringtext24                     stringtext24 00000
__Hstringtext25                     stringtext25 00000
__Hstringtext26                     stringtext26 00000
__Hstringtext27                     stringtext27 00000
__Hstringtext28                     stringtext28 00000
__Hstringtext29                     stringtext29 00000
__Hstringtext3                      stringtext3  00000
__Hstringtext30                     stringtext30 00000
__Hstringtext31                     stringtext31 00000
__Hstringtext32                     stringtext32 00000
__Hstringtext33                     stringtext33 00000
__Hstringtext34                     stringtext34 00000
__Hstringtext35                     stringtext35 00000
__Hstringtext36                     stringtext36 00000
__Hstringtext37                     stringtext37 00000
__Hstringtext38                     stringtext38 00000
__Hstringtext39                     stringtext39 00000
__Hstringtext4                      stringtext4  00000
__Hstringtext40                     stringtext40 00000
__Hstringtext41                     stringtext41 00000
__Hstringtext42                     stringtext42 00000
__Hstringtext43                     stringtext43 00000
__Hstringtext44                     stringtext44 00000
__Hstringtext5                      stringtext5  00000
__Hstringtext6                      stringtext6  00000
__Hstringtext7                      stringtext7  00000
__Hstringtext8                      stringtext8  00000
__Hstringtext9                      stringtext9  00000
__Htext                             text         00000
__Labs1                             abs1         00000
__Lbank0                            bank0        00000
__Lbank1                            bank1        00000
__Lbank10                           bank10       00000
__Lbank11                           bank11       00000
__Lbank12                           bank12       00000
__Lbank13                           bank13       00000
__Lbank14                           bank14       00000
__Lbank15                           bank15       00000
__Lbank16                           bank16       00000
__Lbank17                           bank17       00000
__Lbank18                           bank18       00000
__Lbank19                           bank19       00000
__Lbank2                            bank2        00000
__Lbank20                           bank20       00000
__Lbank21                           bank21       00000
__Lbank22                           bank22       00000
__Lbank23                           bank23       00000
__Lbank24                           bank24       00000
__Lbank25                           bank25       00000
__Lbank26                           bank26       00000
__Lbank27                           bank27       00000
__Lbank28                           bank28       00000
__Lbank29                           bank29       00000
__Lbank3                            bank3        00000
__Lbank30                           bank30       00000
__Lbank31                           bank31       00000
__Lbank4                            bank4        00000
__Lbank5                            bank5        00000
__Lbank6                            bank6        00000
__Lbank7                            bank7        00000
__Lbank8                            bank8        00000
__Lbank9                            bank9        00000
__Lbigram                           bigram       00000
__LbssBANK0                         bssBANK0     00000
__LbssBANK1                         bssBANK1     00000
__Lcinit                            cinit        007D4
__Lclrtext                          clrtext      00000
__Lcode                             code         00000
__Lcommon                           common       00000
__Lconfig                           config       08007
__LcstackBANK0                      cstackBANK0  00000
__LcstackBANK1                      cstackBANK1  00000
__LcstackCOMMON                     cstackCOMMON 00000
__LdataBANK0                        dataBANK0    00000
__LdataBANK1                        dataBANK1    00000
__Leeprom_data                      eeprom_data  00000
__Lend_init                         end_init     00002
__Lfunctab                          functab      00000
__LidataBANK0                       idataBANK0   00000
__LidataBANK1                       idataBANK1   00000
__Lidloc                            idloc        00000
__Linit                             init         00002
__Linittext                         inittext     00000
__Lintentry                         intentry     00002
__Lmaintext                         maintext     00000
__Lpowerup                          powerup      00000
__Lram                              ram          00000
__Lreset_vec                        reset_vec    00000
__Lsfr0                             sfr0         00000
__Lsfr1                             sfr1         00000
__Lsfr10                            sfr10        00000
__Lsfr11                            sfr11        00000
__Lsfr12                            sfr12        00000
__Lsfr13                            sfr13        00000
__Lsfr14                            sfr14        00000
__Lsfr15                            sfr15        00000
__Lsfr16                            sfr16        00000
__Lsfr17                            sfr17        00000
__Lsfr18                            sfr18        00000
__Lsfr19                            sfr19        00000
__Lsfr2                             sfr2         00000
__Lsfr20                            sfr20        00000
__Lsfr21                            sfr21        00000
__Lsfr22                            sfr22        00000
__Lsfr23                            sfr23        00000
__Lsfr24                            sfr24        00000
__Lsfr25                            sfr25        00000
__Lsfr26                            sfr26        00000
__Lsfr27                            sfr27        00000
__Lsfr28                            sfr28        00000
__Lsfr29                            sfr29        00000
__Lsfr3                             sfr3         00000
__Lsfr30                            sfr30        00000
__Lsfr31                            sfr31        00000
__Lsfr4                             sfr4         00000
__Lsfr5                             sfr5         00000
__Lsfr6                             sfr6         00000
__Lsfr7                             sfr7         00000
__Lsfr8                             sfr8         00000
__Lsfr9                             sfr9         00000
__Lspace_0                          (abs)        00000
__Lspace_1                          (abs)        00000
__Lspace_2                          (abs)        00000
__Lspace_3                          (abs)        00000
__Lstack                            stack        00000
__Lstrings                          strings      00000
__Lstringtext1                      stringtext1  00000
__Lstringtext10                     stringtext10 00000
__Lstringtext11                     stringtext11 00000
__Lstringtext12                     stringtext12 00000
__Lstringtext13                     stringtext13 00000
__Lstringtext14                     stringtext14 00000
__Lstringtext15                     stringtext15 00000
__Lstringtext16                     stringtext16 00000
__Lstringtext17                     stringtext17 00000
__Lstringtext18                     stringtext18 00000
__Lstringtext19                     stringtext19 00000
__Lstringtext2                      stringtext2  00000
__Lstringtext20                     stringtext20 00000
__Lstringtext21                     stringtext21 00000
__Lstringtext22                     stringtext22 00000
__Lstringtext23                     stringtext23 00000
__Lstringtext24                     stringtext24 00000
__Lstringtext25                     stringtext25 00000
__Lstringtext26                     stringtext26 00000
__Lstringtext27                     stringtext27 00000
__Lstringtext28                     stringtext28 00000
__Lstringtext29                     stringtext29 00000
__Lstringtext3                      stringtext3  00000
__Lstringtext30                     stringtext30 00000
__Lstringtext31                     stringtext31 00000
__Lstringtext32                     stringtext32 00000
__Lstringtext33                     stringtext33 00000
__Lstringtext34                     stringtext34 00000
__Lstringtext35                     stringtext35 00000
__Lstringtext36                     stringtext36 00000
__Lstringtext37                     stringtext37 00000
__Lstringtext38                     stringtext38 00000
__Lstringtext39                     stringtext39 00000
__Lstringtext4                      stringtext4  00000
__Lstringtext40                     stringtext40 00000
__Lstringtext41                     stringtext41 00000
__Lstringtext42                     stringtext42 00000
__Lstringtext43                     stringtext43 00000
__Lstringtext44                     stringtext44 00000
__Lstringtext5                      stringtext5  00000
__Lstringtext6                      stringtext6  00000
__Lstringtext7                      stringtext7  00000
__Lstringtext8                      stringtext8  00000
__Lstringtext9                      stringtext9  00000
__Ltext                             text         00000
__S0                                (abs)        08009
__S1                                (abs)        000C6
__S2                                (abs)        00000
__S3                                (abs)        00000
___int_sp                           stack        00000
___latbits                          (abs)        00002
___lwdiv                            text11       00F04
___lwdiv@counter                    cstackCOMMON 00077
___lwdiv@dividend                   cstackCOMMON 00072
___lwdiv@divisor                    cstackCOMMON 00070
___lwdiv@quotient                   cstackCOMMON 00075
___lwmod                            text10       00ED8
___lwmod@counter                    cstackCOMMON 0007D
___lwmod@dividend                   cstackCOMMON 0007A
___lwmod@divisor                    cstackCOMMON 00078
___sp                               stack        00000
___wmul                             text17       00E95
___wmul@multiplicand                cstackCOMMON 00072
___wmul@multiplier                  cstackCOMMON 00070
___wmul@product                     cstackCOMMON 00074
__end_of_EUSART_Initialize          text23       00011
__end_of_EUSART_Read                text24       00E4C
__end_of_EUSART_Write               text9        00E39
__end_of_OSCILLATOR_Initialize      text22       00E2A
__end_of_PIN_MANAGER_Initialize     text21       00E95
__end_of_SPI_Exchange8bit           text14       00E42
__end_of_SPI_Exchange8bitBuffer     text13       0005F
__end_of_SPI_Initialize             text20       00E31
__end_of_SPI_exchange               text12       00E7E
__end_of_SYSTEM_Initialize          text18       00E69
__end_of_WDT_Initialize             text19       00E0F
__end_of___lwdiv                    text11       00F38
__end_of___lwmod                    text10       00F04
__end_of___wmul                     text17       00EB0
__end_of__initialization            cinit        007FD
__end_of_abc                        stringtext5  01347
__end_of_atoi                       text15       000C6
__end_of_can_ope_mode               text6        00FB6
__end_of_can_receive                text4        001A0
__end_of_can_send                   text5        002D3
__end_of_can_status_check           text2        01000
__end_of_can_txf_clear              text3        00ED8
__end_of_dpowers                    stringtext1  0132C
__end_of_hexpowers                  stringtext2  01334
__end_of_isdigit                    text16       00E5A
__end_of_main                       maintext     007D4
__end_of_max_idx                    stringtext8  01001
__end_of_nm                         stringtext6  0134C
__end_of_printf                     text7        0050E
__end_of_putch                      text8        00E18
__end_of_rxfnsidh                   stringtext3  01341
__end_of_rxmnsidh                   stringtext7  0134E
__end_of_set_sid                    text1        00F73
__end_of_txbnsidh                   stringtext4  01344
__initialization                    cinit        007D4
__pbssBANK0                         bssBANK0     0005F
__pbssBANK1                         bssBANK1     000B6
__pcstackBANK0                      cstackBANK0  00020
__pcstackBANK1                      cstackBANK1  000A0
__pcstackCOMMON                     cstackCOMMON 00070
__pdataBANK0                        dataBANK0    00065
__pdataBANK1                        dataBANK1    000C1
__pidataBANK0                       idataBANK0   00E0F
__pidataBANK1                       idataBANK1   00E18
__pmaintext                         maintext     0050E
__pstringtext1                      stringtext1  01322
__pstringtext10                     stringtext10 01072
__pstringtext11                     stringtext11 010A5
__pstringtext12                     stringtext12 010D1
__pstringtext13                     stringtext13 010FB
__pstringtext14                     stringtext14 01121
__pstringtext15                     stringtext15 0113B
__pstringtext16                     stringtext16 01154
__pstringtext17                     stringtext17 0116D
__pstringtext18                     stringtext18 01184
__pstringtext19                     stringtext19 0119B
__pstringtext2                      stringtext2  0132C
__pstringtext20                     stringtext20 011B1
__pstringtext21                     stringtext21 011C7
__pstringtext22                     stringtext22 011DC
__pstringtext23                     stringtext23 011F0
__pstringtext24                     stringtext24 01204
__pstringtext25                     stringtext25 01217
__pstringtext26                     stringtext26 01228
__pstringtext27                     stringtext27 01239
__pstringtext28                     stringtext28 0124A
__pstringtext29                     stringtext29 0125B
__pstringtext3                      stringtext3  0133B
__pstringtext30                     stringtext30 0126C
__pstringtext31                     stringtext31 0127D
__pstringtext32                     stringtext32 0128E
__pstringtext33                     stringtext33 0129F
__pstringtext34                     stringtext34 012B0
__pstringtext35                     stringtext35 012C0
__pstringtext36                     stringtext36 012CF
__pstringtext37                     stringtext37 012DE
__pstringtext38                     stringtext38 012EC
__pstringtext39                     stringtext39 012FA
__pstringtext4                      stringtext4  01341
__pstringtext40                     stringtext40 01308
__pstringtext41                     stringtext41 01315
__pstringtext42                     stringtext42 01334
__pstringtext43                     stringtext43 01347
__pstringtext44                     stringtext44 00000
__pstringtext5                      stringtext5  01344
__pstringtext6                      stringtext6  0134A
__pstringtext7                      stringtext7  0134C
__pstringtext8                      stringtext8  01000
__pstringtext9                      stringtext9  0103C
__ptext1                            text1        00F38
__ptext10                           text10       00ED8
__ptext11                           text11       00F04
__ptext12                           text12       00E69
__ptext13                           text13       00011
__ptext14                           text14       00E39
__ptext15                           text15       0005F
__ptext16                           text16       00E4C
__ptext17                           text17       00E95
__ptext18                           text18       00E5A
__ptext19                           text19       00E0B
__ptext2                            text2        00FB6
__ptext20                           text20       00E2A
__ptext21                           text21       00E7E
__ptext22                           text22       00E23
__ptext23                           text23       00006
__ptext24                           text24       00E42
__ptext3                            text3        00EB0
__ptext4                            text4        000C6
__ptext5                            text5        001A0
__ptext6                            text6        00F73
__ptext7                            text7        002D3
__ptext8                            text8        00E13
__ptext9                            text9        00E31
__size_of_EUSART_Initialize         (abs)        00000
__size_of_EUSART_Read               (abs)        00000
__size_of_EUSART_Write              (abs)        00000
__size_of_OSCILLATOR_Initialize     (abs)        00000
__size_of_PIN_MANAGER_Initialize    (abs)        00000
__size_of_SPI_Exchange8bit          (abs)        00000
__size_of_SPI_Exchange8bitBuffer    (abs)        00000
__size_of_SPI_Initialize            (abs)        00000
__size_of_SPI_exchange              (abs)        00000
__size_of_SYSTEM_Initialize         (abs)        00000
__size_of_WDT_Initialize            (abs)        00000
__size_of___lwdiv                   (abs)        00000
__size_of___lwmod                   (abs)        00000
__size_of___wmul                    (abs)        00000
__size_of_atoi                      (abs)        00000
__size_of_can_ope_mode              (abs)        00000
__size_of_can_receive               (abs)        00000
__size_of_can_send                  (abs)        00000
__size_of_can_status_check          (abs)        00000
__size_of_can_txf_clear             (abs)        00000
__size_of_isdigit                   (abs)        00000
__size_of_main                      (abs)        00000
__size_of_printf                    (abs)        00000
__size_of_putch                     (abs)        00000
__size_of_set_sid                   (abs)        00000
_abc                                stringtext5  01344
_atoi                               text15       0005F
_buf                                bssBANK1     000B8
_c                                  bssBANK1     000B7
_can_ope_mode                       text6        00F73
_can_receive                        text4        000C6
_can_send                           text5        001A0
_can_status_check                   text2        00FB6
_can_txf_clear                      text3        00EB0
_dpowers                            stringtext1  01322
_hexpowers                          stringtext2  0132C
_idx                                bssBANK1     000B6
_isdigit                            text16       00E4C
_isdigit$683                        cstackCOMMON 00070
_main                               maintext     0050E
_main$433                           cstackBANK1  000A5
_main$434                           cstackBANK1  000A7
_max_idx                            stringtext8  01000
_mode                               bssBANK0     0005F
_nm                                 stringtext6  0134A
_printf                             text7        002D3
_putch                              text8        00E13
_rxfnsidh                           stringtext3  0133B
_rxmnsidh                           stringtext7  0134C
_set_sid                            text1        00F38
_sid                                bssBANK0     00063
_txbnsidh                           stringtext4  01341
atoi@a                              cstackCOMMON 0007B
atoi@s                              cstackCOMMON 0007D
atoi@sign                           cstackCOMMON 0007A
btemp                               (abs)        0007E
can_ope_mode@bytes_written          cstackBANK0  0003C
can_ope_mode@can_ctrl_buf           cstackBANK0  0003D
can_ope_mode@ope_mode               cstackBANK0  0003B
can_receive@bytes_read              cstackBANK0  0003E
can_receive@dlc                     cstackBANK0  0004E
can_receive@n                       cstackBANK0  00052
can_receive@rx_buf                  cstackBANK0  0003F
can_receive@rx_buf_ptr              cstackBANK0  00051
can_receive@sid                     cstackBANK0  0004F
can_send@F2958                      dataBANK0    00067
can_send@buf                        cstackBANK0  0004E
can_send@bytes_written              cstackBANK0  00050
can_send@can_status_buf             cstackBANK0  0004C
can_send@debug_buf                  cstackBANK0  00053
can_send@dlc                        cstackBANK0  00039
can_send@i                          cstackBANK0  00056
can_send@len                        cstackBANK0  0004F
can_send@n                          cstackBANK0  00057
can_send@status                     cstackBANK0  00052
can_send@tx_buf                     cstackBANK0  0003E
can_send@txb_ctrl_buf               cstackBANK0  00051
can_status_check@F2968              dataBANK0    00065
can_status_check@bytes_written      cstackBANK0  00055
can_status_check@can_status_buf     cstackBANK0  00056
can_status_check@status             cstackBANK0  00058
can_txf_clear@bytes_written         cstackBANK0  00024
can_txf_clear@can_int_flag          cstackBANK0  00025
can_txf_clear@mask                  cstackBANK0  00023
can_txf_clear@n                     cstackBANK0  00022
end_of_initialization               cinit        007FD
init_ram                            inittext     00E1D
intlevel0                           functab      00000
intlevel1                           functab      00000
intlevel2                           functab      00000
intlevel3                           functab      00000
intlevel4                           functab      00000
intlevel5                           functab      00000
isdigit@c                           cstackCOMMON 00071
main@F2974                          dataBANK1    000C1
main@cmd                            cstackBANK1  000B4
main@cnf_buf                        cstackBANK1  000A0
main@mask                           cstackBANK1  000AC
main@mask_buf                       cstackBANK1  000B0
main@mask_sidh                      cstackBANK1  000AE
main@mask_sidl                      cstackBANK1  000AF
main@n                              cstackBANK1  000B5
main@rc                             cstackBANK1  000AA
main@rc_452                         cstackBANK1  000AB
main@sid                            cstackBANK1  000A9
printf@ap                           cstackBANK0  00032
printf@c                            cstackBANK0  00038
printf@cp                           cstackBANK0  0002E
printf@f                            cstackBANK0  00020
printf@flag                         cstackBANK0  00035
printf@idx                          cstackBANK0  0002C
printf@len                          cstackBANK0  00030
printf@prec                         cstackBANK0  0002D
printf@val                          cstackBANK0  00033
printf@width                        cstackBANK0  00036
putch@txData                        cstackCOMMON 00071
reset_vec                           reset_vec    00000
set_sid@can_node                    cstackBANK0  00039
set_sid@sidh                        cstackBANK0  0003F
set_sid@sidl                        cstackBANK0  00040
stackhi                             (abs)        023EF
stacklo                             (abs)        02076
start                               init         00002
start_initialization                cinit        007D4
wtemp0                              (abs)        0007E


FUNCTION INFORMATION:

 *************** function _main *****************
 Defined at:
		line 246 in file "main.c"
 Parameters:    Size  Location     Type
		None
 Auto vars:     Size  Location     Type
  rc              1   10[BANK1 ] unsigned char 
  mask_buf        4   16[BANK1 ] unsigned char [4]
  mask            2   12[BANK1 ] unsigned int 
  n               1   21[BANK1 ] unsigned char 
  cmd             1   20[BANK1 ] unsigned char 
  mask_sidl       1   15[BANK1 ] unsigned char 
  mask_sidh       1   14[BANK1 ] unsigned char 
  sid             1    9[BANK1 ] unsigned char 
  rc              1   11[BANK1 ] unsigned char 
  cnf_buf         5    0[BANK1 ] unsigned char [5]
 Return value:  Size  Location     Type
                  1    wreg      void 
 Registers used:
		wreg, fsr0l, fsr0h, fsr1l, fsr1h, status,2, status,0, pclath, cstack
 Tracked objects:
		On entry : 
		On exit  : 
		Unchanged: 
 Data sizes:     COMMON   BANK0   BANK1   BANK2   BANK3   BANK4   BANK5   BANK6   BANK7   BANK8   BANK9  BANK10  BANK11  BANK12
      Params:         0       0       0       0       0       0       0       0       0       0       0       0       0       0
      Locals:         0       0      22       0       0       0       0       0       0       0       0       0       0       0
      Temps:          0       6       0       0       0       0       0       0       0       0       0       0       0       0
      Totals:         0       6      22       0       0       0       0       0       0       0       0       0       0       0
Total ram usage:       28 bytes
 Hardware stack levels required when called:    5
 This function calls:
		_EUSART_Read
		_SPI_exchange
		_SYSTEM_Initialize
		_atoi
		_can_ope_mode
		_can_send
		_can_status_check
		_printf
		_set_sid
 This function is called by:
		Startup code after reset
 This function uses a non-reentrant model


 *************** function _set_sid *****************
 Defined at:
		line 37 in file "main.c"
 Parameters:    Size  Location     Type
  can_node        2   25[BANK0 ] unsigned int 
 Auto vars:     Size  Location     Type
  sidl            1   32[BANK0 ] unsigned char 
  sidh            1   31[BANK0 ] unsigned char 
 Return value:  Size  Location     Type
                  1    wreg      void 
 Registers used:
		wreg, fsr0l, fsr0h, fsr1l, fsr1h, status,2, status,0, pclath, cstack
 Tracked objects:
		On entry : 
		On exit  : 
		Unchanged: 
 Data sizes:     COMMON   BANK0   BANK1   BANK2   BANK3   BANK4   BANK5   BANK6   BANK7   BANK8   BANK9  BANK10  BANK11  BANK12
      Params:         0       2       0       0       0       0       0       0       0       0       0       0       0       0
      Locals:         0       2       0       0       0       0       0       0       0       0       0       0       0       0
      Temps:          0       4       0       0       0       0       0       0       0       0       0       0       0       0
      Totals:         0       8       0       0       0       0       0       0       0       0       0       0       0       0
Total ram usage:        8 bytes
 Hardware stack levels used:    1
 Hardware stack levels required when called:    3
 This function calls:
		_printf
 This function is called by:
		_main
 This function uses a non-reentrant model


 *************** function _can_status_check *****************
 Defined at:
		line 223 in file "main.c"
 Parameters:    Size  Location     Type
		None
 Auto vars:     Size  Location     Type
  can_status_b    2   54[BANK0 ] unsigned char [2]
  status          1   56[BANK0 ] unsigned char 
  bytes_writte    1   53[BANK0 ] unsigned char 
 Return value:  Size  Location     Type
                  1    wreg      void 
 Registers used:
		wreg, fsr0l, fsr0h, fsr1l, fsr1h, status,2, status,0, pclath, cstack
 Tracked objects:
		On entry : 
		On exit  : 
		Unchanged: 
 Data sizes:     COMMON   BANK0   BANK1   BANK2   BANK3   BANK4   BANK5   BANK6   BANK7   BANK8   BANK9  BANK10  BANK11  BANK12
      Params:         0       0       0       0       0       0       0       0       0       0       0       0       0       0
      Locals:         0       4       0       0       0       0       0       0       0       0       0       0       0       0
      Temps:          0       2       0       0       0       0       0       0       0       0       0       0       0       0
      Totals:         0       6       0       0       0       0       0       0       0       0       0       0       0       0
Total ram usage:        6 bytes
 Hardware stack levels used:    1
 Hardware stack levels required when called:    4
 This function calls:
		_SPI_exchange
		_can_receive
		_can_txf_clear
		_printf
 This function is called by:
		_main
 This function uses a non-reentrant model


 *************** function _can_txf_clear *****************
 Defined at:
		line 75 in file "main.c"
 Parameters:    Size  Location     Type
  n               1    wreg     unsigned char 
 Auto vars:     Size  Location     Type
  n               1    2[BANK0 ] unsigned char 
  can_int_flag    4    5[BANK0 ] unsigned char [4]
  bytes_writte    1    4[BANK0 ] unsigned char 
  mask            1    3[BANK0 ] unsigned char 
 Return value:  Size  Location     Type
                  1    wreg      unsigned char 
 Registers used:
		wreg, fsr1l, fsr1h, status,2, status,0, pclath, cstack
 Tracked objects:
		On entry : 
		On exit  : 
		Unchanged: 
 Data sizes:     COMMON   BANK0   BANK1   BANK2   BANK3   BANK4   BANK5   BANK6   BANK7   BANK8   BANK9  BANK10  BANK11  BANK12
      Params:         0       0       0       0       0       0       0       0       0       0       0       0       0       0
      Locals:         0       7       0       0       0       0       0       0       0       0       0       0       0       0
      Temps:          0       2       0       0       0       0       0       0       0       0       0       0       0       0
      Totals:         0       9       0       0       0       0       0       0       0       0       0       0       0       0
Total ram usage:        9 bytes
 Hardware stack levels used:    1
 Hardware stack levels required when called:    3
 This function calls:
		_SPI_exchange
 This function is called by:
		_can_status_check
 This function uses a non-reentrant model


 *************** function _can_receive *****************
 Defined at:
		line 93 in file "main.c"
 Parameters:    Size  Location     Type
  n               1    wreg     unsigned char 
 Auto vars:     Size  Location     Type
  n               1   50[BANK0 ] unsigned char 
  rx_buf         15   31[BANK0 ] unsigned char [15]
  sid             2   47[BANK0 ] unsigned int 
  rx_buf_ptr      1   49[BANK0 ] PTR unsigned char 
		 -> can_receive@rx_buf(15), 
  dlc             1   46[BANK0 ] unsigned char 
  bytes_read      1   30[BANK0 ] unsigned char 
 Return value:  Size  Location     Type
                  1    wreg      void 
 Registers used:
		wreg, fsr0l, fsr0h, fsr1l, fsr1h, status,2, status,0, pclath, cstack
 Tracked objects:
		On entry : 
		On exit  : 
		Unchanged: 
 Data sizes:     COMMON   BANK0   BANK1   BANK2   BANK3   BANK4   BANK5   BANK6   BANK7   BANK8   BANK9  BANK10  BANK11  BANK12
      Params:         0       0       0       0       0       0       0       0       0       0       0       0       0       0
      Locals:         0      21       0       0       0       0       0       0       0       0       0       0       0       0
      Temps:          0       5       0       0       0       0       0       0       0       0       0       0       0       0
      Totals:         0      26       0       0       0       0       0       0       0       0       0       0       0       0
Total ram usage:       26 bytes
 Hardware stack levels used:    1
 Hardware stack levels required when called:    3
 This function calls:
		_SPI_exchange
		_printf
 This function is called by:
		_can_status_check
 This function uses a non-reentrant model


 *************** function _can_send *****************
 Defined at:
		line 147 in file "main.c"
 Parameters:    Size  Location     Type
  buf             1    wreg     PTR unsigned char 
		 -> buf(9), 
  dlc             1   25[BANK0 ] unsigned char 
 Auto vars:     Size  Location     Type
  buf             1   46[BANK0 ] PTR unsigned char 
		 -> buf(9), 
  txb_ctrl_buf    1   49[BANK0 ] unsigned char [1]
  tx_buf         14   30[BANK0 ] unsigned char [14]
  debug_buf       3   51[BANK0 ] unsigned char [3]
  can_status_b    2   44[BANK0 ] unsigned char [2]
  n               1   55[BANK0 ] unsigned char 
  i               1   54[BANK0 ] unsigned char 
  status          1   50[BANK0 ] unsigned char 
  bytes_writte    1   48[BANK0 ] unsigned char 
  len             1   47[BANK0 ] unsigned char 
 Return value:  Size  Location     Type
                  1    wreg      unsigned char 
 Registers used:
		wreg, fsr0l, fsr0h, fsr1l, fsr1h, status,2, status,0, pclath, cstack
 Tracked objects:
		On entry : 
		On exit  : 
		Unchanged: 
 Data sizes:     COMMON   BANK0   BANK1   BANK2   BANK3   BANK4   BANK5   BANK6   BANK7   BANK8   BANK9  BANK10  BANK11  BANK12
      Params:         0       1       0       0       0       0       0       0       0       0       0       0       0       0
      Locals:         0      26       0       0       0       0       0       0       0       0       0       0       0       0
      Temps:          0       4       0       0       0       0       0       0       0       0       0       0       0       0
      Totals:         0      31       0       0       0       0       0       0       0       0       0       0       0       0
Total ram usage:       31 bytes
 Hardware stack levels used:    1
 Hardware stack levels required when called:    3
 This function calls:
		_SPI_exchange
		_printf
 This function is called by:
		_main
 This function uses a non-reentrant model


 *************** function _can_ope_mode *****************
 Defined at:
		line 55 in file "main.c"
 Parameters:    Size  Location     Type
  ope_mode        1    wreg     unsigned char 
 Auto vars:     Size  Location     Type
  ope_mode        1   27[BANK0 ] unsigned char 
  can_ctrl_buf    3   29[BANK0 ] unsigned char [3]
  bytes_writte    1   28[BANK0 ] unsigned char 
 Return value:  Size  Location     Type
                  1    wreg      unsigned char 
 Registers used:
		wreg, fsr0l, fsr0h, fsr1l, fsr1h, status,2, status,0, pclath, cstack
 Tracked objects:
		On entry : 
		On exit  : 
		Unchanged: 
 Data sizes:     COMMON   BANK0   BANK1   BANK2   BANK3   BANK4   BANK5   BANK6   BANK7   BANK8   BANK9  BANK10  BANK11  BANK12
      Params:         0       0       0       0       0       0       0       0       0       0       0       0       0       0
      Locals:         0       5       0       0       0       0       0       0       0       0       0       0       0       0
      Temps:          0       2       0       0       0       0       0       0       0       0       0       0       0       0
      Totals:         0       7       0       0       0       0       0       0       0       0       0       0       0       0
Total ram usage:        7 bytes
 Hardware stack levels used:    1
 Hardware stack levels required when called:    3
 This function calls:
		_SPI_exchange
		_printf
 This function is called by:
		_main
 This function uses a non-reentrant model


 *************** function _printf *****************
 Defined at:
		line 464 in file "C:\Program Files (x86)\Microchip\xc8\v1.45\sources\common\doprnt.c"
 Parameters:    Size  Location     Type
  f               2    0[BANK0 ] PTR const unsigned char 
		 -> STR_38(25), STR_37(19), STR_36(24), STR_35(18), 
		 -> STR_34(22), STR_33(44), STR_32(26), STR_31(42), 
		 -> STR_30(38), STR_29(54), STR_28(59), STR_27(51), 
		 -> STR_26(23), STR_25(17), STR_24(17), STR_23(17), 
		 -> STR_22(17), STR_21(23), STR_20(21), STR_19(3), 
		 -> STR_18(13), STR_17(13), STR_16(17), STR_15(17), 
		 -> STR_14(20), STR_13(14), STR_12(14), STR_11(14), 
		 -> STR_10(4), STR_9(7), STR_8(22), STR_7(25), 
		 -> STR_6(15), STR_5(16), STR_4(17), STR_3(17), 
		 -> STR_2(15), STR_1(20), 
 Auto vars:     Size  Location     Type
  idx             1   12[BANK0 ] unsigned char 
  tmpval          4    0        struct .
  width           2   22[BANK0 ] int 
  val             2   19[BANK0 ] unsigned int 
  len             2   16[BANK0 ] unsigned int 
  cp              2   14[BANK0 ] PTR const unsigned char 
		 -> STR_39(7), printf@c(1), buf(9), can_receive@rx_buf(15), 
  c               1   24[BANK0 ] char 
  flag            1   21[BANK0 ] unsigned char 
  ap              1   18[BANK0 ] PTR void [1]
		 -> ?_printf(2), 
  prec            1   13[BANK0 ] char 
 Return value:  Size  Location     Type
                  2    0[BANK0 ] int 
 Registers used:
		wreg, fsr0l, fsr0h, fsr1l, fsr1h, status,2, status,0, pclath, cstack
 Tracked objects:
		On entry : 
		On exit  : 
		Unchanged: 
 Data sizes:     COMMON   BANK0   BANK1   BANK2   BANK3   BANK4   BANK5   BANK6   BANK7   BANK8   BANK9  BANK10  BANK11  BANK12
      Params:         0       8       0       0       0       0       0       0       0       0       0       0       0       0
      Locals:         0      13       0       0       0       0       0       0       0       0       0       0       0       0
      Temps:          0       4       0       0       0       0       0       0       0       0       0       0       0       0
      Totals:         0      25       0       0       0       0       0       0       0       0       0       0       0       0
Total ram usage:       25 bytes
 Hardware stack levels used:    1
 Hardware stack levels required when called:    2
 This function calls:
		___lwdiv
		___lwmod
		___wmul
		_isdigit
		_putch
 This function is called by:
		_set_sid
		_can_ope_mode
		_can_receive
		_can_send
		_can_status_check
		_main
 This function uses a non-reentrant model


 *************** function _putch *****************
 Defined at:
		line 107 in file "mcc_generated_files/eusart.c"
 Parameters:    Size  Location     Type
  txData          1    wreg     unsigned char 
 Auto vars:     Size  Location     Type
  txData          1    1[COMMON] unsigned char 
 Return value:  Size  Location     Type
                  1    wreg      void 
 Registers used:
		wreg, status,2, status,0, pclath, cstack
 Tracked objects:
		On entry : 
		On exit  : 
		Unchanged: 
 Data sizes:     COMMON   BANK0   BANK1   BANK2   BANK3   BANK4   BANK5   BANK6   BANK7   BANK8   BANK9  BANK10  BANK11  BANK12
      Params:         0       0       0       0       0       0       0       0       0       0       0       0       0       0
      Locals:         1       0       0       0       0       0       0       0       0       0       0       0       0       0
      Temps:          0       0       0       0       0       0       0       0       0       0       0       0       0       0
      Totals:         1       0       0       0       0       0       0       0       0       0       0       0       0       0
Total ram usage:        1 bytes
 Hardware stack levels used:    1
 Hardware stack levels required when called:    1
 This function calls:
		_EUSART_Write
 This function is called by:
		_printf
 This function uses a non-reentrant model


 *************** function _EUSART_Write *****************
 Defined at:
		line 93 in file "mcc_generated_files/eusart.c"
 Parameters:    Size  Location     Type
  txData          1    wreg     unsigned char 
 Auto vars:     Size  Location     Type
  txData          1    0[COMMON] unsigned char 
 Return value:  Size  Location     Type
                  1    wreg      void 
 Registers used:
		wreg
 Tracked objects:
		On entry : 
		On exit  : 
		Unchanged: 
 Data sizes:     COMMON   BANK0   BANK1   BANK2   BANK3   BANK4   BANK5   BANK6   BANK7   BANK8   BANK9  BANK10  BANK11  BANK12
      Params:         0       0       0       0       0       0       0       0       0       0       0       0       0       0
      Locals:         1       0       0       0       0       0       0       0       0       0       0       0       0       0
      Temps:          0       0       0       0       0       0       0       0       0       0       0       0       0       0
      Totals:         1       0       0       0       0       0       0       0       0       0       0       0       0       0
Total ram usage:        1 bytes
 Hardware stack levels used:    1
 This function calls:
		Nothing
 This function is called by:
		_putch
 This function uses a non-reentrant model


 *************** function ___lwmod *****************
 Defined at:
		line 6 in file "C:\Program Files (x86)\Microchip\xc8\v1.45\sources\common\lwmod.c"
 Parameters:    Size  Location     Type
  divisor         2    8[COMMON] unsigned int 
  dividend        2   10[COMMON] unsigned int 
 Auto vars:     Size  Location     Type
  counter         1   13[COMMON] unsigned char 
 Return value:  Size  Location     Type
                  2    8[COMMON] unsigned int 
 Registers used:
		wreg, status,2, status,0
 Tracked objects:
		On entry : 
		On exit  : 
		Unchanged: 
 Data sizes:     COMMON   BANK0   BANK1   BANK2   BANK3   BANK4   BANK5   BANK6   BANK7   BANK8   BANK9  BANK10  BANK11  BANK12
      Params:         4       0       0       0       0       0       0       0       0       0       0       0       0       0
      Locals:         1       0       0       0       0       0       0       0       0       0       0       0       0       0
      Temps:          1       0       0       0       0       0       0       0       0       0       0       0       0       0
      Totals:         6       0       0       0       0       0       0       0       0       0       0       0       0       0
Total ram usage:        6 bytes
 Hardware stack levels used:    1
 This function calls:
		Nothing
 This function is called by:
		_printf
 This function uses a non-reentrant model


 *************** function ___lwdiv *****************
 Defined at:
[...]
 Hardware stack levels used:    1
 Hardware stack levels required when called:    2
 This function calls:
		_SPI_Exchange8bitBuffer
 This function is called by:
		_can_ope_mode
		_can_txf_clear
		_can_receive
		_can_send
		_can_status_check
		_main
 This function uses a non-reentrant model


 *************** function _SPI_Exchange8bitBuffer *****************
 Defined at:
		line 91 in file "mcc_generated_files/spi.c"
 Parameters:    Size  Location     Type
  dataIn          1    wreg     PTR unsigned char 
		 -> main@mask_buf(4), main@cnf_buf(5), can_status_check@can_status_buf(2), can_send@txb_ctrl_buf(1), 
		 -> can_send@debug_buf(3), can_send@tx_buf(14), can_send@can_status_buf(2), can_receive@rx_buf(15), 
		 -> can_txf_clear@can_int_flag(4), can_ope_mode@can_ctrl_buf(3), 
  bufLen          1    1[COMMON] unsigned char 
  dataOut         1    2[COMMON] PTR unsigned char 
		 -> main@mask_buf(4), main@cnf_buf(5), can_status_check@can_status_buf(2), can_send@txb_ctrl_buf(1), 
		 -> can_send@debug_buf(3), can_send@tx_buf(14), can_send@can_status_buf(2), can_receive@rx_buf(15), 
		 -> can_txf_clear@can_int_flag(4), can_ope_mode@can_ctrl_buf(3), 
 Auto vars:     Size  Location     Type
  dataIn          1    6[COMMON] PTR unsigned char 
		 -> main@mask_buf(4), main@cnf_buf(5), can_status_check@can_status_buf(2), can_send@txb_ctrl_buf(1), 
		 -> can_send@debug_buf(3), can_send@tx_buf(14), can_send@can_status_buf(2), can_receive@rx_buf(15), 
		 -> can_txf_clear@can_int_flag(4), can_ope_mode@can_ctrl_buf(3), 
  bytesWritten    1    7[COMMON] unsigned char 
 Return value:  Size  Location     Type
                  1    wreg      unsigned char 
 Registers used:
		wreg, fsr1l, fsr1h, status,2, status,0, pclath, cstack
 Tracked objects:
		On entry : 
		On exit  : 
		Unchanged: 
 Data sizes:     COMMON   BANK0   BANK1   BANK2   BANK3   BANK4   BANK5   BANK6   BANK7   BANK8   BANK9  BANK10  BANK11  BANK12
      Params:         2       0       0       0       0       0       0       0       0       0       0       0       0       0
      Locals:         2       0       0       0       0       0       0       0       0       0       0       0       0       0
      Temps:          3       0       0       0       0       0       0       0       0       0       0       0       0       0
      Totals:         7       0       0       0       0       0       0       0       0       0       0       0       0       0
Total ram usage:        7 bytes
 Hardware stack levels used:    1
 Hardware stack levels required when called:    1
 This function calls:
		_SPI_Exchange8bit
 This function is called by:
		_SPI_exchange
 This function uses a non-reentrant model


 *************** function _SPI_Exchange8bit *****************
 Defined at:
		line 77 in file "mcc_generated_files/spi.c"
 Parameters:    Size  Location     Type
  data            1    wreg     unsigned char 
 Auto vars:     Size  Location     Type
  data            1    0[COMMON] unsigned char 
 Return value:  Size  Location     Type
                  1    wreg      unsigned char 
 Registers used:
		wreg
 Tracked objects:
		On entry : 
		On exit  : 
		Unchanged: 
 Data sizes:     COMMON   BANK0   BANK1   BANK2   BANK3   BANK4   BANK5   BANK6   BANK7   BANK8   BANK9  BANK10  BANK11  BANK12
      Params:         0       0       0       0       0       0       0       0       0       0       0       0       0       0
      Locals:         1       0       0       0       0       0       0       0       0       0       0       0       0       0
      Temps:          0       0       0       0       0       0       0       0       0       0       0       0       0       0
      Totals:         1       0       0       0       0       0       0       0       0       0       0       0       0       0
Total ram usage:        1 bytes
 Hardware stack levels used:    1
 This function calls:
		Nothing
 This function is called by:
		_SPI_Exchange8bitBuffer
 This function uses a non-reentrant model


 *************** function _atoi *****************
 Defined at:
		line 5 in file "C:\Program Files (x86)\Microchip\xc8\v1.45\sources\common\atoi.c"
 Parameters:    Size  Location     Type
  s               1    wreg     PTR const unsigned char 
		 -> buf(9), 
 Auto vars:     Size  Location     Type
  s               1   13[COMMON] PTR const unsigned char 
		 -> buf(9), 
  a               2   11[COMMON] int 
  sign            1   10[COMMON] unsigned char 
 Return value:  Size  Location     Type
                  2    6[COMMON] int 
 Registers used:
		wreg, fsr1l, fsr1h, status,2, status,0, pclath, cstack
 Tracked objects:
		On entry : 
		On exit  : 
		Unchanged: 
 Data sizes:     COMMON   BANK0   BANK1   BANK2   BANK3   BANK4   BANK5   BANK6   BANK7   BANK8   BANK9  BANK10  BANK11  BANK12
      Params:         2       0       0       0       0       0       0       0       0       0       0       0       0       0
      Locals:         4       0       0       0       0       0       0       0       0       0       0       0       0       0
      Temps:          2       0       0       0       0       0       0       0       0       0       0       0       0       0
      Totals:         8       0       0       0       0       0       0       0       0       0       0       0       0       0
Total ram usage:        8 bytes
 Hardware stack levels used:    1
 Hardware stack levels required when called:    1
 This function calls:
		___wmul
		_isdigit
 This function is called by:
		_main
 This function uses a non-reentrant model


 *************** function _isdigit *****************
 Defined at:
		line 8 in file "C:\Program Files (x86)\Microchip\xc8\v1.45\sources\common\isdigit.c"
 Parameters:    Size  Location     Type
  c               1    wreg     unsigned char 
 Auto vars:     Size  Location     Type
  c               1    1[COMMON] unsigned char 
 Return value:  Size  Location     Type
		None               void
 Registers used:
		wreg, status,2, status,0
 Tracked objects:
		On entry : 
		On exit  : 
		Unchanged: 
 Data sizes:     COMMON   BANK0   BANK1   BANK2   BANK3   BANK4   BANK5   BANK6   BANK7   BANK8   BANK9  BANK10  BANK11  BANK12
      Params:         0       0       0       0       0       0       0       0       0       0       0       0       0       0
      Locals:         2       0       0       0       0       0       0       0       0       0       0       0       0       0
      Temps:          0       0       0       0       0       0       0       0       0       0       0       0       0       0
      Totals:         2       0       0       0       0       0       0       0       0       0       0       0       0       0
Total ram usage:        2 bytes
 Hardware stack levels used:    1
 This function calls:
		Nothing
 This function is called by:
		_printf
		_atoi
 This function uses a non-reentrant model


 *************** function ___wmul *****************
 Defined at:
		line 15 in file "C:\Program Files (x86)\Microchip\xc8\v1.45\sources\common\Umul16.c"
 Parameters:    Size  Location     Type
  multiplier      2    0[COMMON] unsigned int 
  multiplicand    2    2[COMMON] unsigned int 
 Auto vars:     Size  Location     Type
  product         2    4[COMMON] unsigned int 
 Return value:  Size  Location     Type
                  2    0[COMMON] unsigned int 
 Registers used:
		wreg, status,2, status,0
 Tracked objects:
		On entry : 
		On exit  : 
		Unchanged: 
 Data sizes:     COMMON   BANK0   BANK1   BANK2   BANK3   BANK4   BANK5   BANK6   BANK7   BANK8   BANK9  BANK10  BANK11  BANK12
      Params:         4       0       0       0       0       0       0       0       0       0       0       0       0       0
      Locals:         2       0       0       0       0       0       0       0       0       0       0       0       0       0
      Temps:          0       0       0       0       0       0       0       0       0       0       0       0       0       0
      Totals:         6       0       0       0       0       0       0       0       0       0       0       0       0       0
Total ram usage:        6 bytes
 Hardware stack levels used:    1
 This function calls:
		Nothing
 This function is called by:
		_printf
		_atoi
 This function uses a non-reentrant model


 *************** function _SYSTEM_Initialize *****************
 Defined at:
		line 70 in file "mcc_generated_files/mcc.c"
 Parameters:    Size  Location     Type
		None
 Auto vars:     Size  Location     Type
		None
 Return value:  Size  Location     Type
                  1    wreg      void 
 Registers used:
		wreg, status,2, status,0, pclath, cstack
 Tracked objects:
		On entry : 
		On exit  : 
		Unchanged: 
 Data sizes:     COMMON   BANK0   BANK1   BANK2   BANK3   BANK4   BANK5   BANK6   BANK7   BANK8   BANK9  BANK10  BANK11  BANK12
      Params:         0       0       0       0       0       0       0       0       0       0       0       0       0       0
      Locals:         0       0       0       0       0       0       0       0       0       0       0       0       0       0
      Temps:          0       0       0       0       0       0       0       0       0       0       0       0       0       0
      Totals:         0       0       0       0       0       0       0       0       0       0       0       0       0       0
Total ram usage:        0 bytes
 Hardware stack levels used:    1
 Hardware stack levels required when called:    1
 This function calls:
		_EUSART_Initialize
		_OSCILLATOR_Initialize
		_PIN_MANAGER_Initialize
		_SPI_Initialize
		_WDT_Initialize
 This function is called by:
		_main
 This function uses a non-reentrant model


 *************** function _WDT_Initialize *****************
 Defined at:
		line 90 in file "mcc_generated_files/mcc.c"
 Parameters:    Size  Location     Type
		None
 Auto vars:     Size  Location     Type
		None
 Return value:  Size  Location     Type
                  1    wreg      void 
 Registers used:
		wreg
 Tracked objects:
		On entry : 
		On exit  : 
		Unchanged: 
 Data sizes:     COMMON   BANK0   BANK1   BANK2   BANK3   BANK4   BANK5   BANK6   BANK7   BANK8   BANK9  BANK10  BANK11  BANK12
      Params:         0       0       0       0       0       0       0       0       0       0       0       0       0       0
      Locals:         0       0       0       0       0       0       0       0       0       0       0       0       0       0
      Temps:          0       0       0       0       0       0       0       0       0       0       0       0       0       0
      Totals:         0       0       0       0       0       0       0       0       0       0       0       0       0       0
Total ram usage:        0 bytes
 Hardware stack levels used:    1
 This function calls:
		Nothing
 This function is called by:
		_SYSTEM_Initialize
 This function uses a non-reentrant model


 *************** function _SPI_Initialize *****************
 Defined at:
		line 63 in file "mcc_generated_files/spi.c"
 Parameters:    Size  Location     Type
		None
 Auto vars:     Size  Location     Type
		None
 Return value:  Size  Location     Type
                  1    wreg      void 
 Registers used:
		wreg, status,2
 Tracked objects:
		On entry : 
		On exit  : 
		Unchanged: 
 Data sizes:     COMMON   BANK0   BANK1   BANK2   BANK3   BANK4   BANK5   BANK6   BANK7   BANK8   BANK9  BANK10  BANK11  BANK12
      Params:         0       0       0       0       0       0       0       0       0       0       0       0       0       0
      Locals:         0       0       0       0       0       0       0       0       0       0       0       0       0       0
      Temps:          0       0       0       0       0       0       0       0       0       0       0       0       0       0
      Totals:         0       0       0       0       0       0       0       0       0       0       0       0       0       0
Total ram usage:        0 bytes
 Hardware stack levels used:    1
 This function calls:
		Nothing
 This function is called by:
		_SYSTEM_Initialize
 This function uses a non-reentrant model


 *************** function _PIN_MANAGER_Initialize *****************
 Defined at:
		line 52 in file "mcc_generated_files/pin_manager.c"
 Parameters:    Size  Location     Type
		None
 Auto vars:     Size  Location     Type
		None
 Return value:  Size  Location     Type
                  1    wreg      void 
 Registers used:
		wreg, status,2
 Tracked objects:
		On entry : 
		On exit  : 
		Unchanged: 
 Data sizes:     COMMON   BANK0   BANK1   BANK2   BANK3   BANK4   BANK5   BANK6   BANK7   BANK8   BANK9  BANK10  BANK11  BANK12
      Params:         0       0       0       0       0       0       0       0       0       0       0       0       0       0
      Locals:         0       0       0       0       0       0       0       0       0       0       0       0       0       0
      Temps:          0       0       0       0       0       0       0       0       0       0       0       0       0       0
      Totals:         0       0       0       0       0       0       0       0       0       0       0       0       0       0
Total ram usage:        0 bytes
 Hardware stack levels used:    1
 This function calls:
		Nothing
 This function is called by:
		_SYSTEM_Initialize
 This function uses a non-reentrant model


 *************** function _OSCILLATOR_Initialize *****************
 Defined at:
		line 80 in file "mcc_generated_files/mcc.c"
 Parameters:    Size  Location     Type
		None
 Auto vars:     Size  Location     Type
		None
 Return value:  Size  Location     Type
                  1    wreg      void 
 Registers used:
		wreg, status,2
 Tracked objects:
		On entry : 
		On exit  : 
		Unchanged: 
 Data sizes:     COMMON   BANK0   BANK1   BANK2   BANK3   BANK4   BANK5   BANK6   BANK7   BANK8   BANK9  BANK10  BANK11  BANK12
      Params:         0       0       0       0       0       0       0       0       0       0       0       0       0       0
      Locals:         0       0       0       0       0       0       0       0       0       0       0       0       0       0
      Temps:          0       0       0       0       0       0       0       0       0       0       0       0       0       0
      Totals:         0       0       0       0       0       0       0       0       0       0       0       0       0       0
Total ram usage:        0 bytes
 Hardware stack levels used:    1
 This function calls:
		Nothing
 This function is called by:
		_SYSTEM_Initialize
 This function uses a non-reentrant model


 *************** function _EUSART_Initialize *****************
 Defined at:
		line 53 in file "mcc_generated_files/eusart.c"
 Parameters:    Size  Location     Type
		None
 Auto vars:     Size  Location     Type
		None
 Return value:  Size  Location     Type
                  1    wreg      void 
 Registers used:
		wreg, status,2
 Tracked objects:
		On entry : 
		On exit  : 
		Unchanged: 
 Data sizes:     COMMON   BANK0   BANK1   BANK2   BANK3   BANK4   BANK5   BANK6   BANK7   BANK8   BANK9  BANK10  BANK11  BANK12
      Params:         0       0       0       0       0       0       0       0       0       0       0       0       0       0
      Locals:         0       0       0       0       0       0       0       0       0       0       0       0       0       0
      Temps:          0       0       0       0       0       0       0       0       0       0       0       0       0       0
      Totals:         0       0       0       0       0       0       0       0       0       0       0       0       0       0
Total ram usage:        0 bytes
 Hardware stack levels used:    1
 This function calls:
		Nothing
 This function is called by:
		_SYSTEM_Initialize
 This function uses a non-reentrant model


 *************** function _EUSART_Read *****************
 Defined at:
		line 75 in file "mcc_generated_files/eusart.c"
 Parameters:    Size  Location     Type
		None
 Auto vars:     Size  Location     Type
		None
 Return value:  Size  Location     Type
                  1    wreg      unsigned char 
 Registers used:
		wreg
 Tracked objects:
		On entry : 
		On exit  : 
		Unchanged: 
 Data sizes:     COMMON   BANK0   BANK1   BANK2   BANK3   BANK4   BANK5   BANK6   BANK7   BANK8   BANK9  BANK10  BANK11  BANK12
      Params:         0       0       0       0       0       0       0       0       0       0       0       0       0       0
      Locals:         0       0       0       0       0       0       0       0       0       0       0       0       0       0
      Temps:          0       0       0       0       0       0       0       0       0       0       0       0       0       0
      Totals:         0       0       0       0       0       0       0       0       0       0       0       0       0       0
Total ram usage:        0 bytes
 Hardware stack levels used:    1
 This function calls:
		Nothing
 This function is called by:
		_main
		_getch
 This function uses a non-reentrant model



MODULE INFORMATION

Module		Function		Class		Link	Load	Size
C:\Program Files (x86)\Microchip\xc8\v1.45\sources\common\doprnt.c
		_printf        		CODE           	02D3	0000	572

C:\Program Files (x86)\Microchip\xc8\v1.45\sources\common\doprnt.c estimated size: 572

C:\Program Files (x86)\Microchip\xc8\v1.45\sources\common\Umul16.c
		___wmul        		CODE           	0E95	0000	28

C:\Program Files (x86)\Microchip\xc8\v1.45\sources\common\Umul16.c estimated size: 28

mcc_generated_files/pin_manager.c
		_PIN_MANAGER_Initialize		CODE           	0E7E	0000	24

mcc_generated_files/pin_manager.c estimated size: 24

C:\Program Files (x86)\Microchip\xc8\v1.45\sources\common\isdigit.c
		_isdigit       		CODE           	0E4C	0000	15

C:\Program Files (x86)\Microchip\xc8\v1.45\sources\common\isdigit.c estimated size: 15

C:\Program Files (x86)\Microchip\xc8\v1.45\sources\common\lwmod.c
		___lwmod       		CODE           	0ED8	0000	45

C:\Program Files (x86)\Microchip\xc8\v1.45\sources\common\lwmod.c estimated size: 45

mcc_generated_files/spi.c
		_SPI_Exchange8bitBuffer		CODE           	0011	0000	79
		_SPI_Exchange8bit		CODE           	0E39	0000	10
		_SPI_Initialize		CODE           	0E2A	0000	8

mcc_generated_files/spi.c estimated size: 97

C:\Program Files (x86)\Microchip\xc8\v1.45\sources\common\atoi.c
		_atoi          		CODE           	005F	0000	104

C:\Program Files (x86)\Microchip\xc8\v1.45\sources\common\atoi.c estimated size: 104

shared
		_dpowers       		STRCODE        	1322	0000	11
		_txbnsidh      		STRCODE        	1341	0000	4
		_rxfnsidh      		STRCODE        	133B	0000	7
		_abc           		STRCODE        	1344	0000	4
		__initialization		CODE           	07D4	0000	42
		_nm            		STRCODE        	134A	0000	3
		_hexpowers     		STRCODE        	132C	0000	9
		_max_idx       		STRCODE        	1000	0000	2
		_rxmnsidh      		STRCODE        	134C	0000	3

shared estimated size: 85

mcc_generated_files/mcc.c
		_WDT_Initialize		CODE           	0E0B	0000	5
		_OSCILLATOR_Initialize		CODE           	0E23	0000	8
		_SYSTEM_Initialize		CODE           	0E5A	0000	16

mcc_generated_files/mcc.c estimated size: 29

C:\Program Files (x86)\Microchip\xc8\v1.45\sources\common\lwdiv.c
		___lwdiv       		CODE           	0F04	0000	53

C:\Program Files (x86)\Microchip\xc8\v1.45\sources\common\lwdiv.c estimated size: 53

mcc_generated_files/eusart.c
		_putch         		CODE           	0E13	0000	6
		_EUSART_Read   		CODE           	0E42	0000	11
		_EUSART_Write  		CODE           	0E31	0000	9
		_EUSART_Initialize		CODE           	0006	0000	12

mcc_generated_files/eusart.c estimated size: 38

main.c
		_can_ope_mode  		CODE           	0F73	0000	68
		_main          		CODE           	050E	0000	711
		_can_send      		CODE           	01A0	0000	308
		_set_sid       		CODE           	0F38	0000	60
		_can_receive   		CODE           	00C6	0000	219
		_can_status_check		CODE           	0FB6	0000	75
		_can_txf_clear 		CODE           	0EB0	0000	41
		_SPI_exchange  		CODE           	0E69	0000	22

main.c estimated size: 1504

