Microchip MPLAB XC8 Compiler V1.45 ()

Linker command line:

-W-3 --edf=C:\Program Files (x86)\Microchip\xc8\v1.45\dat\en_msgs.txt -cs \
  -h+dist/default/production\uart2can.X.production.sym \
  --cmf=dist/default/production\uart2can.X.production.cmf -z -Q16F1825 \
  -oC:\Users\shiny\AppData\Local\Temp\se5s.2 \
  -Mdist/default/production/uart2can.X.production.map -E1 -ver=XC8 \
  -ASTACK=0205Fh-023efh -pstack=STACK -ACODE=00h-07FFhx4 \
  -ASTRCODE=00h-01FFFh -ASTRING=00h-0FFhx32 -ACONST=00h-0FFhx32 \
  -AENTRY=00h-0FFhx32 -ACOMMON=070h-07Fh -ABANK0=020h-06Fh \
  -ABANK1=0A0h-0EFh -ABANK2=0120h-016Fh -ABANK3=01A0h-01EFh \
  -ABANK4=0220h-026Fh -ABANK5=02A0h-02EFh -ABANK6=0320h-036Fh \
  -ABANK7=03A0h-03EFh -ABANK8=0420h-046Fh -ABANK9=04A0h-04EFh \
  -ABANK10=0520h-056Fh -ABANK11=05A0h-05EFh -ABANK12=0620h-064Fh \
  -ABIGRAM=02000h-023EFh \
  -ARAM=020h-06Fh,0A0h-0EFh,0120h-016Fh,01A0h-01EFh,0220h-026Fh,02A0h-02EFh,0320h-036Fh,03A0h-03EFh,0420h-046Fh,04A0h-04EFh,0520h-056Fh,05A0h-05EFh,0620h-064Fh \
  -AABS1=020h-07Fh,0A0h-0EFh,0120h-016Fh,01A0h-01EFh,0220h-026Fh,02A0h-02EFh,0320h-036Fh,03A0h-03EFh,0420h-046Fh,04A0h-04EFh,0520h-056Fh,05A0h-05EFh,0620h-064Fh \
  -ASFR0=00h-01Fh -ASFR1=080h-09Fh -ASFR2=0100h-011Fh -ASFR3=0180h-019Fh \
  -ASFR4=0200h-021Fh -ASFR5=0280h-029Fh -ASFR6=0300h-031Fh \
  -ASFR7=0380h-039Fh -ASFR8=0400h-041Fh -ASFR9=0480h-049Fh \
  -ASFR10=0500h-051Fh -ASFR11=0580h-059Fh -ASFR12=0600h-061Fh \
  -ASFR13=0680h-06EFh -ASFR14=0700h-076Fh -ASFR15=0780h-07EFh \
  -ASFR16=0800h-086Fh -ASFR17=0880h-08EFh -ASFR18=0900h-096Fh \
  -ASFR19=0980h-09EFh -ASFR20=0A00h-0A6Fh -ASFR21=0A80h-0AEFh \
  -ASFR22=0B00h-0B6Fh -ASFR23=0B80h-0BEFh -ASFR24=0C00h-0C6Fh \
  -ASFR25=0C80h-0CEFh -ASFR26=0D00h-0D6Fh -ASFR27=0D80h-0DEFh \
  -ASFR28=0E00h-0E6Fh -ASFR29=0E80h-0EEFh -ASFR30=0F00h-0F6Fh \
  -ASFR31=0F80h-0FEFh -preset_vec=00h,intentry,init,end_init -ppowerup=CODE \
  -pcinit=CODE -pfunctab=ENTRY -ACONFIG=08007h-08008h -pconfig=CONFIG \
  -DCONFIG=2 -AIDLOC=08000h-08003h -pidloc=IDLOC -DIDLOC=2 \
  -AEEDATA=00h-0FFh/0F000h -peeprom_data=EEDATA -DEEDATA=2 -DCODE=2 \
  -DSTRCODE=2 -DSTRING=2 -DCONST=2 -DENTRY=2 -k \
  C:\Users\shiny\AppData\Local\Temp\se5s.obj \
  dist/default/production\uart2can.X.production.obj 

Object code version is 3.11

Machine type is 16F1825



                Name                               Link     Load   Length Selector   Space Scale
C:\Users\shiny\AppData\Local\Temp\se5s.obj
                end_init                              2        2        2        0       0
                reset_vec                             0        0        2        0       0
                config                             8007     8007        2    1000E       0
dist/default/production\uart2can.X.production.obj
                cinit                               7E0      7E0       20      FC0       0
                text23                              2AD      2AD        A      55A       0
                text22                              2C1      2C1        C      582       0
                text21                              2B7      2B7        A      56E       0
                text20                              2EA      2EA       17      5D4       0
                text19                              290      290        6      520       0
                text18                              282      282        4      504       0
                text17                              2DB      2DB        F      5B6       0
                text16                              331      331       1B      662       0
                text15                              2CD      2CD        E      59A       0
                text14                              52C      52C       6C      A58       0
                text13                              2A4      2A4        9      548       0
                text12                              41E      41E       4E      83C       0
                text11                              318      318       19      630       0
                text10                              4C5      4C5       67      98A       0
                text9                               301      301       17      602       0
                text8                               378      378       34      6F0       0
                text7                               29C      29C        8      538       0
                text6                               286      286        5      50C       0
                text5                               63C      63C      1A4      C78       0
                text4                               46C      46C       59      8D8       0
                text3                               34C      34C       2C      698       0
                text2                               3E4      3E4       3A      7C8       0
                text1                               3AC      3AC       38      758       0
                maintext                            598      598       A4      B30       0
                cstackBANK0                          20       20       27       20       1
                cstackCOMMON                         70       70        E       70       1
                clrtext                             296      296        6      52C       0
                bssBANK1                             A0       A0        F       A0       1
                dataBANK0                            62       62        5       20       1
                bssBANK0                             47       47       1B       20       1
                stringtext9                         866      866        3     1000       0
                stringtext8                         85C      85C        7     1000       0
                stringtext7                         843      843       11     1000       0
                stringtext6                         82F      82F       14     1000       0
                stringtext5                         819      819       16     1000       0
                stringtext4                         800      800       19     1000       0
                stringtext3                         863      863        3     1000       0
                stringtext2                         869      869        1     1000       0
                stringtext1                         854      854        8     1000       0
                idataBANK0                          28B      28B        5      516       0

TOTAL           Name                               Link     Load   Length     Space
        CLASS   STACK          

        CLASS   CODE           
                end_init                              2        2        2         0
                cinit                               7E0      7E0       20         0
                reset_vec                             0        0        2         0
                text23                              2AD      2AD        A         0
                text22                              2C1      2C1        C         0
                text21                              2B7      2B7        A         0
                text20                              2EA      2EA       17         0
                text19                              290      290        6         0
                text18                              282      282        4         0
                text17                              2DB      2DB        F         0
                text16                              331      331       1B         0
                text15                              2CD      2CD        E         0
                text14                              52C      52C       6C         0
                text13                              2A4      2A4        9         0
                text12                              41E      41E       4E         0
                text11                              318      318       19         0
                text10                              4C5      4C5       67         0
                text9                               301      301       17         0
                text8                               378      378       34         0
                text7                               29C      29C        8         0
                text6                               286      286        5         0
                text5                               63C      63C      1A4         0
                text4                               46C      46C       59         0
                text3                               34C      34C       2C         0
                text2                               3E4      3E4       3A         0
                text1                               3AC      3AC       38         0
                maintext                            598      598       A4         0
                clrtext                             296      296        6         0
                idataBANK0                          28B      28B        5         0

        CLASS   STRCODE        
                stringtext9                         866      866        3         0
                stringtext8                         85C      85C        7         0
                stringtext7                         843      843       11         0
                stringtext6                         82F      82F       14         0
                stringtext5                         819      819       16         0
                stringtext4                         800      800       19         0
                stringtext3                         863      863        3         0
                stringtext2                         869      869        1         0
                stringtext1                         854      854        8         0

        CLASS   STRING         

        CLASS   CONST          

        CLASS   ENTRY          

        CLASS   COMMON         
                cstackCOMMON                         70       70        E         1

        CLASS   BANK0          
                cstackBANK0                          20       20       27         1
                dataBANK0                            62       62        5         1
                bssBANK0                             47       47       1B         1

        CLASS   BANK1          
                bssBANK1                             A0       A0        F         1

        CLASS   BANK2          

        CLASS   BANK3          

        CLASS   BANK4          

        CLASS   BANK5          

        CLASS   BANK6          

        CLASS   BANK7          

        CLASS   BANK8          

        CLASS   BANK9          

        CLASS   BANK10         

        CLASS   BANK11         

        CLASS   BANK12         

        CLASS   BIGRAM         

        CLASS   RAM            

        CLASS   ABS1           
                abs_s1                               7E       7E        2         1

        CLASS   SFR0           

        CLASS   SFR1           

        CLASS   SFR2           

        CLASS   SFR3           

        CLASS   SFR4           

        CLASS   SFR5           

        CLASS   SFR6           

        CLASS   SFR7           

        CLASS   SFR8           

        CLASS   SFR9           

        CLASS   SFR10          

        CLASS   SFR11          

        CLASS   SFR12          

        CLASS   SFR13          

        CLASS   SFR14          

        CLASS   SFR15          

        CLASS   SFR16          

        CLASS   SFR17          

        CLASS   SFR18          

        CLASS   SFR19          

        CLASS   SFR20          

        CLASS   SFR21          

        CLASS   SFR22          

        CLASS   SFR23          

        CLASS   SFR24          

        CLASS   SFR25          

        CLASS   SFR26          

        CLASS   SFR27          

        CLASS   SFR28          

        CLASS   SFR29          

        CLASS   SFR30          

        CLASS   SFR31          

        CLASS   CONFIG         
                config                             8007     8007        2         0

        CLASS   IDLOC          

        CLASS   EEDATA         

        CLASS   BANK31         

        CLASS   BANK30         

        CLASS   BANK29         

        CLASS   BANK28         

        CLASS   BANK27         

        CLASS   BANK26         

        CLASS   BANK25         

        CLASS   BANK24         

        CLASS   BANK23         

        CLASS   BANK22         

        CLASS   BANK21         

        CLASS   BANK20         

        CLASS   BANK19         

        CLASS   BANK18         

        CLASS   BANK17         

        CLASS   BANK16         

        CLASS   BANK15         

        CLASS   BANK14         

        CLASS   BANK13         



SEGMENTS        Name                           Load    Length   Top    Selector   Space  Class     Delta

                reset_vec                      000000  000004  000004         0       0  CODE        2
                cstackBANK0                    000020  000047  000067        20       1  BANK0       1
                cstackCOMMON                   000070  00000E  00007E        70       1  COMMON      1
                bssBANK1                       0000A0  00000F  0000AF        A0       1  BANK1       1
                text18                         000282  000004  000286       504       0  CODE        2
                text6                          000286  000005  00028B       50C       0  CODE        2
                idataBANK0                     00028B  000005  000290       516       0  CODE        2
                text19                         000290  000006  000296       520       0  CODE        2
                clrtext                        000296  000006  00029C       52C       0  CODE        2
                text7                          00029C  000008  0002A4       538       0  CODE        2
                text13                         0002A4  000009  0002AD       548       0  CODE        2
                text23                         0002AD  00000A  0002B7       55A       0  CODE        2
                text21                         0002B7  00000A  0002C1       56E       0  CODE        2
                text22                         0002C1  00000C  0002CD       582       0  CODE        2
                text15                         0002CD  00000E  0002DB       59A       0  CODE        2
                text17                         0002DB  00000F  0002EA       5B6       0  CODE        2
                text20                         0002EA  000017  000301       5D4       0  CODE        2
                text9                          000301  000017  000318       602       0  CODE        2
                text11                         000318  000019  000331       630       0  CODE        2
                text16                         000331  00001B  00034C       662       0  CODE        2
                text3                          00034C  00002C  000378       698       0  CODE        2
                text8                          000378  000034  0003AC       6F0       0  CODE        2
                text1                          0003AC  000038  0003E4       758       0  CODE        2
                text2                          0003E4  00003A  00041E       7C8       0  CODE        2
                text12                         00041E  00004E  00046C       83C       0  CODE        2
                text4                          00046C  000059  0004C5       8D8       0  CODE        2
                text10                         0004C5  000067  00052C       98A       0  CODE        2
                text14                         00052C  00006C  000598       A58       0  CODE        2
                maintext                       000598  0000A4  00063C       B30       0  CODE        2
                text5                          00063C  0001A4  0007E0       C78       0  CODE        2
                cinit                          0007E0  000020  000800       FC0       0  CODE        2
                stringtext4                    000800  00006A  00086A      1000       0  STRCODE     2
                config                         008007  000002  008009     1000E       0  CONFIG      2


UNUSED ADDRESS RANGES

        Name                Unused          Largest block    Delta
        BANK0            00067-0006F               9           1
        BANK1            000AF-000EF              41           1
        BANK10           00520-0056F              50           1
        BANK11           005A0-005EF              50           1
        BANK12           00620-0064F              30           1
        BANK2            00120-0016F              50           1
        BANK3            001A0-001EF              50           1
        BANK4            00220-0026F              50           1
        BANK5            002A0-002EF              50           1
        BANK6            00320-0036F              50           1
        BANK7            003A0-003EF              50           1
        BANK8            00420-0046F              50           1
        BANK9            004A0-004EF              50           1
        BIGRAM           02000-023EF             3F0           1
        CODE             00004-00281             27E           2
                         0086A-01FFF             800
        CONST            00004-00281             100           2
                         0086A-01FFF             100
        EEDATA           0F000-0F0FF             100           2
        ENTRY            00004-00281             100           2
                         0086A-01FFF             100
        IDLOC            08000-08003               4           2
        RAM              00067-0006F               9           1
                         000AF-000EF              41
                         00120-0016F              50
                         001A0-001EF              50
                         00220-0026F              50
                         002A0-002EF              50
                         00320-0036F              50
                         003A0-003EF              50
                         00420-0046F              50
                         004A0-004EF              50
                         00520-0056F              50
                         005A0-005EF              50
                         00620-0064F              30
        SFR0             00000-0001F              20           1
        SFR1             00080-0009F              20           1
        SFR10            00500-0051F              20           1
        SFR11            00580-0059F              20           1
        SFR12            00600-0061F              20           1
        SFR13            00680-006EF              70           1
        SFR14            00700-0076F              70           1
        SFR15            00780-007EF              70           1
        SFR16            00800-0086F              70           1
        SFR17            00880-008EF              70           1
        SFR18            00900-0096F              70           1
        SFR19            00980-009EF              70           1
        SFR2             00100-0011F              20           1
        SFR20            00A00-00A6F              70           1
        SFR21            00A80-00AEF              70           1
        SFR22            00B00-00B6F              70           1
        SFR23            00B80-00BEF              70           1
        SFR24            00C00-00C6F              70           1
        SFR25            00C80-00CEF              70           1
        SFR26            00D00-00D6F              70           1
        SFR27            00D80-00DEF              70           1
        SFR28            00E00-00E6F              70           1
        SFR29            00E80-00EEF              70           1
        SFR3             00180-0019F              20           1
        SFR30            00F00-00F6F              70           1
        SFR31            00F80-00FEF              70           1
        SFR4             00200-0021F              20           1
        SFR5             00280-0029F              20           1
        SFR6             00300-0031F              20           1
        SFR7             00380-0039F              20           1
        SFR8             00400-0041F              20           1
        SFR9             00480-0049F              20           1
        STACK            0205F-023EF             391           1
        STRCODE          00004-00281             27E           2
                         0086A-01FFF            1796
        STRING           00004-00281             100           2
                         0086A-01FFF             100

                                  Symbol Table

?___lwdiv                           cstackCOMMON 00070
?___wmul                            cstackCOMMON 00070
?_atoi                              cstackCOMMON 00076
?_printf                            cstackCOMMON 00078
EUSART_Write@txData                 cstackCOMMON 00070
SPI_Exchange8bit@data               cstackCOMMON 00070
SPI_Exchange8bitBuffer@bufLen       cstackCOMMON 00071
SPI_Exchange8bitBuffer@bytesWritten cstackCOMMON 00077
SPI_Exchange8bitBuffer@dataIn       cstackCOMMON 00076
SPI_Exchange8bitBuffer@dataOut      cstackCOMMON 00072
SPI_send@bytes_written              cstackBANK0  00020
SPI_send@len                        cstackCOMMON 00078
SPI_send@rbuf                       cstackCOMMON 00079
SPI_send@sbuf                       cstackBANK0  00021
_ANSELA                             (abs)        0018C
_ANSELC                             (abs)        0018E
_APFCON0                            (abs)        0011D
_APFCON1                            (abs)        0011E
_BAUDCON                            (abs)        0019F
_BORCON                             (abs)        00116
_EUSART_Initialize                  text22       002C1
_EUSART_Read                        text23       002AD
_EUSART_Write                       text7        0029C
_LATA                               (abs)        0010C
_LATAbits                           (abs)        0010C
_LATC                               (abs)        0010E
_LATCbits                           (abs)        0010E
_OPTION_REGbits                     (abs)        00095
_OSCCON                             (abs)        00099
_OSCILLATOR_Initialize              text21       002B7
_OSCTUNE                            (abs)        00098
_PIN_MANAGER_Initialize             text20       002EA
_PIR1bits                           (abs)        00011
_PLLR                               (abs)        004D6
_RCREG                              (abs)        00199
_RCSTA                              (abs)        0019D
_RCSTAbits                          (abs)        0019D
_SPBRGH                             (abs)        0019C
_SPBRGL                             (abs)        0019B
_SPI_Exchange8bit                   text13       002A4
_SPI_Exchange8bitBuffer             text12       0041E
_SPI_Initialize                     text19       00290
_SPI_send                           text11       00318
_SSP1ADD                            (abs)        00212
_SSP1BUF                            (abs)        00211
_SSP1CON1                           (abs)        00215
_SSP1CON1bits                       (abs)        00215
_SSP1STAT                           (abs)        00214
_SSP1STATbits                       (abs)        00214
_SYSTEM_Initialize                  text17       002DB
_TRISA                              (abs)        0008C
_TRISC                              (abs)        0008E
_TXREG                              (abs)        0019A
_TXSTA                              (abs)        0019E
_WDTCON                             (abs)        00097
_WDT_Initialize                     text18       00282
_WPUA                               (abs)        0020C
_WPUC                               (abs)        0020E
__CFG_BOREN$ON                      (abs)        00000
__CFG_BORV$LO                       (abs)        00000
__CFG_CLKOUTEN$OFF                  (abs)        00000
__CFG_CP$OFF                        (abs)        00000
__CFG_CPD$OFF                       (abs)        00000
__CFG_FCMEN$ON                      (abs)        00000
__CFG_FOSC$INTOSC                   (abs)        00000
__CFG_IESO$ON                       (abs)        00000
__CFG_LVP$ON                        (abs)        00000
__CFG_MCLRE$ON                      (abs)        00000
__CFG_PLLEN$ON                      (abs)        00000
__CFG_PWRTE$OFF                     (abs)        00000
__CFG_STVREN$ON                     (abs)        00000
__CFG_WDTE$OFF                      (abs)        00000
__CFG_WRT$OFF                       (abs)        00000
__Habs1                             abs1         00000
__Hbank0                            bank0        00000
__Hbank1                            bank1        00000
__Hbank10                           bank10       00000
__Hbank11                           bank11       00000
__Hbank12                           bank12       00000
__Hbank13                           bank13       00000
__Hbank14                           bank14       00000
__Hbank15                           bank15       00000
__Hbank16                           bank16       00000
__Hbank17                           bank17       00000
__Hbank18                           bank18       00000
__Hbank19                           bank19       00000
__Hbank2                            bank2        00000
__Hbank20                           bank20       00000
__Hbank21                           bank21       00000
__Hbank22                           bank22       00000
__Hbank23                           bank23       00000
__Hbank24                           bank24       00000
__Hbank25                           bank25       00000
__Hbank26                           bank26       00000
__Hbank27                           bank27       00000
__Hbank28                           bank28       00000
__Hbank29                           bank29       00000
__Hbank3                            bank3        00000
__Hbank30                           bank30       00000
__Hbank31                           bank31       00000
__Hbank4                            bank4        00000
__Hbank5                            bank5        00000
__Hbank6                            bank6        00000
__Hbank7                            bank7        00000
__Hbank8                            bank8        00000
__Hbank9                            bank9        00000
__Hbigram                           bigram       00000
__HbssBANK0                         bssBANK0     00000
__HbssBANK1                         bssBANK1     00000
__Hcinit                            cinit        00800
__Hclrtext                          clrtext      00000
__Hcode                             code         00000
__Hcommon                           common       00000
__Hconfig                           config       08009
__HcstackBANK0                      cstackBANK0  00000
__HcstackCOMMON                     cstackCOMMON 00000
__HdataBANK0                        dataBANK0    00000
__Heeprom_data                      eeprom_data  00000
__Hend_init                         end_init     00004
__Hfunctab                          functab      00000
__HidataBANK0                       idataBANK0   00000
__Hidloc                            idloc        00000
__Hinit                             init         00002
__Hintentry                         intentry     00002
__Hmaintext                         maintext     00000
__Hpowerup                          powerup      00000
__Hram                              ram          00000
__Hreset_vec                        reset_vec    00002
__Hsfr0                             sfr0         00000
__Hsfr1                             sfr1         00000
__Hsfr10                            sfr10        00000
__Hsfr11                            sfr11        00000
__Hsfr12                            sfr12        00000
__Hsfr13                            sfr13        00000
__Hsfr14                            sfr14        00000
__Hsfr15                            sfr15        00000
__Hsfr16                            sfr16        00000
__Hsfr17                            sfr17        00000
__Hsfr18                            sfr18        00000
__Hsfr19                            sfr19        00000
__Hsfr2                             sfr2         00000
__Hsfr20                            sfr20        00000
__Hsfr21                            sfr21        00000
__Hsfr22                            sfr22        00000
__Hsfr23                            sfr23        00000
__Hsfr24                            sfr24        00000
__Hsfr25                            sfr25        00000
__Hsfr26                            sfr26        00000
__Hsfr27                            sfr27        00000
__Hsfr28                            sfr28        00000
__Hsfr29                            sfr29        00000
__Hsfr3                             sfr3         00000
__Hsfr30                            sfr30        00000
__Hsfr31                            sfr31        00000
__Hsfr4                             sfr4         00000
__Hsfr5                             sfr5         00000
__Hsfr6                             sfr6         00000
__Hsfr7                             sfr7         00000
__Hsfr8                             sfr8         00000
__Hsfr9                             sfr9         00000
__Hspace_0                          (abs)        08009
__Hspace_1                          (abs)        000AF
__Hspace_2                          (abs)        00000
__Hspace_3                          (abs)        00000
__Hstack                            stack        00000
__Hstrings                          strings      00000
__Hstringtext1                      stringtext1  00000
__Hstringtext10                     stringtext10 00000
__Hstringtext2                      stringtext2  00000
__Hstringtext3                      stringtext3  00000
__Hstringtext4                      stringtext4  00000
__Hstringtext5                      stringtext5  00000
__Hstringtext6                      stringtext6  00000
__Hstringtext7                      stringtext7  00000
__Hstringtext8                      stringtext8  00000
__Hstringtext9                      stringtext9  00000
__Htext                             text         00000
__Labs1                             abs1         00000
__Lbank0                            bank0        00000
__Lbank1                            bank1        00000
__Lbank10                           bank10       00000
__Lbank11                           bank11       00000
__Lbank12                           bank12       00000
__Lbank13                           bank13       00000
__Lbank14                           bank14       00000
__Lbank15                           bank15       00000
__Lbank16                           bank16       00000
__Lbank17                           bank17       00000
__Lbank18                           bank18       00000
__Lbank19                           bank19       00000
__Lbank2                            bank2        00000
__Lbank20                           bank20       00000
__Lbank21                           bank21       00000
__Lbank22                           bank22       00000
__Lbank23                           bank23       00000
__Lbank24                           bank24       00000
__Lbank25                           bank25       00000
__Lbank26                           bank26       00000
__Lbank27                           bank27       00000
__Lbank28                           bank28       00000
__Lbank29                           bank29       00000
__Lbank3                            bank3        00000
__Lbank30                           bank30       00000
__Lbank31                           bank31       00000
__Lbank4                            bank4        00000
__Lbank5                            bank5        00000
__Lbank6                            bank6        00000
__Lbank7                            bank7        00000
__Lbank8                            bank8        00000
__Lbank9                            bank9        00000
__Lbigram                           bigram       00000
__LbssBANK0                         bssBANK0     00000
__LbssBANK1                         bssBANK1     00000
__Lcinit                            cinit        007E0
__Lclrtext                          clrtext      00000
__Lcode                             code         00000
__Lcommon                           common       00000
__Lconfig                           config       08007
__LcstackBANK0                      cstackBANK0  00000
__LcstackCOMMON                     cstackCOMMON 00000
__LdataBANK0                        dataBANK0    00000
__Leeprom_data                      eeprom_data  00000
__Lend_init                         end_init     00002
__Lfunctab                          functab      00000
__LidataBANK0                       idataBANK0   00000
__Lidloc                            idloc        00000
__Linit                             init         00002
__Lintentry                         intentry     00002
__Lmaintext                         maintext     00000
__Lpowerup                          powerup      00000
__Lram                              ram          00000
__Lreset_vec                        reset_vec    00000
__Lsfr0                             sfr0         00000
__Lsfr1                             sfr1         00000
__Lsfr10                            sfr10        00000
__Lsfr11                            sfr11        00000
__Lsfr12                            sfr12        00000
__Lsfr13                            sfr13        00000
__Lsfr14                            sfr14        00000
__Lsfr15                            sfr15        00000
__Lsfr16                            sfr16        00000
__Lsfr17                            sfr17        00000
__Lsfr18                            sfr18        00000
__Lsfr19                            sfr19        00000
__Lsfr2                             sfr2         00000
__Lsfr20                            sfr20        00000
__Lsfr21                            sfr21        00000
__Lsfr22                            sfr22        00000
__Lsfr23                            sfr23        00000
__Lsfr24                            sfr24        00000
__Lsfr25                            sfr25        00000
__Lsfr26                            sfr26        00000
__Lsfr27                            sfr27        00000
__Lsfr28                            sfr28        00000
__Lsfr29                            sfr29        00000
__Lsfr3                             sfr3         00000
__Lsfr30                            sfr30        00000
__Lsfr31                            sfr31        00000
__Lsfr4                             sfr4         00000
__Lsfr5                             sfr5         00000
__Lsfr6                             sfr6         00000
__Lsfr7                             sfr7         00000
__Lsfr8                             sfr8         00000
__Lsfr9                             sfr9         00000
__Lspace_0                          (abs)        00000
__Lspace_1                          (abs)        00000
__Lspace_2                          (abs)        00000
__Lspace_3                          (abs)        00000
__Lstack                            stack        00000
__Lstrings                          strings      00000
__Lstringtext1                      stringtext1  00000
__Lstringtext10                     stringtext10 00000
__Lstringtext2                      stringtext2  00000
__Lstringtext3                      stringtext3  00000
__Lstringtext4                      stringtext4  00000
__Lstringtext5                      stringtext5  00000
__Lstringtext6                      stringtext6  00000
__Lstringtext7                      stringtext7  00000
__Lstringtext8                      stringtext8  00000
__Lstringtext9                      stringtext9  00000
__Ltext                             text         00000
__S0                                (abs)        08009
__S1                                (abs)        000AF
__S2                                (abs)        00000
__S3                                (abs)        00000
___int_sp                           stack        00000
___latbits                          (abs)        00002
___lwdiv                            text8        00378
___lwdiv@counter                    cstackCOMMON 00077
___lwdiv@dividend                   cstackCOMMON 00072
___lwdiv@divisor                    cstackCOMMON 00070
___lwdiv@quotient                   cstackCOMMON 00075
___sp                               stack        00000
___wmul                             text16       00331
___wmul@multiplicand                cstackCOMMON 00072
___wmul@multiplier                  cstackCOMMON 00070
___wmul@product                     cstackCOMMON 00074
__end_of_EUSART_Initialize          text22       002CD
__end_of_EUSART_Read                text23       002B7
__end_of_EUSART_Write               text7        002A4
__end_of_OSCILLATOR_Initialize      text21       002C1
__end_of_PIN_MANAGER_Initialize     text20       00301
__end_of_SPI_Exchange8bit           text13       002AD
__end_of_SPI_Exchange8bitBuffer     text12       0046C
__end_of_SPI_Initialize             text19       00296
__end_of_SPI_send                   text11       00331
__end_of_SYSTEM_Initialize          text17       002EA
__end_of_WDT_Initialize             text18       00286
__end_of___lwdiv                    text8        003AC
__end_of___wmul                     text16       0034C
__end_of__initialization            cinit        007FD
__end_of_abc                        stringtext3  00866
__end_of_atoi                       text14       00598
__end_of_can_receive                text4        004C5
__end_of_can_send                   text10       0052C
__end_of_can_start                  text9        00318
__end_of_can_status_check           text2        0041E
__end_of_can_txf_clear              text3        00378
__end_of_hexpowers                  stringtext1  0085C
__end_of_isdigit                    text15       002DB
__end_of_main                       maintext     0063C
__end_of_max_char                   stringtext2  0086A
__end_of_nm                         stringtext4  00802
__end_of_printf                     text5        007E0
__end_of_putch                      text6        0028B
__end_of_set_sid                    text1        003E4
__initialization                    cinit        007E0
__pbssBANK0                         bssBANK0     00047
__pbssBANK1                         bssBANK1     000A0
__pcstackBANK0                      cstackBANK0  00020
__pcstackCOMMON                     cstackCOMMON 00070
__pdataBANK0                        dataBANK0    00062
__pidataBANK0                       idataBANK0   0028B
__pmaintext                         maintext     00598
__pstringtext1                      stringtext1  00854
__pstringtext10                     stringtext10 00000
__pstringtext2                      stringtext2  00869
__pstringtext3                      stringtext3  00863
__pstringtext4                      stringtext4  00800
__pstringtext5                      stringtext5  00819
__pstringtext6                      stringtext6  0082F
__pstringtext7                      stringtext7  00843
__pstringtext8                      stringtext8  0085C
__pstringtext9                      stringtext9  00866
__ptext1                            text1        003AC
__ptext10                           text10       004C5
__ptext11                           text11       00318
__ptext12                           text12       0041E
__ptext13                           text13       002A4
__ptext14                           text14       0052C
__ptext15                           text15       002CD
__ptext16                           text16       00331
__ptext17                           text17       002DB
__ptext18                           text18       00282
__ptext19                           text19       00290
__ptext2                            text2        003E4
__ptext20                           text20       002EA
__ptext21                           text21       002B7
__ptext22                           text22       002C1
__ptext23                           text23       002AD
__ptext3                            text3        0034C
__ptext4                            text4        0046C
__ptext5                            text5        0063C
__ptext6                            text6        00286
__ptext7                            text7        0029C
__ptext8                            text8        00378
__ptext9                            text9        00301
__size_of_EUSART_Initialize         (abs)        00000
__size_of_EUSART_Read               (abs)        00000
__size_of_EUSART_Write              (abs)        00000
__size_of_OSCILLATOR_Initialize     (abs)        00000
__size_of_PIN_MANAGER_Initialize    (abs)        00000
__size_of_SPI_Exchange8bit          (abs)        00000
__size_of_SPI_Exchange8bitBuffer    (abs)        00000
__size_of_SPI_Initialize            (abs)        00000
__size_of_SPI_send                  (abs)        00000
__size_of_SYSTEM_Initialize         (abs)        00000
__size_of_WDT_Initialize            (abs)        00000
__size_of___lwdiv                   (abs)        00000
__size_of___wmul                    (abs)        00000
__size_of_atoi                      (abs)        00000
__size_of_can_receive               (abs)        00000
__size_of_can_send                  (abs)        00000
__size_of_can_start                 (abs)        00000
__size_of_can_status_check          (abs)        00000
__size_of_can_txf_clear             (abs)        00000
__size_of_isdigit                   (abs)        00000
__size_of_main                      (abs)        00000
__size_of_printf                    (abs)        00000
__size_of_putch                     (abs)        00000
__size_of_set_sid                   (abs)        00000
_abc                                stringtext3  00863
_atoi                               text14       0052C
_buf                                bssBANK0     00059
_c                                  bssBANK0     0004A
_can_receive                        text4        0046C
_can_send                           text10       004C5
_can_start                          text9        00301
_can_status_check                   text2        003E4
_can_txf_clear                      text3        0034C
_cnt                                bssBANK0     00049
_hexpowers                          stringtext1  00854
_isdigit                            text15       002CD
_isdigit$622                        cstackCOMMON 00070
_main                               maintext     00598
_max_char                           stringtext2  00869
_nm                                 stringtext4  00800
_printf                             text5        0063C
_putch                              text6        00286
_rx_buf                             bssBANK1     000A0
_set_sid                            text1        003AC
_sid                                bssBANK0     00047
_tx_buf                             bssBANK0     0004B
atoi@a                              cstackCOMMON 0007B
atoi@s                              cstackCOMMON 00076
atoi@sign                           cstackCOMMON 0007A
btemp                               (abs)        0007E
can_receive@bytes_read              cstackBANK0  00035
can_receive@bytes_written           cstackBANK0  00034
can_receive@can_int_flag            cstackBANK0  00037
can_receive@mask                    cstackBANK0  00036
can_receive@n                       cstackBANK0  0003B
can_send@buf                        cstackBANK0  00022
can_send@bytes_written              cstackBANK0  00029
can_send@cnt                        cstackBANK0  00023
can_send@i                          cstackBANK0  0002A
can_send@len                        cstackBANK0  00028
can_send@n                          cstackBANK0  00027
can_send@txb_ctrl_buf               cstackBANK0  0002B
can_start@F2930                     dataBANK0    00062
can_start@bytes_written             cstackBANK0  00028
can_start@can_ctrl_buf              cstackBANK0  00025
can_status_check@F2954              dataBANK0    00065
can_status_check@bytes_written      cstackBANK0  0003F
can_status_check@can_status_buf     cstackBANK0  00040
can_status_check@status             cstackBANK0  00042
can_txf_clear@bytes_written         cstackBANK0  00027
can_txf_clear@can_int_flag          cstackBANK0  00028
can_txf_clear@mask                  cstackBANK0  00026
can_txf_clear@n                     cstackBANK0  00025
clear_ram0                          clrtext      00296
end_of_initialization               cinit        007FD
intlevel0                           functab      00000
intlevel1                           functab      00000
intlevel2                           functab      00000
intlevel3                           functab      00000
intlevel4                           functab      00000
intlevel5                           functab      00000
isdigit@c                           cstackCOMMON 00071
main@sid                            cstackBANK0  00045
printf@ap                           cstackBANK0  0002B
printf@c                            cstackBANK0  00030
printf@cp                           cstackBANK0  00029
printf@f                            cstackCOMMON 00078
printf@flag                         cstackBANK0  00025
printf@idx                          cstackBANK0  00024
printf@len                          cstackBANK0  0002C
printf@prec                         cstackBANK0  00028
printf@val                          cstackBANK0  00026
printf@width                        cstackBANK0  0002E
putch@txData                        cstackCOMMON 00071
reset_vec                           reset_vec    00000
set_sid@can_node                    cstackBANK0  00031
set_sid@sidh                        cstackBANK0  00037
set_sid@sidl                        cstackBANK0  00038
stackhi                             (abs)        023EF
stacklo                             (abs)        0205F
start                               init         00002
start_initialization                cinit        007E0
wtemp0                              (abs)        0007E


FUNCTION INFORMATION:

 *************** function _main *****************
 Defined at:
		line 203 in file "main.c"
 Parameters:    Size  Location     Type
		None
 Auto vars:     Size  Location     Type
  sid             2   37[BANK0 ] unsigned int 
 Return value:  Size  Location     Type
                  1    wreg      void 
 Registers used:
		wreg, fsr0l, fsr0h, fsr1l, fsr1h, status,2, status,0, pclath, cstack
 Tracked objects:
		On entry : 
		On exit  : 
		Unchanged: 
 Data sizes:     COMMON   BANK0   BANK1   BANK2   BANK3   BANK4   BANK5   BANK6   BANK7   BANK8   BANK9  BANK10  BANK11  BANK12
      Params:         0       0       0       0       0       0       0       0       0       0       0       0       0       0
      Locals:         0       2       0       0       0       0       0       0       0       0       0       0       0       0
      Temps:          0       2       0       0       0       0       0       0       0       0       0       0       0       0
      Totals:         0       4       0       0       0       0       0       0       0       0       0       0       0       0
Total ram usage:        4 bytes
 Hardware stack levels required when called:    5
 This function calls:
		_EUSART_Read
		_SYSTEM_Initialize
		_atoi
		_can_send
		_can_start
		_can_status_check
		_printf
		_set_sid
 This function is called by:
		Startup code after reset
 This function uses a non-reentrant model


 *************** function _set_sid *****************
 Defined at:
		line 72 in file "main.c"
 Parameters:    Size  Location     Type
  can_node        2   17[BANK0 ] unsigned int 
 Auto vars:     Size  Location     Type
  sidl            1   24[BANK0 ] unsigned char 
  sidh            1   23[BANK0 ] unsigned char 
 Return value:  Size  Location     Type
                  1    wreg      void 
 Registers used:
		wreg, fsr0l, fsr0h, fsr1l, fsr1h, status,2, status,0, pclath, cstack
 Tracked objects:
		On entry : 
		On exit  : 
		Unchanged: 
 Data sizes:     COMMON   BANK0   BANK1   BANK2   BANK3   BANK4   BANK5   BANK6   BANK7   BANK8   BANK9  BANK10  BANK11  BANK12
      Params:         0       2       0       0       0       0       0       0       0       0       0       0       0       0
      Locals:         0       2       0       0       0       0       0       0       0       0       0       0       0       0
      Temps:          0       4       0       0       0       0       0       0       0       0       0       0       0       0
      Totals:         0       8       0       0       0       0       0       0       0       0       0       0       0       0
Total ram usage:        8 bytes
 Hardware stack levels used:    1
 Hardware stack levels required when called:    3
 This function calls:
		_printf
 This function is called by:
		_main
 This function uses a non-reentrant model


 *************** function _can_status_check *****************
 Defined at:
		line 183 in file "main.c"
 Parameters:    Size  Location     Type
		None
 Auto vars:     Size  Location     Type
  can_status_b    2   32[BANK0 ] unsigned char [2]
  status          1   34[BANK0 ] unsigned char 
  bytes_writte    1   31[BANK0 ] unsigned char 
 Return value:  Size  Location     Type
                  1    wreg      void 
 Registers used:
		wreg, fsr0l, fsr0h, fsr1l, fsr1h, status,2, status,0, pclath, cstack
 Tracked objects:
		On entry : 
		On exit  : 
		Unchanged: 
 Data sizes:     COMMON   BANK0   BANK1   BANK2   BANK3   BANK4   BANK5   BANK6   BANK7   BANK8   BANK9  BANK10  BANK11  BANK12
      Params:         0       0       0       0       0       0       0       0       0       0       0       0       0       0
      Locals:         0       4       0       0       0       0       0       0       0       0       0       0       0       0
      Temps:          0       3       0       0       0       0       0       0       0       0       0       0       0       0
      Totals:         0       7       0       0       0       0       0       0       0       0       0       0       0       0
Total ram usage:        7 bytes
 Hardware stack levels used:    1
 Hardware stack levels required when called:    4
 This function calls:
		_SPI_send
		_can_receive
		_can_txf_clear
 This function is called by:
		_main
 This function uses a non-reentrant model


 *************** function _can_txf_clear *****************
 Defined at:
		line 103 in file "main.c"
 Parameters:    Size  Location     Type
  n               1    wreg     unsigned char 
 Auto vars:     Size  Location     Type
  n               1    5[BANK0 ] unsigned char 
  can_int_flag    4    8[BANK0 ] unsigned char [4]
  bytes_writte    1    7[BANK0 ] unsigned char 
  mask            1    6[BANK0 ] unsigned char 
 Return value:  Size  Location     Type
                  1    wreg      unsigned char 
 Registers used:
		wreg, fsr1l, fsr1h, status,2, status,0, pclath, cstack
 Tracked objects:
		On entry : 
		On exit  : 
		Unchanged: 
 Data sizes:     COMMON   BANK0   BANK1   BANK2   BANK3   BANK4   BANK5   BANK6   BANK7   BANK8   BANK9  BANK10  BANK11  BANK12
      Params:         0       0       0       0       0       0       0       0       0       0       0       0       0       0
      Locals:         0       7       0       0       0       0       0       0       0       0       0       0       0       0
      Temps:          0       3       0       0       0       0       0       0       0       0       0       0       0       0
      Totals:         0      10       0       0       0       0       0       0       0       0       0       0       0       0
Total ram usage:       10 bytes
 Hardware stack levels used:    1
 Hardware stack levels required when called:    3
 This function calls:
		_SPI_send
 This function is called by:
		_can_status_check
 This function uses a non-reentrant model


 *************** function _can_receive *****************
 Defined at:
		line 121 in file "main.c"
 Parameters:    Size  Location     Type
  n               1    wreg     unsigned char 
 Auto vars:     Size  Location     Type
  n               1   27[BANK0 ] unsigned char 
  can_int_flag    4   23[BANK0 ] unsigned char [4]
  mask            1   22[BANK0 ] unsigned char 
  bytes_read      1   21[BANK0 ] unsigned char 
  bytes_writte    1   20[BANK0 ] unsigned char 
 Return value:  Size  Location     Type
                  1    wreg      void 
 Registers used:
		wreg, fsr0l, fsr0h, fsr1l, fsr1h, status,2, status,0, pclath, cstack
 Tracked objects:
		On entry : 
		On exit  : 
		Unchanged: 
 Data sizes:     COMMON   BANK0   BANK1   BANK2   BANK3   BANK4   BANK5   BANK6   BANK7   BANK8   BANK9  BANK10  BANK11  BANK12
      Params:         0       0       0       0       0       0       0       0       0       0       0       0       0       0
      Locals:         0       8       0       0       0       0       0       0       0       0       0       0       0       0
      Temps:          0       3       0       0       0       0       0       0       0       0       0       0       0       0
      Totals:         0      11       0       0       0       0       0       0       0       0       0       0       0       0
Total ram usage:       11 bytes
 Hardware stack levels used:    1
 Hardware stack levels required when called:    3
 This function calls:
		_SPI_send
		_printf
 This function is called by:
		_can_status_check
 This function uses a non-reentrant model


 *************** function _printf *****************
 Defined at:
		line 464 in file "C:\Program Files (x86)\Microchip\xc8\v1.45\sources\common\doprnt.c"
 Parameters:    Size  Location     Type
  f               2    8[COMMON] PTR const unsigned char 
		 -> STR_5(23), STR_4(22), STR_3(3), STR_2(22), 
		 -> STR_1(20), 
 Auto vars:     Size  Location     Type
  idx             1    4[BANK0 ] unsigned char 
  tmpval          4    0        struct .
  width           2   14[BANK0 ] int 
  len             2   12[BANK0 ] unsigned int 
  cp              2    9[BANK0 ] PTR const unsigned char 
		 -> STR_6(7), printf@c(1), buf(9), rx_buf(15), 
  val             2    6[BANK0 ] unsigned int 
  c               1   16[BANK0 ] char 
  ap              1   11[BANK0 ] PTR void [1]
		 -> ?_printf(2), 
  prec            1    8[BANK0 ] char 
  flag            1    5[BANK0 ] unsigned char 
 Return value:  Size  Location     Type
                  2    8[COMMON] int 
 Registers used:
		wreg, fsr0l, fsr0h, fsr1l, fsr1h, status,2, status,0, pclath, cstack
 Tracked objects:
		On entry : 
		On exit  : 
		Unchanged: 
 Data sizes:     COMMON   BANK0   BANK1   BANK2   BANK3   BANK4   BANK5   BANK6   BANK7   BANK8   BANK9  BANK10  BANK11  BANK12
      Params:         6       0       0       0       0       0       0       0       0       0       0       0       0       0
      Locals:         0      13       0       0       0       0       0       0       0       0       0       0       0       0
      Temps:          0       4       0       0       0       0       0       0       0       0       0       0       0       0
      Totals:         6      17       0       0       0       0       0       0       0       0       0       0       0       0
Total ram usage:       23 bytes
 Hardware stack levels used:    1
 Hardware stack levels required when called:    2
 This function calls:
		___lwdiv
		___wmul
		_isdigit
		_putch
 This function is called by:
		_set_sid
		_can_receive
		_main
 This function uses a non-reentrant model


 *************** function _putch *****************
 Defined at:
		line 107 in file "mcc_generated_files/eusart.c"
 Parameters:    Size  Location     Type
  txData          1    wreg     unsigned char 
 Auto vars:     Size  Location     Type
  txData          1    1[COMMON] unsigned char 
 Return value:  Size  Location     Type
                  1    wreg      void 
 Registers used:
		wreg, status,2, status,0, pclath, cstack
 Tracked objects:
		On entry : 
		On exit  : 
		Unchanged: 
 Data sizes:     COMMON   BANK0   BANK1   BANK2   BANK3   BANK4   BANK5   BANK6   BANK7   BANK8   BANK9  BANK10  BANK11  BANK12
      Params:         0       0       0       0       0       0       0       0       0       0       0       0       0       0
      Locals:         1       0       0       0       0       0       0       0       0       0       0       0       0       0
      Temps:          0       0       0       0       0       0       0       0       0       0       0       0       0       0
      Totals:         1       0       0       0       0       0       0       0       0       0       0       0       0       0
Total ram usage:        1 bytes
 Hardware stack levels used:    1
 Hardware stack levels required when called:    1
 This function calls:
		_EUSART_Write
 This function is called by:
		_printf
 This function uses a non-reentrant model


 *************** function _EUSART_Write *****************
 Defined at:
		line 93 in file "mcc_generated_files/eusart.c"
 Parameters:    Size  Location     Type
  txData          1    wreg     unsigned char 
 Auto vars:     Size  Location     Type
  txData          1    0[COMMON] unsigned char 
 Return value:  Size  Location     Type
                  1    wreg      void 
 Registers used:
		wreg
 Tracked objects:
		On entry : 
		On exit  : 
		Unchanged: 
 Data sizes:     COMMON   BANK0   BANK1   BANK2   BANK3   BANK4   BANK5   BANK6   BANK7   BANK8   BANK9  BANK10  BANK11  BANK12
      Params:         0       0       0       0       0       0       0       0       0       0       0       0       0       0
      Locals:         1       0       0       0       0       0       0       0       0       0       0       0       0       0
      Temps:          0       0       0       0       0       0       0       0       0       0       0       0       0       0
      Totals:         1       0       0       0       0       0       0       0       0       0       0       0       0       0
Total ram usage:        1 bytes
 Hardware stack levels used:    1
 This function calls:
		Nothing
 This function is called by:
		_putch
 This function uses a non-reentrant model


 *************** function ___lwdiv *****************
 Defined at:
		line 6 in file "C:\Program Files (x86)\Microchip\xc8\v1.45\sources\common\lwdiv.c"
 Parameters:    Size  Location     Type
  divisor         2    0[COMMON] unsigned int 
  dividend        2    2[COMMON] unsigned int 
 Auto vars:     Size  Location     Type
  quotient        2    5[COMMON] unsigned int 
  counter         1    7[COMMON] unsigned char 
 Return value:  Size  Location     Type
                  2    0[COMMON] unsigned int 
 Registers used:
		wreg, status,2, status,0
 Tracked objects:
		On entry : 
		On exit  : 
		Unchanged: 
 Data sizes:     COMMON   BANK0   BANK1   BANK2   BANK3   BANK4   BANK5   BANK6   BANK7   BANK8   BANK9  BANK10  BANK11  BANK12
      Params:         4       0       0       0       0       0       0       0       0       0       0       0       0       0
      Locals:         3       0       0       0       0       0       0       0       0       0       0       0       0       0
      Temps:          1       0       0       0       0       0       0       0       0       0       0       0       0       0
      Totals:         8       0       0       0       0       0       0       0       0       0       0       0       0       0
Total ram usage:        8 bytes
 Hardware stack levels used:    1
 This function calls:
		Nothing
 This function is called by:
		_printf
 This function uses a non-reentrant model


 *************** function _can_start *****************
 Defined at:
		line 90 in file "main.c"
 Parameters:    Size  Location     Type
		None
 Auto vars:     Size  Location     Type
  can_ctrl_buf    3    5[BANK0 ] unsigned char [3]
  bytes_writte    1    8[BANK0 ] unsigned char 
 Return value:  Size  Location     Type
                  1    wreg      unsigned char 
 Registers used:
		wreg, fsr1l, fsr1h, status,2, status,0, pclath, cstack
 Tracked objects:
		On entry : 
		On exit  : 
		Unchanged: 
 Data sizes:     COMMON   BANK0   BANK1   BANK2   BANK3   BANK4   BANK5   BANK6   BANK7   BANK8   BANK9  BANK10  BANK11  BANK12
      Params:         0       0       0       0       0       0       0       0       0       0       0       0       0       0
      Locals:         0       4       0       0       0       0       0       0       0       0       0       0       0       0
      Temps:          0       3       0       0       0       0       0       0       0       0       0       0       0       0
      Totals:         0       7       0       0       0       0       0       0       0       0       0       0       0       0
Total ram usage:        7 bytes
 Hardware stack levels used:    1
 Hardware stack levels required when called:    3
 This function calls:
		_SPI_send
 This function is called by:
		_main
 This function uses a non-reentrant model


 *************** function _can_send *****************
 Defined at:
		line 143 in file "main.c"
 Parameters:    Size  Location     Type
  n               1    wreg     unsigned char 
  buf             1    2[BANK0 ] PTR unsigned char 
		 -> buf(9), 
  cnt             1    3[BANK0 ] unsigned char 
 Auto vars:     Size  Location     Type
  n               1    7[BANK0 ] unsigned char 
  txb_ctrl_buf    1   11[BANK0 ] unsigned char [1]
  i               1   10[BANK0 ] unsigned char 
  bytes_writte    1    9[BANK0 ] unsigned char 
  len             1    8[BANK0 ] unsigned char 
 Return value:  Size  Location     Type
                  1    wreg      unsigned char 
 Registers used:
		wreg, fsr0l, fsr0h, fsr1l, fsr1h, status,2, status,0, pclath, cstack
 Tracked objects:
		On entry : 
		On exit  : 
		Unchanged: 
 Data sizes:     COMMON   BANK0   BANK1   BANK2   BANK3   BANK4   BANK5   BANK6   BANK7   BANK8   BANK9  BANK10  BANK11  BANK12
      Params:         0       2       0       0       0       0       0       0       0       0       0       0       0       0
      Locals:         0       5       0       0       0       0       0       0       0       0       0       0       0       0
      Temps:          0       3       0       0       0       0       0       0       0       0       0       0       0       0
      Totals:         0      10       0       0       0       0       0       0       0       0       0       0       0       0
Total ram usage:       10 bytes
 Hardware stack levels used:    1
 Hardware stack levels required when called:    3
 This function calls:
		_SPI_send
 This function is called by:
		_main
 This function uses a non-reentrant model


 *************** function _SPI_send *****************
 Defined at:
		line 80 in file "main.c"
 Parameters:    Size  Location     Type
  sbuf            1    wreg     PTR unsigned char 
		 -> can_status_check@can_status_buf(2), can_send@txb_ctrl_buf(1), tx_buf(14), can_receive@can_int_flag(4), 
		 -> rx_buf(15), can_txf_clear@can_int_flag(4), can_start@can_ctrl_buf(3), 
  len             1    8[COMMON] unsigned char 
  rbuf            1    9[COMMON] PTR unsigned char 
		 -> can_status_check@can_status_buf(2), can_send@txb_ctrl_buf(1), tx_buf(14), can_receive@can_int_flag(4), 
		 -> buf(9), can_txf_clear@can_int_flag(4), can_start@can_ctrl_buf(3), 
 Auto vars:     Size  Location     Type
  sbuf            1    1[BANK0 ] PTR unsigned char 
		 -> can_status_check@can_status_buf(2), can_send@txb_ctrl_buf(1), tx_buf(14), can_receive@can_int_flag(4), 
		 -> rx_buf(15), can_txf_clear@can_int_flag(4), can_start@can_ctrl_buf(3), 
  bytes_writte    1    0[BANK0 ] unsigned char 
 Return value:  Size  Location     Type
                  1    wreg      unsigned char 
 Registers used:
		wreg, fsr1l, fsr1h, status,2, status,0, pclath, cstack
 Tracked objects:
		On entry : 
		On exit  : 
		Unchanged: 
 Data sizes:     COMMON   BANK0   BANK1   BANK2   BANK3   BANK4   BANK5   BANK6   BANK7   BANK8   BANK9  BANK10  BANK11  BANK12
      Params:         2       0       0       0       0       0       0       0       0       0       0       0       0       0
      Locals:         0       2       0       0       0       0       0       0       0       0       0       0       0       0
      Temps:          3       0       0       0       0       0       0       0       0       0       0       0       0       0
      Totals:         5       2       0       0       0       0       0       0       0       0       0       0       0       0
Total ram usage:        7 bytes
 Hardware stack levels used:    1
 Hardware stack levels required when called:    2
 This function calls:
		_SPI_Exchange8bitBuffer
 This function is called by:
		_can_start
		_can_txf_clear
		_can_receive
		_can_send
		_can_status_check
 This function uses a non-reentrant model


 *************** function _SPI_Exchange8bitBuffer *****************
 Defined at:
		line 91 in file "mcc_generated_files/spi.c"
 Parameters:    Size  Location     Type
  dataIn          1    wreg     PTR unsigned char 
		 -> can_status_check@can_status_buf(2), can_send@txb_ctrl_buf(1), tx_buf(14), can_receive@can_int_flag(4), 
		 -> rx_buf(15), can_txf_clear@can_int_flag(4), can_start@can_ctrl_buf(3), 
  bufLen          1    1[COMMON] unsigned char 
  dataOut         1    2[COMMON] PTR unsigned char 
		 -> can_status_check@can_status_buf(2), can_send@txb_ctrl_buf(1), tx_buf(14), can_receive@can_int_flag(4), 
		 -> buf(9), can_txf_clear@can_int_flag(4), can_start@can_ctrl_buf(3), 
 Auto vars:     Size  Location     Type
  dataIn          1    6[COMMON] PTR unsigned char 
		 -> can_status_check@can_status_buf(2), can_send@txb_ctrl_buf(1), tx_buf(14), can_receive@can_int_flag(4), 
		 -> rx_buf(15), can_txf_clear@can_int_flag(4), can_start@can_ctrl_buf(3), 
  bytesWritten    1    7[COMMON] unsigned char 
 Return value:  Size  Location     Type
                  1    wreg      unsigned char 
 Registers used:
		wreg, fsr1l, fsr1h, status,2, status,0, pclath, cstack
 Tracked objects:
		On entry : 
		On exit  : 
		Unchanged: 
 Data sizes:     COMMON   BANK0   BANK1   BANK2   BANK3   BANK4   BANK5   BANK6   BANK7   BANK8   BANK9  BANK10  BANK11  BANK12
      Params:         2       0       0       0       0       0       0       0       0       0       0       0       0       0
      Locals:         2       0       0       0       0       0       0       0       0       0       0       0       0       0
      Temps:          3       0       0       0       0       0       0       0       0       0       0       0       0       0
      Totals:         7       0       0       0       0       0       0       0       0       0       0       0       0       0
Total ram usage:        7 bytes
 Hardware stack levels used:    1
 Hardware stack levels required when called:    1
 This function calls:
		_SPI_Exchange8bit
 This function is called by:
		_SPI_send
 This function uses a non-reentrant model


 *************** function _SPI_Exchange8bit *****************
 Defined at:
		line 77 in file "mcc_generated_files/spi.c"
 Parameters:    Size  Location     Type
  data            1    wreg     unsigned char 
 Auto vars:     Size  Location     Type
  data            1    0[COMMON] unsigned char 
 Return value:  Size  Location     Type
                  1    wreg      unsigned char 
 Registers used:
		wreg
 Tracked objects:
		On entry : 
		On exit  : 
		Unchanged: 
 Data sizes:     COMMON   BANK0   BANK1   BANK2   BANK3   BANK4   BANK5   BANK6   BANK7   BANK8   BANK9  BANK10  BANK11  BANK12
      Params:         0       0       0       0       0       0       0       0       0       0       0       0       0       0
      Locals:         1       0       0       0       0       0       0       0       0       0       0       0       0       0
      Temps:          0       0       0       0       0       0       0       0       0       0       0       0       0       0
      Totals:         1       0       0       0       0       0       0       0       0       0       0       0       0       0
Total ram usage:        1 bytes
 Hardware stack levels used:    1
 This function calls:
		Nothing
 This function is called by:
		_SPI_Exchange8bitBuffer
 This function uses a non-reentrant model


 *************** function _atoi *****************
 Defined at:
		line 5 in file "C:\Program Files (x86)\Microchip\xc8\v1.45\sources\common\atoi.c"
 Parameters:    Size  Location     Type
  s               2    6[COMMON] PTR const unsigned char 
		 -> ROM(8192), buf(9), 
 Auto vars:     Size  Location     Type
  a               2   11[COMMON] int 
  sign            1   10[COMMON] unsigned char 
 Return value:  Size  Location     Type
                  2    6[COMMON] int 
 Registers used:
		wreg, fsr0l, fsr0h, status,2, status,0, pclath, cstack
 Tracked objects:
		On entry : 
		On exit  : 
		Unchanged: 
 Data sizes:     COMMON   BANK0   BANK1   BANK2   BANK3   BANK4   BANK5   BANK6   BANK7   BANK8   BANK9  BANK10  BANK11  BANK12
      Params:         2       0       0       0       0       0       0       0       0       0       0       0       0       0
      Locals:         3       0       0       0       0       0       0       0       0       0       0       0       0       0
      Temps:          2       0       0       0       0       0       0       0       0       0       0       0       0       0
      Totals:         7       0       0       0       0       0       0       0       0       0       0       0       0       0
Total ram usage:        7 bytes
 Hardware stack levels used:    1
 Hardware stack levels required when called:    1
 This function calls:
		___wmul
		_isdigit
 This function is called by:
		_main
 This function uses a non-reentrant model


 *************** function _isdigit *****************
 Defined at:
		line 8 in file "C:\Program Files (x86)\Microchip\xc8\v1.45\sources\common\isdigit.c"
 Parameters:    Size  Location     Type
  c               1    wreg     unsigned char 
 Auto vars:     Size  Location     Type
  c               1    1[COMMON] unsigned char 
 Return value:  Size  Location     Type
		None               void
 Registers used:
		wreg, status,2, status,0
 Tracked objects:
		On entry : 
		On exit  : 
		Unchanged: 
 Data sizes:     COMMON   BANK0   BANK1   BANK2   BANK3   BANK4   BANK5   BANK6   BANK7   BANK8   BANK9  BANK10  BANK11  BANK12
      Params:         0       0       0       0       0       0       0       0       0       0       0       0       0       0
      Locals:         2       0       0       0       0       0       0       0       0       0       0       0       0       0
      Temps:          0       0       0       0       0       0       0       0       0       0       0       0       0       0
      Totals:         2       0       0       0       0       0       0       0       0       0       0       0       0       0
Total ram usage:        2 bytes
 Hardware stack levels used:    1
 This function calls:
		Nothing
 This function is called by:
		_printf
		_atoi
 This function uses a non-reentrant model


 *************** function ___wmul *****************
 Defined at:
		line 15 in file "C:\Program Files (x86)\Microchip\xc8\v1.45\sources\common\Umul16.c"
 Parameters:    Size  Location     Type
  multiplier      2    0[COMMON] unsigned int 
  multiplicand    2    2[COMMON] unsigned int 
 Auto vars:     Size  Location     Type
  product         2    4[COMMON] unsigned int 
 Return value:  Size  Location     Type
                  2    0[COMMON] unsigned int 
 Registers used:
		wreg, status,2, status,0
 Tracked objects:
		On entry : 
		On exit  : 
		Unchanged: 
 Data sizes:     COMMON   BANK0   BANK1   BANK2   BANK3   BANK4   BANK5   BANK6   BANK7   BANK8   BANK9  BANK10  BANK11  BANK12
      Params:         4       0       0       0       0       0       0       0       0       0       0       0       0       0
      Locals:         2       0       0       0       0       0       0       0       0       0       0       0       0       0
      Temps:          0       0       0       0       0       0       0       0       0       0       0       0       0       0
      Totals:         6       0       0       0       0       0       0       0       0       0       0       0       0       0
Total ram usage:        6 bytes
 Hardware stack levels used:    1
 This function calls:
		Nothing
 This function is called by:
		_printf
		_atoi
 This function uses a non-reentrant model


 *************** function _SYSTEM_Initialize *****************
 Defined at:
		line 70 in file "mcc_generated_files/mcc.c"
 Parameters:    Size  Location     Type
		None
 Auto vars:     Size  Location     Type
		None
 Return value:  Size  Location     Type
                  1    wreg      void 
 Registers used:
		wreg, status,2, status,0, pclath, cstack
 Tracked objects:
		On entry : 
		On exit  : 
		Unchanged: 
 Data sizes:     COMMON   BANK0   BANK1   BANK2   BANK3   BANK4   BANK5   BANK6   BANK7   BANK8   BANK9  BANK10  BANK11  BANK12
      Params:         0       0       0       0       0       0       0       0       0       0       0       0       0       0
      Locals:         0       0       0       0       0       0       0       0       0       0       0       0       0       0
      Temps:          0       0       0       0       0       0       0       0       0       0       0       0       0       0
      Totals:         0       0       0       0       0       0       0       0       0       0       0       0       0       0
Total ram usage:        0 bytes
 Hardware stack levels used:    1
 Hardware stack levels required when called:    1
 This function calls:
		_EUSART_Initialize
		_OSCILLATOR_Initialize
		_PIN_MANAGER_Initialize
		_SPI_Initialize
		_WDT_Initialize
 This function is called by:
		_main
 This function uses a non-reentrant model


 *************** function _WDT_Initialize *****************
 Defined at:
		line 94 in file "mcc_generated_files/mcc.c"
 Parameters:    Size  Location     Type
		None
 Auto vars:     Size  Location     Type
		None
 Return value:  Size  Location     Type
                  1    wreg      void 
 Registers used:
		wreg
 Tracked objects:
		On entry : 
		On exit  : 
		Unchanged: 
 Data sizes:     COMMON   BANK0   BANK1   BANK2   BANK3   BANK4   BANK5   BANK6   BANK7   BANK8   BANK9  BANK10  BANK11  BANK12
      Params:         0       0       0       0       0       0       0       0       0       0       0       0       0       0
      Locals:         0       0       0       0       0       0       0       0       0       0       0       0       0       0
      Temps:          0       0       0       0       0       0       0       0       0       0       0       0       0       0
      Totals:         0       0       0       0       0       0       0       0       0       0       0       0       0       0
Total ram usage:        0 bytes
 Hardware stack levels used:    1
 This function calls:
		Nothing
 This function is called by:
		_SYSTEM_Initialize
 This function uses a non-reentrant model


 *************** function _SPI_Initialize *****************
 Defined at:
		line 63 in file "mcc_generated_files/spi.c"
 Parameters:    Size  Location     Type
		None
 Auto vars:     Size  Location     Type
		None
 Return value:  Size  Location     Type
                  1    wreg      void 
 Registers used:
		wreg, status,2
 Tracked objects:
		On entry : 
		On exit  : 
		Unchanged: 
 Data sizes:     COMMON   BANK0   BANK1   BANK2   BANK3   BANK4   BANK5   BANK6   BANK7   BANK8   BANK9  BANK10  BANK11  BANK12
      Params:         0       0       0       0       0       0       0       0       0       0       0       0       0       0
      Locals:         0       0       0       0       0       0       0       0       0       0       0       0       0       0
      Temps:          0       0       0       0       0       0       0       0       0       0       0       0       0       0
      Totals:         0       0       0       0       0       0       0       0       0       0       0       0       0       0
Total ram usage:        0 bytes
 Hardware stack levels used:    1
 This function calls:
		Nothing
 This function is called by:
		_SYSTEM_Initialize
 This function uses a non-reentrant model


 *************** function _PIN_MANAGER_Initialize *****************
 Defined at:
		line 52 in file "mcc_generated_files/pin_manager.c"
 Parameters:    Size  Location     Type
		None
 Auto vars:     Size  Location     Type
		None
 Return value:  Size  Location     Type
                  1    wreg      void 
 Registers used:
		wreg, status,2
 Tracked objects:
		On entry : 
		On exit  : 
		Unchanged: 
 Data sizes:     COMMON   BANK0   BANK1   BANK2   BANK3   BANK4   BANK5   BANK6   BANK7   BANK8   BANK9  BANK10  BANK11  BANK12
      Params:         0       0       0       0       0       0       0       0       0       0       0       0       0       0
      Locals:         0       0       0       0       0       0       0       0       0       0       0       0       0       0
      Temps:          0       0       0       0       0       0       0       0       0       0       0       0       0       0
      Totals:         0       0       0       0       0       0       0       0       0       0       0       0       0       0
Total ram usage:        0 bytes
 Hardware stack levels used:    1
 This function calls:
		Nothing
 This function is called by:
		_SYSTEM_Initialize
 This function uses a non-reentrant model


 *************** function _OSCILLATOR_Initialize *****************
 Defined at:
		line 80 in file "mcc_generated_files/mcc.c"
 Parameters:    Size  Location     Type
		None
 Auto vars:     Size  Location     Type
		None
 Return value:  Size  Location     Type
                  1    wreg      void 
 Registers used:
		wreg, status,2
 Tracked objects:
		On entry : 
		On exit  : 
		Unchanged: 
 Data sizes:     COMMON   BANK0   BANK1   BANK2   BANK3   BANK4   BANK5   BANK6   BANK7   BANK8   BANK9  BANK10  BANK11  BANK12
      Params:         0       0       0       0       0       0       0       0       0       0       0       0       0       0
      Locals:         0       0       0       0       0       0       0       0       0       0       0       0       0       0
      Temps:          0       0       0       0       0       0       0       0       0       0       0       0       0       0
      Totals:         0       0       0       0       0       0       0       0       0       0       0       0       0       0
Total ram usage:        0 bytes
 Hardware stack levels used:    1
 This function calls:
		Nothing
 This function is called by:
		_SYSTEM_Initialize
 This function uses a non-reentrant model


 *************** function _EUSART_Initialize *****************
 Defined at:
		line 53 in file "mcc_generated_files/eusart.c"
 Parameters:    Size  Location     Type
		None
 Auto vars:     Size  Location     Type
		None
 Return value:  Size  Location     Type
                  1    wreg      void 
 Registers used:
		wreg
 Tracked objects:
		On entry : 
		On exit  : 
		Unchanged: 
 Data sizes:     COMMON   BANK0   BANK1   BANK2   BANK3   BANK4   BANK5   BANK6   BANK7   BANK8   BANK9  BANK10  BANK11  BANK12
      Params:         0       0       0       0       0       0       0       0       0       0       0       0       0       0
      Locals:         0       0       0       0       0       0       0       0       0       0       0       0       0       0
      Temps:          0       0       0       0       0       0       0       0       0       0       0       0       0       0
      Totals:         0       0       0       0       0       0       0       0       0       0       0       0       0       0
Total ram usage:        0 bytes
 Hardware stack levels used:    1
 This function calls:
		Nothing
 This function is called by:
		_SYSTEM_Initialize
 This function uses a non-reentrant model


 *************** function _EUSART_Read *****************
 Defined at:
		line 75 in file "mcc_generated_files/eusart.c"
 Parameters:    Size  Location     Type
		None
 Auto vars:     Size  Location     Type
		None
 Return value:  Size  Location     Type
                  1    wreg      unsigned char 
 Registers used:
		wreg
 Tracked objects:
		On entry : 
		On exit  : 
		Unchanged: 
 Data sizes:     COMMON   BANK0   BANK1   BANK2   BANK3   BANK4   BANK5   BANK6   BANK7   BANK8   BANK9  BANK10  BANK11  BANK12
      Params:         0       0       0       0       0       0       0       0       0       0       0       0       0       0
      Locals:         0       0       0       0       0       0       0       0       0       0       0       0       0       0
      Temps:          0       0       0       0       0       0       0       0       0       0       0       0       0       0
      Totals:         0       0       0       0       0       0       0       0       0       0       0       0       0       0
Total ram usage:        0 bytes
 Hardware stack levels used:    1
 This function calls:
		Nothing
 This function is called by:
		_main
		_getch
 This function uses a non-reentrant model



MODULE INFORMATION

Module		Function		Class		Link	Load	Size
C:\Program Files (x86)\Microchip\xc8\v1.45\sources\common\doprnt.c
		_printf        		CODE           	063C	0000	421

C:\Program Files (x86)\Microchip\xc8\v1.45\sources\common\doprnt.c estimated size: 421

C:\Program Files (x86)\Microchip\xc8\v1.45\sources\common\Umul16.c
		___wmul        		CODE           	0331	0000	28

C:\Program Files (x86)\Microchip\xc8\v1.45\sources\common\Umul16.c estimated size: 28

mcc_generated_files/pin_manager.c
		_PIN_MANAGER_Initialize		CODE           	02EA	0000	24

mcc_generated_files/pin_manager.c estimated size: 24

C:\Program Files (x86)\Microchip\xc8\v1.45\sources\common\isdigit.c
		_isdigit       		CODE           	02CD	0000	15

C:\Program Files (x86)\Microchip\xc8\v1.45\sources\common\isdigit.c estimated size: 15

mcc_generated_files/spi.c
		_SPI_Exchange8bitBuffer		CODE           	041E	0000	79
		_SPI_Exchange8bit		CODE           	02A4	0000	10
		_SPI_Initialize		CODE           	0290	0000	7

mcc_generated_files/spi.c estimated size: 96

C:\Program Files (x86)\Microchip\xc8\v1.45\sources\common\atoi.c
		_atoi          		CODE           	052C	0000	109

C:\Program Files (x86)\Microchip\xc8\v1.45\sources\common\atoi.c estimated size: 109

shared
		_max_char      		STRCODE        	0869	0000	2
		_abc           		STRCODE        	0863	0000	4
		__initialization		CODE           	07E0	0000	30
		_nm            		STRCODE        	0800	0000	3
		_hexpowers     		STRCODE        	0854	0000	9

shared estimated size: 48

mcc_generated_files/mcc.c
		_WDT_Initialize		CODE           	0282	0000	5
		_OSCILLATOR_Initialize		CODE           	02B7	0000	11
		_SYSTEM_Initialize		CODE           	02DB	0000	16

mcc_generated_files/mcc.c estimated size: 32

C:\Program Files (x86)\Microchip\xc8\v1.45\sources\common\lwdiv.c
		___lwdiv       		CODE           	0378	0000	53

C:\Program Files (x86)\Microchip\xc8\v1.45\sources\common\lwdiv.c estimated size: 53

mcc_generated_files/eusart.c
		_putch         		CODE           	0286	0000	6
		_EUSART_Read   		CODE           	02AD	0000	11
		_EUSART_Write  		CODE           	029C	0000	9
		_EUSART_Initialize		CODE           	02C1	0000	13

mcc_generated_files/eusart.c estimated size: 39

main.c
		_SPI_send      		CODE           	0318	0000	26
		_main          		CODE           	0598	0000	165
		_can_send      		CODE           	04C5	0000	104
		_set_sid       		CODE           	03AC	0000	57
		_can_start     		CODE           	0301	0000	24
		_can_receive   		CODE           	046C	0000	90
		_can_status_check		CODE           	03E4	0000	59
		_can_txf_clear 		CODE           	034C	0000	45

main.c estimated size: 570

