Microchip MPLAB XC8 Compiler V1.45 ()

Linker command line:

-W-3 --edf=C:\Program Files (x86)\Microchip\xc8\v1.45\dat\en_msgs.txt -cs \
  -h+dist/default/production\uart2can.X.production.sym \
  --cmf=dist/default/production\uart2can.X.production.cmf -z -Q16F1825 \
  -oC:\Users\shiny\AppData\Local\Temp\sso.2 \
  -Mdist/default/production/uart2can.X.production.map -E1 -ver=XC8 \
  -ASTACK=02099h-023efh -pstack=STACK -ACODE=00h-07FFhx4 \
  -ASTRCODE=00h-01FFFh -ASTRING=00h-0FFhx32 -ACONST=00h-0FFhx32 \
  -AENTRY=00h-0FFhx32 -ACOMMON=070h-07Fh -ABANK0=020h-06Fh \
  -ABANK1=0A0h-0EFh -ABANK2=0120h-016Fh -ABANK3=01A0h-01EFh \
  -ABANK4=0220h-026Fh -ABANK5=02A0h-02EFh -ABANK6=0320h-036Fh \
  -ABANK7=03A0h-03EFh -ABANK8=0420h-046Fh -ABANK9=04A0h-04EFh \
  -ABANK10=0520h-056Fh -ABANK11=05A0h-05EFh -ABANK12=0620h-064Fh \
  -ABIGRAM=02000h-023EFh \
  -ARAM=020h-06Fh,0A0h-0EFh,0120h-016Fh,01A0h-01EFh,0220h-026Fh,02A0h-02EFh,0320h-036Fh,03A0h-03EFh,0420h-046Fh,04A0h-04EFh,0520h-056Fh,05A0h-05EFh,0620h-064Fh \
  -AABS1=020h-07Fh,0A0h-0EFh,0120h-016Fh,01A0h-01EFh,0220h-026Fh,02A0h-02EFh,0320h-036Fh,03A0h-03EFh,0420h-046Fh,04A0h-04EFh,0520h-056Fh,05A0h-05EFh,0620h-064Fh \
  -ASFR0=00h-01Fh -ASFR1=080h-09Fh -ASFR2=0100h-011Fh -ASFR3=0180h-019Fh \
  -ASFR4=0200h-021Fh -ASFR5=0280h-029Fh -ASFR6=0300h-031Fh \
  -ASFR7=0380h-039Fh -ASFR8=0400h-041Fh -ASFR9=0480h-049Fh \
  -ASFR10=0500h-051Fh -ASFR11=0580h-059Fh -ASFR12=0600h-061Fh \
  -ASFR13=0680h-06EFh -ASFR14=0700h-076Fh -ASFR15=0780h-07EFh \
  -ASFR16=0800h-086Fh -ASFR17=0880h-08EFh -ASFR18=0900h-096Fh \
  -ASFR19=0980h-09EFh -ASFR20=0A00h-0A6Fh -ASFR21=0A80h-0AEFh \
  -ASFR22=0B00h-0B6Fh -ASFR23=0B80h-0BEFh -ASFR24=0C00h-0C6Fh \
  -ASFR25=0C80h-0CEFh -ASFR26=0D00h-0D6Fh -ASFR27=0D80h-0DEFh \
  -ASFR28=0E00h-0E6Fh -ASFR29=0E80h-0EEFh -ASFR30=0F00h-0F6Fh \
  -ASFR31=0F80h-0FEFh -preset_vec=00h,intentry,init,end_init -ppowerup=CODE \
  -pcinit=CODE -pfunctab=ENTRY -ACONFIG=08007h-08008h -pconfig=CONFIG \
  -DCONFIG=2 -AIDLOC=08000h-08003h -pidloc=IDLOC -DIDLOC=2 \
  -AEEDATA=00h-0FFh/0F000h -peeprom_data=EEDATA -DEEDATA=2 -DCODE=2 \
  -DSTRCODE=2 -DSTRING=2 -DCONST=2 -DENTRY=2 -k \
  C:\Users\shiny\AppData\Local\Temp\sso.obj \
  dist/default/production\uart2can.X.production.obj 

Object code version is 3.11

Machine type is 16F1825



                Name                               Link     Load   Length Selector   Space Scale
C:\Users\shiny\AppData\Local\Temp\sso.obj
                end_init                              2        2        2        0       0
                reset_vec                             0        0        2        0       0
                config                             8007     8007        2    1000E       0
dist/default/production\uart2can.X.production.obj
                cinit                               7EE      7EE       12      FDC       0
                text34                              A9B      A9B        A     1536       0
                text33                              ABA      ABA        C     1574       0
                text32                              AA5      AA5        A     154A       0
                text31                              B07      B07       17     160E       0
                text30                              A83      A83        7     1506       0
                text29                              A74      A74        4     14E8       0
                text28                              AD4      AD4        F     15A8       0
                text27                              B37      B37       1B     166E       0
                text26                              AC6      AC6        E     158C       0
                text25                                6        6       67        C       0
                text24                              A92      A92        9     1524       0
                text23                              C5D      C5D       4E     18BA       0
                text22                              AF2      AF2       15     15E4       0
                text21                              B76      B76       26     16EC       0
                text20                              C29      C29       34     1852       0
                text19                              B9C      B9C       2C     1738       0
                text18                              A8A      A8A        8     1514       0
                text17                              A78      A78        5     14F0       0
                text16                              5A3      5A3      24B      B46       0
                text15                              D01      D01       57     1A02       0
                text14                              AE3      AE3        F     15C6       0
                text13                              BF6      BF6       33     17EC       0
                text12                               6D       6D       CC       DA       0
                text11                              B1E      B1E       19     163C       0
                text10                              139      139      10C      272       0
                text9                               B52      B52       24     16A4       0
                text8                               D58      D58       8A     1AB0       0
                text7                               AAF      AAF        B     155E       0
                text6                               245      245      14D      48A       0
                text5                               DE2      DE2       A5     1BC4       0
                text4                               F3B      F3B       C5     1E76       0
                text3                               E87      E87       B4     1D0E       0
                text2                               BC8      BC8       2E     1790       0
                text1                               CAB      CAB       56     1956       0
                maintext                            392      392      211      724       0
                cstackBANK0                          20       20       43       20       1
                cstackCOMMON                         70       70        E       70       1
                cstackBANK1                          CC       CC       1D       A0       1
                clrtext                             A7D      A7D        6     14FA       0
                bssBANK1                             A0       A0       2C       A0       1
                bssBANK0                             63       63        C       20       1
                stringtext54                       1481     1481        3     2000       0
                stringtext53                       1476     1476        5     2000       0
                stringtext52                       1469     1469        7     2000       0
                stringtext51                       144B     144B        C     2000       0
                stringtext50                       143F     143F        C     2000       0
                stringtext49                       1433     1433        C     2000       0
                stringtext48                       1426     1426        D     2000       0
                stringtext47                       1419     1419        D     2000       0
                stringtext46                       140B     140B        E     2000       0
                stringtext45                       13FD     13FD        E     2000       0
                stringtext44                       13EF     13EF        E     2000       0
                stringtext43                       13E0     13E0        F     2000       0
                stringtext42                       13D1     13D1        F     2000       0
                stringtext41                       13C2     13C2        F     2000       0
                stringtext40                       13B2     13B2       10     2000       0
                stringtext39                       13A2     13A2       10     2000       0
                stringtext38                       1392     1392       10     2000       0
                stringtext37                       1382     1382       10     2000       0
                stringtext36                       1372     1372       10     2000       0
                stringtext35                       1362     1362       10     2000       0
                stringtext34                       1351     1351       11     2000       0
                stringtext33                       1340     1340       11     2000       0
                stringtext32                       132F     132F       11     2000       0
                stringtext31                       131E     131E       11     2000       0
                stringtext30                       130D     130D       11     2000       0
                stringtext29                       12FC     12FC       11     2000       0
                stringtext28                       12EA     12EA       12     2000       0
                stringtext27                       12D6     12D6       14     2000       0
                stringtext26                       12C1     12C1       15     2000       0
                stringtext25                       12AC     12AC       15     2000       0
                stringtext24                       1297     1297       15     2000       0
                stringtext23                       1281     1281       16     2000       0
                stringtext22                       126A     126A       17     2000       0
                stringtext21                       1251     1251       19     2000       0
                stringtext20                       1237     1237       1A     2000       0
                stringtext19                       121A     121A       1D     2000       0
                stringtext18                       11FD     11FD       1D     2000       0
                stringtext17                       11D9     11D9       24     2000       0
                stringtext16                       11B3     11B3       26     2000       0
                stringtext15                       118D     118D       26     2000       0
                stringtext14                       1163     1163       2A     2000       0
                stringtext13                       1137     1137       2C     2000       0
                stringtext12                       110B     110B       2C     2000       0
                stringtext11                       10DF     10DF       2C     2000       0
                stringtext10                       10AC     10AC       33     2000       0
                stringtext9                        1076     1076       36     2000       0
                stringtext8                        103D     103D       39     2000       0
                stringtext7                        1000     1000       3D     2000       0
                stringtext6                        1484     1484        2     2000       0
                stringtext5                        147E     147E        3     2000       0
                stringtext4                        147B     147B        3     2000       0
                stringtext3                        1470     1470        6     2000       0
                stringtext2                        1461     1461        8     2000       0
                stringtext1                        1457     1457        A     2000       0

TOTAL           Name                               Link     Load   Length     Space
        CLASS   STACK          

        CLASS   CODE           
                end_init                              2        2        2         0
                cinit                               7EE      7EE       12         0
                reset_vec                             0        0        2         0
                text34                              A9B      A9B        A         0
                text33                              ABA      ABA        C         0
                text32                              AA5      AA5        A         0
                text31                              B07      B07       17         0
                text30                              A83      A83        7         0
                text29                              A74      A74        4         0
                text28                              AD4      AD4        F         0
                text27                              B37      B37       1B         0
                text26                              AC6      AC6        E         0
                text25                                6        6       67         0
                text24                              A92      A92        9         0
                text23                              C5D      C5D       4E         0
                text22                              AF2      AF2       15         0
                text21                              B76      B76       26         0
                text20                              C29      C29       34         0
                text19                              B9C      B9C       2C         0
                text18                              A8A      A8A        8         0
                text17                              A78      A78        5         0
                text16                              5A3      5A3      24B         0
                text15                              D01      D01       57         0
                text14                              AE3      AE3        F         0
                text13                              BF6      BF6       33         0
                text12                               6D       6D       CC         0
                text11                              B1E      B1E       19         0
                text10                              139      139      10C         0
                text9                               B52      B52       24         0
                text8                               D58      D58       8A         0
                text7                               AAF      AAF        B         0
                text6                               245      245      14D         0
                text5                               DE2      DE2       A5         0
                text4                               F3B      F3B       C5         0
                text3                               E87      E87       B4         0
                text2                               BC8      BC8       2E         0
                text1                               CAB      CAB       56         0
                maintext                            392      392      211         0
                clrtext                             A7D      A7D        6         0

        CLASS   STRCODE        
                stringtext54                       1481     1481        3         0
                stringtext53                       1476     1476        5         0
                stringtext52                       1469     1469        7         0
                stringtext51                       144B     144B        C         0
                stringtext50                       143F     143F        C         0
                stringtext49                       1433     1433        C         0
                stringtext48                       1426     1426        D         0
                stringtext47                       1419     1419        D         0
                stringtext46                       140B     140B        E         0
                stringtext45                       13FD     13FD        E         0
                stringtext44                       13EF     13EF        E         0
                stringtext43                       13E0     13E0        F         0
                stringtext42                       13D1     13D1        F         0
                stringtext41                       13C2     13C2        F         0
                stringtext40                       13B2     13B2       10         0
                stringtext39                       13A2     13A2       10         0
                stringtext38                       1392     1392       10         0
                stringtext37                       1382     1382       10         0
                stringtext36                       1372     1372       10         0
                stringtext35                       1362     1362       10         0
                stringtext34                       1351     1351       11         0
                stringtext33                       1340     1340       11         0
                stringtext32                       132F     132F       11         0
                stringtext31                       131E     131E       11         0
                stringtext30                       130D     130D       11         0
                stringtext29                       12FC     12FC       11         0
                stringtext28                       12EA     12EA       12         0
                stringtext27                       12D6     12D6       14         0
                stringtext26                       12C1     12C1       15         0
                stringtext25                       12AC     12AC       15         0
                stringtext24                       1297     1297       15         0
                stringtext23                       1281     1281       16         0
                stringtext22                       126A     126A       17         0
                stringtext21                       1251     1251       19         0
                stringtext20                       1237     1237       1A         0
                stringtext19                       121A     121A       1D         0
                stringtext18                       11FD     11FD       1D         0
                stringtext17                       11D9     11D9       24         0
                stringtext16                       11B3     11B3       26         0
                stringtext15                       118D     118D       26         0
                stringtext14                       1163     1163       2A         0
                stringtext13                       1137     1137       2C         0
                stringtext12                       110B     110B       2C         0
                stringtext11                       10DF     10DF       2C         0
                stringtext10                       10AC     10AC       33         0
                stringtext9                        1076     1076       36         0
                stringtext8                        103D     103D       39         0
                stringtext7                        1000     1000       3D         0
                stringtext6                        1484     1484        2         0
                stringtext5                        147E     147E        3         0
                stringtext4                        147B     147B        3         0
                stringtext3                        1470     1470        6         0
                stringtext2                        1461     1461        8         0
                stringtext1                        1457     1457        A         0

        CLASS   STRING         

        CLASS   CONST          

        CLASS   ENTRY          

        CLASS   COMMON         
                cstackCOMMON                         70       70        E         1

        CLASS   BANK0          
                cstackBANK0                          20       20       43         1
                bssBANK0                             63       63        C         1

        CLASS   BANK1          
                cstackBANK1                          CC       CC       1D         1
                bssBANK1                             A0       A0       2C         1

        CLASS   BANK2          

        CLASS   BANK3          

        CLASS   BANK4          

        CLASS   BANK5          

        CLASS   BANK6          

        CLASS   BANK7          

        CLASS   BANK8          

        CLASS   BANK9          

        CLASS   BANK10         

        CLASS   BANK11         

        CLASS   BANK12         

        CLASS   BIGRAM         

        CLASS   RAM            

        CLASS   ABS1           
                abs_s1                               7E       7E        2         1

        CLASS   SFR0           

        CLASS   SFR1           

        CLASS   SFR2           

        CLASS   SFR3           

        CLASS   SFR4           

        CLASS   SFR5           

        CLASS   SFR6           

        CLASS   SFR7           

        CLASS   SFR8           

        CLASS   SFR9           

        CLASS   SFR10          

        CLASS   SFR11          

        CLASS   SFR12          

        CLASS   SFR13          

        CLASS   SFR14          

        CLASS   SFR15          

        CLASS   SFR16          

        CLASS   SFR17          

        CLASS   SFR18          

        CLASS   SFR19          

        CLASS   SFR20          

        CLASS   SFR21          

        CLASS   SFR22          

        CLASS   SFR23          

        CLASS   SFR24          

        CLASS   SFR25          

        CLASS   SFR26          

        CLASS   SFR27          

        CLASS   SFR28          

        CLASS   SFR29          

        CLASS   SFR30          

        CLASS   SFR31          

        CLASS   CONFIG         
                config                             8007     8007        2         0

        CLASS   IDLOC          

        CLASS   EEDATA         

        CLASS   BANK31         

        CLASS   BANK30         

        CLASS   BANK29         

        CLASS   BANK28         

        CLASS   BANK27         

        CLASS   BANK26         

        CLASS   BANK25         

        CLASS   BANK24         

        CLASS   BANK23         

        CLASS   BANK22         

        CLASS   BANK21         

        CLASS   BANK20         

        CLASS   BANK19         

        CLASS   BANK18         

        CLASS   BANK17         

        CLASS   BANK16         

        CLASS   BANK15         

        CLASS   BANK14         

        CLASS   BANK13         



SEGMENTS        Name                           Load    Length   Top    Selector   Space  Class     Delta

                reset_vec                      000000  000004  000004         0       0  CODE        2
                text25                         000006  000067  00006D         C       0  CODE        2
                cstackBANK0                    000020  00004F  00006F        20       1  BANK0       1
                cstackCOMMON                   000070  00000E  00007E        70       1  COMMON      1
                bssBANK1                       0000A0  000049  0000E9        A0       1  BANK1       1
                text12                         00006D  0000CC  000139        DA       0  CODE        2
                text10                         000139  00010C  000245       272       0  CODE        2
                text6                          000245  00014D  000392       48A       0  CODE        2
                maintext                       000392  000211  0005A3       724       0  CODE        2
                text16                         0005A3  00024B  0007EE       B46       0  CODE        2
                cinit                          0007EE  000012  000800       FDC       0  CODE        2
                text29                         000A74  000004  000A78      14E8       0  CODE        2
                text17                         000A78  000005  000A7D      14F0       0  CODE        2
                clrtext                        000A7D  000006  000A83      14FA       0  CODE        2
                text30                         000A83  000007  000A8A      1506       0  CODE        2
                text18                         000A8A  000008  000A92      1514       0  CODE        2
                text24                         000A92  000009  000A9B      1524       0  CODE        2
                text34                         000A9B  00000A  000AA5      1536       0  CODE        2
                text32                         000AA5  00000A  000AAF      154A       0  CODE        2
                text7                          000AAF  00000B  000ABA      155E       0  CODE        2
                text33                         000ABA  00000C  000AC6      1574       0  CODE        2
                text26                         000AC6  00000E  000AD4      158C       0  CODE        2
                text28                         000AD4  00000F  000AE3      15A8       0  CODE        2
                text14                         000AE3  00000F  000AF2      15C6       0  CODE        2
                text22                         000AF2  000015  000B07      15E4       0  CODE        2
                text31                         000B07  000017  000B1E      160E       0  CODE        2
                text11                         000B1E  000019  000B37      163C       0  CODE        2
                text27                         000B37  00001B  000B52      166E       0  CODE        2
                text9                          000B52  000024  000B76      16A4       0  CODE        2
                text21                         000B76  000026  000B9C      16EC       0  CODE        2
                text19                         000B9C  00002C  000BC8      1738       0  CODE        2
                text2                          000BC8  00002E  000BF6      1790       0  CODE        2
                text13                         000BF6  000033  000C29      17EC       0  CODE        2
                text20                         000C29  000034  000C5D      1852       0  CODE        2
                text23                         000C5D  00004E  000CAB      18BA       0  CODE        2
                text1                          000CAB  000056  000D01      1956       0  CODE        2
                text15                         000D01  000057  000D58      1A02       0  CODE        2
                text8                          000D58  00008A  000DE2      1AB0       0  CODE        2
                text5                          000DE2  0000A5  000E87      1BC4       0  CODE        2
                text3                          000E87  0000B4  000F3B      1D0E       0  CODE        2
                text4                          000F3B  0000C5  001000      1E76       0  CODE        2
                stringtext7                    001000  000486  001486      2000       0  STRCODE     2
                config                         008007  000002  008009     1000E       0  CONFIG      2


UNUSED ADDRESS RANGES

        Name                Unused          Largest block    Delta
        BANK0            0006F-0006F               1           1
        BANK1            000E9-000EF               7           1
        BANK10           00520-0056F              50           1
        BANK11           005A0-005EF              50           1
        BANK12           00620-0064F              30           1
        BANK2            00120-0016F              50           1
        BANK3            001A0-001EF              50           1
        BANK4            00220-0026F              50           1
        BANK5            002A0-002EF              50           1
        BANK6            00320-0036F              50           1
        BANK7            003A0-003EF              50           1
        BANK8            00420-0046F              50           1
        BANK9            004A0-004EF              50           1
        BIGRAM           02000-023EF             3F0           1
        CODE             00004-00005               2           2
                         00800-00A73             274
                         01486-01FFF             37A
        CONST            00004-00005               2           2
                         00800-00A73             100
                         01486-01FFF             100
        EEDATA           0F000-0F0FF             100           2
        ENTRY            00004-00005               2           2
                         00800-00A73             100
                         01486-01FFF             100
        IDLOC            08000-08003               4           2
        RAM              0006F-0006F               1           1
                         000E9-000EF               7
                         00120-0016F              50
                         001A0-001EF              50
                         00220-0026F              50
                         002A0-002EF              50
                         00320-0036F              50
                         003A0-003EF              50
                         00420-0046F              50
                         004A0-004EF              50
                         00520-0056F              50
                         005A0-005EF              50
                         00620-0064F              30
        SFR0             00000-0001F              20           1
        SFR1             00080-0009F              20           1
        SFR10            00500-0051F              20           1
        SFR11            00580-0059F              20           1
        SFR12            00600-0061F              20           1
        SFR13            00680-006EF              70           1
        SFR14            00700-0076F              70           1
        SFR15            00780-007EF              70           1
        SFR16            00800-0086F              70           1
        SFR17            00880-008EF              70           1
        SFR18            00900-0096F              70           1
        SFR19            00980-009EF              70           1
        SFR2             00100-0011F              20           1
        SFR20            00A00-00A6F              70           1
        SFR21            00A80-00AEF              70           1
        SFR22            00B00-00B6F              70           1
        SFR23            00B80-00BEF              70           1
        SFR24            00C00-00C6F              70           1
        SFR25            00C80-00CEF              70           1
        SFR26            00D00-00D6F              70           1
        SFR27            00D80-00DEF              70           1
        SFR28            00E00-00E6F              70           1
        SFR29            00E80-00EEF              70           1
        SFR3             00180-0019F              20           1
        SFR30            00F00-00F6F              70           1
        SFR31            00F80-00FEF              70           1
        SFR4             00200-0021F              20           1
        SFR5             00280-0029F              20           1
        SFR6             00300-0031F              20           1
        SFR7             00380-0039F              20           1
        SFR8             00400-0041F              20           1
        SFR9             00480-0049F              20           1
        STACK            02099-023EF             357           1
        STRCODE          00004-00005               2           2
                         00800-00A73             274
                         01486-01FFF             B7A
        STRING           00004-00005               2           2
                         00800-00A73             100
                         01486-01FFF             100

                                  Symbol Table

?___lwdiv                                 cstackCOMMON 00070
?___lwmod                                 cstackCOMMON 00078
?___wmul                                  cstackCOMMON 00070
?_atoi                                    cstackCOMMON 00076
?_printf                                  cstackBANK0  00022
EUSART_Write@txData                       cstackCOMMON 00070
SPI_Exchange8bit@data                     cstackCOMMON 00070
SPI_Exchange8bitBuffer@bufLen             cstackCOMMON 00071
SPI_Exchange8bitBuffer@bytesWritten       cstackCOMMON 00077
SPI_Exchange8bitBuffer@dataIn             cstackCOMMON 00076
SPI_Exchange8bitBuffer@dataOut            cstackCOMMON 00072
SPI_exchange@buf                          cstackCOMMON 0007D
SPI_exchange@bytes_written                cstackCOMMON 0007C
SPI_exchange@len                          cstackCOMMON 00078
_ANSELA                                   (abs)        0018C
_ANSELC                                   (abs)        0018E
_APFCON0                                  (abs)        0011D
_APFCON1                                  (abs)        0011E
_BAUDCON                                  (abs)        0019F
_BORCON                                   (abs)        00116
_EUSART_Initialize                        text33       00ABA
_EUSART_Read                              text34       00A9B
_EUSART_Write                             text18       00A8A
_LATA                                     (abs)        0010C
_LATAbits                                 (abs)        0010C
_LATC                                     (abs)        0010E
_LATCbits                                 (abs)        0010E
_OPTION_REGbits                           (abs)        00095
_OSCCON                                   (abs)        00099
_OSCILLATOR_Initialize                    text32       00AA5
_OSCTUNE                                  (abs)        00098
_PIN_MANAGER_Initialize                   text31       00B07
_PIR1bits                                 (abs)        00011
_PLLR                                     (abs)        004D6
_RCREG                                    (abs)        00199
_RCSTA                                    (abs)        0019D
_RCSTAbits                                (abs)        0019D
_SPBRGH                                   (abs)        0019C
_SPBRGL                                   (abs)        0019B
_SPI_Exchange8bit                         text24       00A92
_SPI_Exchange8bitBuffer                   text23       00C5D
_SPI_Initialize                           text30       00A83
_SPI_exchange                             text22       00AF2
_SSP1ADD                                  (abs)        00212
_SSP1BUF                                  (abs)        00211
_SSP1CON1                                 (abs)        00215
_SSP1CON1bits                             (abs)        00215
_SSP1STAT                                 (abs)        00214
_SSP1STATbits                             (abs)        00214
_SYSTEM_Initialize                        text28       00AD4
_TRISA                                    (abs)        0008C
_TRISC                                    (abs)        0008E
_TXREG                                    (abs)        0019A
_TXSTA                                    (abs)        0019E
_WDTCON                                   (abs)        00097
_WDT_Initialize                           text29       00A74
_WPUA                                     (abs)        0020C
_WPUC                                     (abs)        0020E
__CFG_BOREN$ON                            (abs)        00000
__CFG_BORV$LO                             (abs)        00000
__CFG_CLKOUTEN$OFF                        (abs)        00000
__CFG_CP$OFF                              (abs)        00000
__CFG_CPD$OFF                             (abs)        00000
__CFG_FCMEN$ON                            (abs)        00000
__CFG_FOSC$INTOSC                         (abs)        00000
__CFG_IESO$ON                             (abs)        00000
__CFG_LVP$ON                              (abs)        00000
__CFG_MCLRE$ON                            (abs)        00000
__CFG_PLLEN$ON                            (abs)        00000
__CFG_PWRTE$OFF                           (abs)        00000
__CFG_STVREN$ON                           (abs)        00000
__CFG_WDTE$OFF                            (abs)        00000
__CFG_WRT$OFF                             (abs)        00000
__Habs1                                   abs1         00000
__Hbank0                                  bank0        00000
__Hbank1                                  bank1        00000
__Hbank10                                 bank10       00000
__Hbank11                                 bank11       00000
__Hbank12                                 bank12       00000
__Hbank13                                 bank13       00000
__Hbank14                                 bank14       00000
__Hbank15                                 bank15       00000
__Hbank16                                 bank16       00000
__Hbank17                                 bank17       00000
__Hbank18                                 bank18       00000
__Hbank19                                 bank19       00000
__Hbank2                                  bank2        00000
__Hbank20                                 bank20       00000
__Hbank21                                 bank21       00000
__Hbank22                                 bank22       00000
__Hbank23                                 bank23       00000
__Hbank24                                 bank24       00000
__Hbank25                                 bank25       00000
__Hbank26                                 bank26       00000
__Hbank27                                 bank27       00000
__Hbank28                                 bank28       00000
__Hbank29                                 bank29       00000
__Hbank3                                  bank3        00000
__Hbank30                                 bank30       00000
__Hbank31                                 bank31       00000
__Hbank4                                  bank4        00000
__Hbank5                                  bank5        00000
__Hbank6                                  bank6        00000
__Hbank7                                  bank7        00000
__Hbank8                                  bank8        00000
__Hbank9                                  bank9        00000
__Hbigram                                 bigram       00000
__HbssBANK0                               bssBANK0     00000
__HbssBANK1                               bssBANK1     00000
__Hcinit                                  cinit        00800
__Hclrtext                                clrtext      00000
__Hcode                                   code         00000
__Hcommon                                 common       00000
__Hconfig                                 config       08009
__HcstackBANK0                            cstackBANK0  00000
__HcstackBANK1                            cstackBANK1  00000
__HcstackCOMMON                           cstackCOMMON 00000
__Heeprom_data                            eeprom_data  00000
__Hend_init                               end_init     00004
__Hfunctab                                functab      00000
__Hidloc                                  idloc        00000
__Hinit                                   init         00002
__Hintentry                               intentry     00002
__Hmaintext                               maintext     00000
__Hpowerup                                powerup      00000
__Hram                                    ram          00000
__Hreset_vec                              reset_vec    00002
__Hsfr0                                   sfr0         00000
__Hsfr1                                   sfr1         00000
__Hsfr10                                  sfr10        00000
__Hsfr11                                  sfr11        00000
__Hsfr12                                  sfr12        00000
__Hsfr13                                  sfr13        00000
__Hsfr14                                  sfr14        00000
__Hsfr15                                  sfr15        00000
__Hsfr16                                  sfr16        00000
__Hsfr17                                  sfr17        00000
__Hsfr18                                  sfr18        00000
__Hsfr19                                  sfr19        00000
__Hsfr2                                   sfr2         00000
__Hsfr20                                  sfr20        00000
__Hsfr21                                  sfr21        00000
__Hsfr22                                  sfr22        00000
__Hsfr23                                  sfr23        00000
__Hsfr24                                  sfr24        00000
__Hsfr25                                  sfr25        00000
__Hsfr26                                  sfr26        00000
__Hsfr27                                  sfr27        00000
__Hsfr28                                  sfr28        00000
__Hsfr29                                  sfr29        00000
__Hsfr3                                   sfr3         00000
__Hsfr30                                  sfr30        00000
__Hsfr31                                  sfr31        00000
__Hsfr4                                   sfr4         00000
__Hsfr5                                   sfr5         00000
__Hsfr6                                   sfr6         00000
__Hsfr7                                   sfr7         00000
__Hsfr8                                   sfr8         00000
__Hsfr9                                   sfr9         00000
__Hspace_0                                (abs)        08009
__Hspace_1                                (abs)        000E9
__Hspace_2                                (abs)        00000
__Hspace_3                                (abs)        00000
__Hstack                                  stack        00000
__Hstrings                                strings      00000
__Hstringtext1                            stringtext1  00000
__Hstringtext10                           stringtext10 00000
__Hstringtext11                           stringtext11 00000
__Hstringtext12                           stringtext12 00000
__Hstringtext13                           stringtext13 00000
__Hstringtext14                           stringtext14 00000
__Hstringtext15                           stringtext15 00000
__Hstringtext16                           stringtext16 00000
__Hstringtext17                           stringtext17 00000
__Hstringtext18                           stringtext18 00000
__Hstringtext19                           stringtext19 00000
__Hstringtext2                            stringtext2  00000
__Hstringtext20                           stringtext20 00000
__Hstringtext21                           stringtext21 00000
__Hstringtext22                           stringtext22 00000
__Hstringtext23                           stringtext23 00000
__Hstringtext24                           stringtext24 00000
__Hstringtext25                           stringtext25 00000
__Hstringtext26                           stringtext26 00000
__Hstringtext27                           stringtext27 00000
__Hstringtext28                           stringtext28 00000
__Hstringtext29                           stringtext29 00000
__Hstringtext3                            stringtext3  00000
__Hstringtext30                           stringtext30 00000
__Hstringtext31                           stringtext31 00000
__Hstringtext32                           stringtext32 00000
__Hstringtext33                           stringtext33 00000
__Hstringtext34                           stringtext34 00000
__Hstringtext35                           stringtext35 00000
__Hstringtext36                           stringtext36 00000
__Hstringtext37                           stringtext37 00000
__Hstringtext38                           stringtext38 00000
__Hstringtext39                           stringtext39 00000
__Hstringtext4                            stringtext4  00000
__Hstringtext40                           stringtext40 00000
__Hstringtext41                           stringtext41 00000
__Hstringtext42                           stringtext42 00000
__Hstringtext43                           stringtext43 00000
__Hstringtext44                           stringtext44 00000
__Hstringtext45                           stringtext45 00000
__Hstringtext46                           stringtext46 00000
__Hstringtext47                           stringtext47 00000
__Hstringtext48                           stringtext48 00000
__Hstringtext49                           stringtext49 00000
__Hstringtext5                            stringtext5  00000
__Hstringtext50                           stringtext50 00000
__Hstringtext51                           stringtext51 00000
__Hstringtext52                           stringtext52 00000
__Hstringtext53                           stringtext53 00000
__Hstringtext54                           stringtext54 00000
__Hstringtext55                           stringtext55 00000
__Hstringtext6                            stringtext6  00000
__Hstringtext7                            stringtext7  00000
__Hstringtext8                            stringtext8  00000
__Hstringtext9                            stringtext9  00000
__Htext                                   text         00000
__Labs1                                   abs1         00000
__Lbank0                                  bank0        00000
__Lbank1                                  bank1        00000
__Lbank10                                 bank10       00000
__Lbank11                                 bank11       00000
__Lbank12                                 bank12       00000
__Lbank13                                 bank13       00000
__Lbank14                                 bank14       00000
__Lbank15                                 bank15       00000
__Lbank16                                 bank16       00000
__Lbank17                                 bank17       00000
__Lbank18                                 bank18       00000
__Lbank19                                 bank19       00000
__Lbank2                                  bank2        00000
__Lbank20                                 bank20       00000
__Lbank21                                 bank21       00000
__Lbank22                                 bank22       00000
__Lbank23                                 bank23       00000
__Lbank24                                 bank24       00000
__Lbank25                                 bank25       00000
__Lbank26                                 bank26       00000
__Lbank27                                 bank27       00000
__Lbank28                                 bank28       00000
__Lbank29                                 bank29       00000
__Lbank3                                  bank3        00000
__Lbank30                                 bank30       00000
__Lbank31                                 bank31       00000
__Lbank4                                  bank4        00000
__Lbank5                                  bank5        00000
__Lbank6                                  bank6        00000
__Lbank7                                  bank7        00000
__Lbank8                                  bank8        00000
__Lbank9                                  bank9        00000
__Lbigram                                 bigram       00000
__LbssBANK0                               bssBANK0     00000
__LbssBANK1                               bssBANK1     00000
__Lcinit                                  cinit        007EE
__Lclrtext                                clrtext      00000
__Lcode                                   code         00000
__Lcommon                                 common       00000
__Lconfig                                 config       08007
__LcstackBANK0                            cstackBANK0  00000
__LcstackBANK1                            cstackBANK1  00000
__LcstackCOMMON                           cstackCOMMON 00000
__Leeprom_data                            eeprom_data  00000
__Lend_init                               end_init     00002
__Lfunctab                                functab      00000
__Lidloc                                  idloc        00000
__Linit                                   init         00002
__Lintentry                               intentry     00002
__Lmaintext                               maintext     00000
__Lpowerup                                powerup      00000
__Lram                                    ram          00000
__Lreset_vec                              reset_vec    00000
__Lsfr0                                   sfr0         00000
__Lsfr1                                   sfr1         00000
__Lsfr10                                  sfr10        00000
__Lsfr11                                  sfr11        00000
__Lsfr12                                  sfr12        00000
__Lsfr13                                  sfr13        00000
__Lsfr14                                  sfr14        00000
__Lsfr15                                  sfr15        00000
__Lsfr16                                  sfr16        00000
__Lsfr17                                  sfr17        00000
__Lsfr18                                  sfr18        00000
__Lsfr19                                  sfr19        00000
__Lsfr2                                   sfr2         00000
__Lsfr20                                  sfr20        00000
__Lsfr21                                  sfr21        00000
__Lsfr22                                  sfr22        00000
__Lsfr23                                  sfr23        00000
__Lsfr24                                  sfr24        00000
__Lsfr25                                  sfr25        00000
__Lsfr26                                  sfr26        00000
__Lsfr27                                  sfr27        00000
__Lsfr28                                  sfr28        00000
__Lsfr29                                  sfr29        00000
__Lsfr3                                   sfr3         00000
__Lsfr30                                  sfr30        00000
__Lsfr31                                  sfr31        00000
__Lsfr4                                   sfr4         00000
__Lsfr5                                   sfr5         00000
__Lsfr6                                   sfr6         00000
__Lsfr7                                   sfr7         00000
__Lsfr8                                   sfr8         00000
__Lsfr9                                   sfr9         00000
__Lspace_0                                (abs)        00000
__Lspace_1                                (abs)        00000
__Lspace_2                                (abs)        00000
__Lspace_3                                (abs)        00000
__Lstack                                  stack        00000
__Lstrings                                strings      00000
__Lstringtext1                            stringtext1  00000
__Lstringtext10                           stringtext10 00000
__Lstringtext11                           stringtext11 00000
__Lstringtext12                           stringtext12 00000
__Lstringtext13                           stringtext13 00000
__Lstringtext14                           stringtext14 00000
__Lstringtext15                           stringtext15 00000
__Lstringtext16                           stringtext16 00000
__Lstringtext17                           stringtext17 00000
__Lstringtext18                           stringtext18 00000
__Lstringtext19                           stringtext19 00000
__Lstringtext2                            stringtext2  00000
__Lstringtext20                           stringtext20 00000
__Lstringtext21                           stringtext21 00000
__Lstringtext22                           stringtext22 00000
__Lstringtext23                           stringtext23 00000
__Lstringtext24                           stringtext24 00000
__Lstringtext25                           stringtext25 00000
__Lstringtext26                           stringtext26 00000
__Lstringtext27                           stringtext27 00000
__Lstringtext28                           stringtext28 00000
__Lstringtext29                           stringtext29 00000
__Lstringtext3                            stringtext3  00000
__Lstringtext30                           stringtext30 00000
__Lstringtext31                           stringtext31 00000
__Lstringtext32                           stringtext32 00000
__Lstringtext33                           stringtext33 00000
__Lstringtext34                           stringtext34 00000
__Lstringtext35                           stringtext35 00000
__Lstringtext36                           stringtext36 00000
__Lstringtext37                           stringtext37 00000
__Lstringtext38                           stringtext38 00000
__Lstringtext39                           stringtext39 00000
__Lstringtext4                            stringtext4  00000
__Lstringtext40                           stringtext40 00000
__Lstringtext41                           stringtext41 00000
__Lstringtext42                           stringtext42 00000
__Lstringtext43                           stringtext43 00000
__Lstringtext44                           stringtext44 00000
__Lstringtext45                           stringtext45 00000
__Lstringtext46                           stringtext46 00000
__Lstringtext47                           stringtext47 00000
__Lstringtext48                           stringtext48 00000
__Lstringtext49                           stringtext49 00000
__Lstringtext5                            stringtext5  00000
__Lstringtext50                           stringtext50 00000
__Lstringtext51                           stringtext51 00000
__Lstringtext52                           stringtext52 00000
__Lstringtext53                           stringtext53 00000
__Lstringtext54                           stringtext54 00000
__Lstringtext55                           stringtext55 00000
__Lstringtext6                            stringtext6  00000
__Lstringtext7                            stringtext7  00000
__Lstringtext8                            stringtext8  00000
__Lstringtext9                            stringtext9  00000
__Ltext                                   text         00000
__S0                                      (abs)        08009
__S1                                      (abs)        000E9
__S2                                      (abs)        00000
__S3                                      (abs)        00000
___int_sp                                 stack        00000
___latbits                                (abs)        00002
___lwdiv                                  text20       00C29
___lwdiv@counter                          cstackCOMMON 00077
___lwdiv@dividend                         cstackCOMMON 00072
___lwdiv@divisor                          cstackCOMMON 00070
___lwdiv@quotient                         cstackCOMMON 00075
___lwmod                                  text19       00B9C
___lwmod@counter                          cstackCOMMON 0007D
___lwmod@dividend                         cstackCOMMON 0007A
___lwmod@divisor                          cstackCOMMON 00078
___sp                                     stack        00000
___wmul                                   text27       00B37
___wmul@multiplicand                      cstackCOMMON 00072
___wmul@multiplier                        cstackCOMMON 00070
___wmul@product                           cstackCOMMON 00074
__end_of_EUSART_Initialize                text33       00AC6
__end_of_EUSART_Read                      text34       00AA5
__end_of_EUSART_Write                     text18       00A92
__end_of_OSCILLATOR_Initialize            text32       00AAF
__end_of_PIN_MANAGER_Initialize           text31       00B1E
__end_of_SPI_Exchange8bit                 text24       00A9B
__end_of_SPI_Exchange8bitBuffer           text23       00CAB
__end_of_SPI_Initialize                   text30       00A8A
__end_of_SPI_exchange                     text22       00B07
__end_of_SYSTEM_Initialize                text28       00AE3
__end_of_WDT_Initialize                   text29       00A78
__end_of___lwdiv                          text20       00C5D
__end_of___lwmod                          text19       00BC8
__end_of___wmul                           text27       00B52
__end_of__initialization                  cinit        007FD
__end_of_abc                              stringtext5  01481
__end_of_abort_pending_transmissions      text21       00B9C
__end_of_atoi                             text25       0006D
__end_of_can_abort                        text14       00AF2
__end_of_can_baudrate                     text13       00C29
__end_of_can_dump_masks_and_filters       text12       00139
__end_of_can_dump_registers               text10       00245
__end_of_can_init                         text8        00DE2
__end_of_can_logging_mode                 text7        00ABA
__end_of_can_ope_mode                     text15       00D58
__end_of_can_send                         text6        00392
__end_of_can_set_mask                     text5        00E87
__end_of_can_set_sid                      text9        00B76
__end_of_can_status_check                 text1        00D01
__end_of_dpowers                          stringtext1  01461
__end_of_hexpowers                        stringtext2  01469
__end_of_isdigit                          text26       00AD4
__end_of_main                             maintext     005A3
__end_of_nm                               stringtext6  01486
__end_of_printf                           text16       007EE
__end_of_putch                            text17       00A7D
__end_of_read_register                    text11       00B37
__end_of_receive                          text3        00F3B
__end_of_receive_handler                  text4        01000
__end_of_rxfnsidh                         stringtext3  01476
__end_of_rxmnsidh                         stringtext7  01002
__end_of_txbnsidh                         stringtext4  0147E
__end_of_txf_clear                        text2        00BF6
__initialization                          cinit        007EE
__pbssBANK0                               bssBANK0     00063
__pbssBANK1                               bssBANK1     000A0
__pcstackBANK0                            cstackBANK0  00020
__pcstackBANK1                            cstackBANK1  000CC
__pcstackCOMMON                           cstackCOMMON 00070
__pmaintext                               maintext     00392
__pstringtext1                            stringtext1  01457
__pstringtext10                           stringtext10 010AC
__pstringtext11                           stringtext11 010DF
__pstringtext12                           stringtext12 0110B
__pstringtext13                           stringtext13 01137
__pstringtext14                           stringtext14 01163
__pstringtext15                           stringtext15 0118D
__pstringtext16                           stringtext16 011B3
__pstringtext17                           stringtext17 011D9
__pstringtext18                           stringtext18 011FD
__pstringtext19                           stringtext19 0121A
__pstringtext2                            stringtext2  01461
__pstringtext20                           stringtext20 01237
__pstringtext21                           stringtext21 01251
__pstringtext22                           stringtext22 0126A
__pstringtext23                           stringtext23 01281
__pstringtext24                           stringtext24 01297
__pstringtext25                           stringtext25 012AC
__pstringtext26                           stringtext26 012C1
__pstringtext27                           stringtext27 012D6
__pstringtext28                           stringtext28 012EA
__pstringtext29                           stringtext29 012FC
__pstringtext3                            stringtext3  01470
__pstringtext30                           stringtext30 0130D
__pstringtext31                           stringtext31 0131E
__pstringtext32                           stringtext32 0132F
__pstringtext33                           stringtext33 01340
__pstringtext34                           stringtext34 01351
__pstringtext35                           stringtext35 01362
__pstringtext36                           stringtext36 01372
__pstringtext37                           stringtext37 01382
__pstringtext38                           stringtext38 01392
__pstringtext39                           stringtext39 013A2
__pstringtext4                            stringtext4  0147B
__pstringtext40                           stringtext40 013B2
__pstringtext41                           stringtext41 013C2
__pstringtext42                           stringtext42 013D1
__pstringtext43                           stringtext43 013E0
__pstringtext44                           stringtext44 013EF
__pstringtext45                           stringtext45 013FD
__pstringtext46                           stringtext46 0140B
__pstringtext47                           stringtext47 01419
__pstringtext48                           stringtext48 01426
__pstringtext49                           stringtext49 01433
__pstringtext5                            stringtext5  0147E
__pstringtext50                           stringtext50 0143F
__pstringtext51                           stringtext51 0144B
__pstringtext52                           stringtext52 01469
__pstringtext53                           stringtext53 01476
__pstringtext54                           stringtext54 01481
__pstringtext55                           stringtext55 00000
__pstringtext6                            stringtext6  01484
__pstringtext7                            stringtext7  01000
__pstringtext8                            stringtext8  0103D
__pstringtext9                            stringtext9  01076
__ptext1                                  text1        00CAB
__ptext10                                 text10       00139
__ptext11                                 text11       00B1E
__ptext12                                 text12       0006D
__ptext13                                 text13       00BF6
__ptext14                                 text14       00AE3
__ptext15                                 text15       00D01
__ptext16                                 text16       005A3
__ptext17                                 text17       00A78
__ptext18                                 text18       00A8A
__ptext19                                 text19       00B9C
__ptext2                                  text2        00BC8
__ptext20                                 text20       00C29
__ptext21                                 text21       00B76
__ptext22                                 text22       00AF2
__ptext23                                 text23       00C5D
__ptext24                                 text24       00A92
__ptext25                                 text25       00006
__ptext26                                 text26       00AC6
__ptext27                                 text27       00B37
__ptext28                                 text28       00AD4
__ptext29                                 text29       00A74
__ptext3                                  text3        00E87
__ptext30                                 text30       00A83
__ptext31                                 text31       00B07
__ptext32                                 text32       00AA5
__ptext33                                 text33       00ABA
__ptext34                                 text34       00A9B
__ptext4                                  text4        00F3B
__ptext5                                  text5        00DE2
__ptext6                                  text6        00245
__ptext7                                  text7        00AAF
__ptext8                                  text8        00D58
__ptext9                                  text9        00B52
__size_of_EUSART_Initialize               (abs)        00000
__size_of_EUSART_Read                     (abs)        00000
__size_of_EUSART_Write                    (abs)        00000
__size_of_OSCILLATOR_Initialize           (abs)        00000
__size_of_PIN_MANAGER_Initialize          (abs)        00000
__size_of_SPI_Exchange8bit                (abs)        00000
__size_of_SPI_Exchange8bitBuffer          (abs)        00000
__size_of_SPI_Initialize                  (abs)        00000
__size_of_SPI_exchange                    (abs)        00000
__size_of_SYSTEM_Initialize               (abs)        00000
__size_of_WDT_Initialize                  (abs)        00000
__size_of___lwdiv                         (abs)        00000
__size_of___lwmod                         (abs)        00000
__size_of___wmul                          (abs)        00000
__size_of_abort_pending_transmissions     (abs)        00000
__size_of_atoi                            (abs)        00000
__size_of_can_abort                       (abs)        00000
__size_of_can_baudrate                    (abs)        00000
__size_of_can_dump_masks_and_filters      (abs)        00000
__size_of_can_dump_registers              (abs)        00000
__size_of_can_init                        (abs)        00000
__size_of_can_logging_mode                (abs)        00000
__size_of_can_ope_mode                    (abs)        00000
__size_of_can_send                        (abs)        00000
__size_of_can_set_mask                    (abs)        00000
__size_of_can_set_sid                     (abs)        00000
__size_of_can_status_check                (abs)        00000
__size_of_isdigit                         (abs)        00000
__size_of_main                            (abs)        00000
__size_of_printf                          (abs)        00000
__size_of_putch                           (abs)        00000
__size_of_read_register                   (abs)        00000
__size_of_receive                         (abs)        00000
__size_of_receive_handler                 (abs)        00000
__size_of_txf_clear                       (abs)        00000
_abc                                      stringtext5  0147E
_abort_pending_transmissions              text21       00B76
_atoi                                     text25       00006
_buf                                      bssBANK1     000AC
_can_abort                                text14       00AE3
_can_baudrate                             text13       00BF6
_can_dump_masks_and_filters               text12       0006D
_can_dump_registers                       text10       00139
_can_init                                 text8        00D58
_can_logging_mode                         text7        00AAF
_can_ope_mode                             text15       00D01
_can_send                                 text6        00245
_can_set_mask                             text5        00DE2
_can_set_mask$522                         cstackBANK0  00050
_can_set_sid                              text9        00B52
_can_status_check                         text1        00CAB
_dpowers                                  stringtext1  01457
_handler                                  bssBANK0     00067
_hexpowers                                stringtext2  01461
_isdigit                                  text26       00AC6
_isdigit$838                              cstackCOMMON 00070
_main                                     maintext     00392
_mode                                     bssBANK0     00069
_nm                                       stringtext6  01484
_operation_mode                           bssBANK0     0006D
_printf                                   text16       005A3
_printf$647                               cstackBANK0  00034
_putch                                    text17       00A78
_read_register                            text11       00B1E
_receive                                  text3        00E87
_receive_buf                              bssBANK1     000BC
_receive_handler                          text4        00F3B
_rxfnsidh                                 stringtext3  01470
_rxmnsidh                                 stringtext7  01000
_save_rxfn                                bssBANK1     000A0
_save_rxmn                                bssBANK0     00063
_sid                                      bssBANK0     0006B
_txbnsidh                                 stringtext4  0147B
_txf_clear                                text2        00BC8
_with_sid                                 bssBANK0     0006E
abort_pending_transmissions@bytes_written cstackBANK0  00022
atoi@a                                    cstackCOMMON 0007B
atoi@s                                    cstackCOMMON 0007D
atoi@sign                                 cstackCOMMON 0007A
btemp                                     (abs)        0007E
can_abort@bytes_written                   cstackBANK0  00048
can_baudrate@bpr                          cstackBANK0  00049
can_baudrate@bytes_written                cstackBANK0  0004B
can_baudrate@mask                         cstackBANK0  0004A
can_dump_masks_and_filters@h              cstackBANK0  0004D
can_dump_masks_and_filters@i              cstackBANK0  00051
can_dump_masks_and_filters@l              cstackBANK0  0004E
can_dump_masks_and_filters@m              cstackBANK0  0004F
can_init@receive_handler                  cstackBANK0  00047
can_logging_mode@debug                    cstackCOMMON 00072
can_logging_mode@verbose                  cstackCOMMON 00070
can_ope_mode@bytes_written                cstackBANK0  00045
can_ope_mode@ope_mode                     cstackBANK0  00046
can_send@bytes_written                    cstackBANK0  00049
can_send@data_buf                         cstackBANK0  0004B
can_send@dlc                              cstackBANK0  00043
can_send@i                                cstackBANK0  0004C
can_send@len                              cstackBANK0  00048
can_send@n                                cstackBANK0  0004D
can_send@status                           cstackBANK0  0004A
can_set_mask@cmd                          cstackBANK0  00052
can_set_mask@mask                         cstackBANK0  00048
can_set_mask@mask_sidh                    cstackBANK0  00053
can_set_mask@mask_sidl                    cstackBANK0  00054
can_set_mask@n                            cstackBANK0  00047
can_set_sid@can_node                      cstackCOMMON 00070
can_set_sid@sidh                          cstackCOMMON 00075
can_set_sid@sidl                          cstackCOMMON 00076
can_status_check@bytes_written            cstackBANK0  0005F
can_status_check@status                   cstackBANK0  00060
clear_ram0                                clrtext      00A7D
end_of_initialization                     cinit        007FD
intlevel0                                 functab      00000
intlevel1                                 functab      00000
intlevel2                                 functab      00000
intlevel3                                 functab      00000
intlevel4                                 functab      00000
intlevel5                                 functab      00000
isdigit@c                                 cstackCOMMON 00071
main@bpr                                  cstackBANK1  000DE
main@buf                                  cstackBANK1  000CE
main@c                                    cstackBANK1  000E6
main@cmd                                  cstackBANK1  000E7
main@echo_back                            cstackBANK1  000E3
main@idx                                  cstackBANK1  000E8
main@mask                                 cstackBANK1  000E1
main@n                                    cstackBANK1  000E4
main@pos                                  cstackBANK1  000E0
main@putc_data                            cstackBANK1  000E5
main@sid                                  cstackBANK1  000CC
main@status                               cstackBANK1  000DF
printf@ap                                 cstackBANK0  0003C
printf@c                                  cstackBANK0  00042
printf@cp                                 cstackBANK0  00038
printf@f                                  cstackBANK0  00022
printf@flag                               cstackBANK0  0003F
printf@idx                                cstackBANK0  00036
printf@len                                cstackBANK0  0003A
printf@prec                               cstackBANK0  00037
printf@val                                cstackBANK0  0003D
printf@width                              cstackBANK0  00040
putch@txData                              cstackCOMMON 00071
read_register@addr                        cstackBANK0  00021
receive@bytes_read                        cstackBANK0  00048
receive@dlc                               cstackBANK0  0005B
receive@id                                cstackBANK0  00059
receive@n                                 cstackBANK0  0005C
receive@pbuf                              cstackBANK0  00058
receive@rx_buf                            cstackBANK0  00049
receive_handler@buf                       cstackBANK0  00022
receive_handler@dlc                       cstackBANK0  00023
receive_handler@sid                       cstackBANK0  00020
receive_handler@sid0                      cstackBANK0  00025
receive_handler@sid1                      cstackBANK0  00027
receive_handler@sid2                      cstackBANK0  00029
receive_handler@sid3                      cstackBANK0  0002B
receive_handler@sida                      cstackBANK0  0002D
receive_handler@sidb                      cstackBANK0  0002F
reset_vec                                 reset_vec    00000
stackhi                                   (abs)        023EF
stacklo                                   (abs)        02099
start                                     init         00002
start_initialization                      cinit        007EE
txf_clear@bytes_written                   cstackBANK0  00023
txf_clear@mask                            cstackBANK0  00022
txf_clear@n                               cstackBANK0  00024
wtemp0                                    (abs)        0007E


FUNCTION INFORMATION:

 *************** function _main *****************
 Defined at:
		line 69 in file "main.c"
 Parameters:    Size  Location     Type
		None
 Auto vars:     Size  Location     Type
  status          1   19[BANK1 ] unsigned char 
  buf            16    2[BANK1 ] unsigned char [16]
  mask            2   21[BANK1 ] unsigned int 
  sid             2    0[BANK1 ] unsigned int 
  idx             1   28[BANK1 ] unsigned char 
  cmd             1   27[BANK1 ] unsigned char 
  c               1   26[BANK1 ] unsigned char 
  putc_data       1   25[BANK1 ] unsigned char 
  n               1   24[BANK1 ] unsigned char 
  echo_back       1   23[BANK1 ] unsigned char 
  pos             1   20[BANK1 ] unsigned char 
  bpr             1   18[BANK1 ] unsigned char 
 Return value:  Size  Location     Type
                  1    wreg      void 
 Registers used:
		wreg, fsr0l, fsr0h, fsr1l, fsr1h, status,2, status,0, pclath, cstack
 Tracked objects:
		On entry : 
		On exit  : 
		Unchanged: 
 Data sizes:     COMMON   BANK0   BANK1   BANK2   BANK3   BANK4   BANK5   BANK6   BANK7   BANK8   BANK9  BANK10  BANK11  BANK12
      Params:         0       0       0       0       0       0       0       0       0       0       0       0       0       0
      Locals:         0       0      29       0       0       0       0       0       0       0       0       0       0       0
      Temps:          0       2       0       0       0       0       0       0       0       0       0       0       0       0
      Totals:         0       2      29       0       0       0       0       0       0       0       0       0       0       0
Total ram usage:       31 bytes
 Hardware stack levels required when called:    5
 This function calls:
		_EUSART_Read
		_SYSTEM_Initialize
		_atoi
		_can_abort
		_can_baudrate
		_can_dump_masks_and_filters
		_can_dump_registers
		_can_init
		_can_logging_mode
		_can_ope_mode
		_can_send
		_can_set_mask
		_can_set_sid
		_can_status_check
		_printf
		_putch
 This function is called by:
		Startup code after reset
 This function uses a non-reentrant model


 *************** function _can_status_check *****************
 Defined at:
		line 269 in file "mcp2515.c"
 Parameters:    Size  Location     Type
		None
 Auto vars:     Size  Location     Type
  status          1   64[BANK0 ] unsigned char 
  bytes_writte    1   63[BANK0 ] unsigned char 
 Return value:  Size  Location     Type
                  1    wreg      unsigned char 
 Registers used:
		wreg, fsr0l, fsr0h, fsr1l, fsr1h, status,2, status,0, pclath, cstack
 Tracked objects:
		On entry : 
		On exit  : 
		Unchanged: 
 Data sizes:     COMMON   BANK0   BANK1   BANK2   BANK3   BANK4   BANK5   BANK6   BANK7   BANK8   BANK9  BANK10  BANK11  BANK12
      Params:         0       0       0       0       0       0       0       0       0       0       0       0       0       0
      Locals:         0       2       0       0       0       0       0       0       0       0       0       0       0       0
      Temps:          0       2       0       0       0       0       0       0       0       0       0       0       0       0
      Totals:         0       4       0       0       0       0       0       0       0       0       0       0       0       0
Total ram usage:        4 bytes
 Hardware stack levels used:    1
 Hardware stack levels required when called:    4
 This function calls:
		_SPI_exchange
		_printf
		_receive
		_txf_clear
 This function is called by:
		_main
 This function uses a non-reentrant model


 *************** function _txf_clear *****************
 Defined at:
		line 149 in file "mcp2515.c"
 Parameters:    Size  Location     Type
  n               1    wreg     unsigned char 
 Auto vars:     Size  Location     Type
  n               1    4[BANK0 ] unsigned char 
  bytes_writte    1    3[BANK0 ] unsigned char 
  mask            1    2[BANK0 ] unsigned char 
 Return value:  Size  Location     Type
                  1    wreg      unsigned char 
 Registers used:
		wreg, fsr1l, fsr1h, status,2, status,0, pclath, cstack
 Tracked objects:
		On entry : 
		On exit  : 
		Unchanged: 
 Data sizes:     COMMON   BANK0   BANK1   BANK2   BANK3   BANK4   BANK5   BANK6   BANK7   BANK8   BANK9  BANK10  BANK11  BANK12
      Params:         0       0       0       0       0       0       0       0       0       0       0       0       0       0
      Locals:         0       3       0       0       0       0       0       0       0       0       0       0       0       0
      Temps:          0       2       0       0       0       0       0       0       0       0       0       0       0       0
      Totals:         0       5       0       0       0       0       0       0       0       0       0       0       0       0
Total ram usage:        5 bytes
 Hardware stack levels used:    1
 Hardware stack levels required when called:    3
 This function calls:
		_SPI_exchange
 This function is called by:
		_can_status_check
 This function uses a non-reentrant model


 *************** function _receive *****************
 Defined at:
		line 166 in file "mcp2515.c"
 Parameters:    Size  Location     Type
  n               1    wreg     unsigned char 
 Auto vars:     Size  Location     Type
  n               1   60[BANK0 ] unsigned char 
  rx_buf         15   41[BANK0 ] unsigned char [15]
  id              2   57[BANK0 ] unsigned int 
  dlc             1   59[BANK0 ] unsigned char 
  pbuf            1   56[BANK0 ] PTR unsigned char 
		 -> receive@rx_buf(15), 
  bytes_read      1   40[BANK0 ] unsigned char 
 Return value:  Size  Location     Type
                  1    wreg      void 
[...]
Total ram usage:        6 bytes
 Hardware stack levels used:    1
 Hardware stack levels required when called:    2
 This function calls:
		_SPI_Exchange8bitBuffer
 This function is called by:
		_can_init
		_can_ope_mode
		_abort_pending_transmissions
		_can_set_mask
		_txf_clear
		_receive
		_can_send
		_can_status_check
		_can_baudrate
		_read_register
 This function uses a non-reentrant model


 *************** function _SPI_Exchange8bitBuffer *****************
 Defined at:
		line 91 in file "mcc_generated_files/spi.c"
 Parameters:    Size  Location     Type
  dataIn          1    wreg     PTR unsigned char 
		 -> receive@rx_buf(15), buf(16), 
  bufLen          1    1[COMMON] unsigned char 
  dataOut         1    2[COMMON] PTR unsigned char 
		 -> receive@rx_buf(15), buf(16), 
 Auto vars:     Size  Location     Type
  dataIn          1    6[COMMON] PTR unsigned char 
		 -> receive@rx_buf(15), buf(16), 
  bytesWritten    1    7[COMMON] unsigned char 
 Return value:  Size  Location     Type
                  1    wreg      unsigned char 
 Registers used:
		wreg, fsr1l, fsr1h, status,2, status,0, pclath, cstack
 Tracked objects:
		On entry : 
		On exit  : 
		Unchanged: 
 Data sizes:     COMMON   BANK0   BANK1   BANK2   BANK3   BANK4   BANK5   BANK6   BANK7   BANK8   BANK9  BANK10  BANK11  BANK12
      Params:         2       0       0       0       0       0       0       0       0       0       0       0       0       0
      Locals:         2       0       0       0       0       0       0       0       0       0       0       0       0       0
      Temps:          3       0       0       0       0       0       0       0       0       0       0       0       0       0
      Totals:         7       0       0       0       0       0       0       0       0       0       0       0       0       0
Total ram usage:        7 bytes
 Hardware stack levels used:    1
 Hardware stack levels required when called:    1
 This function calls:
		_SPI_Exchange8bit
 This function is called by:
		_SPI_exchange
 This function uses a non-reentrant model


 *************** function _SPI_Exchange8bit *****************
 Defined at:
		line 77 in file "mcc_generated_files/spi.c"
 Parameters:    Size  Location     Type
  data            1    wreg     unsigned char 
 Auto vars:     Size  Location     Type
  data            1    0[COMMON] unsigned char 
 Return value:  Size  Location     Type
                  1    wreg      unsigned char 
 Registers used:
		wreg
 Tracked objects:
		On entry : 
		On exit  : 
		Unchanged: 
 Data sizes:     COMMON   BANK0   BANK1   BANK2   BANK3   BANK4   BANK5   BANK6   BANK7   BANK8   BANK9  BANK10  BANK11  BANK12
      Params:         0       0       0       0       0       0       0       0       0       0       0       0       0       0
      Locals:         1       0       0       0       0       0       0       0       0       0       0       0       0       0
      Temps:          0       0       0       0       0       0       0       0       0       0       0       0       0       0
      Totals:         1       0       0       0       0       0       0       0       0       0       0       0       0       0
Total ram usage:        1 bytes
 Hardware stack levels used:    1
 This function calls:
		Nothing
 This function is called by:
		_SPI_Exchange8bitBuffer
 This function uses a non-reentrant model


 *************** function _atoi *****************
 Defined at:
		line 5 in file "C:\Program Files (x86)\Microchip\xc8\v1.45\sources\common\atoi.c"
 Parameters:    Size  Location     Type
  s               1    wreg     PTR const unsigned char 
		 -> main@buf(16), 
 Auto vars:     Size  Location     Type
  s               1   13[COMMON] PTR const unsigned char 
		 -> main@buf(16), 
  a               2   11[COMMON] int 
  sign            1   10[COMMON] unsigned char 
 Return value:  Size  Location     Type
                  2    6[COMMON] int 
 Registers used:
		wreg, fsr1l, fsr1h, status,2, status,0, pclath, cstack
 Tracked objects:
		On entry : 
		On exit  : 
		Unchanged: 
 Data sizes:     COMMON   BANK0   BANK1   BANK2   BANK3   BANK4   BANK5   BANK6   BANK7   BANK8   BANK9  BANK10  BANK11  BANK12
      Params:         2       0       0       0       0       0       0       0       0       0       0       0       0       0
      Locals:         4       0       0       0       0       0       0       0       0       0       0       0       0       0
      Temps:          2       0       0       0       0       0       0       0       0       0       0       0       0       0
      Totals:         8       0       0       0       0       0       0       0       0       0       0       0       0       0
Total ram usage:        8 bytes
 Hardware stack levels used:    1
 Hardware stack levels required when called:    1
 This function calls:
		___wmul
		_isdigit
 This function is called by:
		_main
 This function uses a non-reentrant model


 *************** function _isdigit *****************
 Defined at:
		line 8 in file "C:\Program Files (x86)\Microchip\xc8\v1.45\sources\common\isdigit.c"
 Parameters:    Size  Location     Type
  c               1    wreg     unsigned char 
 Auto vars:     Size  Location     Type
  c               1    1[COMMON] unsigned char 
 Return value:  Size  Location     Type
		None               void
 Registers used:
		wreg, status,2, status,0
 Tracked objects:
		On entry : 
		On exit  : 
		Unchanged: 
 Data sizes:     COMMON   BANK0   BANK1   BANK2   BANK3   BANK4   BANK5   BANK6   BANK7   BANK8   BANK9  BANK10  BANK11  BANK12
      Params:         0       0       0       0       0       0       0       0       0       0       0       0       0       0
      Locals:         2       0       0       0       0       0       0       0       0       0       0       0       0       0
      Temps:          0       0       0       0       0       0       0       0       0       0       0       0       0       0
      Totals:         2       0       0       0       0       0       0       0       0       0       0       0       0       0
Total ram usage:        2 bytes
 Hardware stack levels used:    1
 This function calls:
		Nothing
 This function is called by:
		_printf
		_atoi
 This function uses a non-reentrant model


 *************** function ___wmul *****************
 Defined at:
		line 15 in file "C:\Program Files (x86)\Microchip\xc8\v1.45\sources\common\Umul16.c"
 Parameters:    Size  Location     Type
  multiplier      2    0[COMMON] unsigned int 
  multiplicand    2    2[COMMON] unsigned int 
 Auto vars:     Size  Location     Type
  product         2    4[COMMON] unsigned int 
 Return value:  Size  Location     Type
                  2    0[COMMON] unsigned int 
 Registers used:
		wreg, status,2, status,0
 Tracked objects:
		On entry : 
		On exit  : 
		Unchanged: 
 Data sizes:     COMMON   BANK0   BANK1   BANK2   BANK3   BANK4   BANK5   BANK6   BANK7   BANK8   BANK9  BANK10  BANK11  BANK12
      Params:         4       0       0       0       0       0       0       0       0       0       0       0       0       0
      Locals:         2       0       0       0       0       0       0       0       0       0       0       0       0       0
      Temps:          0       0       0       0       0       0       0       0       0       0       0       0       0       0
      Totals:         6       0       0       0       0       0       0       0       0       0       0       0       0       0
Total ram usage:        6 bytes
 Hardware stack levels used:    1
 This function calls:
		Nothing
 This function is called by:
		_printf
		_atoi
 This function uses a non-reentrant model


 *************** function _SYSTEM_Initialize *****************
 Defined at:
		line 70 in file "mcc_generated_files/mcc.c"
 Parameters:    Size  Location     Type
		None
 Auto vars:     Size  Location     Type
		None
 Return value:  Size  Location     Type
                  1    wreg      void 
 Registers used:
		wreg, status,2, status,0, pclath, cstack
 Tracked objects:
		On entry : 
		On exit  : 
		Unchanged: 
 Data sizes:     COMMON   BANK0   BANK1   BANK2   BANK3   BANK4   BANK5   BANK6   BANK7   BANK8   BANK9  BANK10  BANK11  BANK12
      Params:         0       0       0       0       0       0       0       0       0       0       0       0       0       0
      Locals:         0       0       0       0       0       0       0       0       0       0       0       0       0       0
      Temps:          0       0       0       0       0       0       0       0       0       0       0       0       0       0
      Totals:         0       0       0       0       0       0       0       0       0       0       0       0       0       0
Total ram usage:        0 bytes
 Hardware stack levels used:    1
 Hardware stack levels required when called:    1
 This function calls:
		_EUSART_Initialize
		_OSCILLATOR_Initialize
		_PIN_MANAGER_Initialize
		_SPI_Initialize
		_WDT_Initialize
 This function is called by:
		_main
 This function uses a non-reentrant model


 *************** function _WDT_Initialize *****************
 Defined at:
		line 94 in file "mcc_generated_files/mcc.c"
 Parameters:    Size  Location     Type
		None
 Auto vars:     Size  Location     Type
		None
 Return value:  Size  Location     Type
                  1    wreg      void 
 Registers used:
		wreg
 Tracked objects:
		On entry : 
		On exit  : 
		Unchanged: 
 Data sizes:     COMMON   BANK0   BANK1   BANK2   BANK3   BANK4   BANK5   BANK6   BANK7   BANK8   BANK9  BANK10  BANK11  BANK12
      Params:         0       0       0       0       0       0       0       0       0       0       0       0       0       0
      Locals:         0       0       0       0       0       0       0       0       0       0       0       0       0       0
      Temps:          0       0       0       0       0       0       0       0       0       0       0       0       0       0
      Totals:         0       0       0       0       0       0       0       0       0       0       0       0       0       0
Total ram usage:        0 bytes
 Hardware stack levels used:    1
 This function calls:
		Nothing
 This function is called by:
		_SYSTEM_Initialize
 This function uses a non-reentrant model


 *************** function _SPI_Initialize *****************
 Defined at:
		line 63 in file "mcc_generated_files/spi.c"
 Parameters:    Size  Location     Type
		None
 Auto vars:     Size  Location     Type
		None
 Return value:  Size  Location     Type
                  1    wreg      void 
 Registers used:
		wreg, status,2
 Tracked objects:
		On entry : 
		On exit  : 
		Unchanged: 
 Data sizes:     COMMON   BANK0   BANK1   BANK2   BANK3   BANK4   BANK5   BANK6   BANK7   BANK8   BANK9  BANK10  BANK11  BANK12
      Params:         0       0       0       0       0       0       0       0       0       0       0       0       0       0
      Locals:         0       0       0       0       0       0       0       0       0       0       0       0       0       0
      Temps:          0       0       0       0       0       0       0       0       0       0       0       0       0       0
      Totals:         0       0       0       0       0       0       0       0       0       0       0       0       0       0
Total ram usage:        0 bytes
 Hardware stack levels used:    1
 This function calls:
		Nothing
 This function is called by:
		_SYSTEM_Initialize
 This function uses a non-reentrant model


 *************** function _PIN_MANAGER_Initialize *****************
 Defined at:
		line 52 in file "mcc_generated_files/pin_manager.c"
 Parameters:    Size  Location     Type
		None
 Auto vars:     Size  Location     Type
		None
 Return value:  Size  Location     Type
                  1    wreg      void 
 Registers used:
		wreg, status,2
 Tracked objects:
		On entry : 
		On exit  : 
		Unchanged: 
 Data sizes:     COMMON   BANK0   BANK1   BANK2   BANK3   BANK4   BANK5   BANK6   BANK7   BANK8   BANK9  BANK10  BANK11  BANK12
      Params:         0       0       0       0       0       0       0       0       0       0       0       0       0       0
      Locals:         0       0       0       0       0       0       0       0       0       0       0       0       0       0
      Temps:          0       0       0       0       0       0       0       0       0       0       0       0       0       0
      Totals:         0       0       0       0       0       0       0       0       0       0       0       0       0       0
Total ram usage:        0 bytes
 Hardware stack levels used:    1
 This function calls:
		Nothing
 This function is called by:
		_SYSTEM_Initialize
 This function uses a non-reentrant model


 *************** function _OSCILLATOR_Initialize *****************
 Defined at:
		line 80 in file "mcc_generated_files/mcc.c"
 Parameters:    Size  Location     Type
		None
 Auto vars:     Size  Location     Type
		None
 Return value:  Size  Location     Type
                  1    wreg      void 
 Registers used:
		wreg, status,2
 Tracked objects:
		On entry : 
		On exit  : 
		Unchanged: 
 Data sizes:     COMMON   BANK0   BANK1   BANK2   BANK3   BANK4   BANK5   BANK6   BANK7   BANK8   BANK9  BANK10  BANK11  BANK12
      Params:         0       0       0       0       0       0       0       0       0       0       0       0       0       0
      Locals:         0       0       0       0       0       0       0       0       0       0       0       0       0       0
      Temps:          0       0       0       0       0       0       0       0       0       0       0       0       0       0
      Totals:         0       0       0       0       0       0       0       0       0       0       0       0       0       0
Total ram usage:        0 bytes
 Hardware stack levels used:    1
 This function calls:
		Nothing
 This function is called by:
		_SYSTEM_Initialize
 This function uses a non-reentrant model


 *************** function _EUSART_Initialize *****************
 Defined at:
		line 53 in file "mcc_generated_files/eusart.c"
 Parameters:    Size  Location     Type
		None
 Auto vars:     Size  Location     Type
		None
 Return value:  Size  Location     Type
                  1    wreg      void 
 Registers used:
		wreg
 Tracked objects:
		On entry : 
		On exit  : 
		Unchanged: 
 Data sizes:     COMMON   BANK0   BANK1   BANK2   BANK3   BANK4   BANK5   BANK6   BANK7   BANK8   BANK9  BANK10  BANK11  BANK12
      Params:         0       0       0       0       0       0       0       0       0       0       0       0       0       0
      Locals:         0       0       0       0       0       0       0       0       0       0       0       0       0       0
      Temps:          0       0       0       0       0       0       0       0       0       0       0       0       0       0
      Totals:         0       0       0       0       0       0       0       0       0       0       0       0       0       0
Total ram usage:        0 bytes
 Hardware stack levels used:    1
 This function calls:
		Nothing
 This function is called by:
		_SYSTEM_Initialize
 This function uses a non-reentrant model


 *************** function _EUSART_Read *****************
 Defined at:
		line 75 in file "mcc_generated_files/eusart.c"
 Parameters:    Size  Location     Type
		None
 Auto vars:     Size  Location     Type
		None
 Return value:  Size  Location     Type
                  1    wreg      unsigned char 
 Registers used:
		wreg
 Tracked objects:
		On entry : 
		On exit  : 
		Unchanged: 
 Data sizes:     COMMON   BANK0   BANK1   BANK2   BANK3   BANK4   BANK5   BANK6   BANK7   BANK8   BANK9  BANK10  BANK11  BANK12
      Params:         0       0       0       0       0       0       0       0       0       0       0       0       0       0
      Locals:         0       0       0       0       0       0       0       0       0       0       0       0       0       0
      Temps:          0       0       0       0       0       0       0       0       0       0       0       0       0       0
      Totals:         0       0       0       0       0       0       0       0       0       0       0       0       0       0
Total ram usage:        0 bytes
 Hardware stack levels used:    1
 This function calls:
		Nothing
 This function is called by:
		_main
		_getch
 This function uses a non-reentrant model



MODULE INFORMATION

Module		Function		Class		Link	Load	Size
C:\Program Files (x86)\Microchip\xc8\v1.45\sources\common\doprnt.c
		_printf        		CODE           	05A3	0000	588

C:\Program Files (x86)\Microchip\xc8\v1.45\sources\common\doprnt.c estimated size: 588

C:\Program Files (x86)\Microchip\xc8\v1.45\sources\common\Umul16.c
		___wmul        		CODE           	0B37	0000	28

C:\Program Files (x86)\Microchip\xc8\v1.45\sources\common\Umul16.c estimated size: 28

mcp2515.c
		_txf_clear     		CODE           	0BC8	0000	47
		_abort_pending_transmissions		CODE           	0B76	0000	39
		_can_init      		CODE           	0D58	0000	139
		_can_ope_mode  		CODE           	0D01	0000	88
		_can_send      		CODE           	0245	0000	334
		_can_dump_registers		CODE           	0139	0000	269
		_read_register 		CODE           	0B1E	0000	26
		_can_set_sid   		CODE           	0B52	0000	37
		_can_set_mask  		CODE           	0DE2	0000	166
		_receive       		CODE           	0E87	0000	181
		_can_status_check		CODE           	0CAB	0000	87
		_can_logging_mode		CODE           	0AAF	0000	12
		_can_dump_masks_and_filters		CODE           	006D	0000	205
		_can_abort     		CODE           	0AE3	0000	16
		_can_baudrate  		CODE           	0BF6	0000	52

mcp2515.c estimated size: 1698

mcc_generated_files/pin_manager.c
		_PIN_MANAGER_Initialize		CODE           	0B07	0000	24

mcc_generated_files/pin_manager.c estimated size: 24

C:\Program Files (x86)\Microchip\xc8\v1.45\sources\common\isdigit.c
		_isdigit       		CODE           	0AC6	0000	15

C:\Program Files (x86)\Microchip\xc8\v1.45\sources\common\isdigit.c estimated size: 15

C:\Program Files (x86)\Microchip\xc8\v1.45\sources\common\lwmod.c
		___lwmod       		CODE           	0B9C	0000	45

C:\Program Files (x86)\Microchip\xc8\v1.45\sources\common\lwmod.c estimated size: 45

mcc_generated_files/spi.c
		_SPI_Exchange8bitBuffer		CODE           	0C5D	0000	79
		_SPI_Exchange8bit		CODE           	0A92	0000	10
		_SPI_Initialize		CODE           	0A83	0000	8

mcc_generated_files/spi.c estimated size: 97

C:\Program Files (x86)\Microchip\xc8\v1.45\sources\common\atoi.c
		_atoi          		CODE           	0006	0000	104

C:\Program Files (x86)\Microchip\xc8\v1.45\sources\common\atoi.c estimated size: 104

spi.c
		_SPI_exchange  		CODE           	0AF2	0000	22

spi.c estimated size: 22

shared
		_dpowers       		STRCODE        	1457	0000	11
		_txbnsidh      		STRCODE        	147B	0000	4
		_rxfnsidh      		STRCODE        	1470	0000	7
		_abc           		STRCODE        	147E	0000	4
		__initialization		CODE           	07EE	0000	16
		_nm            		STRCODE        	1484	0000	3
		_hexpowers     		STRCODE        	1461	0000	9
		_rxmnsidh      		STRCODE        	1000	0000	3

shared estimated size: 57

mcc_generated_files/mcc.c
		_WDT_Initialize		CODE           	0A74	0000	5
		_OSCILLATOR_Initialize		CODE           	0AA5	0000	11
		_SYSTEM_Initialize		CODE           	0AD4	0000	16

mcc_generated_files/mcc.c estimated size: 32

C:\Program Files (x86)\Microchip\xc8\v1.45\sources\common\lwdiv.c
		___lwdiv       		CODE           	0C29	0000	53

C:\Program Files (x86)\Microchip\xc8\v1.45\sources\common\lwdiv.c estimated size: 53

mcc_generated_files/eusart.c
		_putch         		CODE           	0A78	0000	6
		_EUSART_Read   		CODE           	0A9B	0000	11
		_EUSART_Write  		CODE           	0A8A	0000	9
		_EUSART_Initialize		CODE           	0ABA	0000	13

mcc_generated_files/eusart.c estimated size: 39

main.c
		_receive_handler		CODE           	0F3B	0000	198
		_main          		CODE           	0392	0000	530

main.c estimated size: 728

